

================================================================
== Synthesis Summary Report of 'matVecMul'
================================================================
+ General Information: 
    * Date:           Mon May  4 03:06:58 2026
    * Version:        2021.1 (Build 3247384 on Thu Jun 10 19:36:07 MDT 2021)
    * Project:        matVecMul_stream_prj
    * Solution:       solution3 (Vivado IP Flow Target)
    * Product family: zynq
    * Target device:  xc7z020-clg400-1
    

+ Performance & Resource Estimates: 
    
    PS: '+' for module; 'o' for loop; '*' for dataflow
    +----------------------------------------------+------+------+---------+-----------+----------+---------+------+----------+--------+---------+-----------+----------+-----+
    |                    Modules                   | Issue|      | Latency |  Latency  | Iteration|         | Trip |          |        |         |           |          |     |
    |                    & Loops                   | Type | Slack| (cycles)|    (ns)   |  Latency | Interval| Count| Pipelined|  BRAM  |   DSP   |     FF    |    LUT   | URAM|
    +----------------------------------------------+------+------+---------+-----------+----------+---------+------+----------+--------+---------+-----------+----------+-----+
    |+ matVecMul                                   |     -|  1.47|    20742|  2.074e+05|         -|    20743|     -|        no|  5 (1%)|  1 (~0%)|  431 (~0%)|  917 (1%)|    -|
    | + grp_matVecMul_Pipeline_sample_loop_fu_261  |     -|  1.57|       66|    660.000|         -|       66|     -|        no|       -|        -|    9 (~0%)|  72 (~0%)|    -|
    |  o sample_loop                               |     -|  7.30|       64|    640.000|         1|        1|    64|       yes|       -|        -|          -|         -|    -|
    | o matmul_outer_loop                          |     -|  7.30|    20672|  2.067e+05|       323|        -|    64|        no|       -|        -|          -|         -|    -|
    |  o matmul_inner_loop                         |     -|  7.30|      320|  3.200e+03|         5|        -|    64|        no|       -|        -|          -|         -|    -|
    +----------------------------------------------+------+------+---------+-----------+----------+---------+------+----------+--------+---------+-----------+----------+-----+


================================================================
== HW Interfaces
================================================================
* S_AXILITE
+---------------+------------+---------------+--------+----------+
| Interface     | Data Width | Address Width | Offset | Register |
+---------------+------------+---------------+--------+----------+
| s_axi_control | 32         | 14            | 8192   | 0        |
+---------------+------------+---------------+--------+----------+

* AXIS
+------------+---------------+-------+-------+-----+-------+-------+--------+-------+-------+--------+
| Interface  | Register Mode | TDATA | TDEST | TID | TKEEP | TLAST | TREADY | TSTRB | TUSER | TVALID |
+------------+---------------+-------+-------+-----+-------+-------+--------+-------+-------+--------+
| in_stream  | both          | 32    | 1     | 1   | 4     | 1     | 1      | 4     | 1     | 1      |
| out_stream | both          | 32    | 1     | 1   | 4     | 1     | 1      | 4     | 1     | 1      |
+------------+---------------+-------+-------+-----+-------+-------+--------+-------+-------+--------+

* TOP LEVEL CONTROL
+-----------+------------+-----------+
| Interface | Type       | Ports     |
+-----------+------------+-----------+
| ap_clk    | clock      | ap_clk    |
| ap_rst_n  | reset      | ap_rst_n  |
| interrupt | interrupt  | interrupt |
| ap_ctrl   | ap_ctrl_hs |           |
+-----------+------------+-----------+


================================================================
== SW I/O Information
================================================================
* Top Function Arguments
+------------+-----------+--------------------------------------------+
| Argument   | Direction | Datatype                                   |
+------------+-----------+--------------------------------------------+
| A          | in        | ap_fixed<16, 8, AP_RND, AP_SAT, 0>*        |
| in_stream  | in        | stream<hls::axis<ap_int<32>, 1, 1, 1>, 0>& |
| out_stream | out       | stream<hls::axis<ap_int<32>, 1, 1, 1>, 0>& |
| row_size   | in        | int                                        |
| col_size   | in        | int                                        |
+------------+-----------+--------------------------------------------+

* SW-to-HW Mapping
+------------+------------------------+-----------+-------------------------+
| Argument   | HW Name                | HW Type   | HW Info                 |
+------------+------------------------+-----------+-------------------------+
| A          | s_axi_control A        | memory    | offset=8192, range=8192 |
| in_stream  | in_stream              | interface |                         |
| out_stream | out_stream             | interface |                         |
| row_size   | s_axi_control row_size | register  | offset=0x10, range=32   |
| col_size   | s_axi_control col_size | register  | offset=0x18, range=32   |
+------------+------------------------+-----------+-------------------------+


================================================================
== M_AXI Burst Information
================================================================

