
*** Running vivado
    with args -log matvecmul_design_xbar_1.vds -m64 -product Vivado -mode batch -messageDb vivado.pb -notrace -source matvecmul_design_xbar_1.tcl


****** Vivado v2021.1 (64-bit)
  **** SW Build 3247384 on Thu Jun 10 19:36:07 MDT 2021
  **** IP Build 3246043 on Fri Jun 11 00:30:35 MDT 2021
    ** Copyright 1986-2021 Xilinx, Inc. All Rights Reserved.

Sourcing tcl script '/home/aion/.Xilinx/Vivado/Vivado_init.tcl'
source matvecmul_design_xbar_1.tcl -notrace
INFO: [IP_Flow 19-234] Refreshing IP repositories
INFO: [IP_Flow 19-1700] Loaded user IP repository '/home/aion/my_ws/ee5332/matmul/matmul_stream/matVecMul_stream_prj/solution_chocolate/impl/ip'.
INFO: [IP_Flow 19-2313] Loaded Vivado IP repository '/mnt/xilinx/Vivado/2021.1/data/ip'.
Command: synth_design -top matvecmul_design_xbar_1 -part xc7z020clg400-1 -mode out_of_context
Starting synth_design
Attempting to get a license for feature 'Synthesis' and/or device 'xc7z020'
INFO: [Common 17-349] Got license for feature 'Synthesis' and/or device 'xc7z020'
INFO: [Device 21-403] Loading part xc7z020clg400-1
INFO: [Synth 8-7079] Multithreading enabled for synth_design using a maximum of 4 processes.
INFO: [Synth 8-7078] Launching helper process for spawning children vivado processes
INFO: [Synth 8-7075] Helper process launched with PID 8256
---------------------------------------------------------------------------------
Starting RTL Elaboration : Time (s): cpu = 00:00:07 ; elapsed = 00:00:08 . Memory (MB): peak = 2558.344 ; gain = 0.000 ; free physical = 2614 ; free virtual = 13928
---------------------------------------------------------------------------------
INFO: [Synth 8-6157] synthesizing module 'matvecmul_design_xbar_1' [/home/aion/my_ws/ee5332/matmul/build/mat_vec_mul/mat_vec_mul.gen/sources_1/bd/matvecmul_design/ip/matvecmul_design_xbar_1/synth/matvecmul_design_xbar_1.v:59]
INFO: [Synth 8-6157] synthesizing module 'axi_crossbar_v2_1_25_axi_crossbar' [/home/aion/my_ws/ee5332/matmul/build/mat_vec_mul/mat_vec_mul.gen/sources_1/bd/matvecmul_design/ipshared/3917/hdl/axi_crossbar_v2_1_vl_rfs.v:4884]
INFO: [Synth 8-6157] synthesizing module 'axi_crossbar_v2_1_25_crossbar' [/home/aion/my_ws/ee5332/matmul/build/mat_vec_mul/mat_vec_mul.gen/sources_1/bd/matvecmul_design/ipshared/3917/hdl/axi_crossbar_v2_1_vl_rfs.v:2239]
INFO: [Synth 8-6157] synthesizing module 'axi_crossbar_v2_1_25_si_transactor' [/home/aion/my_ws/ee5332/matmul/build/mat_vec_mul/mat_vec_mul.gen/sources_1/bd/matvecmul_design/ipshared/3917/hdl/axi_crossbar_v2_1_vl_rfs.v:3800]
INFO: [Synth 8-6157] synthesizing module 'axi_crossbar_v2_1_25_addr_decoder' [/home/aion/my_ws/ee5332/matmul/build/mat_vec_mul/mat_vec_mul.gen/sources_1/bd/matvecmul_design/ipshared/3917/hdl/axi_crossbar_v2_1_vl_rfs.v:794]
INFO: [Synth 8-6157] synthesizing module 'generic_baseblocks_v2_1_0_comparator_static' [/home/aion/my_ws/ee5332/matmul/build/mat_vec_mul/mat_vec_mul.gen/sources_1/bd/matvecmul_design/ipshared/b752/hdl/generic_baseblocks_v2_1_vl_rfs.v:2133]
INFO: [Synth 8-6157] synthesizing module 'generic_baseblocks_v2_1_0_carry_and' [/home/aion/my_ws/ee5332/matmul/build/mat_vec_mul/mat_vec_mul.gen/sources_1/bd/matvecmul_design/ipshared/b752/hdl/generic_baseblocks_v2_1_vl_rfs.v:62]
INFO: [Synth 8-6155] done synthesizing module 'generic_baseblocks_v2_1_0_carry_and' (1#1) [/home/aion/my_ws/ee5332/matmul/build/mat_vec_mul/mat_vec_mul.gen/sources_1/bd/matvecmul_design/ipshared/b752/hdl/generic_baseblocks_v2_1_vl_rfs.v:62]
INFO: [Synth 8-6155] done synthesizing module 'generic_baseblocks_v2_1_0_comparator_static' (2#1) [/home/aion/my_ws/ee5332/matmul/build/mat_vec_mul/mat_vec_mul.gen/sources_1/bd/matvecmul_design/ipshared/b752/hdl/generic_baseblocks_v2_1_vl_rfs.v:2133]
INFO: [Synth 8-6155] done synthesizing module 'axi_crossbar_v2_1_25_addr_decoder' (3#1) [/home/aion/my_ws/ee5332/matmul/build/mat_vec_mul/mat_vec_mul.gen/sources_1/bd/matvecmul_design/ipshared/3917/hdl/axi_crossbar_v2_1_vl_rfs.v:794]
INFO: [Synth 8-6157] synthesizing module 'axi_data_fifo_v2_1_23_axic_srl_fifo' [/home/aion/my_ws/ee5332/matmul/build/mat_vec_mul/mat_vec_mul.gen/sources_1/bd/matvecmul_design/ipshared/94ec/hdl/axi_data_fifo_v2_1_vl_rfs.v:698]
INFO: [Synth 8-6157] synthesizing module 'axi_data_fifo_v2_1_23_ndeep_srl' [/home/aion/my_ws/ee5332/matmul/build/mat_vec_mul/mat_vec_mul.gen/sources_1/bd/matvecmul_design/ipshared/94ec/hdl/axi_data_fifo_v2_1_vl_rfs.v:1135]
INFO: [Synth 8-6157] synthesizing module 'SRLC32E' [/mnt/xilinx/Vivado/2021.1/scripts/rt/data/unisim_comp.v:101111]
INFO: [Synth 8-6155] done synthesizing module 'SRLC32E' (4#1) [/mnt/xilinx/Vivado/2021.1/scripts/rt/data/unisim_comp.v:101111]
INFO: [Synth 8-6155] done synthesizing module 'axi_data_fifo_v2_1_23_ndeep_srl' (5#1) [/home/aion/my_ws/ee5332/matmul/build/mat_vec_mul/mat_vec_mul.gen/sources_1/bd/matvecmul_design/ipshared/94ec/hdl/axi_data_fifo_v2_1_vl_rfs.v:1135]
INFO: [Synth 8-6155] done synthesizing module 'axi_data_fifo_v2_1_23_axic_srl_fifo' (6#1) [/home/aion/my_ws/ee5332/matmul/build/mat_vec_mul/mat_vec_mul.gen/sources_1/bd/matvecmul_design/ipshared/94ec/hdl/axi_data_fifo_v2_1_vl_rfs.v:698]
INFO: [Synth 8-6157] synthesizing module 'generic_baseblocks_v2_1_0_mux_enc' [/home/aion/my_ws/ee5332/matmul/build/mat_vec_mul/mat_vec_mul.gen/sources_1/bd/matvecmul_design/ipshared/b752/hdl/generic_baseblocks_v2_1_vl_rfs.v:2452]
INFO: [Synth 8-6155] done synthesizing module 'generic_baseblocks_v2_1_0_mux_enc' (7#1) [/home/aion/my_ws/ee5332/matmul/build/mat_vec_mul/mat_vec_mul.gen/sources_1/bd/matvecmul_design/ipshared/b752/hdl/generic_baseblocks_v2_1_vl_rfs.v:2452]
INFO: [Synth 8-6155] done synthesizing module 'axi_crossbar_v2_1_25_si_transactor' (8#1) [/home/aion/my_ws/ee5332/matmul/build/mat_vec_mul/mat_vec_mul.gen/sources_1/bd/matvecmul_design/ipshared/3917/hdl/axi_crossbar_v2_1_vl_rfs.v:3800]
INFO: [Synth 8-6157] synthesizing module 'axi_crossbar_v2_1_25_si_transactor__parameterized0' [/home/aion/my_ws/ee5332/matmul/build/mat_vec_mul/mat_vec_mul.gen/sources_1/bd/matvecmul_design/ipshared/3917/hdl/axi_crossbar_v2_1_vl_rfs.v:3800]
INFO: [Synth 8-6157] synthesizing module 'generic_baseblocks_v2_1_0_mux_enc__parameterized0' [/home/aion/my_ws/ee5332/matmul/build/mat_vec_mul/mat_vec_mul.gen/sources_1/bd/matvecmul_design/ipshared/b752/hdl/generic_baseblocks_v2_1_vl_rfs.v:2452]
INFO: [Synth 8-6155] done synthesizing module 'generic_baseblocks_v2_1_0_mux_enc__parameterized0' (8#1) [/home/aion/my_ws/ee5332/matmul/build/mat_vec_mul/mat_vec_mul.gen/sources_1/bd/matvecmul_design/ipshared/b752/hdl/generic_baseblocks_v2_1_vl_rfs.v:2452]
INFO: [Synth 8-6155] done synthesizing module 'axi_crossbar_v2_1_25_si_transactor__parameterized0' (8#1) [/home/aion/my_ws/ee5332/matmul/build/mat_vec_mul/mat_vec_mul.gen/sources_1/bd/matvecmul_design/ipshared/3917/hdl/axi_crossbar_v2_1_vl_rfs.v:3800]
INFO: [Synth 8-6157] synthesizing module 'axi_crossbar_v2_1_25_splitter' [/home/aion/my_ws/ee5332/matmul/build/mat_vec_mul/mat_vec_mul.gen/sources_1/bd/matvecmul_design/ipshared/3917/hdl/axi_crossbar_v2_1_vl_rfs.v:4461]
INFO: [Synth 8-6155] done synthesizing module 'axi_crossbar_v2_1_25_splitter' (9#1) [/home/aion/my_ws/ee5332/matmul/build/mat_vec_mul/mat_vec_mul.gen/sources_1/bd/matvecmul_design/ipshared/3917/hdl/axi_crossbar_v2_1_vl_rfs.v:4461]
INFO: [Synth 8-6157] synthesizing module 'axi_crossbar_v2_1_25_wdata_router' [/home/aion/my_ws/ee5332/matmul/build/mat_vec_mul/mat_vec_mul.gen/sources_1/bd/matvecmul_design/ipshared/3917/hdl/axi_crossbar_v2_1_vl_rfs.v:4736]
INFO: [Synth 8-6157] synthesizing module 'axi_data_fifo_v2_1_23_axic_reg_srl_fifo' [/home/aion/my_ws/ee5332/matmul/build/mat_vec_mul/mat_vec_mul.gen/sources_1/bd/matvecmul_design/ipshared/94ec/hdl/axi_data_fifo_v2_1_vl_rfs.v:889]
INFO: [Synth 8-6157] synthesizing module 'axi_data_fifo_v2_1_23_ndeep_srl__parameterized0' [/home/aion/my_ws/ee5332/matmul/build/mat_vec_mul/mat_vec_mul.gen/sources_1/bd/matvecmul_design/ipshared/94ec/hdl/axi_data_fifo_v2_1_vl_rfs.v:1135]
INFO: [Synth 8-6155] done synthesizing module 'axi_data_fifo_v2_1_23_ndeep_srl__parameterized0' (9#1) [/home/aion/my_ws/ee5332/matmul/build/mat_vec_mul/mat_vec_mul.gen/sources_1/bd/matvecmul_design/ipshared/94ec/hdl/axi_data_fifo_v2_1_vl_rfs.v:1135]
INFO: [Synth 8-155] case statement is not full and has no default [/home/aion/my_ws/ee5332/matmul/build/mat_vec_mul/mat_vec_mul.gen/sources_1/bd/matvecmul_design/ipshared/94ec/hdl/axi_data_fifo_v2_1_vl_rfs.v:986]
INFO: [Synth 8-6155] done synthesizing module 'axi_data_fifo_v2_1_23_axic_reg_srl_fifo' (10#1) [/home/aion/my_ws/ee5332/matmul/build/mat_vec_mul/mat_vec_mul.gen/sources_1/bd/matvecmul_design/ipshared/94ec/hdl/axi_data_fifo_v2_1_vl_rfs.v:889]
INFO: [Synth 8-6155] done synthesizing module 'axi_crossbar_v2_1_25_wdata_router' (11#1) [/home/aion/my_ws/ee5332/matmul/build/mat_vec_mul/mat_vec_mul.gen/sources_1/bd/matvecmul_design/ipshared/3917/hdl/axi_crossbar_v2_1_vl_rfs.v:4736]
INFO: [Synth 8-6157] synthesizing module 'axi_crossbar_v2_1_25_addr_decoder__parameterized0' [/home/aion/my_ws/ee5332/matmul/build/mat_vec_mul/mat_vec_mul.gen/sources_1/bd/matvecmul_design/ipshared/3917/hdl/axi_crossbar_v2_1_vl_rfs.v:794]
INFO: [Synth 8-6155] done synthesizing module 'axi_crossbar_v2_1_25_addr_decoder__parameterized0' (11#1) [/home/aion/my_ws/ee5332/matmul/build/mat_vec_mul/mat_vec_mul.gen/sources_1/bd/matvecmul_design/ipshared/3917/hdl/axi_crossbar_v2_1_vl_rfs.v:794]
INFO: [Synth 8-6157] synthesizing module 'axi_crossbar_v2_1_25_addr_decoder__parameterized1' [/home/aion/my_ws/ee5332/matmul/build/mat_vec_mul/mat_vec_mul.gen/sources_1/bd/matvecmul_design/ipshared/3917/hdl/axi_crossbar_v2_1_vl_rfs.v:794]
INFO: [Synth 8-6155] done synthesizing module 'axi_crossbar_v2_1_25_addr_decoder__parameterized1' (11#1) [/home/aion/my_ws/ee5332/matmul/build/mat_vec_mul/mat_vec_mul.gen/sources_1/bd/matvecmul_design/ipshared/3917/hdl/axi_crossbar_v2_1_vl_rfs.v:794]
INFO: [Synth 8-6157] synthesizing module 'axi_data_fifo_v2_1_23_axic_srl_fifo__parameterized0' [/home/aion/my_ws/ee5332/matmul/build/mat_vec_mul/mat_vec_mul.gen/sources_1/bd/matvecmul_design/ipshared/94ec/hdl/axi_data_fifo_v2_1_vl_rfs.v:698]
INFO: [Synth 8-6155] done synthesizing module 'axi_data_fifo_v2_1_23_axic_srl_fifo__parameterized0' (11#1) [/home/aion/my_ws/ee5332/matmul/build/mat_vec_mul/mat_vec_mul.gen/sources_1/bd/matvecmul_design/ipshared/94ec/hdl/axi_data_fifo_v2_1_vl_rfs.v:698]
INFO: [Synth 8-6157] synthesizing module 'axi_crossbar_v2_1_25_wdata_mux' [/home/aion/my_ws/ee5332/matmul/build/mat_vec_mul/mat_vec_mul.gen/sources_1/bd/matvecmul_design/ipshared/3917/hdl/axi_crossbar_v2_1_vl_rfs.v:4561]
INFO: [Synth 8-6157] synthesizing module 'axi_data_fifo_v2_1_23_axic_reg_srl_fifo__parameterized0' [/home/aion/my_ws/ee5332/matmul/build/mat_vec_mul/mat_vec_mul.gen/sources_1/bd/matvecmul_design/ipshared/94ec/hdl/axi_data_fifo_v2_1_vl_rfs.v:889]
INFO: [Synth 8-155] case statement is not full and has no default [/home/aion/my_ws/ee5332/matmul/build/mat_vec_mul/mat_vec_mul.gen/sources_1/bd/matvecmul_design/ipshared/94ec/hdl/axi_data_fifo_v2_1_vl_rfs.v:986]
INFO: [Synth 8-6155] done synthesizing module 'axi_data_fifo_v2_1_23_axic_reg_srl_fifo__parameterized0' (11#1) [/home/aion/my_ws/ee5332/matmul/build/mat_vec_mul/mat_vec_mul.gen/sources_1/bd/matvecmul_design/ipshared/94ec/hdl/axi_data_fifo_v2_1_vl_rfs.v:889]
INFO: [Synth 8-6157] synthesizing module 'generic_baseblocks_v2_1_0_mux_enc__parameterized1' [/home/aion/my_ws/ee5332/matmul/build/mat_vec_mul/mat_vec_mul.gen/sources_1/bd/matvecmul_design/ipshared/b752/hdl/generic_baseblocks_v2_1_vl_rfs.v:2452]
INFO: [Synth 8-6155] done synthesizing module 'generic_baseblocks_v2_1_0_mux_enc__parameterized1' (11#1) [/home/aion/my_ws/ee5332/matmul/build/mat_vec_mul/mat_vec_mul.gen/sources_1/bd/matvecmul_design/ipshared/b752/hdl/generic_baseblocks_v2_1_vl_rfs.v:2452]
INFO: [Synth 8-6155] done synthesizing module 'axi_crossbar_v2_1_25_wdata_mux' (12#1) [/home/aion/my_ws/ee5332/matmul/build/mat_vec_mul/mat_vec_mul.gen/sources_1/bd/matvecmul_design/ipshared/3917/hdl/axi_crossbar_v2_1_vl_rfs.v:4561]
INFO: [Synth 8-6157] synthesizing module 'axi_register_slice_v2_1_24_axi_register_slice' [/home/aion/my_ws/ee5332/matmul/build/mat_vec_mul/mat_vec_mul.gen/sources_1/bd/matvecmul_design/ipshared/8f68/hdl/axi_register_slice_v2_1_vl_rfs.v:3726]
INFO: [Synth 8-6157] synthesizing module 'axi_infrastructure_v1_1_0_axi2vector' [/home/aion/my_ws/ee5332/matmul/build/mat_vec_mul/mat_vec_mul.gen/sources_1/bd/matvecmul_design/ipshared/ec67/hdl/axi_infrastructure_v1_1_vl_rfs.v:60]
INFO: [Synth 8-6155] done synthesizing module 'axi_infrastructure_v1_1_0_axi2vector' (13#1) [/home/aion/my_ws/ee5332/matmul/build/mat_vec_mul/mat_vec_mul.gen/sources_1/bd/matvecmul_design/ipshared/ec67/hdl/axi_infrastructure_v1_1_vl_rfs.v:60]
INFO: [Synth 8-6157] synthesizing module 'axi_infrastructure_v1_1_0_vector2axi' [/home/aion/my_ws/ee5332/matmul/build/mat_vec_mul/mat_vec_mul.gen/sources_1/bd/matvecmul_design/ipshared/ec67/hdl/axi_infrastructure_v1_1_vl_rfs.v:474]
INFO: [Synth 8-6155] done synthesizing module 'axi_infrastructure_v1_1_0_vector2axi' (14#1) [/home/aion/my_ws/ee5332/matmul/build/mat_vec_mul/mat_vec_mul.gen/sources_1/bd/matvecmul_design/ipshared/ec67/hdl/axi_infrastructure_v1_1_vl_rfs.v:474]
INFO: [Synth 8-6157] synthesizing module 'axi_register_slice_v2_1_24_axic_register_slice' [/home/aion/my_ws/ee5332/matmul/build/mat_vec_mul/mat_vec_mul.gen/sources_1/bd/matvecmul_design/ipshared/8f68/hdl/axi_register_slice_v2_1_vl_rfs.v:1498]
INFO: [Synth 8-6155] done synthesizing module 'axi_register_slice_v2_1_24_axic_register_slice' (15#1) [/home/aion/my_ws/ee5332/matmul/build/mat_vec_mul/mat_vec_mul.gen/sources_1/bd/matvecmul_design/ipshared/8f68/hdl/axi_register_slice_v2_1_vl_rfs.v:1498]
INFO: [Synth 8-6157] synthesizing module 'axi_register_slice_v2_1_24_axic_register_slice__parameterized0' [/home/aion/my_ws/ee5332/matmul/build/mat_vec_mul/mat_vec_mul.gen/sources_1/bd/matvecmul_design/ipshared/8f68/hdl/axi_register_slice_v2_1_vl_rfs.v:1498]
INFO: [Synth 8-6155] done synthesizing module 'axi_register_slice_v2_1_24_axic_register_slice__parameterized0' (15#1) [/home/aion/my_ws/ee5332/matmul/build/mat_vec_mul/mat_vec_mul.gen/sources_1/bd/matvecmul_design/ipshared/8f68/hdl/axi_register_slice_v2_1_vl_rfs.v:1498]
INFO: [Synth 8-6157] synthesizing module 'axi_register_slice_v2_1_24_axic_register_slice__parameterized1' [/home/aion/my_ws/ee5332/matmul/build/mat_vec_mul/mat_vec_mul.gen/sources_1/bd/matvecmul_design/ipshared/8f68/hdl/axi_register_slice_v2_1_vl_rfs.v:1498]
INFO: [Synth 8-6155] done synthesizing module 'axi_register_slice_v2_1_24_axic_register_slice__parameterized1' (15#1) [/home/aion/my_ws/ee5332/matmul/build/mat_vec_mul/mat_vec_mul.gen/sources_1/bd/matvecmul_design/ipshared/8f68/hdl/axi_register_slice_v2_1_vl_rfs.v:1498]
INFO: [Synth 8-6157] synthesizing module 'axi_register_slice_v2_1_24_axic_register_slice__parameterized2' [/home/aion/my_ws/ee5332/matmul/build/mat_vec_mul/mat_vec_mul.gen/sources_1/bd/matvecmul_design/ipshared/8f68/hdl/axi_register_slice_v2_1_vl_rfs.v:1498]
INFO: [Synth 8-6155] done synthesizing module 'axi_register_slice_v2_1_24_axic_register_slice__parameterized2' (15#1) [/home/aion/my_ws/ee5332/matmul/build/mat_vec_mul/mat_vec_mul.gen/sources_1/bd/matvecmul_design/ipshared/8f68/hdl/axi_register_slice_v2_1_vl_rfs.v:1498]
INFO: [Synth 8-6155] done synthesizing module 'axi_register_slice_v2_1_24_axi_register_slice' (16#1) [/home/aion/my_ws/ee5332/matmul/build/mat_vec_mul/mat_vec_mul.gen/sources_1/bd/matvecmul_design/ipshared/8f68/hdl/axi_register_slice_v2_1_vl_rfs.v:3726]
WARNING: [Synth 8-7071] port 'aclk2x' of module 'axi_register_slice_v2_1_24_axi_register_slice' is unconnected for instance 'reg_slice_mi' [/home/aion/my_ws/ee5332/matmul/build/mat_vec_mul/mat_vec_mul.gen/sources_1/bd/matvecmul_design/ipshared/3917/hdl/axi_crossbar_v2_1_vl_rfs.v:3122]
WARNING: [Synth 8-7023] instance 'reg_slice_mi' of module 'axi_register_slice_v2_1_24_axi_register_slice' has 93 connections declared, but only 92 given [/home/aion/my_ws/ee5332/matmul/build/mat_vec_mul/mat_vec_mul.gen/sources_1/bd/matvecmul_design/ipshared/3917/hdl/axi_crossbar_v2_1_vl_rfs.v:3122]
INFO: [Synth 8-6157] synthesizing module 'axi_crossbar_v2_1_25_addr_decoder__parameterized2' [/home/aion/my_ws/ee5332/matmul/build/mat_vec_mul/mat_vec_mul.gen/sources_1/bd/matvecmul_design/ipshared/3917/hdl/axi_crossbar_v2_1_vl_rfs.v:794]
INFO: [Synth 8-6155] done synthesizing module 'axi_crossbar_v2_1_25_addr_decoder__parameterized2' (16#1) [/home/aion/my_ws/ee5332/matmul/build/mat_vec_mul/mat_vec_mul.gen/sources_1/bd/matvecmul_design/ipshared/3917/hdl/axi_crossbar_v2_1_vl_rfs.v:794]
INFO: [Synth 8-6157] synthesizing module 'axi_data_fifo_v2_1_23_axic_srl_fifo__parameterized1' [/home/aion/my_ws/ee5332/matmul/build/mat_vec_mul/mat_vec_mul.gen/sources_1/bd/matvecmul_design/ipshared/94ec/hdl/axi_data_fifo_v2_1_vl_rfs.v:698]
INFO: [Synth 8-6157] synthesizing module 'axi_data_fifo_v2_1_23_ndeep_srl__parameterized1' [/home/aion/my_ws/ee5332/matmul/build/mat_vec_mul/mat_vec_mul.gen/sources_1/bd/matvecmul_design/ipshared/94ec/hdl/axi_data_fifo_v2_1_vl_rfs.v:1135]
INFO: [Synth 8-6155] done synthesizing module 'axi_data_fifo_v2_1_23_ndeep_srl__parameterized1' (16#1) [/home/aion/my_ws/ee5332/matmul/build/mat_vec_mul/mat_vec_mul.gen/sources_1/bd/matvecmul_design/ipshared/94ec/hdl/axi_data_fifo_v2_1_vl_rfs.v:1135]
INFO: [Synth 8-6155] done synthesizing module 'axi_data_fifo_v2_1_23_axic_srl_fifo__parameterized1' (16#1) [/home/aion/my_ws/ee5332/matmul/build/mat_vec_mul/mat_vec_mul.gen/sources_1/bd/matvecmul_design/ipshared/94ec/hdl/axi_data_fifo_v2_1_vl_rfs.v:698]
INFO: [Synth 8-6157] synthesizing module 'axi_crossbar_v2_1_25_wdata_mux__parameterized0' [/home/aion/my_ws/ee5332/matmul/build/mat_vec_mul/mat_vec_mul.gen/sources_1/bd/matvecmul_design/ipshared/3917/hdl/axi_crossbar_v2_1_vl_rfs.v:4561]
INFO: [Synth 8-6157] synthesizing module 'axi_data_fifo_v2_1_23_axic_reg_srl_fifo__parameterized1' [/home/aion/my_ws/ee5332/matmul/build/mat_vec_mul/mat_vec_mul.gen/sources_1/bd/matvecmul_design/ipshared/94ec/hdl/axi_data_fifo_v2_1_vl_rfs.v:889]
INFO: [Synth 8-155] case statement is not full and has no default [/home/aion/my_ws/ee5332/matmul/build/mat_vec_mul/mat_vec_mul.gen/sources_1/bd/matvecmul_design/ipshared/94ec/hdl/axi_data_fifo_v2_1_vl_rfs.v:986]
INFO: [Synth 8-6155] done synthesizing module 'axi_data_fifo_v2_1_23_axic_reg_srl_fifo__parameterized1' (16#1) [/home/aion/my_ws/ee5332/matmul/build/mat_vec_mul/mat_vec_mul.gen/sources_1/bd/matvecmul_design/ipshared/94ec/hdl/axi_data_fifo_v2_1_vl_rfs.v:889]
INFO: [Synth 8-6155] done synthesizing module 'axi_crossbar_v2_1_25_wdata_mux__parameterized0' (16#1) [/home/aion/my_ws/ee5332/matmul/build/mat_vec_mul/mat_vec_mul.gen/sources_1/bd/matvecmul_design/ipshared/3917/hdl/axi_crossbar_v2_1_vl_rfs.v:4561]
WARNING: [Synth 8-7071] port 'aclk2x' of module 'axi_register_slice_v2_1_24_axi_register_slice' is unconnected for instance 'reg_slice_mi' [/home/aion/my_ws/ee5332/matmul/build/mat_vec_mul/mat_vec_mul.gen/sources_1/bd/matvecmul_design/ipshared/3917/hdl/axi_crossbar_v2_1_vl_rfs.v:3122]
WARNING: [Synth 8-7023] instance 'reg_slice_mi' of module 'axi_register_slice_v2_1_24_axi_register_slice' has 93 connections declared, but only 92 given [/home/aion/my_ws/ee5332/matmul/build/mat_vec_mul/mat_vec_mul.gen/sources_1/bd/matvecmul_design/ipshared/3917/hdl/axi_crossbar_v2_1_vl_rfs.v:3122]
INFO: [Synth 8-6157] synthesizing module 'axi_crossbar_v2_1_25_decerr_slave' [/home/aion/my_ws/ee5332/matmul/build/mat_vec_mul/mat_vec_mul.gen/sources_1/bd/matvecmul_design/ipshared/3917/hdl/axi_crossbar_v2_1_vl_rfs.v:3501]
INFO: [Synth 8-155] case statement is not full and has no default [/home/aion/my_ws/ee5332/matmul/build/mat_vec_mul/mat_vec_mul.gen/sources_1/bd/matvecmul_design/ipshared/3917/hdl/axi_crossbar_v2_1_vl_rfs.v:3633]
INFO: [Synth 8-6155] done synthesizing module 'axi_crossbar_v2_1_25_decerr_slave' (17#1) [/home/aion/my_ws/ee5332/matmul/build/mat_vec_mul/mat_vec_mul.gen/sources_1/bd/matvecmul_design/ipshared/3917/hdl/axi_crossbar_v2_1_vl_rfs.v:3501]
INFO: [Synth 8-6157] synthesizing module 'axi_crossbar_v2_1_25_addr_arbiter' [/home/aion/my_ws/ee5332/matmul/build/mat_vec_mul/mat_vec_mul.gen/sources_1/bd/matvecmul_design/ipshared/3917/hdl/axi_crossbar_v2_1_vl_rfs.v:423]
INFO: [Synth 8-6157] synthesizing module 'generic_baseblocks_v2_1_0_mux_enc__parameterized2' [/home/aion/my_ws/ee5332/matmul/build/mat_vec_mul/mat_vec_mul.gen/sources_1/bd/matvecmul_design/ipshared/b752/hdl/generic_baseblocks_v2_1_vl_rfs.v:2452]
INFO: [Synth 8-6155] done synthesizing module 'generic_baseblocks_v2_1_0_mux_enc__parameterized2' (17#1) [/home/aion/my_ws/ee5332/matmul/build/mat_vec_mul/mat_vec_mul.gen/sources_1/bd/matvecmul_design/ipshared/b752/hdl/generic_baseblocks_v2_1_vl_rfs.v:2452]
INFO: [Synth 8-6157] synthesizing module 'generic_baseblocks_v2_1_0_mux_enc__parameterized3' [/home/aion/my_ws/ee5332/matmul/build/mat_vec_mul/mat_vec_mul.gen/sources_1/bd/matvecmul_design/ipshared/b752/hdl/generic_baseblocks_v2_1_vl_rfs.v:2452]
INFO: [Synth 8-6155] done synthesizing module 'generic_baseblocks_v2_1_0_mux_enc__parameterized3' (17#1) [/home/aion/my_ws/ee5332/matmul/build/mat_vec_mul/mat_vec_mul.gen/sources_1/bd/matvecmul_design/ipshared/b752/hdl/generic_baseblocks_v2_1_vl_rfs.v:2452]
INFO: [Synth 8-6155] done synthesizing module 'axi_crossbar_v2_1_25_addr_arbiter' (18#1) [/home/aion/my_ws/ee5332/matmul/build/mat_vec_mul/mat_vec_mul.gen/sources_1/bd/matvecmul_design/ipshared/3917/hdl/axi_crossbar_v2_1_vl_rfs.v:423]
INFO: [Synth 8-6155] done synthesizing module 'axi_crossbar_v2_1_25_crossbar' (19#1) [/home/aion/my_ws/ee5332/matmul/build/mat_vec_mul/mat_vec_mul.gen/sources_1/bd/matvecmul_design/ipshared/3917/hdl/axi_crossbar_v2_1_vl_rfs.v:2239]
INFO: [Synth 8-6155] done synthesizing module 'axi_crossbar_v2_1_25_axi_crossbar' (20#1) [/home/aion/my_ws/ee5332/matmul/build/mat_vec_mul/mat_vec_mul.gen/sources_1/bd/matvecmul_design/ipshared/3917/hdl/axi_crossbar_v2_1_vl_rfs.v:4884]
INFO: [Synth 8-6155] done synthesizing module 'matvecmul_design_xbar_1' (21#1) [/home/aion/my_ws/ee5332/matmul/build/mat_vec_mul/mat_vec_mul.gen/sources_1/bd/matvecmul_design/ip/matvecmul_design_xbar_1/synth/matvecmul_design_xbar_1.v:59]
---------------------------------------------------------------------------------
Finished RTL Elaboration : Time (s): cpu = 00:00:13 ; elapsed = 00:00:15 . Memory (MB): peak = 2558.344 ; gain = 0.000 ; free physical = 4001 ; free virtual = 15316
---------------------------------------------------------------------------------
---------------------------------------------------------------------------------
Start Handling Custom Attributes
---------------------------------------------------------------------------------
---------------------------------------------------------------------------------
Finished Handling Custom Attributes : Time (s): cpu = 00:00:14 ; elapsed = 00:00:16 . Memory (MB): peak = 2558.344 ; gain = 0.000 ; free physical = 4123 ; free virtual = 15438
---------------------------------------------------------------------------------
---------------------------------------------------------------------------------
Finished RTL Optimization Phase 1 : Time (s): cpu = 00:00:14 ; elapsed = 00:00:16 . Memory (MB): peak = 2558.344 ; gain = 0.000 ; free physical = 4123 ; free virtual = 15438
---------------------------------------------------------------------------------
Netlist sorting complete. Time (s): cpu = 00:00:00.08 ; elapsed = 00:00:00.08 . Memory (MB): peak = 2558.344 ; gain = 0.000 ; free physical = 4108 ; free virtual = 15423
INFO: [Project 1-570] Preparing netlist for logic optimization

Processing XDC Constraints
Initializing timing engine
Parsing XDC File [/home/aion/my_ws/ee5332/matmul/build/mat_vec_mul/mat_vec_mul.gen/sources_1/bd/matvecmul_design/ip/matvecmul_design_xbar_1/matvecmul_design_xbar_1_ooc.xdc] for cell 'inst'
Finished Parsing XDC File [/home/aion/my_ws/ee5332/matmul/build/mat_vec_mul/mat_vec_mul.gen/sources_1/bd/matvecmul_design/ip/matvecmul_design_xbar_1/matvecmul_design_xbar_1_ooc.xdc] for cell 'inst'
Parsing XDC File [/home/aion/my_ws/ee5332/matmul/build/mat_vec_mul/mat_vec_mul.runs/matvecmul_design_xbar_1_synth_1/dont_touch.xdc]
Finished Parsing XDC File [/home/aion/my_ws/ee5332/matmul/build/mat_vec_mul/mat_vec_mul.runs/matvecmul_design_xbar_1_synth_1/dont_touch.xdc]
Completed Processing XDC Constraints

Netlist sorting complete. Time (s): cpu = 00:00:00 ; elapsed = 00:00:00 . Memory (MB): peak = 2622.348 ; gain = 0.000 ; free physical = 4073 ; free virtual = 15394
INFO: [Project 1-111] Unisim Transformation Summary:
No Unisim elements were transformed.

Constraint Validation Runtime : Time (s): cpu = 00:00:00.11 ; elapsed = 00:00:00.06 . Memory (MB): peak = 2622.348 ; gain = 0.000 ; free physical = 4080 ; free virtual = 15405
---------------------------------------------------------------------------------
Finished Constraint Validation : Time (s): cpu = 00:00:23 ; elapsed = 00:00:25 . Memory (MB): peak = 2622.348 ; gain = 64.004 ; free physical = 3810 ; free virtual = 15135
---------------------------------------------------------------------------------
---------------------------------------------------------------------------------
Start Loading Part and Timing Information
---------------------------------------------------------------------------------
Loading part: xc7z020clg400-1
---------------------------------------------------------------------------------
Finished Loading Part and Timing Information : Time (s): cpu = 00:00:23 ; elapsed = 00:00:25 . Memory (MB): peak = 2622.348 ; gain = 64.004 ; free physical = 3810 ; free virtual = 15135
---------------------------------------------------------------------------------
---------------------------------------------------------------------------------
Start Applying 'set_property' XDC Constraints
---------------------------------------------------------------------------------
Applied set_property KEEP_HIERARCHY = SOFT for inst. (constraint file  /home/aion/my_ws/ee5332/matmul/build/mat_vec_mul/mat_vec_mul.runs/matvecmul_design_xbar_1_synth_1/dont_touch.xdc, line 9).
---------------------------------------------------------------------------------
Finished applying 'set_property' XDC Constraints : Time (s): cpu = 00:00:23 ; elapsed = 00:00:25 . Memory (MB): peak = 2622.348 ; gain = 64.004 ; free physical = 3867 ; free virtual = 15192
---------------------------------------------------------------------------------
INFO: [Synth 8-802] inferred FSM for state register 'state_reg' in module 'axi_data_fifo_v2_1_23_axic_reg_srl_fifo'
INFO: [Synth 8-802] inferred FSM for state register 'state_reg' in module 'axi_data_fifo_v2_1_23_axic_reg_srl_fifo__parameterized0'
INFO: [Synth 8-802] inferred FSM for state register 'state_reg' in module 'axi_data_fifo_v2_1_23_axic_reg_srl_fifo__parameterized1'
INFO: [Synth 8-802] inferred FSM for state register 'gen_axi.write_cs_reg' in module 'axi_crossbar_v2_1_25_decerr_slave'
---------------------------------------------------------------------------------------------------
                   State |                     New Encoding |                Previous Encoding 
---------------------------------------------------------------------------------------------------
                    ZERO |                             1000 |                               10
                     ONE |                             0010 |                               11
                     TWO |                             0001 |                               01
                  iSTATE |                             0100 |                               00
---------------------------------------------------------------------------------------------------
INFO: [Synth 8-3354] encoded FSM with state register 'state_reg' using encoding 'one-hot' in module 'axi_data_fifo_v2_1_23_axic_reg_srl_fifo'
---------------------------------------------------------------------------------------------------
                   State |                     New Encoding |                Previous Encoding 
---------------------------------------------------------------------------------------------------
                    ZERO |                             1000 |                               10
                     ONE |                             0010 |                               11
                     TWO |                             0001 |                               01
                  iSTATE |                             0100 |                               00
---------------------------------------------------------------------------------------------------
INFO: [Synth 8-3354] encoded FSM with state register 'state_reg' using encoding 'one-hot' in module 'axi_data_fifo_v2_1_23_axic_reg_srl_fifo__parameterized0'
---------------------------------------------------------------------------------------------------
                   State |                     New Encoding |                Previous Encoding 
---------------------------------------------------------------------------------------------------
                    ZERO |                             1000 |                               10
                     ONE |                             0010 |                               11
                     TWO |                             0001 |                               01
                  iSTATE |                             0100 |                               00
---------------------------------------------------------------------------------------------------
INFO: [Synth 8-3354] encoded FSM with state register 'state_reg' using encoding 'one-hot' in module 'axi_data_fifo_v2_1_23_axic_reg_srl_fifo__parameterized1'
---------------------------------------------------------------------------------------------------
                   State |                     New Encoding |                Previous Encoding 
---------------------------------------------------------------------------------------------------
            P_WRITE_IDLE |                              001 |                               00
            P_WRITE_DATA |                              010 |                               01
            P_WRITE_RESP |                              100 |                               10
---------------------------------------------------------------------------------------------------
INFO: [Synth 8-3354] encoded FSM with state register 'gen_axi.write_cs_reg' using encoding 'one-hot' in module 'axi_crossbar_v2_1_25_decerr_slave'
---------------------------------------------------------------------------------
Finished RTL Optimization Phase 2 : Time (s): cpu = 00:00:24 ; elapsed = 00:00:27 . Memory (MB): peak = 2622.348 ; gain = 64.004 ; free physical = 3742 ; free virtual = 15072
---------------------------------------------------------------------------------
---------------------------------------------------------------------------------
Start RTL Component Statistics 
---------------------------------------------------------------------------------
Detailed RTL Component Info : 
+---Adders : 
	   2 Input    8 Bit       Adders := 3     
	   2 Input    4 Bit       Adders := 6     
	   2 Input    3 Bit       Adders := 5     
	   2 Input    2 Bit       Adders := 3     
	   2 Input    1 Bit       Adders := 2     
+---XORs : 
	   2 Input      1 Bit         XORs := 7     
+---Registers : 
	               68 Bit    Registers := 4     
	               64 Bit    Registers := 2     
	                8 Bit    Registers := 3     
	                4 Bit    Registers := 6     
	                3 Bit    Registers := 5     
	                2 Bit    Registers := 20    
	                1 Bit    Registers := 39    
+---Muxes : 
	   2 Input   68 Bit        Muxes := 4     
	   2 Input   16 Bit        Muxes := 4     
	   2 Input    8 Bit        Muxes := 1     
	   3 Input    4 Bit        Muxes := 3     
	   2 Input    4 Bit        Muxes := 11    
	   2 Input    3 Bit        Muxes := 2     
	   2 Input    2 Bit        Muxes := 16    
	   2 Input    1 Bit        Muxes := 50    
	   4 Input    1 Bit        Muxes := 9     
	   3 Input    1 Bit        Muxes := 9     
---------------------------------------------------------------------------------
Finished RTL Component Statistics 
---------------------------------------------------------------------------------
---------------------------------------------------------------------------------
Start Part Resource Summary
---------------------------------------------------------------------------------
Part Resources:
DSPs: 220 (col length:60)
BRAMs: 280 (col length: RAMB18 60 RAMB36 30)
---------------------------------------------------------------------------------
Finished Part Resource Summary
---------------------------------------------------------------------------------
---------------------------------------------------------------------------------
Start Cross Boundary and Area Optimization
---------------------------------------------------------------------------------
---------------------------------------------------------------------------------
Finished Cross Boundary and Area Optimization : Time (s): cpu = 00:00:27 ; elapsed = 00:00:30 . Memory (MB): peak = 2622.348 ; gain = 64.004 ; free physical = 3542 ; free virtual = 14876
---------------------------------------------------------------------------------
---------------------------------------------------------------------------------
Start Applying XDC Timing Constraints
---------------------------------------------------------------------------------
---------------------------------------------------------------------------------
Finished Applying XDC Timing Constraints : Time (s): cpu = 00:00:36 ; elapsed = 00:00:39 . Memory (MB): peak = 2622.348 ; gain = 64.004 ; free physical = 2283 ; free virtual = 13614
---------------------------------------------------------------------------------
---------------------------------------------------------------------------------
Start Timing Optimization
---------------------------------------------------------------------------------
---------------------------------------------------------------------------------
Finished Timing Optimization : Time (s): cpu = 00:00:37 ; elapsed = 00:00:40 . Memory (MB): peak = 2622.348 ; gain = 64.004 ; free physical = 2236 ; free virtual = 13567
---------------------------------------------------------------------------------
---------------------------------------------------------------------------------
Start Technology Mapping
---------------------------------------------------------------------------------
---------------------------------------------------------------------------------
Finished Technology Mapping : Time (s): cpu = 00:00:38 ; elapsed = 00:00:40 . Memory (MB): peak = 2622.348 ; gain = 64.004 ; free physical = 2278 ; free virtual = 13609
---------------------------------------------------------------------------------
---------------------------------------------------------------------------------
Start IO Insertion
---------------------------------------------------------------------------------
---------------------------------------------------------------------------------
Start Flattening Before IO Insertion
---------------------------------------------------------------------------------
---------------------------------------------------------------------------------
Finished Flattening Before IO Insertion
---------------------------------------------------------------------------------
---------------------------------------------------------------------------------
Start Final Netlist Cleanup
---------------------------------------------------------------------------------
---------------------------------------------------------------------------------
Finished Final Netlist Cleanup
---------------------------------------------------------------------------------
---------------------------------------------------------------------------------
Finished IO Insertion : Time (s): cpu = 00:00:41 ; elapsed = 00:00:44 . Memory (MB): peak = 2622.348 ; gain = 64.004 ; free physical = 3125 ; free virtual = 14454
---------------------------------------------------------------------------------
---------------------------------------------------------------------------------
Start Renaming Generated Instances
---------------------------------------------------------------------------------
---------------------------------------------------------------------------------
Finished Renaming Generated Instances : Time (s): cpu = 00:00:41 ; elapsed = 00:00:44 . Memory (MB): peak = 2622.348 ; gain = 64.004 ; free physical = 3125 ; free virtual = 14454
---------------------------------------------------------------------------------
---------------------------------------------------------------------------------
Start Rebuilding User Hierarchy
---------------------------------------------------------------------------------
---------------------------------------------------------------------------------
Finished Rebuilding User Hierarchy : Time (s): cpu = 00:00:41 ; elapsed = 00:00:44 . Memory (MB): peak = 2622.348 ; gain = 64.004 ; free physical = 3142 ; free virtual = 14471
---------------------------------------------------------------------------------
---------------------------------------------------------------------------------
Start Renaming Generated Ports
---------------------------------------------------------------------------------
---------------------------------------------------------------------------------
Finished Renaming Generated Ports : Time (s): cpu = 00:00:41 ; elapsed = 00:00:44 . Memory (MB): peak = 2622.348 ; gain = 64.004 ; free physical = 3150 ; free virtual = 14478
---------------------------------------------------------------------------------
---------------------------------------------------------------------------------
Start Handling Custom Attributes
---------------------------------------------------------------------------------
---------------------------------------------------------------------------------
Finished Handling Custom Attributes : Time (s): cpu = 00:00:41 ; elapsed = 00:00:44 . Memory (MB): peak = 2622.348 ; gain = 64.004 ; free physical = 3170 ; free virtual = 14498
---------------------------------------------------------------------------------
---------------------------------------------------------------------------------
Start Renaming Generated Nets
---------------------------------------------------------------------------------
---------------------------------------------------------------------------------
Finished Renaming Generated Nets : Time (s): cpu = 00:00:41 ; elapsed = 00:00:44 . Memory (MB): peak = 2622.348 ; gain = 64.004 ; free physical = 3177 ; free virtual = 14506
---------------------------------------------------------------------------------
---------------------------------------------------------------------------------
Start Writing Synthesis Report
---------------------------------------------------------------------------------

Report BlackBoxes: 
+-+--------------+----------+
| |BlackBox name |Instances |
+-+--------------+----------+
+-+--------------+----------+

Report Cell Usage: 
+------+--------+------+
|      |Cell    |Count |
+------+--------+------+
|1     |LUT1    |     7|
|2     |LUT2    |   204|
|3     |LUT3    |   105|
|4     |LUT4    |    32|
|5     |LUT5    |    48|
|6     |LUT6    |    57|
|7     |SRLC32E |     3|
|8     |FDRE    |   337|
|9     |FDSE    |    16|
+------+--------+------+
---------------------------------------------------------------------------------
Finished Writing Synthesis Report : Time (s): cpu = 00:00:41 ; elapsed = 00:00:44 . Memory (MB): peak = 2622.348 ; gain = 64.004 ; free physical = 3178 ; free virtual = 14506
---------------------------------------------------------------------------------
Synthesis finished with 0 errors, 0 critical warnings and 0 warnings.
Synthesis Optimization Runtime : Time (s): cpu = 00:00:37 ; elapsed = 00:00:40 . Memory (MB): peak = 2622.348 ; gain = 0.000 ; free physical = 3287 ; free virtual = 14615
Synthesis Optimization Complete : Time (s): cpu = 00:00:41 ; elapsed = 00:00:44 . Memory (MB): peak = 2622.348 ; gain = 64.004 ; free physical = 3287 ; free virtual = 14615
INFO: [Project 1-571] Translating synthesized netlist
Netlist sorting complete. Time (s): cpu = 00:00:00.03 ; elapsed = 00:00:00.03 . Memory (MB): peak = 2622.348 ; gain = 0.000 ; free physical = 3499 ; free virtual = 14827
INFO: [Project 1-570] Preparing netlist for logic optimization
INFO: [Opt 31-138] Pushed 0 inverter(s) to 0 load pin(s).
Netlist sorting complete. Time (s): cpu = 00:00:00 ; elapsed = 00:00:00 . Memory (MB): peak = 2622.348 ; gain = 0.000 ; free physical = 4230 ; free virtual = 15559
INFO: [Project 1-111] Unisim Transformation Summary:
No Unisim elements were transformed.

Synth Design complete, checksum: c3a369e0
INFO: [Common 17-83] Releasing license: Synthesis
105 Infos, 4 Warnings, 0 Critical Warnings and 0 Errors encountered.
synth_design completed successfully
synth_design: Time (s): cpu = 00:00:59 ; elapsed = 00:00:51 . Memory (MB): peak = 2622.348 ; gain = 64.031 ; free physical = 4297 ; free virtual = 15627
INFO: [Common 17-1381] The checkpoint '/home/aion/my_ws/ee5332/matmul/build/mat_vec_mul/mat_vec_mul.runs/matvecmul_design_xbar_1_synth_1/matvecmul_design_xbar_1.dcp' has been generated.
INFO: [Coretcl 2-1648] Added synthesis output to IP cache for IP matvecmul_design_xbar_1, cache-ID = 70316efe309f880e
INFO: [Coretcl 2-1174] Renamed 24 cell refs.
INFO: [Common 17-1381] The checkpoint '/home/aion/my_ws/ee5332/matmul/build/mat_vec_mul/mat_vec_mul.runs/matvecmul_design_xbar_1_synth_1/matvecmul_design_xbar_1.dcp' has been generated.
INFO: [runtcl-4] Executing : report_utilization -file matvecmul_design_xbar_1_utilization_synth.rpt -pb matvecmul_design_xbar_1_utilization_synth.pb
INFO: [Common 17-206] Exiting Vivado at Wed May  6 06:13:41 2026...
