

================================================================
== Vitis HLS Report for 'matVecMul'
================================================================
* Date:           Fri Jan  1 00:00:14 2021

* Version:        2021.1 (Build 3247384 on Thu Jun 10 19:36:07 MDT 2021)
* Project:        matVecMul_stream_prj
* Solution:       solution_chocolate (Vivado IP Flow Target)
* Product family: zynq
* Target device:  xc7z020-clg400-1


================================================================
== Performance Estimates
================================================================
+ Timing: 
    * Summary: 
    +--------+----------+-----------+------------+
    |  Clock |  Target  | Estimated | Uncertainty|
    +--------+----------+-----------+------------+
    |ap_clk  |  10.00 ns|  18.153 ns|     2.70 ns|
    +--------+----------+-----------+------------+

+ Latency: 
    * Summary: 
    +---------+---------+-----------+-----------+------+------+---------+
    |  Latency (cycles) |   Latency (absolute)  |   Interval  | Pipeline|
    |   min   |   max   |    min    |    max    |  min |  max |   Type  |
    +---------+---------+-----------+-----------+------+------+---------+
    |     1863|     3853|  33.819 us|  69.944 us|  1864|  3854|       no|
    +---------+---------+-----------+-----------+------+------+---------+

    + Detail: 
        * Instance: 
        N/A

        * Loop: 
        +----------------------+---------+---------+-------------+-----------+-----------+-------+----------+
        |                      |  Latency (cycles) |  Iteration  |  Initiation Interval  |  Trip |          |
        |       Loop Name      |   min   |   max   |   Latency   |  achieved |   target  | Count | Pipelined|
        +----------------------+---------+---------+-------------+-----------+-----------+-------+----------+
        |- vector_loop         |     1862|     3852|  1862 ~ 1926|          -|          -|  1 ~ 2|        no|
        | + matmul_outer_loop  |     1792|     1856|      28 ~ 29|          -|          -|     64|        no|
        +----------------------+---------+---------+-------------+-----------+-----------+-------+----------+

============================================================
+ Verbose Summary: Synthesis Manager
============================================================
InlineROM: 1
ExposeGlobal: 0
============================================================
+ Verbose Summary: CDFG Model
============================================================
IsTopModel: 1
ResetActiveHigh: 1
IsCombinational: 0
IsDatapathOnly: 0
HasWiredReturn: 1
HasMFsm: 0
HasVarLatency: 1
IsPipeline: 0
IsRtlPipelined: 0
IsInstanceOverlapped: 0
IsDontTouch: 0
HasImplIP: 0
IsGatedGlobalClock: 0


============================================================
+ Verbose Summary: Schedule
============================================================
* Number of FSM states : 9
* Pipeline : 0
* Dataflow Pipeline: 0

* FSM state transitions: 
1 --> 2 
2 --> 3 
3 --> 4 
4 --> 5 
5 --> 6 2 
6 --> 7 
7 --> 8 
8 --> 9 
9 --> 5 

* FSM state operations: 

State 1 <SV = 0> <Delay = 3.55>
ST_1 : Operation 10 [1/1] (0.00ns)   --->   "%i = alloca i32 1"   --->   Operation 10 'alloca' 'i' <Predicate = true> <Delay = 0.00>
ST_1 : Operation 11 [1/1] (1.00ns)   --->   "%col_size_read = read i32 @_ssdm_op_Read.s_axilite.i32, i32 %col_size"   --->   Operation 11 'read' 'col_size_read' <Predicate = true> <Delay = 1.00> <CoreInst = "s_axilite">   --->   Core 114 's_axilite' <Latency = 0> <II = 1> <Delay = 1.00> <Adapter> <Opcode : 'read' 'write'>
ST_1 : Operation 12 [1/1] (1.00ns)   --->   "%row_size_read = read i32 @_ssdm_op_Read.s_axilite.i32, i32 %row_size"   --->   Operation 12 'read' 'row_size_read' <Predicate = true> <Delay = 1.00> <CoreInst = "s_axilite">   --->   Core 114 's_axilite' <Latency = 0> <II = 1> <Delay = 1.00> <Adapter> <Opcode : 'read' 'write'>
ST_1 : Operation 13 [1/1] (1.00ns)   --->   "%no_of_vectors_read = read i32 @_ssdm_op_Read.s_axilite.i32, i32 %no_of_vectors"   --->   Operation 13 'read' 'no_of_vectors_read' <Predicate = true> <Delay = 1.00> <CoreInst = "s_axilite">   --->   Core 114 's_axilite' <Latency = 0> <II = 1> <Delay = 1.00> <Adapter> <Opcode : 'read' 'write'>
ST_1 : Operation 14 [1/1] (0.00ns)   --->   "%select_ln340_loc = alloca i64 1"   --->   Operation 14 'alloca' 'select_ln340_loc' <Predicate = true> <Delay = 0.00>
ST_1 : Operation 15 [1/1] (0.00ns)   --->   "%select_ln340_1_loc = alloca i64 1"   --->   Operation 15 'alloca' 'select_ln340_1_loc' <Predicate = true> <Delay = 0.00>
ST_1 : Operation 16 [1/1] (0.00ns)   --->   "%select_ln340_2_loc = alloca i64 1"   --->   Operation 16 'alloca' 'select_ln340_2_loc' <Predicate = true> <Delay = 0.00>
ST_1 : Operation 17 [1/1] (0.00ns)   --->   "%acc_V_0_loc = alloca i64 1"   --->   Operation 17 'alloca' 'acc_V_0_loc' <Predicate = true> <Delay = 0.00>
ST_1 : Operation 18 [1/1] (0.00ns)   --->   "%spectopmodule_ln0 = spectopmodule void @_ssdm_op_SpecTopModule, void @empty_13"   --->   Operation 18 'spectopmodule' 'spectopmodule_ln0' <Predicate = true> <Delay = 0.00>
ST_1 : Operation 19 [1/1] (0.00ns)   --->   "%specinterface_ln0 = specinterface void @_ssdm_op_SpecInterface, i16 %A_0, void @empty_1, i32 0, i32 0, void @empty_0, i32 0, i32 0, void @empty_2, void @empty_3, void @empty_0, i32 0, i32 0, i32 0, i32 0, void @empty_0, void @empty_0"   --->   Operation 19 'specinterface' 'specinterface_ln0' <Predicate = true> <Delay = 0.00>
ST_1 : Operation 20 [1/1] (0.00ns)   --->   "%specinterface_ln0 = specinterface void @_ssdm_op_SpecInterface, i16 %A_0, void @empty_4, i32 0, i32 0, void @empty_0, i32 1, i32 0, void @empty_0, void @empty_0, void @empty_0, i32 0, i32 0, i32 0, i32 0, void @empty_0, void @empty_0"   --->   Operation 20 'specinterface' 'specinterface_ln0' <Predicate = true> <Delay = 0.00>
ST_1 : Operation 21 [1/1] (0.00ns)   --->   "%specmemcore_ln0 = specmemcore void @_ssdm_op_SpecMemCore, i16 %A_0, i64 666, i64 17, i64 1"   --->   Operation 21 'specmemcore' 'specmemcore_ln0' <Predicate = true> <Delay = 0.00>
ST_1 : Operation 22 [1/1] (0.00ns)   --->   "%specbitsmap_ln0 = specbitsmap void @_ssdm_op_SpecBitsMap, i16 %A_0"   --->   Operation 22 'specbitsmap' 'specbitsmap_ln0' <Predicate = true> <Delay = 0.00>
ST_1 : Operation 23 [1/1] (0.00ns)   --->   "%specinterface_ln0 = specinterface void @_ssdm_op_SpecInterface, i16 %A_1, void @empty_1, i32 0, i32 0, void @empty_0, i32 0, i32 0, void @empty_2, void @empty_11, void @empty_0, i32 0, i32 0, i32 0, i32 0, void @empty_0, void @empty_0"   --->   Operation 23 'specinterface' 'specinterface_ln0' <Predicate = true> <Delay = 0.00>
ST_1 : Operation 24 [1/1] (0.00ns)   --->   "%specinterface_ln0 = specinterface void @_ssdm_op_SpecInterface, i16 %A_1, void @empty_4, i32 0, i32 0, void @empty_0, i32 1, i32 0, void @empty_0, void @empty_0, void @empty_0, i32 0, i32 0, i32 0, i32 0, void @empty_0, void @empty_0"   --->   Operation 24 'specinterface' 'specinterface_ln0' <Predicate = true> <Delay = 0.00>
ST_1 : Operation 25 [1/1] (0.00ns)   --->   "%specmemcore_ln0 = specmemcore void @_ssdm_op_SpecMemCore, i16 %A_1, i64 666, i64 17, i64 1"   --->   Operation 25 'specmemcore' 'specmemcore_ln0' <Predicate = true> <Delay = 0.00>
ST_1 : Operation 26 [1/1] (0.00ns)   --->   "%specbitsmap_ln0 = specbitsmap void @_ssdm_op_SpecBitsMap, i16 %A_1"   --->   Operation 26 'specbitsmap' 'specbitsmap_ln0' <Predicate = true> <Delay = 0.00>
ST_1 : Operation 27 [1/1] (0.00ns)   --->   "%specinterface_ln0 = specinterface void @_ssdm_op_SpecInterface, i16 %A_2, void @empty_1, i32 0, i32 0, void @empty_0, i32 0, i32 0, void @empty_2, void @empty_5, void @empty_0, i32 0, i32 0, i32 0, i32 0, void @empty_0, void @empty_0"   --->   Operation 27 'specinterface' 'specinterface_ln0' <Predicate = true> <Delay = 0.00>
ST_1 : Operation 28 [1/1] (0.00ns)   --->   "%specinterface_ln0 = specinterface void @_ssdm_op_SpecInterface, i16 %A_2, void @empty_4, i32 0, i32 0, void @empty_0, i32 1, i32 0, void @empty_0, void @empty_0, void @empty_0, i32 0, i32 0, i32 0, i32 0, void @empty_0, void @empty_0"   --->   Operation 28 'specinterface' 'specinterface_ln0' <Predicate = true> <Delay = 0.00>
ST_1 : Operation 29 [1/1] (0.00ns)   --->   "%specmemcore_ln0 = specmemcore void @_ssdm_op_SpecMemCore, i16 %A_2, i64 666, i64 17, i64 1"   --->   Operation 29 'specmemcore' 'specmemcore_ln0' <Predicate = true> <Delay = 0.00>
ST_1 : Operation 30 [1/1] (0.00ns)   --->   "%specbitsmap_ln0 = specbitsmap void @_ssdm_op_SpecBitsMap, i16 %A_2"   --->   Operation 30 'specbitsmap' 'specbitsmap_ln0' <Predicate = true> <Delay = 0.00>
ST_1 : Operation 31 [1/1] (0.00ns)   --->   "%specinterface_ln0 = specinterface void @_ssdm_op_SpecInterface, i16 %A_3, void @empty_1, i32 0, i32 0, void @empty_0, i32 0, i32 0, void @empty_2, void @empty_10, void @empty_0, i32 0, i32 0, i32 0, i32 0, void @empty_0, void @empty_0"   --->   Operation 31 'specinterface' 'specinterface_ln0' <Predicate = true> <Delay = 0.00>
ST_1 : Operation 32 [1/1] (0.00ns)   --->   "%specinterface_ln0 = specinterface void @_ssdm_op_SpecInterface, i16 %A_3, void @empty_4, i32 0, i32 0, void @empty_0, i32 1, i32 0, void @empty_0, void @empty_0, void @empty_0, i32 0, i32 0, i32 0, i32 0, void @empty_0, void @empty_0"   --->   Operation 32 'specinterface' 'specinterface_ln0' <Predicate = true> <Delay = 0.00>
ST_1 : Operation 33 [1/1] (0.00ns)   --->   "%specmemcore_ln0 = specmemcore void @_ssdm_op_SpecMemCore, i16 %A_3, i64 666, i64 17, i64 1"   --->   Operation 33 'specmemcore' 'specmemcore_ln0' <Predicate = true> <Delay = 0.00>
ST_1 : Operation 34 [1/1] (0.00ns)   --->   "%specbitsmap_ln0 = specbitsmap void @_ssdm_op_SpecBitsMap, i16 %A_3"   --->   Operation 34 'specbitsmap' 'specbitsmap_ln0' <Predicate = true> <Delay = 0.00>
ST_1 : Operation 35 [1/1] (0.00ns)   --->   "%specinterface_ln0 = specinterface void @_ssdm_op_SpecInterface, i32 %in_stream_V_data_V, i4 %in_stream_V_keep_V, i4 %in_stream_V_strb_V, i1 %in_stream_V_user_V, i1 %in_stream_V_last_V, i1 %in_stream_V_id_V, i1 %in_stream_V_dest_V, void @empty, i32 1, i32 1, void @empty_6, i32 0, i32 0, void @empty_0, void @empty_0, void @empty_0, i32 0, i32 0, i32 0, i32 0, void @empty_0, void @empty_0"   --->   Operation 35 'specinterface' 'specinterface_ln0' <Predicate = true> <Delay = 0.00>
ST_1 : Operation 36 [1/1] (0.00ns)   --->   "%specbitsmap_ln0 = specbitsmap void @_ssdm_op_SpecBitsMap, i32 %in_stream_V_data_V"   --->   Operation 36 'specbitsmap' 'specbitsmap_ln0' <Predicate = true> <Delay = 0.00>
ST_1 : Operation 37 [1/1] (0.00ns)   --->   "%specbitsmap_ln0 = specbitsmap void @_ssdm_op_SpecBitsMap, i4 %in_stream_V_keep_V"   --->   Operation 37 'specbitsmap' 'specbitsmap_ln0' <Predicate = true> <Delay = 0.00>
ST_1 : Operation 38 [1/1] (0.00ns)   --->   "%specbitsmap_ln0 = specbitsmap void @_ssdm_op_SpecBitsMap, i4 %in_stream_V_strb_V"   --->   Operation 38 'specbitsmap' 'specbitsmap_ln0' <Predicate = true> <Delay = 0.00>
ST_1 : Operation 39 [1/1] (0.00ns)   --->   "%specbitsmap_ln0 = specbitsmap void @_ssdm_op_SpecBitsMap, i1 %in_stream_V_user_V"   --->   Operation 39 'specbitsmap' 'specbitsmap_ln0' <Predicate = true> <Delay = 0.00>
ST_1 : Operation 40 [1/1] (0.00ns)   --->   "%specbitsmap_ln0 = specbitsmap void @_ssdm_op_SpecBitsMap, i1 %in_stream_V_last_V"   --->   Operation 40 'specbitsmap' 'specbitsmap_ln0' <Predicate = true> <Delay = 0.00>
ST_1 : Operation 41 [1/1] (0.00ns)   --->   "%specbitsmap_ln0 = specbitsmap void @_ssdm_op_SpecBitsMap, i1 %in_stream_V_id_V"   --->   Operation 41 'specbitsmap' 'specbitsmap_ln0' <Predicate = true> <Delay = 0.00>
ST_1 : Operation 42 [1/1] (0.00ns)   --->   "%specbitsmap_ln0 = specbitsmap void @_ssdm_op_SpecBitsMap, i1 %in_stream_V_dest_V"   --->   Operation 42 'specbitsmap' 'specbitsmap_ln0' <Predicate = true> <Delay = 0.00>
ST_1 : Operation 43 [1/1] (0.00ns)   --->   "%specinterface_ln0 = specinterface void @_ssdm_op_SpecInterface, i32 %out_stream_V_data_V, i4 %out_stream_V_keep_V, i4 %out_stream_V_strb_V, i1 %out_stream_V_user_V, i1 %out_stream_V_last_V, i1 %out_stream_V_id_V, i1 %out_stream_V_dest_V, void @empty, i32 1, i32 1, void @empty_6, i32 0, i32 0, void @empty_0, void @empty_0, void @empty_0, i32 0, i32 0, i32 0, i32 0, void @empty_0, void @empty_0"   --->   Operation 43 'specinterface' 'specinterface_ln0' <Predicate = true> <Delay = 0.00>
ST_1 : Operation 44 [1/1] (0.00ns)   --->   "%specbitsmap_ln0 = specbitsmap void @_ssdm_op_SpecBitsMap, i32 %out_stream_V_data_V"   --->   Operation 44 'specbitsmap' 'specbitsmap_ln0' <Predicate = true> <Delay = 0.00>
ST_1 : Operation 45 [1/1] (0.00ns)   --->   "%specbitsmap_ln0 = specbitsmap void @_ssdm_op_SpecBitsMap, i4 %out_stream_V_keep_V"   --->   Operation 45 'specbitsmap' 'specbitsmap_ln0' <Predicate = true> <Delay = 0.00>
ST_1 : Operation 46 [1/1] (0.00ns)   --->   "%specbitsmap_ln0 = specbitsmap void @_ssdm_op_SpecBitsMap, i4 %out_stream_V_strb_V"   --->   Operation 46 'specbitsmap' 'specbitsmap_ln0' <Predicate = true> <Delay = 0.00>
ST_1 : Operation 47 [1/1] (0.00ns)   --->   "%specbitsmap_ln0 = specbitsmap void @_ssdm_op_SpecBitsMap, i1 %out_stream_V_user_V"   --->   Operation 47 'specbitsmap' 'specbitsmap_ln0' <Predicate = true> <Delay = 0.00>
ST_1 : Operation 48 [1/1] (0.00ns)   --->   "%specbitsmap_ln0 = specbitsmap void @_ssdm_op_SpecBitsMap, i1 %out_stream_V_last_V"   --->   Operation 48 'specbitsmap' 'specbitsmap_ln0' <Predicate = true> <Delay = 0.00>
ST_1 : Operation 49 [1/1] (0.00ns)   --->   "%specbitsmap_ln0 = specbitsmap void @_ssdm_op_SpecBitsMap, i1 %out_stream_V_id_V"   --->   Operation 49 'specbitsmap' 'specbitsmap_ln0' <Predicate = true> <Delay = 0.00>
ST_1 : Operation 50 [1/1] (0.00ns)   --->   "%specbitsmap_ln0 = specbitsmap void @_ssdm_op_SpecBitsMap, i1 %out_stream_V_dest_V"   --->   Operation 50 'specbitsmap' 'specbitsmap_ln0' <Predicate = true> <Delay = 0.00>
ST_1 : Operation 51 [1/1] (0.00ns)   --->   "%specbitsmap_ln0 = specbitsmap void @_ssdm_op_SpecBitsMap, i32 %no_of_vectors"   --->   Operation 51 'specbitsmap' 'specbitsmap_ln0' <Predicate = true> <Delay = 0.00>
ST_1 : Operation 52 [1/1] (0.00ns)   --->   "%specinterface_ln0 = specinterface void @_ssdm_op_SpecInterface, i32 %no_of_vectors, void @empty_1, i32 0, i32 0, void @empty_0, i32 0, i32 0, void @empty_2, void @empty_7, void @empty_0, i32 0, i32 0, i32 0, i32 0, void @empty_0, void @empty_0"   --->   Operation 52 'specinterface' 'specinterface_ln0' <Predicate = true> <Delay = 0.00>
ST_1 : Operation 53 [1/1] (0.00ns)   --->   "%specinterface_ln0 = specinterface void @_ssdm_op_SpecInterface, i32 %no_of_vectors, void @empty_8, i32 0, i32 0, void @empty_0, i32 0, i32 0, void @empty_0, void @empty_0, void @empty_0, i32 0, i32 0, i32 0, i32 0, void @empty_0, void @empty_0"   --->   Operation 53 'specinterface' 'specinterface_ln0' <Predicate = true> <Delay = 0.00>
ST_1 : Operation 54 [1/1] (0.00ns)   --->   "%specbitsmap_ln0 = specbitsmap void @_ssdm_op_SpecBitsMap, i32 %row_size"   --->   Operation 54 'specbitsmap' 'specbitsmap_ln0' <Predicate = true> <Delay = 0.00>
ST_1 : Operation 55 [1/1] (0.00ns)   --->   "%specinterface_ln0 = specinterface void @_ssdm_op_SpecInterface, i32 %row_size, void @empty_1, i32 0, i32 0, void @empty_0, i32 0, i32 0, void @empty_2, void @empty_9, void @empty_0, i32 0, i32 0, i32 0, i32 0, void @empty_0, void @empty_0"   --->   Operation 55 'specinterface' 'specinterface_ln0' <Predicate = true> <Delay = 0.00>
ST_1 : Operation 56 [1/1] (0.00ns)   --->   "%specinterface_ln0 = specinterface void @_ssdm_op_SpecInterface, i32 %row_size, void @empty_8, i32 0, i32 0, void @empty_0, i32 0, i32 0, void @empty_0, void @empty_0, void @empty_0, i32 0, i32 0, i32 0, i32 0, void @empty_0, void @empty_0"   --->   Operation 56 'specinterface' 'specinterface_ln0' <Predicate = true> <Delay = 0.00>
ST_1 : Operation 57 [1/1] (0.00ns)   --->   "%specbitsmap_ln0 = specbitsmap void @_ssdm_op_SpecBitsMap, i32 %col_size"   --->   Operation 57 'specbitsmap' 'specbitsmap_ln0' <Predicate = true> <Delay = 0.00>
ST_1 : Operation 58 [1/1] (0.00ns)   --->   "%specinterface_ln0 = specinterface void @_ssdm_op_SpecInterface, i32 %col_size, void @empty_1, i32 0, i32 0, void @empty_0, i32 0, i32 0, void @empty_2, void @empty_12, void @empty_0, i32 0, i32 0, i32 0, i32 0, void @empty_0, void @empty_0"   --->   Operation 58 'specinterface' 'specinterface_ln0' <Predicate = true> <Delay = 0.00>
ST_1 : Operation 59 [1/1] (0.00ns)   --->   "%specinterface_ln0 = specinterface void @_ssdm_op_SpecInterface, i32 %col_size, void @empty_8, i32 0, i32 0, void @empty_0, i32 0, i32 0, void @empty_0, void @empty_0, void @empty_0, i32 0, i32 0, i32 0, i32 0, void @empty_0, void @empty_0"   --->   Operation 59 'specinterface' 'specinterface_ln0' <Predicate = true> <Delay = 0.00>
ST_1 : Operation 60 [1/1] (0.00ns)   --->   "%specinterface_ln0 = specinterface void @_ssdm_op_SpecInterface, i32 0, void @empty_1, i32 0, i32 0, void @empty_0, i32 0, i32 0, void @empty_2, void @empty_0, void @empty_0, i32 0, i32 0, i32 0, i32 0, void @empty_0, void @empty_0"   --->   Operation 60 'specinterface' 'specinterface_ln0' <Predicate = true> <Delay = 0.00>
ST_1 : Operation 61 [1/1] (2.55ns)   --->   "%sub = add i32 %row_size_read, i32 4294967295"   --->   Operation 61 'add' 'sub' <Predicate = true> <Delay = 2.55> <CoreInst = "Adder">   --->   Core 1 'Adder' <Latency = 0> <II = 1> <Delay = 2.07> <FuncUnit> <Opcode : 'add' 'sub'> <InPorts = 2> <OutPorts = 1>
ST_1 : Operation 62 [1/1] (1.58ns)   --->   "%store_ln32 = store i31 0, i31 %i" [../matVecMul.cpp:32]   --->   Operation 62 'store' 'store_ln32' <Predicate = true> <Delay = 1.58>
ST_1 : Operation 63 [1/1] (0.00ns)   --->   "%br_ln32 = br void" [../matVecMul.cpp:32]   --->   Operation 63 'br' 'br_ln32' <Predicate = true> <Delay = 0.00>

State 2 <SV = 1> <Delay = 7.26>
ST_2 : Operation 64 [1/1] (0.00ns)   --->   "%i_load = load i31 %i" [../matVecMul.cpp:32]   --->   Operation 64 'load' 'i_load' <Predicate = true> <Delay = 0.00>
ST_2 : Operation 65 [1/1] (0.00ns)   --->   "%zext_ln32 = zext i31 %i_load" [../matVecMul.cpp:32]   --->   Operation 65 'zext' 'zext_ln32' <Predicate = true> <Delay = 0.00>
ST_2 : Operation 66 [1/1] (2.47ns)   --->   "%icmp_ln32 = icmp_slt  i32 %zext_ln32, i32 %no_of_vectors_read" [../matVecMul.cpp:32]   --->   Operation 66 'icmp' 'icmp_ln32' <Predicate = true> <Delay = 2.47> <CoreInst = "Cmp">   --->   Core 9 'Cmp' <Latency = 0> <II = 1> <Delay = 2.47> <FuncUnit> <Opcode : 'icmp'> <InPorts = 2> <OutPorts = 1>
ST_2 : Operation 67 [1/1] (2.52ns)   --->   "%add_ln32 = add i31 %i_load, i31 1" [../matVecMul.cpp:32]   --->   Operation 67 'add' 'add_ln32' <Predicate = true> <Delay = 2.52> <CoreInst = "Adder">   --->   Core 1 'Adder' <Latency = 0> <II = 1> <Delay = 2.07> <FuncUnit> <Opcode : 'add' 'sub'> <InPorts = 2> <OutPorts = 1>
ST_2 : Operation 68 [1/1] (0.00ns)   --->   "%br_ln32 = br i1 %icmp_ln32, void %._crit_edge223.loopexit, void %.split9" [../matVecMul.cpp:32]   --->   Operation 68 'br' 'br_ln32' <Predicate = true> <Delay = 0.00>
ST_2 : Operation 69 [1/1] (0.00ns)   --->   "%empty = wait i32 @_ssdm_op_Wait"   --->   Operation 69 'wait' 'empty' <Predicate = (icmp_ln32)> <Delay = 0.00>
ST_2 : Operation 70 [2/2] (4.79ns)   --->   "%call_ln0 = call void @matVecMul_Pipeline_sample_loop, i32 %col_size_read, i32 %in_stream_V_data_V, i4 %in_stream_V_keep_V, i4 %in_stream_V_strb_V, i1 %in_stream_V_user_V, i1 %in_stream_V_last_V, i1 %in_stream_V_id_V, i1 %in_stream_V_dest_V, i16 %x_localbuff_V_0, i16 %x_localbuff_V_1, i16 %x_localbuff_V_2, i16 %x_localbuff_V_3"   --->   Operation 70 'call' 'call_ln0' <Predicate = (icmp_ln32)> <Delay = 4.79> <CoreType = "Generic">   --->   Core 0 '' <Latency = 0> <II = 1> <Delay = 1.00> <Generic> <Opcode : >
ST_2 : Operation 71 [1/1] (0.00ns)   --->   "%ret_ln74 = ret" [../matVecMul.cpp:74]   --->   Operation 71 'ret' 'ret_ln74' <Predicate = (!icmp_ln32)> <Delay = 0.00>

State 3 <SV = 2> <Delay = 0.00>
ST_3 : Operation 72 [1/2] (0.00ns)   --->   "%call_ln0 = call void @matVecMul_Pipeline_sample_loop, i32 %col_size_read, i32 %in_stream_V_data_V, i4 %in_stream_V_keep_V, i4 %in_stream_V_strb_V, i1 %in_stream_V_user_V, i1 %in_stream_V_last_V, i1 %in_stream_V_id_V, i1 %in_stream_V_dest_V, i16 %x_localbuff_V_0, i16 %x_localbuff_V_1, i16 %x_localbuff_V_2, i16 %x_localbuff_V_3"   --->   Operation 72 'call' 'call_ln0' <Predicate = true> <Delay = 0.00> <CoreType = "Generic">   --->   Core 0 '' <Latency = 0> <II = 1> <Delay = 1.00> <Generic> <Opcode : >

State 4 <SV = 3> <Delay = 1.58>
ST_4 : Operation 73 [1/1] (0.00ns)   --->   "%speclooptripcount_ln25 = speclooptripcount void @_ssdm_op_SpecLoopTripCount, i64 1, i64 2, i64 1" [../matVecMul.h:25]   --->   Operation 73 'speclooptripcount' 'speclooptripcount_ln25' <Predicate = true> <Delay = 0.00>
ST_4 : Operation 74 [1/1] (0.00ns)   --->   "%specloopname_ln25 = specloopname void @_ssdm_op_SpecLoopName, void @empty_17" [../matVecMul.h:25]   --->   Operation 74 'specloopname' 'specloopname_ln25' <Predicate = true> <Delay = 0.00>
ST_4 : Operation 75 [1/1] (0.00ns)   --->   "%empty_29 = wait i32 @_ssdm_op_Wait"   --->   Operation 75 'wait' 'empty_29' <Predicate = true> <Delay = 0.00>
ST_4 : Operation 76 [1/1] (1.58ns)   --->   "%br_ln44 = br void %._crit_edge.loopexit" [../matVecMul.cpp:44]   --->   Operation 76 'br' 'br_ln44' <Predicate = true> <Delay = 1.58>

State 5 <SV = 4> <Delay = 4.06>
ST_5 : Operation 77 [1/1] (0.00ns)   --->   "%k = phi i32 %add_ln44, void %.split7, i32 0, void %.split9" [../matVecMul.cpp:44]   --->   Operation 77 'phi' 'k' <Predicate = true> <Delay = 0.00>
ST_5 : Operation 78 [1/1] (2.47ns)   --->   "%icmp_ln44 = icmp_eq  i32 %k, i32 %row_size_read" [../matVecMul.cpp:44]   --->   Operation 78 'icmp' 'icmp_ln44' <Predicate = true> <Delay = 2.47> <CoreInst = "Cmp">   --->   Core 9 'Cmp' <Latency = 0> <II = 1> <Delay = 2.47> <FuncUnit> <Opcode : 'icmp'> <InPorts = 2> <OutPorts = 1>
ST_5 : Operation 79 [1/1] (2.55ns)   --->   "%add_ln44 = add i32 %k, i32 1" [../matVecMul.cpp:44]   --->   Operation 79 'add' 'add_ln44' <Predicate = true> <Delay = 2.55> <CoreInst = "Adder">   --->   Core 1 'Adder' <Latency = 0> <II = 1> <Delay = 2.07> <FuncUnit> <Opcode : 'add' 'sub'> <InPorts = 2> <OutPorts = 1>
ST_5 : Operation 80 [1/1] (0.00ns)   --->   "%br_ln44 = br i1 %icmp_ln44, void %.split7, void %._crit_edge218.loopexit" [../matVecMul.cpp:44]   --->   Operation 80 'br' 'br_ln44' <Predicate = true> <Delay = 0.00>
ST_5 : Operation 81 [1/1] (0.00ns)   --->   "%trunc_ln1169 = trunc i32 %k"   --->   Operation 81 'trunc' 'trunc_ln1169' <Predicate = (!icmp_ln44)> <Delay = 0.00>
ST_5 : Operation 82 [1/1] (0.00ns)   --->   "%shl_ln = bitconcatenate i11 @_ssdm_op_BitConcatenate.i11.i6.i5, i6 %trunc_ln1169, i5 0"   --->   Operation 82 'bitconcatenate' 'shl_ln' <Predicate = (!icmp_ln44)> <Delay = 0.00>
ST_5 : Operation 83 [2/2] (0.00ns)   --->   "%targetBlock = call i2 @matVecMul_Pipeline_matmul_inner_loop, i32 %col_size_read, i11 %shl_ln, i16 %A_0, i16 %A_1, i16 %A_2, i16 %A_3, i38 %acc_V_0_loc, i38 %select_ln340_2_loc, i38 %select_ln340_1_loc, i38 %select_ln340_loc, i16 %x_localbuff_V_3, i16 %x_localbuff_V_2, i16 %x_localbuff_V_1, i16 %x_localbuff_V_0"   --->   Operation 83 'call' 'targetBlock' <Predicate = (!icmp_ln44)> <Delay = 0.00> <CoreType = "Generic">   --->   Core 0 '' <Latency = 0> <II = 1> <Delay = 1.00> <Generic> <Opcode : >
ST_5 : Operation 84 [1/1] (2.47ns)   --->   "%out_pkt_last_V = icmp_eq  i32 %k, i32 %sub" [../matVecMul.cpp:67]   --->   Operation 84 'icmp' 'out_pkt_last_V' <Predicate = (!icmp_ln44)> <Delay = 2.47> <CoreInst = "Cmp">   --->   Core 9 'Cmp' <Latency = 0> <II = 1> <Delay = 2.47> <FuncUnit> <Opcode : 'icmp'> <InPorts = 2> <OutPorts = 1>
ST_5 : Operation 85 [1/1] (1.58ns)   --->   "%store_ln32 = store i31 %add_ln32, i31 %i" [../matVecMul.cpp:32]   --->   Operation 85 'store' 'store_ln32' <Predicate = (icmp_ln44)> <Delay = 1.58>
ST_5 : Operation 86 [1/1] (0.00ns)   --->   "%br_ln0 = br void"   --->   Operation 86 'br' 'br_ln0' <Predicate = (icmp_ln44)> <Delay = 0.00>

State 6 <SV = 5> <Delay = 1.82>
ST_6 : Operation 87 [1/2] (1.82ns)   --->   "%targetBlock = call i2 @matVecMul_Pipeline_matmul_inner_loop, i32 %col_size_read, i11 %shl_ln, i16 %A_0, i16 %A_1, i16 %A_2, i16 %A_3, i38 %acc_V_0_loc, i38 %select_ln340_2_loc, i38 %select_ln340_1_loc, i38 %select_ln340_loc, i16 %x_localbuff_V_3, i16 %x_localbuff_V_2, i16 %x_localbuff_V_1, i16 %x_localbuff_V_0"   --->   Operation 87 'call' 'targetBlock' <Predicate = true> <Delay = 1.82> <CoreType = "Generic">   --->   Core 0 '' <Latency = 0> <II = 1> <Delay = 1.00> <Generic> <Opcode : >

State 7 <SV = 6> <Delay = 6.85>
ST_7 : Operation 88 [1/1] (0.00ns)   --->   "%acc_V_0_loc_load = load i38 %acc_V_0_loc"   --->   Operation 88 'load' 'acc_V_0_loc_load' <Predicate = true> <Delay = 0.00>
ST_7 : Operation 89 [1/1] (0.00ns)   --->   "%select_ln340_2_loc_load = load i38 %select_ln340_2_loc"   --->   Operation 89 'load' 'select_ln340_2_loc_load' <Predicate = true> <Delay = 0.00>
ST_7 : Operation 90 [1/1] (0.00ns)   --->   "%select_ln340_1_loc_load = load i38 %select_ln340_1_loc"   --->   Operation 90 'load' 'select_ln340_1_loc_load' <Predicate = true> <Delay = 0.00>
ST_7 : Operation 91 [1/1] (0.00ns)   --->   "%select_ln340_loc_load = load i38 %select_ln340_loc"   --->   Operation 91 'load' 'select_ln340_loc_load' <Predicate = true> <Delay = 0.00>
ST_7 : Operation 92 [1/1] (1.82ns)   --->   "%acc_V_lcssa = mux i38 @_ssdm_op_Mux.ap_auto.4i38.i2, i38 %acc_V_0_loc_load, i38 %select_ln340_2_loc_load, i38 %select_ln340_1_loc_load, i38 %select_ln340_loc_load, i2 %targetBlock"   --->   Operation 92 'mux' 'acc_V_lcssa' <Predicate = true> <Delay = 1.82> <CoreInst = "Multiplexer">   --->   Core 76 'Multiplexer' <Latency = 0> <II = 1> <Delay = 1.82> <FuncUnit> <Opcode : 'mux'> <InPorts = 2> <OutPorts = 1>
ST_7 : Operation 93 [1/1] (0.00ns)   --->   "%p_Result_s = bitselect i1 @_ssdm_op_BitSelect.i1.i38.i32, i38 %acc_V_lcssa, i32 37"   --->   Operation 93 'bitselect' 'p_Result_s' <Predicate = true> <Delay = 0.00>
ST_7 : Operation 94 [1/1] (0.00ns)   --->   "%p_Val2_s = partselect i16 @_ssdm_op_PartSelect.i16.i38.i32.i32, i38 %acc_V_lcssa, i32 8, i32 23"   --->   Operation 94 'partselect' 'p_Val2_s' <Predicate = true> <Delay = 0.00>
ST_7 : Operation 95 [1/1] (0.00ns) (grouped into LUT with out node carry_1)   --->   "%p_Result_1 = bitselect i1 @_ssdm_op_BitSelect.i1.i38.i32, i38 %acc_V_lcssa, i32 23"   --->   Operation 95 'bitselect' 'p_Result_1' <Predicate = true> <Delay = 0.00>
ST_7 : Operation 96 [1/1] (0.00ns)   --->   "%tmp = bitselect i1 @_ssdm_op_BitSelect.i1.i38.i32, i38 %acc_V_lcssa, i32 7"   --->   Operation 96 'bitselect' 'tmp' <Predicate = true> <Delay = 0.00>
ST_7 : Operation 97 [1/1] (0.00ns)   --->   "%zext_ln415 = zext i1 %tmp"   --->   Operation 97 'zext' 'zext_ln415' <Predicate = true> <Delay = 0.00>
ST_7 : Operation 98 [1/1] (2.07ns)   --->   "%p_Val2_1 = add i16 %zext_ln415, i16 %p_Val2_s"   --->   Operation 98 'add' 'p_Val2_1' <Predicate = true> <Delay = 2.07> <CoreInst = "Adder">   --->   Core 1 'Adder' <Latency = 0> <II = 1> <Delay = 2.07> <FuncUnit> <Opcode : 'add' 'sub'> <InPorts = 2> <OutPorts = 1>
ST_7 : Operation 99 [1/1] (0.00ns)   --->   "%p_Result_2 = bitselect i1 @_ssdm_op_BitSelect.i1.i16.i32, i16 %p_Val2_1, i32 15"   --->   Operation 99 'bitselect' 'p_Result_2' <Predicate = true> <Delay = 0.00>
ST_7 : Operation 100 [1/1] (0.00ns) (grouped into LUT with out node carry_1)   --->   "%xor_ln416 = xor i1 %p_Result_2, i1 1"   --->   Operation 100 'xor' 'xor_ln416' <Predicate = true> <Delay = 0.00> <CoreInst = "LogicGate">   --->   Core 74 'LogicGate' <Latency = 0> <II = 1> <Delay = 0.97> <FuncUnit> <Opcode : 'and' 'or' 'xor'> <InPorts = 2> <OutPorts = 1>
ST_7 : Operation 101 [1/1] (0.97ns) (out node of the LUT)   --->   "%carry_1 = and i1 %p_Result_1, i1 %xor_ln416"   --->   Operation 101 'and' 'carry_1' <Predicate = true> <Delay = 0.97> <CoreInst = "LogicGate">   --->   Core 74 'LogicGate' <Latency = 0> <II = 1> <Delay = 0.97> <FuncUnit> <Opcode : 'and' 'or' 'xor'> <InPorts = 2> <OutPorts = 1>
ST_7 : Operation 102 [1/1] (0.00ns)   --->   "%p_Result_7 = partselect i13 @_ssdm_op_PartSelect.i13.i38.i32.i32, i38 %acc_V_lcssa, i32 25, i32 37"   --->   Operation 102 'partselect' 'p_Result_7' <Predicate = true> <Delay = 0.00>
ST_7 : Operation 103 [1/1] (2.09ns)   --->   "%Range2_all_ones = icmp_eq  i13 %p_Result_7, i13 8191"   --->   Operation 103 'icmp' 'Range2_all_ones' <Predicate = true> <Delay = 2.09> <CoreInst = "Cmp">   --->   Core 9 'Cmp' <Latency = 0> <II = 1> <Delay = 2.47> <FuncUnit> <Opcode : 'icmp'> <InPorts = 2> <OutPorts = 1>
ST_7 : Operation 104 [1/1] (0.00ns)   --->   "%p_Result_8 = partselect i14 @_ssdm_op_PartSelect.i14.i38.i32.i32, i38 %acc_V_lcssa, i32 24, i32 37"   --->   Operation 104 'partselect' 'p_Result_8' <Predicate = true> <Delay = 0.00>
ST_7 : Operation 105 [1/1] (2.20ns)   --->   "%Range1_all_ones = icmp_eq  i14 %p_Result_8, i14 16383"   --->   Operation 105 'icmp' 'Range1_all_ones' <Predicate = true> <Delay = 2.20> <CoreInst = "Cmp">   --->   Core 9 'Cmp' <Latency = 0> <II = 1> <Delay = 2.47> <FuncUnit> <Opcode : 'icmp'> <InPorts = 2> <OutPorts = 1>
ST_7 : Operation 106 [1/1] (2.20ns)   --->   "%Range1_all_zeros = icmp_eq  i14 %p_Result_8, i14 0"   --->   Operation 106 'icmp' 'Range1_all_zeros' <Predicate = true> <Delay = 2.20> <CoreInst = "Cmp">   --->   Core 9 'Cmp' <Latency = 0> <II = 1> <Delay = 2.47> <FuncUnit> <Opcode : 'icmp'> <InPorts = 2> <OutPorts = 1>
ST_7 : Operation 107 [1/1] (0.00ns) (grouped into LUT with out node overflow)   --->   "%deleted_zeros = select i1 %carry_1, i1 %Range1_all_ones, i1 %Range1_all_zeros"   --->   Operation 107 'select' 'deleted_zeros' <Predicate = true> <Delay = 0.00> <CoreInst = "Sel">   --->   Core 73 'Sel' <Latency = 0> <II = 1> <Delay = 0.80> <FuncUnit> <Opcode : 'select'> <InPorts = 3> <OutPorts = 1>
ST_7 : Operation 108 [1/1] (0.00ns) (grouped into LUT with out node and_ln795)   --->   "%tmp_10 = bitselect i1 @_ssdm_op_BitSelect.i1.i38.i32, i38 %acc_V_lcssa, i32 24"   --->   Operation 108 'bitselect' 'tmp_10' <Predicate = true> <Delay = 0.00>
ST_7 : Operation 109 [1/1] (0.00ns) (grouped into LUT with out node and_ln795)   --->   "%xor_ln789 = xor i1 %tmp_10, i1 1"   --->   Operation 109 'xor' 'xor_ln789' <Predicate = true> <Delay = 0.00> <CoreInst = "LogicGate">   --->   Core 74 'LogicGate' <Latency = 0> <II = 1> <Delay = 0.97> <FuncUnit> <Opcode : 'and' 'or' 'xor'> <InPorts = 2> <OutPorts = 1>
ST_7 : Operation 110 [1/1] (0.00ns) (grouped into LUT with out node and_ln795)   --->   "%and_ln789 = and i1 %Range2_all_ones, i1 %xor_ln789"   --->   Operation 110 'and' 'and_ln789' <Predicate = true> <Delay = 0.00> <CoreInst = "LogicGate">   --->   Core 74 'LogicGate' <Latency = 0> <II = 1> <Delay = 0.97> <FuncUnit> <Opcode : 'and' 'or' 'xor'> <InPorts = 2> <OutPorts = 1>
ST_7 : Operation 111 [1/1] (0.00ns) (grouped into LUT with out node and_ln795)   --->   "%deleted_ones = select i1 %carry_1, i1 %and_ln789, i1 %Range1_all_ones"   --->   Operation 111 'select' 'deleted_ones' <Predicate = true> <Delay = 0.00> <CoreInst = "Sel">   --->   Core 73 'Sel' <Latency = 0> <II = 1> <Delay = 0.80> <FuncUnit> <Opcode : 'select'> <InPorts = 3> <OutPorts = 1>
ST_7 : Operation 112 [1/1] (0.00ns) (grouped into LUT with out node or_ln384)   --->   "%and_ln790 = and i1 %carry_1, i1 %Range1_all_ones"   --->   Operation 112 'and' 'and_ln790' <Predicate = true> <Delay = 0.00> <CoreInst = "LogicGate">   --->   Core 74 'LogicGate' <Latency = 0> <II = 1> <Delay = 0.97> <FuncUnit> <Opcode : 'and' 'or' 'xor'> <InPorts = 2> <OutPorts = 1>
ST_7 : Operation 113 [1/1] (0.00ns) (grouped into LUT with out node overflow)   --->   "%xor_ln794 = xor i1 %deleted_zeros, i1 1"   --->   Operation 113 'xor' 'xor_ln794' <Predicate = true> <Delay = 0.00> <CoreInst = "LogicGate">   --->   Core 74 'LogicGate' <Latency = 0> <II = 1> <Delay = 0.97> <FuncUnit> <Opcode : 'and' 'or' 'xor'> <InPorts = 2> <OutPorts = 1>
ST_7 : Operation 114 [1/1] (0.00ns) (grouped into LUT with out node overflow)   --->   "%or_ln794 = or i1 %p_Result_2, i1 %xor_ln794"   --->   Operation 114 'or' 'or_ln794' <Predicate = true> <Delay = 0.00> <CoreInst = "LogicGate">   --->   Core 74 'LogicGate' <Latency = 0> <II = 1> <Delay = 0.97> <FuncUnit> <Opcode : 'and' 'or' 'xor'> <InPorts = 2> <OutPorts = 1>
ST_7 : Operation 115 [1/1] (0.00ns) (grouped into LUT with out node overflow)   --->   "%xor_ln794_1 = xor i1 %p_Result_s, i1 1"   --->   Operation 115 'xor' 'xor_ln794_1' <Predicate = true> <Delay = 0.00> <CoreInst = "LogicGate">   --->   Core 74 'LogicGate' <Latency = 0> <II = 1> <Delay = 0.97> <FuncUnit> <Opcode : 'and' 'or' 'xor'> <InPorts = 2> <OutPorts = 1>
ST_7 : Operation 116 [1/1] (0.99ns) (out node of the LUT)   --->   "%overflow = and i1 %or_ln794, i1 %xor_ln794_1"   --->   Operation 116 'and' 'overflow' <Predicate = true> <Delay = 0.99> <CoreInst = "LogicGate">   --->   Core 74 'LogicGate' <Latency = 0> <II = 1> <Delay = 0.97> <FuncUnit> <Opcode : 'and' 'or' 'xor'> <InPorts = 2> <OutPorts = 1>
ST_7 : Operation 117 [1/1] (0.99ns) (out node of the LUT)   --->   "%and_ln795 = and i1 %p_Result_2, i1 %deleted_ones"   --->   Operation 117 'and' 'and_ln795' <Predicate = true> <Delay = 0.99> <CoreInst = "LogicGate">   --->   Core 74 'LogicGate' <Latency = 0> <II = 1> <Delay = 0.97> <FuncUnit> <Opcode : 'and' 'or' 'xor'> <InPorts = 2> <OutPorts = 1>
ST_7 : Operation 118 [1/1] (0.00ns) (grouped into LUT with out node or_ln384)   --->   "%or_ln795 = or i1 %and_ln790, i1 %and_ln795"   --->   Operation 118 'or' 'or_ln795' <Predicate = true> <Delay = 0.00> <CoreInst = "LogicGate">   --->   Core 74 'LogicGate' <Latency = 0> <II = 1> <Delay = 0.97> <FuncUnit> <Opcode : 'and' 'or' 'xor'> <InPorts = 2> <OutPorts = 1>
ST_7 : Operation 119 [1/1] (0.00ns) (grouped into LUT with out node or_ln384)   --->   "%xor_ln795 = xor i1 %or_ln795, i1 1"   --->   Operation 119 'xor' 'xor_ln795' <Predicate = true> <Delay = 0.00> <CoreInst = "LogicGate">   --->   Core 74 'LogicGate' <Latency = 0> <II = 1> <Delay = 0.97> <FuncUnit> <Opcode : 'and' 'or' 'xor'> <InPorts = 2> <OutPorts = 1>
ST_7 : Operation 120 [1/1] (0.00ns) (grouped into LUT with out node or_ln384)   --->   "%underflow = and i1 %p_Result_s, i1 %xor_ln795"   --->   Operation 120 'and' 'underflow' <Predicate = true> <Delay = 0.00> <CoreInst = "LogicGate">   --->   Core 74 'LogicGate' <Latency = 0> <II = 1> <Delay = 0.97> <FuncUnit> <Opcode : 'and' 'or' 'xor'> <InPorts = 2> <OutPorts = 1>
ST_7 : Operation 121 [1/1] (0.97ns) (out node of the LUT)   --->   "%or_ln384 = or i1 %overflow, i1 %underflow"   --->   Operation 121 'or' 'or_ln384' <Predicate = true> <Delay = 0.97> <CoreInst = "LogicGate">   --->   Core 74 'LogicGate' <Latency = 0> <II = 1> <Delay = 0.97> <FuncUnit> <Opcode : 'and' 'or' 'xor'> <InPorts = 2> <OutPorts = 1>

State 8 <SV = 7> <Delay = 0.80>
ST_8 : Operation 122 [1/1] (0.00ns) (grouped into LUT with out node val_V)   --->   "%select_ln384 = select i1 %overflow, i16 32767, i16 32768"   --->   Operation 122 'select' 'select_ln384' <Predicate = (or_ln384)> <Delay = 0.00> <CoreInst = "Sel">   --->   Core 73 'Sel' <Latency = 0> <II = 1> <Delay = 0.80> <FuncUnit> <Opcode : 'select'> <InPorts = 3> <OutPorts = 1>
ST_8 : Operation 123 [1/1] (0.80ns) (out node of the LUT)   --->   "%val_V = select i1 %or_ln384, i16 %select_ln384, i16 %p_Val2_1"   --->   Operation 123 'select' 'val_V' <Predicate = true> <Delay = 0.80> <CoreInst = "Sel">   --->   Core 73 'Sel' <Latency = 0> <II = 1> <Delay = 0.80> <FuncUnit> <Opcode : 'select'> <InPorts = 3> <OutPorts = 1>
ST_8 : Operation 124 [1/1] (0.00ns)   --->   "%zext_ln414 = zext i16 %val_V"   --->   Operation 124 'zext' 'zext_ln414' <Predicate = true> <Delay = 0.00>
ST_8 : Operation 125 [2/2] (0.00ns)   --->   "%write_ln304 = write void @_ssdm_op_Write.axis.volatile.i32P0A.i4P0A.i4P0A.i1P0A.i1P0A.i1P0A.i1P0A, i32 %out_stream_V_data_V, i4 %out_stream_V_keep_V, i4 %out_stream_V_strb_V, i1 %out_stream_V_user_V, i1 %out_stream_V_last_V, i1 %out_stream_V_id_V, i1 %out_stream_V_dest_V, i32 %zext_ln414, i4 15, i4 15, i1 0, i1 %out_pkt_last_V, i1 0, i1 0"   --->   Operation 125 'write' 'write_ln304' <Predicate = true> <Delay = 0.00> <CoreInst = "axis">   --->   Core 115 'axis' <Latency = 0> <II = 1> <Delay = 1.00> <Adapter> <Opcode : >

State 9 <SV = 8> <Delay = 0.00>
ST_9 : Operation 126 [1/1] (0.00ns)   --->   "%speclooptripcount_ln44 = speclooptripcount void @_ssdm_op_SpecLoopTripCount, i64 64, i64 64, i64 64" [../matVecMul.cpp:44]   --->   Operation 126 'speclooptripcount' 'speclooptripcount_ln44' <Predicate = true> <Delay = 0.00>
ST_9 : Operation 127 [1/1] (0.00ns)   --->   "%specloopname_ln44 = specloopname void @_ssdm_op_SpecLoopName, void @empty_16" [../matVecMul.cpp:44]   --->   Operation 127 'specloopname' 'specloopname_ln44' <Predicate = true> <Delay = 0.00>
ST_9 : Operation 128 [1/2] (0.00ns)   --->   "%write_ln304 = write void @_ssdm_op_Write.axis.volatile.i32P0A.i4P0A.i4P0A.i1P0A.i1P0A.i1P0A.i1P0A, i32 %out_stream_V_data_V, i4 %out_stream_V_keep_V, i4 %out_stream_V_strb_V, i1 %out_stream_V_user_V, i1 %out_stream_V_last_V, i1 %out_stream_V_id_V, i1 %out_stream_V_dest_V, i32 %zext_ln414, i4 15, i4 15, i1 0, i1 %out_pkt_last_V, i1 0, i1 0"   --->   Operation 128 'write' 'write_ln304' <Predicate = true> <Delay = 0.00> <CoreInst = "axis">   --->   Core 115 'axis' <Latency = 0> <II = 1> <Delay = 1.00> <Adapter> <Opcode : >
ST_9 : Operation 129 [1/1] (0.00ns)   --->   "%br_ln0 = br void %._crit_edge.loopexit"   --->   Operation 129 'br' 'br_ln0' <Predicate = true> <Delay = 0.00>


============================================================
+ Verbose Summary: Timing violations
============================================================
Target clock period: 10ns, clock uncertainty: 2.7ns.

 <State 1>: 3.55ns
The critical path consists of the following:
	s_axi read operation ('row_size_read') on port 'row_size' [28]  (1 ns)
	'add' operation ('sub') [77]  (2.55 ns)

 <State 2>: 7.27ns
The critical path consists of the following:
	'call' operation ('call_ln0') to 'matVecMul_Pipeline_sample_loop' [90]  (4.79 ns)
	blocking operation 2.47 ns on control path)

 <State 3>: 0ns
The critical path consists of the following:

 <State 4>: 1.59ns
The critical path consists of the following:
	multiplexor before 'phi' operation ('k', ../matVecMul.cpp:44) with incoming values : ('add_ln44', ../matVecMul.cpp:44) [94]  (1.59 ns)

 <State 5>: 4.06ns
The critical path consists of the following:
	'phi' operation ('k', ../matVecMul.cpp:44) with incoming values : ('add_ln44', ../matVecMul.cpp:44) [94]  (0 ns)
	'add' operation ('add_ln44', ../matVecMul.cpp:44) [96]  (2.55 ns)
	blocking operation 1.51 ns on control path)

 <State 6>: 1.83ns
The critical path consists of the following:
	'call' operation ('targetBlock') to 'matVecMul_Pipeline_matmul_inner_loop' [103]  (1.83 ns)

 <State 7>: 6.85ns
The critical path consists of the following:
	'load' operation ('acc_V_0_loc_load') on local variable 'acc_V_0_loc' [104]  (0 ns)
	'mux' operation ('acc_V_lcssa') [108]  (1.83 ns)
	'add' operation ('__Val2__') [114]  (2.08 ns)
	'xor' operation ('xor_ln416') [116]  (0 ns)
	'and' operation ('carry') [117]  (0.978 ns)
	'select' operation ('deleted_zeros') [123]  (0 ns)
	'xor' operation ('xor_ln794') [129]  (0 ns)
	'or' operation ('or_ln794') [130]  (0 ns)
	'and' operation ('overflow') [132]  (0.993 ns)
	'or' operation ('or_ln384') [138]  (0.978 ns)

 <State 8>: 0.805ns
The critical path consists of the following:
	'select' operation ('select_ln384') [137]  (0 ns)
	'select' operation ('val.V') [139]  (0.805 ns)

 <State 9>: 0ns
The critical path consists of the following:


============================================================
+ Verbose Summary: Binding
============================================================
N/A
* FSMD analyzer results:
  - Output states:
 - Input state : 
  - Chain level:
	State 1
	State 2
	State 3
	State 4
	State 5
	State 6
	State 7
	State 8
	State 9


============================================================
+ Verbose Summary: Datapath Resource usage 
============================================================
N/A
