

================================================================
== Vitis HLS Report for 'matVecMul_Pipeline_sample_loop'
================================================================
* Date:           Fri Jan  1 00:00:13 2021

* Version:        2021.1 (Build 3247384 on Thu Jun 10 19:36:07 MDT 2021)
* Project:        matVecMul_stream_prj
* Solution:       solution_chocolate (Vivado IP Flow Target)
* Product family: zynq
* Target device:  xc7z020-clg400-1


================================================================
== Performance Estimates
================================================================
+ Timing: 
    * Summary: 
    +--------+----------+----------+------------+
    |  Clock |  Target  | Estimated| Uncertainty|
    +--------+----------+----------+------------+
    |ap_clk  |  10.00 ns|  4.795 ns|     2.70 ns|
    +--------+----------+----------+------------+

+ Latency: 
    * Summary: 
    +---------+---------+----------+----------+-----+-----+---------+
    |  Latency (cycles) |  Latency (absolute) |  Interval | Pipeline|
    |   min   |   max   |    min   |    max   | min | max |   Type  |
    +---------+---------+----------+----------+-----+-----+---------+
    |       66|       66|  0.660 us|  0.660 us|   66|   66|       no|
    +---------+---------+----------+----------+-----+-----+---------+

    + Detail: 
        * Instance: 
        N/A

        * Loop: 
        +---------------+---------+---------+----------+-----------+-----------+------+----------+
        |               |  Latency (cycles) | Iteration|  Initiation Interval  | Trip |          |
        |   Loop Name   |   min   |   max   |  Latency |  achieved |   target  | Count| Pipelined|
        +---------------+---------+---------+----------+-----------+-----------+------+----------+
        |- sample_loop  |       64|       64|         1|          1|          1|    64|       yes|
        +---------------+---------+---------+----------+-----------+-----------+------+----------+

============================================================
+ Verbose Summary: Synthesis Manager
============================================================
InlineROM: 1
ExposeGlobal: 0
============================================================
+ Verbose Summary: CDFG Model
============================================================
IsTopModel: 0
ResetActiveHigh: 1
IsCombinational: 0
IsDatapathOnly: 0
HasWiredReturn: 1
HasMFsm: 2
HasVarLatency: 1
IsPipeline: 0
IsRtlPipelined: 0
IsInstanceOverlapped: 0
IsDontTouch: 0
HasImplIP: 0
IsGatedGlobalClock: 0

+ Individual pipeline summary: 
  * Pipeline-0: initiation interval (II) = 1, depth = 1


============================================================
+ Verbose Summary: Schedule
============================================================
* Number of FSM states : 1
* Pipeline : 1
  Pipeline-0 : II = 1, D = 1, States = { 1 }
* Dataflow Pipeline: 0

* FSM state transitions: 
1 --> 

* FSM state operations: 

State 1 <SV = 0> <Delay = 4.79>
ST_1 : Operation 4 [1/1] (0.00ns)   --->   "%j = alloca i32 1"   --->   Operation 4 'alloca' 'j' <Predicate = true> <Delay = 0.00>
ST_1 : Operation 5 [1/1] (0.00ns)   --->   "%specinterface_ln0 = specinterface void @_ssdm_op_SpecInterface, i1 %in_stream_V_dest_V, i1 %in_stream_V_id_V, i1 %in_stream_V_last_V, i1 %in_stream_V_user_V, i4 %in_stream_V_strb_V, i4 %in_stream_V_keep_V, i32 %in_stream_V_data_V, void @empty, i32 0, i32 0, void @empty_6, i32 0, i32 0, void @empty_0, void @empty_0, void @empty_0, i32 0, i32 0, i32 0, i32 0, void @empty_0, void @empty_0"   --->   Operation 5 'specinterface' 'specinterface_ln0' <Predicate = true> <Delay = 0.00>
ST_1 : Operation 6 [1/1] (0.00ns)   --->   "%col_size_read = read i32 @_ssdm_op_Read.ap_auto.i32, i32 %col_size"   --->   Operation 6 'read' 'col_size_read' <Predicate = true> <Delay = 0.00>
ST_1 : Operation 7 [1/1] (1.58ns)   --->   "%store_ln0 = store i32 0, i32 %j"   --->   Operation 7 'store' 'store_ln0' <Predicate = true> <Delay = 1.58>
ST_1 : Operation 8 [1/1] (0.00ns)   --->   "%br_ln0 = br void"   --->   Operation 8 'br' 'br_ln0' <Predicate = true> <Delay = 0.00>
ST_1 : Operation 9 [1/1] (0.00ns)   --->   "%j_1 = load i32 %j" [../matVecMul.cpp:40]   --->   Operation 9 'load' 'j_1' <Predicate = true> <Delay = 0.00>
ST_1 : Operation 10 [1/1] (2.47ns)   --->   "%icmp_ln35 = icmp_eq  i32 %j_1, i32 %col_size_read" [../matVecMul.cpp:35]   --->   Operation 10 'icmp' 'icmp_ln35' <Predicate = true> <Delay = 2.47> <CoreInst = "Cmp">   --->   Core 9 'Cmp' <Latency = 0> <II = 1> <Delay = 2.47> <FuncUnit> <Opcode : 'icmp'> <InPorts = 2> <OutPorts = 1>
ST_1 : Operation 11 [1/1] (2.55ns)   --->   "%add_ln35 = add i32 %j_1, i32 1" [../matVecMul.cpp:35]   --->   Operation 11 'add' 'add_ln35' <Predicate = true> <Delay = 2.55> <CoreInst = "Adder">   --->   Core 1 'Adder' <Latency = 0> <II = 1> <Delay = 2.55> <FuncUnit> <Opcode : 'add' 'sub'> <InPorts = 2> <OutPorts = 1>
ST_1 : Operation 12 [1/1] (0.00ns)   --->   "%br_ln35 = br i1 %icmp_ln35, void %.split, void %._crit_edge.loopexit.preheader.exitStub" [../matVecMul.cpp:35]   --->   Operation 12 'br' 'br_ln35' <Predicate = true> <Delay = 0.00>
ST_1 : Operation 13 [1/1] (0.00ns)   --->   "%specpipeline_ln25 = specpipeline void @_ssdm_op_SpecPipeline, i32 1, i32 0, i32 0, i32 0, void @empty_0" [../matVecMul.h:25]   --->   Operation 13 'specpipeline' 'specpipeline_ln25' <Predicate = (!icmp_ln35)> <Delay = 0.00>
ST_1 : Operation 14 [1/1] (0.00ns)   --->   "%speclooptripcount_ln25 = speclooptripcount void @_ssdm_op_SpecLoopTripCount, i64 64, i64 64, i64 64" [../matVecMul.h:25]   --->   Operation 14 'speclooptripcount' 'speclooptripcount_ln25' <Predicate = (!icmp_ln35)> <Delay = 0.00>
ST_1 : Operation 15 [1/1] (0.00ns)   --->   "%specloopname_ln25 = specloopname void @_ssdm_op_SpecLoopName, void @empty_14" [../matVecMul.h:25]   --->   Operation 15 'specloopname' 'specloopname_ln25' <Predicate = (!icmp_ln35)> <Delay = 0.00>
ST_1 : Operation 16 [1/1] (0.00ns)   --->   "%empty = read i44 @_ssdm_op_Read.axis.volatile.i32P0A.i4P0A.i4P0A.i1P0A.i1P0A.i1P0A.i1P0A, i32 %in_stream_V_data_V, i4 %in_stream_V_keep_V, i4 %in_stream_V_strb_V, i1 %in_stream_V_user_V, i1 %in_stream_V_last_V, i1 %in_stream_V_id_V, i1 %in_stream_V_dest_V"   --->   Operation 16 'read' 'empty' <Predicate = (!icmp_ln35)> <Delay = 0.00> <CoreInst = "axis">   --->   Core 115 'axis' <Latency = 0> <II = 1> <Delay = 1.00> <Adapter> <Opcode : >
ST_1 : Operation 17 [1/1] (0.00ns)   --->   "%in_pkt = extractvalue i44 %empty"   --->   Operation 17 'extractvalue' 'in_pkt' <Predicate = (!icmp_ln35)> <Delay = 0.00>
ST_1 : Operation 18 [1/1] (0.00ns)   --->   "%p_Result_s = trunc i32 %in_pkt"   --->   Operation 18 'trunc' 'p_Result_s' <Predicate = (!icmp_ln35)> <Delay = 0.00>
ST_1 : Operation 19 [1/1] (0.00ns)   --->   "%trunc_ln40 = trunc i32 %j_1" [../matVecMul.cpp:40]   --->   Operation 19 'trunc' 'trunc_ln40' <Predicate = (!icmp_ln35)> <Delay = 0.00>
ST_1 : Operation 20 [1/1] (0.00ns)   --->   "%lshr_ln = partselect i4 @_ssdm_op_PartSelect.i4.i32.i32.i32, i32 %j_1, i32 2, i32 5" [../matVecMul.cpp:40]   --->   Operation 20 'partselect' 'lshr_ln' <Predicate = (!icmp_ln35)> <Delay = 0.00>
ST_1 : Operation 21 [1/1] (0.00ns)   --->   "%zext_ln40 = zext i4 %lshr_ln" [../matVecMul.cpp:40]   --->   Operation 21 'zext' 'zext_ln40' <Predicate = (!icmp_ln35)> <Delay = 0.00>
ST_1 : Operation 22 [1/1] (0.00ns)   --->   "%x_localbuff_V_0_addr = getelementptr i16 %x_localbuff_V_0, i64 0, i64 %zext_ln40" [../matVecMul.cpp:40]   --->   Operation 22 'getelementptr' 'x_localbuff_V_0_addr' <Predicate = (!icmp_ln35)> <Delay = 0.00>
ST_1 : Operation 23 [1/1] (0.00ns)   --->   "%x_localbuff_V_1_addr = getelementptr i16 %x_localbuff_V_1, i64 0, i64 %zext_ln40" [../matVecMul.cpp:40]   --->   Operation 23 'getelementptr' 'x_localbuff_V_1_addr' <Predicate = (!icmp_ln35)> <Delay = 0.00>
ST_1 : Operation 24 [1/1] (0.00ns)   --->   "%x_localbuff_V_2_addr = getelementptr i16 %x_localbuff_V_2, i64 0, i64 %zext_ln40" [../matVecMul.cpp:40]   --->   Operation 24 'getelementptr' 'x_localbuff_V_2_addr' <Predicate = (!icmp_ln35)> <Delay = 0.00>
ST_1 : Operation 25 [1/1] (0.00ns)   --->   "%x_localbuff_V_3_addr = getelementptr i16 %x_localbuff_V_3, i64 0, i64 %zext_ln40" [../matVecMul.cpp:40]   --->   Operation 25 'getelementptr' 'x_localbuff_V_3_addr' <Predicate = (!icmp_ln35)> <Delay = 0.00>
ST_1 : Operation 26 [1/1] (1.30ns)   --->   "%switch_ln40 = switch i2 %trunc_ln40, void %branch3, i2 0, void %branch0, i2 1, void %branch1, i2 2, void %branch2" [../matVecMul.cpp:40]   --->   Operation 26 'switch' 'switch_ln40' <Predicate = (!icmp_ln35)> <Delay = 1.30>
ST_1 : Operation 27 [1/1] (2.32ns)   --->   "%store_ln40 = store i16 %p_Result_s, i4 %x_localbuff_V_2_addr" [../matVecMul.cpp:40]   --->   Operation 27 'store' 'store_ln40' <Predicate = (!icmp_ln35 & trunc_ln40 == 2)> <Delay = 2.32> <CoreInst = "RAM">   --->   Core 82 'RAM' <Latency = 1> <II = 1> <Delay = 2.32> <Storage> <Opcode : 'load' 'store'> <Ports = 2> <Width = 16> <Depth = 16> <RAM>
ST_1 : Operation 28 [1/1] (0.00ns)   --->   "%br_ln40 = br void %.split46" [../matVecMul.cpp:40]   --->   Operation 28 'br' 'br_ln40' <Predicate = (!icmp_ln35 & trunc_ln40 == 2)> <Delay = 0.00>
ST_1 : Operation 29 [1/1] (2.32ns)   --->   "%store_ln40 = store i16 %p_Result_s, i4 %x_localbuff_V_1_addr" [../matVecMul.cpp:40]   --->   Operation 29 'store' 'store_ln40' <Predicate = (!icmp_ln35 & trunc_ln40 == 1)> <Delay = 2.32> <CoreInst = "RAM">   --->   Core 82 'RAM' <Latency = 1> <II = 1> <Delay = 2.32> <Storage> <Opcode : 'load' 'store'> <Ports = 2> <Width = 16> <Depth = 16> <RAM>
ST_1 : Operation 30 [1/1] (0.00ns)   --->   "%br_ln40 = br void %.split46" [../matVecMul.cpp:40]   --->   Operation 30 'br' 'br_ln40' <Predicate = (!icmp_ln35 & trunc_ln40 == 1)> <Delay = 0.00>
ST_1 : Operation 31 [1/1] (2.32ns)   --->   "%store_ln40 = store i16 %p_Result_s, i4 %x_localbuff_V_0_addr" [../matVecMul.cpp:40]   --->   Operation 31 'store' 'store_ln40' <Predicate = (!icmp_ln35 & trunc_ln40 == 0)> <Delay = 2.32> <CoreInst = "RAM">   --->   Core 82 'RAM' <Latency = 1> <II = 1> <Delay = 2.32> <Storage> <Opcode : 'load' 'store'> <Ports = 2> <Width = 16> <Depth = 16> <RAM>
ST_1 : Operation 32 [1/1] (0.00ns)   --->   "%br_ln40 = br void %.split46" [../matVecMul.cpp:40]   --->   Operation 32 'br' 'br_ln40' <Predicate = (!icmp_ln35 & trunc_ln40 == 0)> <Delay = 0.00>
ST_1 : Operation 33 [1/1] (2.32ns)   --->   "%store_ln40 = store i16 %p_Result_s, i4 %x_localbuff_V_3_addr" [../matVecMul.cpp:40]   --->   Operation 33 'store' 'store_ln40' <Predicate = (!icmp_ln35 & trunc_ln40 == 3)> <Delay = 2.32> <CoreInst = "RAM">   --->   Core 82 'RAM' <Latency = 1> <II = 1> <Delay = 2.32> <Storage> <Opcode : 'load' 'store'> <Ports = 2> <Width = 16> <Depth = 16> <RAM>
ST_1 : Operation 34 [1/1] (0.00ns)   --->   "%br_ln40 = br void %.split46" [../matVecMul.cpp:40]   --->   Operation 34 'br' 'br_ln40' <Predicate = (!icmp_ln35 & trunc_ln40 == 3)> <Delay = 0.00>
ST_1 : Operation 35 [1/1] (1.58ns)   --->   "%store_ln35 = store i32 %add_ln35, i32 %j" [../matVecMul.cpp:35]   --->   Operation 35 'store' 'store_ln35' <Predicate = (!icmp_ln35)> <Delay = 1.58>
ST_1 : Operation 36 [1/1] (0.00ns)   --->   "%br_ln0 = br void"   --->   Operation 36 'br' 'br_ln0' <Predicate = (!icmp_ln35)> <Delay = 0.00>
ST_1 : Operation 37 [1/1] (0.00ns)   --->   "%ret_ln0 = ret"   --->   Operation 37 'ret' 'ret_ln0' <Predicate = (icmp_ln35)> <Delay = 0.00>


============================================================
+ Verbose Summary: Timing violations
============================================================
Target clock period: 10ns, clock uncertainty: 2.7ns.

 <State 1>: 4.79ns
The critical path consists of the following:
	'alloca' operation ('j') [13]  (0 ns)
	'load' operation ('j', ../matVecMul.cpp:40) on local variable 'j' [19]  (0 ns)
	'add' operation ('add_ln35', ../matVecMul.cpp:35) [21]  (2.55 ns)
	'store' operation ('store_ln35', ../matVecMul.cpp:35) of variable 'add_ln35', ../matVecMul.cpp:35 on local variable 'j' [51]  (1.59 ns)
	blocking operation 0.655 ns on control path)


============================================================
+ Verbose Summary: Binding
============================================================
N/A
* FSMD analyzer results:
  - Output states:
 - Input state : 
  - Chain level:
	State 1


============================================================
+ Verbose Summary: Datapath Resource usage 
============================================================
N/A
