

================================================================
== Vitis HLS Report for 'matVecMul_Pipeline_matmul_inner_loop'
================================================================
* Date:           Fri Jan  1 00:00:13 2021

* Version:        2021.1 (Build 3247384 on Thu Jun 10 19:36:07 MDT 2021)
* Project:        matVecMul_stream_prj
* Solution:       solution_chocolate (Vivado IP Flow Target)
* Product family: zynq
* Target device:  xc7z020-clg400-1


================================================================
== Performance Estimates
================================================================
+ Timing: 
    * Summary: 
    +--------+----------+-----------+------------+
    |  Clock |  Target  | Estimated | Uncertainty|
    +--------+----------+-----------+------------+
    |ap_clk  |  10.00 ns|  18.153 ns|     2.70 ns|
    +--------+----------+-----------+------------+

+ Latency: 
    * Summary: 
    +---------+---------+----------+----------+-----+-----+---------+
    |  Latency (cycles) |  Latency (absolute) |  Interval | Pipeline|
    |   min   |   max   |    min   |    max   | min | max |   Type  |
    +---------+---------+----------+----------+-----+-----+---------+
    |       23|       24|  0.418 us|  0.436 us|   23|   24|       no|
    +---------+---------+----------+----------+-----+-----+---------+

    + Detail: 
        * Instance: 
        N/A

        * Loop: 
        +---------------------+---------+---------+----------+-----------+-----------+------+----------+
        |                     |  Latency (cycles) | Iteration|  Initiation Interval  | Trip |          |
        |      Loop Name      |   min   |   max   |  Latency |  achieved |   target  | Count| Pipelined|
        +---------------------+---------+---------+----------+-----------+-----------+------+----------+
        |- matmul_inner_loop  |       21|       21|         6|          1|          1|    16|       yes|
        +---------------------+---------+---------+----------+-----------+-----------+------+----------+

============================================================
+ Verbose Summary: Synthesis Manager
============================================================
InlineROM: 1
ExposeGlobal: 0
============================================================
+ Verbose Summary: CDFG Model
============================================================
IsTopModel: 0
ResetActiveHigh: 1
IsCombinational: 0
IsDatapathOnly: 0
HasWiredReturn: 1
HasMFsm: 2
HasVarLatency: 1
IsPipeline: 0
IsRtlPipelined: 0
IsInstanceOverlapped: 0
IsDontTouch: 0
HasImplIP: 0
IsGatedGlobalClock: 0

+ Individual pipeline summary: 
  * Pipeline-0: initiation interval (II) = 1, depth = 6


============================================================
+ Verbose Summary: Schedule
============================================================
* Number of FSM states : 9
* Pipeline : 1
  Pipeline-0 : II = 1, D = 6, States = { 2 3 4 5 6 7 }
* Dataflow Pipeline: 0

* FSM state transitions: 
1 --> 2 
2 --> 3 
3 --> 4 
4 --> 5 
5 --> 6 
6 --> 7 
7 --> 8 9 2 
8 --> 
9 --> 8 

* FSM state operations: 

State 1 <SV = 0> <Delay = 1.58>
ST_1 : Operation 10 [1/1] (0.00ns)   --->   "%acc_V_0 = alloca i32 1"   --->   Operation 10 'alloca' 'acc_V_0' <Predicate = true> <Delay = 0.00>
ST_1 : Operation 11 [1/1] (0.00ns)   --->   "%l_0 = alloca i32 1"   --->   Operation 11 'alloca' 'l_0' <Predicate = true> <Delay = 0.00>
ST_1 : Operation 12 [1/1] (0.00ns)   --->   "%shl_ln_read = read i11 @_ssdm_op_Read.ap_auto.i11, i11 %shl_ln"   --->   Operation 12 'read' 'shl_ln_read' <Predicate = true> <Delay = 0.00>
ST_1 : Operation 13 [1/1] (0.00ns)   --->   "%zext_ln32_read = read i32 @_ssdm_op_Read.ap_auto.i32, i32 %zext_ln32"   --->   Operation 13 'read' 'zext_ln32_read' <Predicate = true> <Delay = 0.00>
ST_1 : Operation 14 [1/1] (0.00ns)   --->   "%zext_ln32_cast = zext i32 %zext_ln32_read"   --->   Operation 14 'zext' 'zext_ln32_cast' <Predicate = true> <Delay = 0.00>
ST_1 : Operation 15 [1/1] (0.00ns)   --->   "%specmemcore_ln0 = specmemcore void @_ssdm_op_SpecMemCore, i16 %A_3, i64 666, i64 17, i64 1"   --->   Operation 15 'specmemcore' 'specmemcore_ln0' <Predicate = true> <Delay = 0.00>
ST_1 : Operation 16 [1/1] (0.00ns)   --->   "%specmemcore_ln0 = specmemcore void @_ssdm_op_SpecMemCore, i16 %A_2, i64 666, i64 17, i64 1"   --->   Operation 16 'specmemcore' 'specmemcore_ln0' <Predicate = true> <Delay = 0.00>
ST_1 : Operation 17 [1/1] (0.00ns)   --->   "%specmemcore_ln0 = specmemcore void @_ssdm_op_SpecMemCore, i16 %A_1, i64 666, i64 17, i64 1"   --->   Operation 17 'specmemcore' 'specmemcore_ln0' <Predicate = true> <Delay = 0.00>
ST_1 : Operation 18 [1/1] (0.00ns)   --->   "%specmemcore_ln0 = specmemcore void @_ssdm_op_SpecMemCore, i16 %A_0, i64 666, i64 17, i64 1"   --->   Operation 18 'specmemcore' 'specmemcore_ln0' <Predicate = true> <Delay = 0.00>
ST_1 : Operation 19 [1/1] (0.00ns)   --->   "%specinterface_ln0 = specinterface void @_ssdm_op_SpecInterface, i16 %A_3, void @empty_4, i32 0, i32 0, void @empty_0, i32 1, i32 0, void @empty_0, void @empty_0, void @empty_0, i32 0, i32 0, i32 0, i32 0, void @empty_0, void @empty_0"   --->   Operation 19 'specinterface' 'specinterface_ln0' <Predicate = true> <Delay = 0.00>
ST_1 : Operation 20 [1/1] (0.00ns)   --->   "%specinterface_ln0 = specinterface void @_ssdm_op_SpecInterface, i16 %A_2, void @empty_4, i32 0, i32 0, void @empty_0, i32 1, i32 0, void @empty_0, void @empty_0, void @empty_0, i32 0, i32 0, i32 0, i32 0, void @empty_0, void @empty_0"   --->   Operation 20 'specinterface' 'specinterface_ln0' <Predicate = true> <Delay = 0.00>
ST_1 : Operation 21 [1/1] (0.00ns)   --->   "%specinterface_ln0 = specinterface void @_ssdm_op_SpecInterface, i16 %A_1, void @empty_4, i32 0, i32 0, void @empty_0, i32 1, i32 0, void @empty_0, void @empty_0, void @empty_0, i32 0, i32 0, i32 0, i32 0, void @empty_0, void @empty_0"   --->   Operation 21 'specinterface' 'specinterface_ln0' <Predicate = true> <Delay = 0.00>
ST_1 : Operation 22 [1/1] (0.00ns)   --->   "%specinterface_ln0 = specinterface void @_ssdm_op_SpecInterface, i16 %A_0, void @empty_4, i32 0, i32 0, void @empty_0, i32 1, i32 0, void @empty_0, void @empty_0, void @empty_0, i32 0, i32 0, i32 0, i32 0, void @empty_0, void @empty_0"   --->   Operation 22 'specinterface' 'specinterface_ln0' <Predicate = true> <Delay = 0.00>
ST_1 : Operation 23 [1/1] (1.58ns)   --->   "%store_ln0 = store i64 0, i64 %l_0"   --->   Operation 23 'store' 'store_ln0' <Predicate = true> <Delay = 1.58>
ST_1 : Operation 24 [1/1] (1.58ns)   --->   "%store_ln0 = store i38 0, i38 %acc_V_0"   --->   Operation 24 'store' 'store_ln0' <Predicate = true> <Delay = 1.58>
ST_1 : Operation 25 [1/1] (0.00ns)   --->   "%br_ln0 = br void %_ZN13ap_fixed_baseILi39ELi23ELb1EL9ap_q_mode5EL9ap_o_mode3ELi0EEC2ILi38ELi22ELb1ELS0_0ELS1_0ELi0EEERKS_IXT_EXT0_EXT1_EXT2_EXT3_EXT4_EE.exit.i.i.0"   --->   Operation 25 'br' 'br_ln0' <Predicate = true> <Delay = 0.00>

State 2 <SV = 1> <Delay = 5.34>
ST_2 : Operation 26 [1/1] (0.00ns)   --->   "%l_0_load = load i64 %l_0" [../matVecMul.cpp:52]   --->   Operation 26 'load' 'l_0_load' <Predicate = true> <Delay = 0.00>
ST_2 : Operation 27 [1/1] (0.00ns)   --->   "%speclooptripcount_ln0 = speclooptripcount void @_ssdm_op_SpecLoopTripCount, i64 16, i64 16, i64 16"   --->   Operation 27 'speclooptripcount' 'speclooptripcount_ln0' <Predicate = true> <Delay = 0.00>
ST_2 : Operation 28 [1/1] (2.77ns)   --->   "%icmp_ln52 = icmp_eq  i64 %l_0_load, i64 %zext_ln32_cast" [../matVecMul.cpp:52]   --->   Operation 28 'icmp' 'icmp_ln52' <Predicate = true> <Delay = 2.77> <CoreInst = "Cmp">   --->   Core 9 'Cmp' <Latency = 0> <II = 1> <Delay = 2.77> <FuncUnit> <Opcode : 'icmp'> <InPorts = 2> <OutPorts = 1>
ST_2 : Operation 29 [1/1] (0.00ns)   --->   "%br_ln52 = br i1 %icmp_ln52, void %_ZN13ap_fixed_baseILi39ELi23ELb1EL9ap_q_mode5EL9ap_o_mode3ELi0EEC2ILi38ELi22ELb1ELS0_0ELS1_0ELi0EEERKS_IXT_EXT0_EXT1_EXT2_EXT3_EXT4_EE.exit.i.i.split.0, void %_ZN13ap_fixed_baseILi39ELi23ELb1EL9ap_q_mode5EL9ap_o_mode3ELi0EEC2ILi38ELi22ELb1ELS0_0ELS1_0ELi0EEERKS_IXT_EXT0_EXT1_EXT2_EXT3_EXT4_EE.exit.i.i.0.._crit_edge213.loopexit_ifconv_crit_edge.exitStub" [../matVecMul.cpp:52]   --->   Operation 29 'br' 'br_ln52' <Predicate = true> <Delay = 0.00>
ST_2 : Operation 30 [1/1] (0.00ns)   --->   "%trunc_ln1 = partselect i11 @_ssdm_op_PartSelect.i11.i64.i32.i32, i64 %l_0_load, i32 1, i32 11"   --->   Operation 30 'partselect' 'trunc_ln1' <Predicate = (!icmp_ln52)> <Delay = 0.00>
ST_2 : Operation 31 [1/1] (1.63ns)   --->   "%add_ln1169 = add i11 %trunc_ln1, i11 %shl_ln_read"   --->   Operation 31 'add' 'add_ln1169' <Predicate = (!icmp_ln52)> <Delay = 1.63> <CoreInst = "Adder">   --->   Core 1 'Adder' <Latency = 0> <II = 1> <Delay = 3.52> <FuncUnit> <Opcode : 'add' 'sub'> <InPorts = 2> <OutPorts = 1>
ST_2 : Operation 32 [1/1] (0.00ns)   --->   "%lshr_ln1169_1 = partselect i6 @_ssdm_op_PartSelect.i6.i11.i32.i32, i11 %add_ln1169, i32 5, i32 10"   --->   Operation 32 'partselect' 'lshr_ln1169_1' <Predicate = (!icmp_ln52)> <Delay = 0.00>
ST_2 : Operation 33 [1/1] (0.00ns)   --->   "%trunc_ln1169_1 = partselect i4 @_ssdm_op_PartSelect.i4.i64.i32.i32, i64 %l_0_load, i32 2, i32 5"   --->   Operation 33 'partselect' 'trunc_ln1169_1' <Predicate = (!icmp_ln52)> <Delay = 0.00>
ST_2 : Operation 34 [1/1] (0.00ns)   --->   "%tmp_7 = bitconcatenate i10 @_ssdm_op_BitConcatenate.i10.i6.i4, i6 %lshr_ln1169_1, i4 %trunc_ln1169_1"   --->   Operation 34 'bitconcatenate' 'tmp_7' <Predicate = (!icmp_ln52)> <Delay = 0.00>
ST_2 : Operation 35 [1/1] (0.00ns)   --->   "%zext_ln1169 = zext i10 %tmp_7"   --->   Operation 35 'zext' 'zext_ln1169' <Predicate = (!icmp_ln52)> <Delay = 0.00>
ST_2 : Operation 36 [1/1] (0.00ns)   --->   "%A_0_addr = getelementptr i16 %A_0, i64 0, i64 %zext_ln1169"   --->   Operation 36 'getelementptr' 'A_0_addr' <Predicate = (!icmp_ln52)> <Delay = 0.00>
ST_2 : Operation 37 [1/1] (0.00ns)   --->   "%A_1_addr = getelementptr i16 %A_1, i64 0, i64 %zext_ln1169"   --->   Operation 37 'getelementptr' 'A_1_addr' <Predicate = (!icmp_ln52)> <Delay = 0.00>
ST_2 : Operation 38 [1/1] (0.00ns)   --->   "%A_2_addr = getelementptr i16 %A_2, i64 0, i64 %zext_ln1169"   --->   Operation 38 'getelementptr' 'A_2_addr' <Predicate = (!icmp_ln52)> <Delay = 0.00>
ST_2 : Operation 39 [1/1] (0.00ns)   --->   "%A_3_addr = getelementptr i16 %A_3, i64 0, i64 %zext_ln1169"   --->   Operation 39 'getelementptr' 'A_3_addr' <Predicate = (!icmp_ln52)> <Delay = 0.00>
ST_2 : Operation 40 [2/2] (3.25ns)   --->   "%A_0_load = load i10 %A_0_addr"   --->   Operation 40 'load' 'A_0_load' <Predicate = (!icmp_ln52)> <Delay = 3.25> <CoreInst = "RAM_1P">   --->   Core 86 'RAM_1P' <Latency = 1> <II = 1> <Delay = 3.25> <Storage> <Opcode : 'load' 'store'> <Ports = 1> <Width = 16> <Depth = 1024> <RAM>
ST_2 : Operation 41 [1/1] (0.00ns)   --->   "%zext_ln1171 = zext i4 %trunc_ln1169_1"   --->   Operation 41 'zext' 'zext_ln1171' <Predicate = (!icmp_ln52)> <Delay = 0.00>
ST_2 : Operation 42 [1/1] (0.00ns)   --->   "%x_localbuff_V_0_addr = getelementptr i16 %x_localbuff_V_0, i64 0, i64 %zext_ln1171"   --->   Operation 42 'getelementptr' 'x_localbuff_V_0_addr' <Predicate = (!icmp_ln52)> <Delay = 0.00>
ST_2 : Operation 43 [2/2] (2.32ns)   --->   "%x_localbuff_V_0_load = load i4 %x_localbuff_V_0_addr"   --->   Operation 43 'load' 'x_localbuff_V_0_load' <Predicate = (!icmp_ln52)> <Delay = 2.32> <CoreInst = "RAM">   --->   Core 82 'RAM' <Latency = 1> <II = 1> <Delay = 2.32> <Storage> <Opcode : 'load' 'store'> <Ports = 2> <Width = 16> <Depth = 16> <RAM>
ST_2 : Operation 44 [1/1] (0.00ns) (grouped into LUT with out node icmp_ln52_1)   --->   "%or_ln52 = or i64 %l_0_load, i64 1" [../matVecMul.cpp:52]   --->   Operation 44 'or' 'or_ln52' <Predicate = (!icmp_ln52)> <Delay = 0.00>
ST_2 : Operation 45 [1/1] (2.77ns) (out node of the LUT)   --->   "%icmp_ln52_1 = icmp_eq  i64 %or_ln52, i64 %zext_ln32_cast" [../matVecMul.cpp:52]   --->   Operation 45 'icmp' 'icmp_ln52_1' <Predicate = (!icmp_ln52)> <Delay = 2.77> <CoreInst = "Cmp">   --->   Core 9 'Cmp' <Latency = 0> <II = 1> <Delay = 2.77> <FuncUnit> <Opcode : 'icmp'> <InPorts = 2> <OutPorts = 1>
ST_2 : Operation 46 [1/1] (0.00ns)   --->   "%br_ln52 = br i1 %icmp_ln52_1, void %_ZN13ap_fixed_baseILi39ELi23ELb1EL9ap_q_mode5EL9ap_o_mode3ELi0EEC2ILi38ELi22ELb1ELS0_0ELS1_0ELi0EEERKS_IXT_EXT0_EXT1_EXT2_EXT3_EXT4_EE.exit.i.i.split.1, void %_ZN13ap_fixed_baseILi39ELi23ELb1EL9ap_q_mode5EL9ap_o_mode3ELi0EEC2ILi38ELi22ELb1ELS0_0ELS1_0ELi0EEERKS_IXT_EXT0_EXT1_EXT2_EXT3_EXT4_EE.exit.i.i.split.0.._crit_edge213.loopexit_ifconv_crit_edge.exitStub" [../matVecMul.cpp:52]   --->   Operation 46 'br' 'br_ln52' <Predicate = (!icmp_ln52)> <Delay = 0.00>
ST_2 : Operation 47 [2/2] (3.25ns)   --->   "%A_1_load = load i10 %A_1_addr"   --->   Operation 47 'load' 'A_1_load' <Predicate = (!icmp_ln52 & !icmp_ln52_1)> <Delay = 3.25> <CoreInst = "RAM_1P">   --->   Core 86 'RAM_1P' <Latency = 1> <II = 1> <Delay = 3.25> <Storage> <Opcode : 'load' 'store'> <Ports = 1> <Width = 16> <Depth = 1024> <RAM>
ST_2 : Operation 48 [1/1] (0.00ns)   --->   "%x_localbuff_V_1_addr = getelementptr i16 %x_localbuff_V_1, i64 0, i64 %zext_ln1171"   --->   Operation 48 'getelementptr' 'x_localbuff_V_1_addr' <Predicate = (!icmp_ln52 & !icmp_ln52_1)> <Delay = 0.00>
ST_2 : Operation 49 [2/2] (2.32ns)   --->   "%x_localbuff_V_1_load = load i4 %x_localbuff_V_1_addr"   --->   Operation 49 'load' 'x_localbuff_V_1_load' <Predicate = (!icmp_ln52 & !icmp_ln52_1)> <Delay = 2.32> <CoreInst = "RAM">   --->   Core 82 'RAM' <Latency = 1> <II = 1> <Delay = 2.32> <Storage> <Opcode : 'load' 'store'> <Ports = 2> <Width = 16> <Depth = 16> <RAM>
ST_2 : Operation 50 [1/1] (0.00ns) (grouped into LUT with out node icmp_ln52_2)   --->   "%or_ln52_1 = or i64 %l_0_load, i64 2" [../matVecMul.cpp:52]   --->   Operation 50 'or' 'or_ln52_1' <Predicate = (!icmp_ln52 & !icmp_ln52_1)> <Delay = 0.00>
ST_2 : Operation 51 [1/1] (2.77ns) (out node of the LUT)   --->   "%icmp_ln52_2 = icmp_eq  i64 %or_ln52_1, i64 %zext_ln32_cast" [../matVecMul.cpp:52]   --->   Operation 51 'icmp' 'icmp_ln52_2' <Predicate = (!icmp_ln52 & !icmp_ln52_1)> <Delay = 2.77> <CoreInst = "Cmp">   --->   Core 9 'Cmp' <Latency = 0> <II = 1> <Delay = 2.77> <FuncUnit> <Opcode : 'icmp'> <InPorts = 2> <OutPorts = 1>
ST_2 : Operation 52 [1/1] (0.00ns)   --->   "%br_ln52 = br i1 %icmp_ln52_2, void %_ZN13ap_fixed_baseILi39ELi23ELb1EL9ap_q_mode5EL9ap_o_mode3ELi0EEC2ILi38ELi22ELb1ELS0_0ELS1_0ELi0EEERKS_IXT_EXT0_EXT1_EXT2_EXT3_EXT4_EE.exit.i.i.split.2, void %_ZN13ap_fixed_baseILi39ELi23ELb1EL9ap_q_mode5EL9ap_o_mode3ELi0EEC2ILi38ELi22ELb1ELS0_0ELS1_0ELi0EEERKS_IXT_EXT0_EXT1_EXT2_EXT3_EXT4_EE.exit.i.i.split.1.._crit_edge213.loopexit_ifconv_crit_edge.exitStub" [../matVecMul.cpp:52]   --->   Operation 52 'br' 'br_ln52' <Predicate = (!icmp_ln52 & !icmp_ln52_1)> <Delay = 0.00>
ST_2 : Operation 53 [2/2] (3.25ns)   --->   "%A_2_load = load i10 %A_2_addr"   --->   Operation 53 'load' 'A_2_load' <Predicate = (!icmp_ln52 & !icmp_ln52_1 & !icmp_ln52_2)> <Delay = 3.25> <CoreInst = "RAM_1P">   --->   Core 86 'RAM_1P' <Latency = 1> <II = 1> <Delay = 3.25> <Storage> <Opcode : 'load' 'store'> <Ports = 1> <Width = 16> <Depth = 1024> <RAM>
ST_2 : Operation 54 [1/1] (0.00ns)   --->   "%x_localbuff_V_2_addr = getelementptr i16 %x_localbuff_V_2, i64 0, i64 %zext_ln1171"   --->   Operation 54 'getelementptr' 'x_localbuff_V_2_addr' <Predicate = (!icmp_ln52 & !icmp_ln52_1 & !icmp_ln52_2)> <Delay = 0.00>
ST_2 : Operation 55 [2/2] (2.32ns)   --->   "%x_localbuff_V_2_load = load i4 %x_localbuff_V_2_addr"   --->   Operation 55 'load' 'x_localbuff_V_2_load' <Predicate = (!icmp_ln52 & !icmp_ln52_1 & !icmp_ln52_2)> <Delay = 2.32> <CoreInst = "RAM">   --->   Core 82 'RAM' <Latency = 1> <II = 1> <Delay = 2.32> <Storage> <Opcode : 'load' 'store'> <Ports = 2> <Width = 16> <Depth = 16> <RAM>
ST_2 : Operation 56 [1/1] (0.00ns) (grouped into LUT with out node icmp_ln52_3)   --->   "%or_ln52_2 = or i64 %l_0_load, i64 3" [../matVecMul.cpp:52]   --->   Operation 56 'or' 'or_ln52_2' <Predicate = (!icmp_ln52 & !icmp_ln52_1 & !icmp_ln52_2)> <Delay = 0.00>
ST_2 : Operation 57 [1/1] (2.77ns) (out node of the LUT)   --->   "%icmp_ln52_3 = icmp_eq  i64 %or_ln52_2, i64 %zext_ln32_cast" [../matVecMul.cpp:52]   --->   Operation 57 'icmp' 'icmp_ln52_3' <Predicate = (!icmp_ln52 & !icmp_ln52_1 & !icmp_ln52_2)> <Delay = 2.77> <CoreInst = "Cmp">   --->   Core 9 'Cmp' <Latency = 0> <II = 1> <Delay = 2.77> <FuncUnit> <Opcode : 'icmp'> <InPorts = 2> <OutPorts = 1>
ST_2 : Operation 58 [1/1] (0.00ns)   --->   "%br_ln52 = br i1 %icmp_ln52_3, void %_ZN13ap_fixed_baseILi39ELi23ELb1EL9ap_q_mode5EL9ap_o_mode3ELi0EEC2ILi38ELi22ELb1ELS0_0ELS1_0ELi0EEERKS_IXT_EXT0_EXT1_EXT2_EXT3_EXT4_EE.exit.i.i.split.3, void %_ZN13ap_fixed_baseILi39ELi23ELb1EL9ap_q_mode5EL9ap_o_mode3ELi0EEC2ILi38ELi22ELb1ELS0_0ELS1_0ELi0EEERKS_IXT_EXT0_EXT1_EXT2_EXT3_EXT4_EE.exit.i.i.split.2.._crit_edge213.loopexit_ifconv_crit_edge.exitStub" [../matVecMul.cpp:52]   --->   Operation 58 'br' 'br_ln52' <Predicate = (!icmp_ln52 & !icmp_ln52_1 & !icmp_ln52_2)> <Delay = 0.00>
ST_2 : Operation 59 [2/2] (3.25ns)   --->   "%A_3_load = load i10 %A_3_addr"   --->   Operation 59 'load' 'A_3_load' <Predicate = (!icmp_ln52 & !icmp_ln52_1 & !icmp_ln52_2 & !icmp_ln52_3)> <Delay = 3.25> <CoreInst = "RAM_1P">   --->   Core 86 'RAM_1P' <Latency = 1> <II = 1> <Delay = 3.25> <Storage> <Opcode : 'load' 'store'> <Ports = 1> <Width = 16> <Depth = 1024> <RAM>
ST_2 : Operation 60 [1/1] (0.00ns)   --->   "%x_localbuff_V_3_addr = getelementptr i16 %x_localbuff_V_3, i64 0, i64 %zext_ln1171"   --->   Operation 60 'getelementptr' 'x_localbuff_V_3_addr' <Predicate = (!icmp_ln52 & !icmp_ln52_1 & !icmp_ln52_2 & !icmp_ln52_3)> <Delay = 0.00>
ST_2 : Operation 61 [2/2] (2.32ns)   --->   "%x_localbuff_V_3_load = load i4 %x_localbuff_V_3_addr"   --->   Operation 61 'load' 'x_localbuff_V_3_load' <Predicate = (!icmp_ln52 & !icmp_ln52_1 & !icmp_ln52_2 & !icmp_ln52_3)> <Delay = 2.32> <CoreInst = "RAM">   --->   Core 82 'RAM' <Latency = 1> <II = 1> <Delay = 2.32> <Storage> <Opcode : 'load' 'store'> <Ports = 2> <Width = 16> <Depth = 16> <RAM>
ST_2 : Operation 62 [1/1] (3.52ns)   --->   "%add_ln52 = add i64 %l_0_load, i64 4" [../matVecMul.cpp:52]   --->   Operation 62 'add' 'add_ln52' <Predicate = (!icmp_ln52 & !icmp_ln52_1 & !icmp_ln52_2 & !icmp_ln52_3)> <Delay = 3.52> <CoreInst = "Adder">   --->   Core 1 'Adder' <Latency = 0> <II = 1> <Delay = 3.52> <FuncUnit> <Opcode : 'add' 'sub'> <InPorts = 2> <OutPorts = 1>
ST_2 : Operation 63 [1/1] (1.58ns)   --->   "%store_ln52 = store i64 %add_ln52, i64 %l_0" [../matVecMul.cpp:52]   --->   Operation 63 'store' 'store_ln52' <Predicate = (!icmp_ln52 & !icmp_ln52_1 & !icmp_ln52_2 & !icmp_ln52_3)> <Delay = 1.58>

State 3 <SV = 2> <Delay = 5.40>
ST_3 : Operation 64 [1/2] (3.25ns)   --->   "%A_0_load = load i10 %A_0_addr"   --->   Operation 64 'load' 'A_0_load' <Predicate = (!icmp_ln52)> <Delay = 3.25> <CoreInst = "RAM_1P">   --->   Core 86 'RAM_1P' <Latency = 1> <II = 1> <Delay = 3.25> <Storage> <Opcode : 'load' 'store'> <Ports = 1> <Width = 16> <Depth = 1024> <RAM>
ST_3 : Operation 65 [1/1] (0.00ns)   --->   "%sext_ln1169 = sext i16 %A_0_load"   --->   Operation 65 'sext' 'sext_ln1169' <Predicate = (!icmp_ln52)> <Delay = 0.00>
ST_3 : Operation 66 [1/2] (2.32ns)   --->   "%x_localbuff_V_0_load = load i4 %x_localbuff_V_0_addr"   --->   Operation 66 'load' 'x_localbuff_V_0_load' <Predicate = (!icmp_ln52)> <Delay = 2.32> <CoreInst = "RAM">   --->   Core 82 'RAM' <Latency = 1> <II = 1> <Delay = 2.32> <Storage> <Opcode : 'load' 'store'> <Ports = 2> <Width = 16> <Depth = 16> <RAM>
ST_3 : Operation 67 [1/1] (0.00ns)   --->   "%sext_ln1171 = sext i16 %x_localbuff_V_0_load"   --->   Operation 67 'sext' 'sext_ln1171' <Predicate = (!icmp_ln52)> <Delay = 0.00>
ST_3 : Operation 68 [4/4] (2.15ns) (root node of the DSP)   --->   "%mul_ln1171 = mul i32 %sext_ln1171, i32 %sext_ln1169"   --->   Operation 68 'mul' 'mul_ln1171' <Predicate = (!icmp_ln52)> <Delay = 2.15> <CoreInst = "DSP48">   --->   Core 119 'DSP48' <Latency = 3> <II = 1> <Delay = 2.15> <IPBlock> <Opcode : 'mul' 'add' 'sub' 'select'> <InPorts = 0> <OutPorts = 1> <Sync> <CReg>
ST_3 : Operation 69 [1/2] (3.25ns)   --->   "%A_1_load = load i10 %A_1_addr"   --->   Operation 69 'load' 'A_1_load' <Predicate = (!icmp_ln52 & !icmp_ln52_1)> <Delay = 3.25> <CoreInst = "RAM_1P">   --->   Core 86 'RAM_1P' <Latency = 1> <II = 1> <Delay = 3.25> <Storage> <Opcode : 'load' 'store'> <Ports = 1> <Width = 16> <Depth = 1024> <RAM>
ST_3 : Operation 70 [1/1] (0.00ns)   --->   "%sext_ln1169_1 = sext i16 %A_1_load"   --->   Operation 70 'sext' 'sext_ln1169_1' <Predicate = (!icmp_ln52 & !icmp_ln52_1)> <Delay = 0.00>
ST_3 : Operation 71 [1/2] (2.32ns)   --->   "%x_localbuff_V_1_load = load i4 %x_localbuff_V_1_addr"   --->   Operation 71 'load' 'x_localbuff_V_1_load' <Predicate = (!icmp_ln52 & !icmp_ln52_1)> <Delay = 2.32> <CoreInst = "RAM">   --->   Core 82 'RAM' <Latency = 1> <II = 1> <Delay = 2.32> <Storage> <Opcode : 'load' 'store'> <Ports = 2> <Width = 16> <Depth = 16> <RAM>
ST_3 : Operation 72 [1/1] (0.00ns)   --->   "%sext_ln1171_1 = sext i16 %x_localbuff_V_1_load"   --->   Operation 72 'sext' 'sext_ln1171_1' <Predicate = (!icmp_ln52 & !icmp_ln52_1)> <Delay = 0.00>
ST_3 : Operation 73 [4/4] (2.15ns) (root node of the DSP)   --->   "%mul_ln1171_1 = mul i32 %sext_ln1171_1, i32 %sext_ln1169_1"   --->   Operation 73 'mul' 'mul_ln1171_1' <Predicate = (!icmp_ln52 & !icmp_ln52_1)> <Delay = 2.15> <CoreInst = "DSP48">   --->   Core 119 'DSP48' <Latency = 3> <II = 1> <Delay = 2.15> <IPBlock> <Opcode : 'mul' 'add' 'sub' 'select'> <InPorts = 0> <OutPorts = 1> <Sync> <CReg>
ST_3 : Operation 74 [1/2] (3.25ns)   --->   "%A_2_load = load i10 %A_2_addr"   --->   Operation 74 'load' 'A_2_load' <Predicate = (!icmp_ln52 & !icmp_ln52_1 & !icmp_ln52_2)> <Delay = 3.25> <CoreInst = "RAM_1P">   --->   Core 86 'RAM_1P' <Latency = 1> <II = 1> <Delay = 3.25> <Storage> <Opcode : 'load' 'store'> <Ports = 1> <Width = 16> <Depth = 1024> <RAM>
ST_3 : Operation 75 [1/1] (0.00ns)   --->   "%sext_ln1169_2 = sext i16 %A_2_load"   --->   Operation 75 'sext' 'sext_ln1169_2' <Predicate = (!icmp_ln52 & !icmp_ln52_1 & !icmp_ln52_2)> <Delay = 0.00>
ST_3 : Operation 76 [1/2] (2.32ns)   --->   "%x_localbuff_V_2_load = load i4 %x_localbuff_V_2_addr"   --->   Operation 76 'load' 'x_localbuff_V_2_load' <Predicate = (!icmp_ln52 & !icmp_ln52_1 & !icmp_ln52_2)> <Delay = 2.32> <CoreInst = "RAM">   --->   Core 82 'RAM' <Latency = 1> <II = 1> <Delay = 2.32> <Storage> <Opcode : 'load' 'store'> <Ports = 2> <Width = 16> <Depth = 16> <RAM>
ST_3 : Operation 77 [1/1] (0.00ns)   --->   "%sext_ln1171_2 = sext i16 %x_localbuff_V_2_load"   --->   Operation 77 'sext' 'sext_ln1171_2' <Predicate = (!icmp_ln52 & !icmp_ln52_1 & !icmp_ln52_2)> <Delay = 0.00>
ST_3 : Operation 78 [4/4] (2.15ns) (root node of the DSP)   --->   "%mul_ln1171_2 = mul i32 %sext_ln1171_2, i32 %sext_ln1169_2"   --->   Operation 78 'mul' 'mul_ln1171_2' <Predicate = (!icmp_ln52 & !icmp_ln52_1 & !icmp_ln52_2)> <Delay = 2.15> <CoreInst = "DSP48">   --->   Core 119 'DSP48' <Latency = 3> <II = 1> <Delay = 2.15> <IPBlock> <Opcode : 'mul' 'add' 'sub' 'select'> <InPorts = 0> <OutPorts = 1> <Sync> <CReg>
ST_3 : Operation 79 [1/2] (3.25ns)   --->   "%A_3_load = load i10 %A_3_addr"   --->   Operation 79 'load' 'A_3_load' <Predicate = (!icmp_ln52 & !icmp_ln52_1 & !icmp_ln52_2 & !icmp_ln52_3)> <Delay = 3.25> <CoreInst = "RAM_1P">   --->   Core 86 'RAM_1P' <Latency = 1> <II = 1> <Delay = 3.25> <Storage> <Opcode : 'load' 'store'> <Ports = 1> <Width = 16> <Depth = 1024> <RAM>
ST_3 : Operation 80 [1/1] (0.00ns)   --->   "%sext_ln1169_3 = sext i16 %A_3_load"   --->   Operation 80 'sext' 'sext_ln1169_3' <Predicate = (!icmp_ln52 & !icmp_ln52_1 & !icmp_ln52_2 & !icmp_ln52_3)> <Delay = 0.00>
ST_3 : Operation 81 [1/2] (2.32ns)   --->   "%x_localbuff_V_3_load = load i4 %x_localbuff_V_3_addr"   --->   Operation 81 'load' 'x_localbuff_V_3_load' <Predicate = (!icmp_ln52 & !icmp_ln52_1 & !icmp_ln52_2 & !icmp_ln52_3)> <Delay = 2.32> <CoreInst = "RAM">   --->   Core 82 'RAM' <Latency = 1> <II = 1> <Delay = 2.32> <Storage> <Opcode : 'load' 'store'> <Ports = 2> <Width = 16> <Depth = 16> <RAM>
ST_3 : Operation 82 [1/1] (0.00ns)   --->   "%sext_ln1171_3 = sext i16 %x_localbuff_V_3_load"   --->   Operation 82 'sext' 'sext_ln1171_3' <Predicate = (!icmp_ln52 & !icmp_ln52_1 & !icmp_ln52_2 & !icmp_ln52_3)> <Delay = 0.00>
ST_3 : Operation 83 [4/4] (2.15ns) (root node of the DSP)   --->   "%mul_ln1171_3 = mul i32 %sext_ln1171_3, i32 %sext_ln1169_3"   --->   Operation 83 'mul' 'mul_ln1171_3' <Predicate = (!icmp_ln52 & !icmp_ln52_1 & !icmp_ln52_2 & !icmp_ln52_3)> <Delay = 2.15> <CoreInst = "DSP48">   --->   Core 119 'DSP48' <Latency = 3> <II = 1> <Delay = 2.15> <IPBlock> <Opcode : 'mul' 'add' 'sub' 'select'> <InPorts = 0> <OutPorts = 1> <Sync> <CReg>

State 4 <SV = 3> <Delay = 2.15>
ST_4 : Operation 84 [3/4] (2.15ns) (root node of the DSP)   --->   "%mul_ln1171 = mul i32 %sext_ln1171, i32 %sext_ln1169"   --->   Operation 84 'mul' 'mul_ln1171' <Predicate = (!icmp_ln52)> <Delay = 2.15> <CoreInst = "DSP48">   --->   Core 119 'DSP48' <Latency = 3> <II = 1> <Delay = 2.15> <IPBlock> <Opcode : 'mul' 'add' 'sub' 'select'> <InPorts = 0> <OutPorts = 1> <Sync> <CReg>
ST_4 : Operation 85 [3/4] (2.15ns) (root node of the DSP)   --->   "%mul_ln1171_1 = mul i32 %sext_ln1171_1, i32 %sext_ln1169_1"   --->   Operation 85 'mul' 'mul_ln1171_1' <Predicate = (!icmp_ln52 & !icmp_ln52_1)> <Delay = 2.15> <CoreInst = "DSP48">   --->   Core 119 'DSP48' <Latency = 3> <II = 1> <Delay = 2.15> <IPBlock> <Opcode : 'mul' 'add' 'sub' 'select'> <InPorts = 0> <OutPorts = 1> <Sync> <CReg>
ST_4 : Operation 86 [3/4] (2.15ns) (root node of the DSP)   --->   "%mul_ln1171_2 = mul i32 %sext_ln1171_2, i32 %sext_ln1169_2"   --->   Operation 86 'mul' 'mul_ln1171_2' <Predicate = (!icmp_ln52 & !icmp_ln52_1 & !icmp_ln52_2)> <Delay = 2.15> <CoreInst = "DSP48">   --->   Core 119 'DSP48' <Latency = 3> <II = 1> <Delay = 2.15> <IPBlock> <Opcode : 'mul' 'add' 'sub' 'select'> <InPorts = 0> <OutPorts = 1> <Sync> <CReg>
ST_4 : Operation 87 [3/4] (2.15ns) (root node of the DSP)   --->   "%mul_ln1171_3 = mul i32 %sext_ln1171_3, i32 %sext_ln1169_3"   --->   Operation 87 'mul' 'mul_ln1171_3' <Predicate = (!icmp_ln52 & !icmp_ln52_1 & !icmp_ln52_2 & !icmp_ln52_3)> <Delay = 2.15> <CoreInst = "DSP48">   --->   Core 119 'DSP48' <Latency = 3> <II = 1> <Delay = 2.15> <IPBlock> <Opcode : 'mul' 'add' 'sub' 'select'> <InPorts = 0> <OutPorts = 1> <Sync> <CReg>

State 5 <SV = 4> <Delay = 2.15>
ST_5 : Operation 88 [2/4] (2.15ns) (root node of the DSP)   --->   "%mul_ln1171 = mul i32 %sext_ln1171, i32 %sext_ln1169"   --->   Operation 88 'mul' 'mul_ln1171' <Predicate = (!icmp_ln52)> <Delay = 2.15> <CoreInst = "DSP48">   --->   Core 119 'DSP48' <Latency = 3> <II = 1> <Delay = 2.15> <IPBlock> <Opcode : 'mul' 'add' 'sub' 'select'> <InPorts = 0> <OutPorts = 1> <Sync> <CReg>
ST_5 : Operation 89 [2/4] (2.15ns) (root node of the DSP)   --->   "%mul_ln1171_1 = mul i32 %sext_ln1171_1, i32 %sext_ln1169_1"   --->   Operation 89 'mul' 'mul_ln1171_1' <Predicate = (!icmp_ln52 & !icmp_ln52_1)> <Delay = 2.15> <CoreInst = "DSP48">   --->   Core 119 'DSP48' <Latency = 3> <II = 1> <Delay = 2.15> <IPBlock> <Opcode : 'mul' 'add' 'sub' 'select'> <InPorts = 0> <OutPorts = 1> <Sync> <CReg>
ST_5 : Operation 90 [2/4] (2.15ns) (root node of the DSP)   --->   "%mul_ln1171_2 = mul i32 %sext_ln1171_2, i32 %sext_ln1169_2"   --->   Operation 90 'mul' 'mul_ln1171_2' <Predicate = (!icmp_ln52 & !icmp_ln52_1 & !icmp_ln52_2)> <Delay = 2.15> <CoreInst = "DSP48">   --->   Core 119 'DSP48' <Latency = 3> <II = 1> <Delay = 2.15> <IPBlock> <Opcode : 'mul' 'add' 'sub' 'select'> <InPorts = 0> <OutPorts = 1> <Sync> <CReg>
ST_5 : Operation 91 [2/4] (2.15ns) (root node of the DSP)   --->   "%mul_ln1171_3 = mul i32 %sext_ln1171_3, i32 %sext_ln1169_3"   --->   Operation 91 'mul' 'mul_ln1171_3' <Predicate = (!icmp_ln52 & !icmp_ln52_1 & !icmp_ln52_2 & !icmp_ln52_3)> <Delay = 2.15> <CoreInst = "DSP48">   --->   Core 119 'DSP48' <Latency = 3> <II = 1> <Delay = 2.15> <IPBlock> <Opcode : 'mul' 'add' 'sub' 'select'> <InPorts = 0> <OutPorts = 1> <Sync> <CReg>

State 6 <SV = 5> <Delay = 0.00>
ST_6 : Operation 92 [1/4] (0.00ns) (root node of the DSP)   --->   "%mul_ln1171 = mul i32 %sext_ln1171, i32 %sext_ln1169"   --->   Operation 92 'mul' 'mul_ln1171' <Predicate = (!icmp_ln52)> <Delay = 0.00> <CoreInst = "DSP48">   --->   Core 119 'DSP48' <Latency = 3> <II = 1> <Delay = 2.15> <IPBlock> <Opcode : 'mul' 'add' 'sub' 'select'> <InPorts = 0> <OutPorts = 1> <Sync> <CReg>
ST_6 : Operation 93 [1/4] (0.00ns) (root node of the DSP)   --->   "%mul_ln1171_1 = mul i32 %sext_ln1171_1, i32 %sext_ln1169_1"   --->   Operation 93 'mul' 'mul_ln1171_1' <Predicate = (!icmp_ln52 & !icmp_ln52_1)> <Delay = 0.00> <CoreInst = "DSP48">   --->   Core 119 'DSP48' <Latency = 3> <II = 1> <Delay = 2.15> <IPBlock> <Opcode : 'mul' 'add' 'sub' 'select'> <InPorts = 0> <OutPorts = 1> <Sync> <CReg>
ST_6 : Operation 94 [1/4] (0.00ns) (root node of the DSP)   --->   "%mul_ln1171_2 = mul i32 %sext_ln1171_2, i32 %sext_ln1169_2"   --->   Operation 94 'mul' 'mul_ln1171_2' <Predicate = (!icmp_ln52 & !icmp_ln52_1 & !icmp_ln52_2)> <Delay = 0.00> <CoreInst = "DSP48">   --->   Core 119 'DSP48' <Latency = 3> <II = 1> <Delay = 2.15> <IPBlock> <Opcode : 'mul' 'add' 'sub' 'select'> <InPorts = 0> <OutPorts = 1> <Sync> <CReg>
ST_6 : Operation 95 [1/4] (0.00ns) (root node of the DSP)   --->   "%mul_ln1171_3 = mul i32 %sext_ln1171_3, i32 %sext_ln1169_3"   --->   Operation 95 'mul' 'mul_ln1171_3' <Predicate = (!icmp_ln52 & !icmp_ln52_1 & !icmp_ln52_2 & !icmp_ln52_3)> <Delay = 0.00> <CoreInst = "DSP48">   --->   Core 119 'DSP48' <Latency = 3> <II = 1> <Delay = 2.15> <IPBlock> <Opcode : 'mul' 'add' 'sub' 'select'> <InPorts = 0> <OutPorts = 1> <Sync> <CReg>

State 7 <SV = 6> <Delay = 18.1>
ST_7 : Operation 96 [1/1] (0.00ns)   --->   "%acc_V_0_load = load i38 %acc_V_0"   --->   Operation 96 'load' 'acc_V_0_load' <Predicate = (!icmp_ln52)> <Delay = 0.00>
ST_7 : Operation 97 [1/1] (0.00ns)   --->   "%specpipeline_ln50 = specpipeline void @_ssdm_op_SpecPipeline, i32 1, i32 0, i32 0, i32 0, void @empty_0" [../matVecMul.cpp:50]   --->   Operation 97 'specpipeline' 'specpipeline_ln50' <Predicate = (!icmp_ln52)> <Delay = 0.00>
ST_7 : Operation 98 [1/1] (0.00ns)   --->   "%specloopname_ln50 = specloopname void @_ssdm_op_SpecLoopName, void @empty_15" [../matVecMul.cpp:50]   --->   Operation 98 'specloopname' 'specloopname_ln50' <Predicate = (!icmp_ln52)> <Delay = 0.00>
ST_7 : Operation 99 [1/1] (0.00ns)   --->   "%sext_ln712 = sext i38 %acc_V_0_load"   --->   Operation 99 'sext' 'sext_ln712' <Predicate = (!icmp_ln52)> <Delay = 0.00>
ST_7 : Operation 100 [1/1] (0.00ns)   --->   "%sext_ln712_1 = sext i32 %mul_ln1171"   --->   Operation 100 'sext' 'sext_ln712_1' <Predicate = (!icmp_ln52)> <Delay = 0.00>
ST_7 : Operation 101 [1/1] (0.00ns)   --->   "%sext_ln1245 = sext i32 %mul_ln1171"   --->   Operation 101 'sext' 'sext_ln1245' <Predicate = (!icmp_ln52)> <Delay = 0.00>
ST_7 : Operation 102 [1/1] (2.79ns)   --->   "%add_ln1245 = add i39 %sext_ln712, i39 %sext_ln712_1"   --->   Operation 102 'add' 'add_ln1245' <Predicate = (!icmp_ln52)> <Delay = 2.79> <CoreInst = "Adder">   --->   Core 1 'Adder' <Latency = 0> <II = 1> <Delay = 3.52> <FuncUnit> <Opcode : 'add' 'sub'> <InPorts = 2> <OutPorts = 1>
ST_7 : Operation 103 [1/1] (0.00ns)   --->   "%tmp = bitselect i1 @_ssdm_op_BitSelect.i1.i39.i32, i39 %add_ln1245, i32 38"   --->   Operation 103 'bitselect' 'tmp' <Predicate = (!icmp_ln52)> <Delay = 0.00>
ST_7 : Operation 104 [1/1] (2.79ns)   --->   "%add_ln712 = add i38 %acc_V_0_load, i38 %sext_ln1245"   --->   Operation 104 'add' 'add_ln712' <Predicate = (!icmp_ln52)> <Delay = 2.79> <CoreInst = "Adder">   --->   Core 1 'Adder' <Latency = 0> <II = 1> <Delay = 3.52> <FuncUnit> <Opcode : 'add' 'sub'> <InPorts = 2> <OutPorts = 1>
ST_7 : Operation 105 [1/1] (0.00ns)   --->   "%tmp_1 = bitselect i1 @_ssdm_op_BitSelect.i1.i38.i32, i38 %add_ln712, i32 37"   --->   Operation 105 'bitselect' 'tmp_1' <Predicate = (!icmp_ln52)> <Delay = 0.00>
ST_7 : Operation 106 [1/1] (0.00ns) (grouped into LUT with out node select_ln340)   --->   "%xor_ln794 = xor i1 %tmp, i1 1"   --->   Operation 106 'xor' 'xor_ln794' <Predicate = (!icmp_ln52)> <Delay = 0.00> <CoreInst = "LogicGate">   --->   Core 74 'LogicGate' <Latency = 0> <II = 1> <Delay = 0.97> <FuncUnit> <Opcode : 'and' 'or' 'xor'> <InPorts = 2> <OutPorts = 1>
ST_7 : Operation 107 [1/1] (0.00ns) (grouped into LUT with out node select_ln340)   --->   "%and_ln794 = and i1 %tmp_1, i1 %xor_ln794"   --->   Operation 107 'and' 'and_ln794' <Predicate = (!icmp_ln52)> <Delay = 0.00> <CoreInst = "LogicGate">   --->   Core 74 'LogicGate' <Latency = 0> <II = 1> <Delay = 0.97> <FuncUnit> <Opcode : 'and' 'or' 'xor'> <InPorts = 2> <OutPorts = 1>
ST_7 : Operation 108 [1/1] (0.00ns) (grouped into LUT with out node select_ln340)   --->   "%xor_ln340 = xor i1 %tmp, i1 %tmp_1"   --->   Operation 108 'xor' 'xor_ln340' <Predicate = (!icmp_ln52)> <Delay = 0.00> <CoreInst = "LogicGate">   --->   Core 74 'LogicGate' <Latency = 0> <II = 1> <Delay = 0.97> <FuncUnit> <Opcode : 'and' 'or' 'xor'> <InPorts = 2> <OutPorts = 1>
ST_7 : Operation 109 [1/1] (0.00ns) (grouped into LUT with out node select_ln340)   --->   "%select_ln384 = select i1 %and_ln794, i38 137438953471, i38 137438953472"   --->   Operation 109 'select' 'select_ln384' <Predicate = (!icmp_ln52)> <Delay = 0.00> <CoreInst = "Sel">   --->   Core 73 'Sel' <Latency = 0> <II = 1> <Delay = 1.34> <FuncUnit> <Opcode : 'select'> <InPorts = 3> <OutPorts = 1>
ST_7 : Operation 110 [1/1] (1.34ns) (out node of the LUT)   --->   "%select_ln340 = select i1 %xor_ln340, i38 %select_ln384, i38 %add_ln712"   --->   Operation 110 'select' 'select_ln340' <Predicate = (!icmp_ln52)> <Delay = 1.34> <CoreInst = "Sel">   --->   Core 73 'Sel' <Latency = 0> <II = 1> <Delay = 1.34> <FuncUnit> <Opcode : 'select'> <InPorts = 3> <OutPorts = 1>
ST_7 : Operation 111 [1/1] (0.00ns)   --->   "%sext_ln712_2 = sext i38 %select_ln340"   --->   Operation 111 'sext' 'sext_ln712_2' <Predicate = (!icmp_ln52 & !icmp_ln52_1)> <Delay = 0.00>
ST_7 : Operation 112 [1/1] (0.00ns)   --->   "%sext_ln712_3 = sext i32 %mul_ln1171_1"   --->   Operation 112 'sext' 'sext_ln712_3' <Predicate = (!icmp_ln52 & !icmp_ln52_1)> <Delay = 0.00>
ST_7 : Operation 113 [1/1] (0.00ns)   --->   "%sext_ln1245_1 = sext i32 %mul_ln1171_1"   --->   Operation 113 'sext' 'sext_ln1245_1' <Predicate = (!icmp_ln52 & !icmp_ln52_1)> <Delay = 0.00>
ST_7 : Operation 114 [1/1] (2.79ns)   --->   "%add_ln1245_1 = add i39 %sext_ln712_2, i39 %sext_ln712_3"   --->   Operation 114 'add' 'add_ln1245_1' <Predicate = (!icmp_ln52 & !icmp_ln52_1)> <Delay = 2.79> <CoreInst = "Adder">   --->   Core 1 'Adder' <Latency = 0> <II = 1> <Delay = 3.52> <FuncUnit> <Opcode : 'add' 'sub'> <InPorts = 2> <OutPorts = 1>
ST_7 : Operation 115 [1/1] (0.00ns)   --->   "%tmp_2 = bitselect i1 @_ssdm_op_BitSelect.i1.i39.i32, i39 %add_ln1245_1, i32 38"   --->   Operation 115 'bitselect' 'tmp_2' <Predicate = (!icmp_ln52 & !icmp_ln52_1)> <Delay = 0.00>
ST_7 : Operation 116 [1/1] (2.79ns)   --->   "%add_ln712_1 = add i38 %select_ln340, i38 %sext_ln1245_1"   --->   Operation 116 'add' 'add_ln712_1' <Predicate = (!icmp_ln52 & !icmp_ln52_1)> <Delay = 2.79> <CoreInst = "Adder">   --->   Core 1 'Adder' <Latency = 0> <II = 1> <Delay = 3.52> <FuncUnit> <Opcode : 'add' 'sub'> <InPorts = 2> <OutPorts = 1>
ST_7 : Operation 117 [1/1] (0.00ns)   --->   "%tmp_3 = bitselect i1 @_ssdm_op_BitSelect.i1.i38.i32, i38 %add_ln712_1, i32 37"   --->   Operation 117 'bitselect' 'tmp_3' <Predicate = (!icmp_ln52 & !icmp_ln52_1)> <Delay = 0.00>
ST_7 : Operation 118 [1/1] (0.00ns) (grouped into LUT with out node select_ln340_1)   --->   "%xor_ln794_1 = xor i1 %tmp_2, i1 1"   --->   Operation 118 'xor' 'xor_ln794_1' <Predicate = (!icmp_ln52 & !icmp_ln52_1)> <Delay = 0.00> <CoreInst = "LogicGate">   --->   Core 74 'LogicGate' <Latency = 0> <II = 1> <Delay = 0.97> <FuncUnit> <Opcode : 'and' 'or' 'xor'> <InPorts = 2> <OutPorts = 1>
ST_7 : Operation 119 [1/1] (0.00ns) (grouped into LUT with out node select_ln340_1)   --->   "%and_ln794_1 = and i1 %tmp_3, i1 %xor_ln794_1"   --->   Operation 119 'and' 'and_ln794_1' <Predicate = (!icmp_ln52 & !icmp_ln52_1)> <Delay = 0.00> <CoreInst = "LogicGate">   --->   Core 74 'LogicGate' <Latency = 0> <II = 1> <Delay = 0.97> <FuncUnit> <Opcode : 'and' 'or' 'xor'> <InPorts = 2> <OutPorts = 1>
ST_7 : Operation 120 [1/1] (0.00ns) (grouped into LUT with out node select_ln340_1)   --->   "%xor_ln340_1 = xor i1 %tmp_2, i1 %tmp_3"   --->   Operation 120 'xor' 'xor_ln340_1' <Predicate = (!icmp_ln52 & !icmp_ln52_1)> <Delay = 0.00> <CoreInst = "LogicGate">   --->   Core 74 'LogicGate' <Latency = 0> <II = 1> <Delay = 0.97> <FuncUnit> <Opcode : 'and' 'or' 'xor'> <InPorts = 2> <OutPorts = 1>
ST_7 : Operation 121 [1/1] (0.00ns) (grouped into LUT with out node select_ln340_1)   --->   "%select_ln384_1 = select i1 %and_ln794_1, i38 137438953471, i38 137438953472"   --->   Operation 121 'select' 'select_ln384_1' <Predicate = (!icmp_ln52 & !icmp_ln52_1)> <Delay = 0.00> <CoreInst = "Sel">   --->   Core 73 'Sel' <Latency = 0> <II = 1> <Delay = 1.34> <FuncUnit> <Opcode : 'select'> <InPorts = 3> <OutPorts = 1>
ST_7 : Operation 122 [1/1] (1.34ns) (out node of the LUT)   --->   "%select_ln340_1 = select i1 %xor_ln340_1, i38 %select_ln384_1, i38 %add_ln712_1"   --->   Operation 122 'select' 'select_ln340_1' <Predicate = (!icmp_ln52 & !icmp_ln52_1)> <Delay = 1.34> <CoreInst = "Sel">   --->   Core 73 'Sel' <Latency = 0> <II = 1> <Delay = 1.34> <FuncUnit> <Opcode : 'select'> <InPorts = 3> <OutPorts = 1>
ST_7 : Operation 123 [1/1] (0.00ns)   --->   "%sext_ln712_4 = sext i38 %select_ln340_1"   --->   Operation 123 'sext' 'sext_ln712_4' <Predicate = (!icmp_ln52 & !icmp_ln52_1 & !icmp_ln52_2)> <Delay = 0.00>
ST_7 : Operation 124 [1/1] (0.00ns)   --->   "%sext_ln712_5 = sext i32 %mul_ln1171_2"   --->   Operation 124 'sext' 'sext_ln712_5' <Predicate = (!icmp_ln52 & !icmp_ln52_1 & !icmp_ln52_2)> <Delay = 0.00>
ST_7 : Operation 125 [1/1] (0.00ns)   --->   "%sext_ln1245_2 = sext i32 %mul_ln1171_2"   --->   Operation 125 'sext' 'sext_ln1245_2' <Predicate = (!icmp_ln52 & !icmp_ln52_1 & !icmp_ln52_2)> <Delay = 0.00>
ST_7 : Operation 126 [1/1] (2.79ns)   --->   "%add_ln1245_2 = add i39 %sext_ln712_4, i39 %sext_ln712_5"   --->   Operation 126 'add' 'add_ln1245_2' <Predicate = (!icmp_ln52 & !icmp_ln52_1 & !icmp_ln52_2)> <Delay = 2.79> <CoreInst = "Adder">   --->   Core 1 'Adder' <Latency = 0> <II = 1> <Delay = 3.52> <FuncUnit> <Opcode : 'add' 'sub'> <InPorts = 2> <OutPorts = 1>
ST_7 : Operation 127 [1/1] (0.00ns)   --->   "%tmp_4 = bitselect i1 @_ssdm_op_BitSelect.i1.i39.i32, i39 %add_ln1245_2, i32 38"   --->   Operation 127 'bitselect' 'tmp_4' <Predicate = (!icmp_ln52 & !icmp_ln52_1 & !icmp_ln52_2)> <Delay = 0.00>
ST_7 : Operation 128 [1/1] (2.79ns)   --->   "%add_ln712_2 = add i38 %select_ln340_1, i38 %sext_ln1245_2"   --->   Operation 128 'add' 'add_ln712_2' <Predicate = (!icmp_ln52 & !icmp_ln52_1 & !icmp_ln52_2)> <Delay = 2.79> <CoreInst = "Adder">   --->   Core 1 'Adder' <Latency = 0> <II = 1> <Delay = 3.52> <FuncUnit> <Opcode : 'add' 'sub'> <InPorts = 2> <OutPorts = 1>
ST_7 : Operation 129 [1/1] (0.00ns)   --->   "%tmp_5 = bitselect i1 @_ssdm_op_BitSelect.i1.i38.i32, i38 %add_ln712_2, i32 37"   --->   Operation 129 'bitselect' 'tmp_5' <Predicate = (!icmp_ln52 & !icmp_ln52_1 & !icmp_ln52_2)> <Delay = 0.00>
ST_7 : Operation 130 [1/1] (0.00ns) (grouped into LUT with out node select_ln340_2)   --->   "%xor_ln794_2 = xor i1 %tmp_4, i1 1"   --->   Operation 130 'xor' 'xor_ln794_2' <Predicate = (!icmp_ln52 & !icmp_ln52_1 & !icmp_ln52_2)> <Delay = 0.00> <CoreInst = "LogicGate">   --->   Core 74 'LogicGate' <Latency = 0> <II = 1> <Delay = 0.97> <FuncUnit> <Opcode : 'and' 'or' 'xor'> <InPorts = 2> <OutPorts = 1>
ST_7 : Operation 131 [1/1] (0.00ns) (grouped into LUT with out node select_ln340_2)   --->   "%and_ln794_2 = and i1 %tmp_5, i1 %xor_ln794_2"   --->   Operation 131 'and' 'and_ln794_2' <Predicate = (!icmp_ln52 & !icmp_ln52_1 & !icmp_ln52_2)> <Delay = 0.00> <CoreInst = "LogicGate">   --->   Core 74 'LogicGate' <Latency = 0> <II = 1> <Delay = 0.97> <FuncUnit> <Opcode : 'and' 'or' 'xor'> <InPorts = 2> <OutPorts = 1>
ST_7 : Operation 132 [1/1] (0.00ns) (grouped into LUT with out node select_ln340_2)   --->   "%xor_ln340_2 = xor i1 %tmp_4, i1 %tmp_5"   --->   Operation 132 'xor' 'xor_ln340_2' <Predicate = (!icmp_ln52 & !icmp_ln52_1 & !icmp_ln52_2)> <Delay = 0.00> <CoreInst = "LogicGate">   --->   Core 74 'LogicGate' <Latency = 0> <II = 1> <Delay = 0.97> <FuncUnit> <Opcode : 'and' 'or' 'xor'> <InPorts = 2> <OutPorts = 1>
ST_7 : Operation 133 [1/1] (0.00ns) (grouped into LUT with out node select_ln340_2)   --->   "%select_ln384_2 = select i1 %and_ln794_2, i38 137438953471, i38 137438953472"   --->   Operation 133 'select' 'select_ln384_2' <Predicate = (!icmp_ln52 & !icmp_ln52_1 & !icmp_ln52_2)> <Delay = 0.00> <CoreInst = "Sel">   --->   Core 73 'Sel' <Latency = 0> <II = 1> <Delay = 1.34> <FuncUnit> <Opcode : 'select'> <InPorts = 3> <OutPorts = 1>
ST_7 : Operation 134 [1/1] (1.34ns) (out node of the LUT)   --->   "%select_ln340_2 = select i1 %xor_ln340_2, i38 %select_ln384_2, i38 %add_ln712_2"   --->   Operation 134 'select' 'select_ln340_2' <Predicate = (!icmp_ln52 & !icmp_ln52_1 & !icmp_ln52_2)> <Delay = 1.34> <CoreInst = "Sel">   --->   Core 73 'Sel' <Latency = 0> <II = 1> <Delay = 1.34> <FuncUnit> <Opcode : 'select'> <InPorts = 3> <OutPorts = 1>
ST_7 : Operation 135 [1/1] (0.00ns)   --->   "%sext_ln712_6 = sext i38 %select_ln340_2"   --->   Operation 135 'sext' 'sext_ln712_6' <Predicate = (!icmp_ln52 & !icmp_ln52_1 & !icmp_ln52_2 & !icmp_ln52_3)> <Delay = 0.00>
ST_7 : Operation 136 [1/1] (0.00ns)   --->   "%sext_ln712_7 = sext i32 %mul_ln1171_3"   --->   Operation 136 'sext' 'sext_ln712_7' <Predicate = (!icmp_ln52 & !icmp_ln52_1 & !icmp_ln52_2 & !icmp_ln52_3)> <Delay = 0.00>
ST_7 : Operation 137 [1/1] (0.00ns)   --->   "%sext_ln1245_3 = sext i32 %mul_ln1171_3"   --->   Operation 137 'sext' 'sext_ln1245_3' <Predicate = (!icmp_ln52 & !icmp_ln52_1 & !icmp_ln52_2 & !icmp_ln52_3)> <Delay = 0.00>
ST_7 : Operation 138 [1/1] (2.79ns)   --->   "%add_ln1245_3 = add i39 %sext_ln712_6, i39 %sext_ln712_7"   --->   Operation 138 'add' 'add_ln1245_3' <Predicate = (!icmp_ln52 & !icmp_ln52_1 & !icmp_ln52_2 & !icmp_ln52_3)> <Delay = 2.79> <CoreInst = "Adder">   --->   Core 1 'Adder' <Latency = 0> <II = 1> <Delay = 3.52> <FuncUnit> <Opcode : 'add' 'sub'> <InPorts = 2> <OutPorts = 1>
ST_7 : Operation 139 [1/1] (0.00ns)   --->   "%tmp_6 = bitselect i1 @_ssdm_op_BitSelect.i1.i39.i32, i39 %add_ln1245_3, i32 38"   --->   Operation 139 'bitselect' 'tmp_6' <Predicate = (!icmp_ln52 & !icmp_ln52_1 & !icmp_ln52_2 & !icmp_ln52_3)> <Delay = 0.00>
ST_7 : Operation 140 [1/1] (2.79ns)   --->   "%add_ln712_3 = add i38 %select_ln340_2, i38 %sext_ln1245_3"   --->   Operation 140 'add' 'add_ln712_3' <Predicate = (!icmp_ln52 & !icmp_ln52_1 & !icmp_ln52_2 & !icmp_ln52_3)> <Delay = 2.79> <CoreInst = "Adder">   --->   Core 1 'Adder' <Latency = 0> <II = 1> <Delay = 3.52> <FuncUnit> <Opcode : 'add' 'sub'> <InPorts = 2> <OutPorts = 1>
ST_7 : Operation 141 [1/1] (0.00ns)   --->   "%tmp_8 = bitselect i1 @_ssdm_op_BitSelect.i1.i38.i32, i38 %add_ln712_3, i32 37"   --->   Operation 141 'bitselect' 'tmp_8' <Predicate = (!icmp_ln52 & !icmp_ln52_1 & !icmp_ln52_2 & !icmp_ln52_3)> <Delay = 0.00>
ST_7 : Operation 142 [1/1] (0.00ns) (grouped into LUT with out node select_ln340_3)   --->   "%xor_ln794_3 = xor i1 %tmp_6, i1 1"   --->   Operation 142 'xor' 'xor_ln794_3' <Predicate = (!icmp_ln52 & !icmp_ln52_1 & !icmp_ln52_2 & !icmp_ln52_3)> <Delay = 0.00> <CoreInst = "LogicGate">   --->   Core 74 'LogicGate' <Latency = 0> <II = 1> <Delay = 0.97> <FuncUnit> <Opcode : 'and' 'or' 'xor'> <InPorts = 2> <OutPorts = 1>
ST_7 : Operation 143 [1/1] (0.00ns) (grouped into LUT with out node select_ln340_3)   --->   "%and_ln794_3 = and i1 %tmp_8, i1 %xor_ln794_3"   --->   Operation 143 'and' 'and_ln794_3' <Predicate = (!icmp_ln52 & !icmp_ln52_1 & !icmp_ln52_2 & !icmp_ln52_3)> <Delay = 0.00> <CoreInst = "LogicGate">   --->   Core 74 'LogicGate' <Latency = 0> <II = 1> <Delay = 0.97> <FuncUnit> <Opcode : 'and' 'or' 'xor'> <InPorts = 2> <OutPorts = 1>
ST_7 : Operation 144 [1/1] (0.00ns) (grouped into LUT with out node select_ln340_3)   --->   "%xor_ln340_3 = xor i1 %tmp_6, i1 %tmp_8"   --->   Operation 144 'xor' 'xor_ln340_3' <Predicate = (!icmp_ln52 & !icmp_ln52_1 & !icmp_ln52_2 & !icmp_ln52_3)> <Delay = 0.00> <CoreInst = "LogicGate">   --->   Core 74 'LogicGate' <Latency = 0> <II = 1> <Delay = 0.97> <FuncUnit> <Opcode : 'and' 'or' 'xor'> <InPorts = 2> <OutPorts = 1>
ST_7 : Operation 145 [1/1] (0.00ns) (grouped into LUT with out node select_ln340_3)   --->   "%select_ln384_3 = select i1 %and_ln794_3, i38 137438953471, i38 137438953472"   --->   Operation 145 'select' 'select_ln384_3' <Predicate = (!icmp_ln52 & !icmp_ln52_1 & !icmp_ln52_2 & !icmp_ln52_3)> <Delay = 0.00> <CoreInst = "Sel">   --->   Core 73 'Sel' <Latency = 0> <II = 1> <Delay = 1.34> <FuncUnit> <Opcode : 'select'> <InPorts = 3> <OutPorts = 1>
ST_7 : Operation 146 [1/1] (1.34ns) (out node of the LUT)   --->   "%select_ln340_3 = select i1 %xor_ln340_3, i38 %select_ln384_3, i38 %add_ln712_3"   --->   Operation 146 'select' 'select_ln340_3' <Predicate = (!icmp_ln52 & !icmp_ln52_1 & !icmp_ln52_2 & !icmp_ln52_3)> <Delay = 1.34> <CoreInst = "Sel">   --->   Core 73 'Sel' <Latency = 0> <II = 1> <Delay = 1.34> <FuncUnit> <Opcode : 'select'> <InPorts = 3> <OutPorts = 1>
ST_7 : Operation 147 [1/1] (1.58ns)   --->   "%store_ln340 = store i38 %select_ln340_3, i38 %acc_V_0"   --->   Operation 147 'store' 'store_ln340' <Predicate = (!icmp_ln52 & !icmp_ln52_1 & !icmp_ln52_2 & !icmp_ln52_3)> <Delay = 1.58>
ST_7 : Operation 148 [1/1] (0.00ns)   --->   "%br_ln0 = br void %_ZN13ap_fixed_baseILi39ELi23ELb1EL9ap_q_mode5EL9ap_o_mode3ELi0EEC2ILi38ELi22ELb1ELS0_0ELS1_0ELi0EEERKS_IXT_EXT0_EXT1_EXT2_EXT3_EXT4_EE.exit.i.i.0"   --->   Operation 148 'br' 'br_ln0' <Predicate = (!icmp_ln52 & !icmp_ln52_1 & !icmp_ln52_2 & !icmp_ln52_3)> <Delay = 0.00>

State 8 <SV = 7> <Delay = 1.82>
ST_8 : Operation 149 [1/1] (0.00ns)   --->   "%acc_V_0_load21 = load i38 %acc_V_0"   --->   Operation 149 'load' 'acc_V_0_load21' <Predicate = (!icmp_ln52 & !icmp_ln52_1 & !icmp_ln52_2)> <Delay = 0.00>
ST_8 : Operation 150 [1/1] (0.00ns)   --->   "%write_ln0 = write void @_ssdm_op_Write.ap_auto.i38P0A, i38 %acc_V_0_out, i38 %acc_V_0_load21"   --->   Operation 150 'write' 'write_ln0' <Predicate = (!icmp_ln52 & !icmp_ln52_1 & !icmp_ln52_2)> <Delay = 0.00>
ST_8 : Operation 151 [1/1] (0.00ns)   --->   "%write_ln340 = write void @_ssdm_op_Write.ap_auto.i38P0A, i38 %select_ln340_2_out, i38 %select_ln340_2"   --->   Operation 151 'write' 'write_ln340' <Predicate = (!icmp_ln52 & !icmp_ln52_1 & !icmp_ln52_2)> <Delay = 0.00>
ST_8 : Operation 152 [1/1] (0.00ns)   --->   "%write_ln340 = write void @_ssdm_op_Write.ap_auto.i38P0A, i38 %select_ln340_1_out, i38 %select_ln340_1"   --->   Operation 152 'write' 'write_ln340' <Predicate = (!icmp_ln52 & !icmp_ln52_1 & !icmp_ln52_2)> <Delay = 0.00>
ST_8 : Operation 153 [1/1] (0.00ns)   --->   "%write_ln340 = write void @_ssdm_op_Write.ap_auto.i38P0A, i38 %select_ln340_out, i38 %select_ln340"   --->   Operation 153 'write' 'write_ln340' <Predicate = (!icmp_ln52 & !icmp_ln52_1 & !icmp_ln52_2)> <Delay = 0.00>
ST_8 : Operation 154 [1/1] (1.82ns)   --->   "%br_ln0 = br void %UnifiedReturnBlock"   --->   Operation 154 'br' 'br_ln0' <Predicate = (!icmp_ln52 & !icmp_ln52_1 & !icmp_ln52_2)> <Delay = 1.82>
ST_8 : Operation 155 [1/1] (0.00ns)   --->   "%acc_V_0_load_2 = load i38 %acc_V_0"   --->   Operation 155 'load' 'acc_V_0_load_2' <Predicate = (!icmp_ln52 & !icmp_ln52_1 & icmp_ln52_2)> <Delay = 0.00>
ST_8 : Operation 156 [1/1] (0.00ns)   --->   "%write_ln0 = write void @_ssdm_op_Write.ap_auto.i38P0A, i38 %acc_V_0_out, i38 %acc_V_0_load_2"   --->   Operation 156 'write' 'write_ln0' <Predicate = (!icmp_ln52 & !icmp_ln52_1 & icmp_ln52_2)> <Delay = 0.00>
ST_8 : Operation 157 [1/1] (0.00ns)   --->   "%write_ln340 = write void @_ssdm_op_Write.ap_auto.i38P0A, i38 %select_ln340_1_out, i38 %select_ln340_1"   --->   Operation 157 'write' 'write_ln340' <Predicate = (!icmp_ln52 & !icmp_ln52_1 & icmp_ln52_2)> <Delay = 0.00>
ST_8 : Operation 158 [1/1] (0.00ns)   --->   "%write_ln340 = write void @_ssdm_op_Write.ap_auto.i38P0A, i38 %select_ln340_out, i38 %select_ln340"   --->   Operation 158 'write' 'write_ln340' <Predicate = (!icmp_ln52 & !icmp_ln52_1 & icmp_ln52_2)> <Delay = 0.00>
ST_8 : Operation 159 [1/1] (1.82ns)   --->   "%br_ln0 = br void %UnifiedReturnBlock"   --->   Operation 159 'br' 'br_ln0' <Predicate = (!icmp_ln52 & !icmp_ln52_1 & icmp_ln52_2)> <Delay = 1.82>
ST_8 : Operation 160 [1/1] (0.00ns)   --->   "%write_ln712 = write void @_ssdm_op_Write.ap_auto.i38P0A, i38 %acc_V_0_out, i38 %acc_V_0_load"   --->   Operation 160 'write' 'write_ln712' <Predicate = (!icmp_ln52 & icmp_ln52_1)> <Delay = 0.00>
ST_8 : Operation 161 [1/1] (0.00ns)   --->   "%write_ln340 = write void @_ssdm_op_Write.ap_auto.i38P0A, i38 %select_ln340_out, i38 %select_ln340"   --->   Operation 161 'write' 'write_ln340' <Predicate = (!icmp_ln52 & icmp_ln52_1)> <Delay = 0.00>
ST_8 : Operation 162 [1/1] (1.82ns)   --->   "%br_ln0 = br void %UnifiedReturnBlock"   --->   Operation 162 'br' 'br_ln0' <Predicate = (!icmp_ln52 & icmp_ln52_1)> <Delay = 1.82>
ST_8 : Operation 163 [1/1] (0.00ns)   --->   "%UnifiedRetVal = phi i2 0, void %_ZN13ap_fixed_baseILi39ELi23ELb1EL9ap_q_mode5EL9ap_o_mode3ELi0EEC2ILi38ELi22ELb1ELS0_0ELS1_0ELi0EEERKS_IXT_EXT0_EXT1_EXT2_EXT3_EXT4_EE.exit.i.i.0.._crit_edge213.loopexit_ifconv_crit_edge.exitStub, i2 1, void %_ZN13ap_fixed_baseILi39ELi23ELb1EL9ap_q_mode5EL9ap_o_mode3ELi0EEC2ILi38ELi22ELb1ELS0_0ELS1_0ELi0EEERKS_IXT_EXT0_EXT1_EXT2_EXT3_EXT4_EE.exit.i.i.split.2.._crit_edge213.loopexit_ifconv_crit_edge.exitStub, i2 2, void %_ZN13ap_fixed_baseILi39ELi23ELb1EL9ap_q_mode5EL9ap_o_mode3ELi0EEC2ILi38ELi22ELb1ELS0_0ELS1_0ELi0EEERKS_IXT_EXT0_EXT1_EXT2_EXT3_EXT4_EE.exit.i.i.split.1.._crit_edge213.loopexit_ifconv_crit_edge.exitStub, i2 3, void %_ZN13ap_fixed_baseILi39ELi23ELb1EL9ap_q_mode5EL9ap_o_mode3ELi0EEC2ILi38ELi22ELb1ELS0_0ELS1_0ELi0EEERKS_IXT_EXT0_EXT1_EXT2_EXT3_EXT4_EE.exit.i.i.split.0.._crit_edge213.loopexit_ifconv_crit_edge.exitStub"   --->   Operation 163 'phi' 'UnifiedRetVal' <Predicate = true> <Delay = 0.00>
ST_8 : Operation 164 [1/1] (0.00ns)   --->   "%ret_ln0 = ret i2 %UnifiedRetVal"   --->   Operation 164 'ret' 'ret_ln0' <Predicate = true> <Delay = 0.00>

State 9 <SV = 2> <Delay = 1.82>
ST_9 : Operation 165 [1/1] (0.00ns)   --->   "%acc_V_0_load_1 = load i38 %acc_V_0"   --->   Operation 165 'load' 'acc_V_0_load_1' <Predicate = true> <Delay = 0.00>
ST_9 : Operation 166 [1/1] (0.00ns)   --->   "%write_ln0 = write void @_ssdm_op_Write.ap_auto.i38P0A, i38 %acc_V_0_out, i38 %acc_V_0_load_1"   --->   Operation 166 'write' 'write_ln0' <Predicate = true> <Delay = 0.00>
ST_9 : Operation 167 [1/1] (1.82ns)   --->   "%br_ln0 = br void %UnifiedReturnBlock"   --->   Operation 167 'br' 'br_ln0' <Predicate = true> <Delay = 1.82>


============================================================
+ Verbose Summary: Timing violations
============================================================
Target clock period: 10ns, clock uncertainty: 2.7ns.

 <State 1>: 1.59ns
The critical path consists of the following:
	'alloca' operation ('l_0') [16]  (0 ns)
	'store' operation ('store_ln0') of constant 0 on local variable 'l_0' [28]  (1.59 ns)

 <State 2>: 5.34ns
The critical path consists of the following:
	'load' operation ('l_0_load', ../matVecMul.cpp:52) on local variable 'l_0' [32]  (0 ns)
	'add' operation ('add_ln52', ../matVecMul.cpp:52) [135]  (3.52 ns)
	'store' operation ('store_ln52', ../matVecMul.cpp:52) of variable 'add_ln52', ../matVecMul.cpp:52 on local variable 'l_0' [136]  (1.59 ns)
	blocking operation 0.234 ns on control path)

 <State 3>: 5.4ns
The critical path consists of the following:
	'load' operation ('A_1_load') on array 'A_1' [73]  (3.25 ns)
	'mul' operation of DSP[78] ('mul_ln1171_1') [78]  (2.15 ns)

 <State 4>: 2.15ns
The critical path consists of the following:
	'mul' operation of DSP[78] ('mul_ln1171_1') [78]  (2.15 ns)

 <State 5>: 2.15ns
The critical path consists of the following:
	'mul' operation of DSP[78] ('mul_ln1171_1') [78]  (2.15 ns)

 <State 6>: 0ns
The critical path consists of the following:

 <State 7>: 18.2ns
The critical path consists of the following:
	'load' operation ('acc_V_0_load') on local variable 'acc_V_0' [37]  (0 ns)
	'add' operation ('add_ln712') [62]  (2.8 ns)
	'select' operation ('select_ln340') [68]  (1.35 ns)
	'add' operation ('add_ln712_1') [84]  (2.8 ns)
	'select' operation ('select_ln340_1') [90]  (1.35 ns)
	'add' operation ('add_ln712_2') [106]  (2.8 ns)
	'select' operation ('select_ln340_2') [112]  (1.35 ns)
	'add' operation ('add_ln712_3') [128]  (2.8 ns)
	'select' operation ('select_ln340_3') [134]  (1.35 ns)
	'store' operation ('store_ln340') of variable 'select_ln340_3' on local variable 'acc_V_0' [137]  (1.59 ns)

 <State 8>: 1.83ns
The critical path consists of the following:
	multiplexor before 'phi' operation ('UnifiedRetVal') [161]  (1.83 ns)
	'phi' operation ('UnifiedRetVal') [161]  (0 ns)

 <State 9>: 1.83ns
The critical path consists of the following:
	multiplexor before 'phi' operation ('UnifiedRetVal') [161]  (1.83 ns)


============================================================
+ Verbose Summary: Binding
============================================================
N/A
* FSMD analyzer results:
  - Output states:
 - Input state : 
  - Chain level:
	State 1
	State 2
	State 3
	State 4
	State 5
	State 6
	State 7
	State 8
	State 9


============================================================
+ Verbose Summary: Datapath Resource usage 
============================================================
N/A
