

================================================================
== Vitis HLS Report for 'matVecMul_Pipeline_sample_loop'
================================================================
* Date:           Fri Jan  1 00:00:14 2021

* Version:        2021.1 (Build 3247384 on Thu Jun 10 19:36:07 MDT 2021)
* Project:        matVecMul_stream_prj
* Solution:       solution_chocolate (Vivado IP Flow Target)
* Product family: zynq
* Target device:  xc7z020-clg400-1


================================================================
== Performance Estimates
================================================================
+ Timing: 
    * Summary: 
    +--------+----------+----------+------------+
    |  Clock |  Target  | Estimated| Uncertainty|
    +--------+----------+----------+------------+
    |ap_clk  |  10.00 ns|  4.795 ns|     2.70 ns|
    +--------+----------+----------+------------+

+ Latency: 
    * Summary: 
    +---------+---------+----------+----------+-----+-----+---------+
    |  Latency (cycles) |  Latency (absolute) |  Interval | Pipeline|
    |   min   |   max   |    min   |    max   | min | max |   Type  |
    +---------+---------+----------+----------+-----+-----+---------+
    |       66|       66|  0.660 us|  0.660 us|   66|   66|       no|
    +---------+---------+----------+----------+-----+-----+---------+

    + Detail: 
        * Instance: 
        N/A

        * Loop: 
        +---------------+---------+---------+----------+-----------+-----------+------+----------+
        |               |  Latency (cycles) | Iteration|  Initiation Interval  | Trip |          |
        |   Loop Name   |   min   |   max   |  Latency |  achieved |   target  | Count| Pipelined|
        +---------------+---------+---------+----------+-----------+-----------+------+----------+
        |- sample_loop  |       64|       64|         1|          1|          1|    64|       yes|
        +---------------+---------+---------+----------+-----------+-----------+------+----------+



================================================================
== Utilization Estimates
================================================================
* Summary: 
+-----------------+---------+-----+--------+-------+-----+
|       Name      | BRAM_18K| DSP |   FF   |  LUT  | URAM|
+-----------------+---------+-----+--------+-------+-----+
|DSP              |        -|    -|       -|      -|    -|
|Expression       |        -|    -|       0|     61|    -|
|FIFO             |        -|    -|       -|      -|    -|
|Instance         |        -|    -|       -|      -|    -|
|Memory           |        -|    -|       -|      -|    -|
|Multiplexer      |        -|    -|       -|     36|    -|
|Register         |        -|    -|      34|      -|    -|
+-----------------+---------+-----+--------+-------+-----+
|Total            |        0|    0|      34|     97|    0|
+-----------------+---------+-----+--------+-------+-----+
|Available        |      280|  220|  106400|  53200|    0|
+-----------------+---------+-----+--------+-------+-----+
|Utilization (%)  |        0|    0|      ~0|     ~0|    0|
+-----------------+---------+-----+--------+-------+-----+

+ Detail: 
    * Instance: 
    N/A

    * DSP: 
    N/A

    * Memory: 
    N/A

    * FIFO: 
    N/A

    * Expression: 
    +----------------------------------+----------+----+---+----+------------+------------+
    |           Variable Name          | Operation| DSP| FF| LUT| Bitwidth P0| Bitwidth P1|
    +----------------------------------+----------+----+---+----+------------+------------+
    |add_ln35_fu_158_p2                |         +|   0|  0|  39|          32|           1|
    |ap_condition_170                  |       and|   0|  0|   2|           1|           1|
    |icmp_ln35_fu_152_p2               |      icmp|   0|  0|  18|          32|          32|
    |ap_block_state1_pp0_stage0_iter0  |        or|   0|  0|   2|           1|           1|
    +----------------------------------+----------+----+---+----+------------+------------+
    |Total                             |          |   0|  0|  61|          66|          35|
    +----------------------------------+----------+----+---+----+------------+------------+

    * Multiplexer: 
    +-----------------------+----+-----------+-----+-----------+
    |          Name         | LUT| Input Size| Bits| Total Bits|
    +-----------------------+----+-----------+-----+-----------+
    |ap_done_int            |   9|          2|    1|          2|
    |ap_sig_allocacmp_j_1   |   9|          2|   32|         64|
    |in_stream_TDATA_blk_n  |   9|          2|    1|          2|
    |j_fu_64                |   9|          2|   32|         64|
    +-----------------------+----+-----------+-----+-----------+
    |Total                  |  36|          8|   66|        132|
    +-----------------------+----+-----------+-----+-----------+

    * Register: 
    +-------------+----+----+-----+-----------+
    |     Name    | FF | LUT| Bits| Const Bits|
    +-------------+----+----+-----+-----------+
    |ap_CS_fsm    |   1|   0|    1|          0|
    |ap_done_reg  |   1|   0|    1|          0|
    |j_fu_64      |  32|   0|   32|          0|
    +-------------+----+----+-----+-----------+
    |Total        |  34|   0|   34|          0|
    +-------------+----+----+-----+-----------+



================================================================
== Interface
================================================================
* Summary: 
+--------------------------+-----+-----+------------+--------------------------------+--------------+
|         RTL Ports        | Dir | Bits|  Protocol  |          Source Object         |    C Type    |
+--------------------------+-----+-----+------------+--------------------------------+--------------+
|ap_clk                    |   in|    1|  ap_ctrl_hs|  matVecMul_Pipeline_sample_loop|  return value|
|ap_rst                    |   in|    1|  ap_ctrl_hs|  matVecMul_Pipeline_sample_loop|  return value|
|ap_start                  |   in|    1|  ap_ctrl_hs|  matVecMul_Pipeline_sample_loop|  return value|
|ap_done                   |  out|    1|  ap_ctrl_hs|  matVecMul_Pipeline_sample_loop|  return value|
|ap_idle                   |  out|    1|  ap_ctrl_hs|  matVecMul_Pipeline_sample_loop|  return value|
|ap_ready                  |  out|    1|  ap_ctrl_hs|  matVecMul_Pipeline_sample_loop|  return value|
|in_stream_TVALID          |   in|    1|        axis|              in_stream_V_data_V|       pointer|
|in_stream_TDATA           |   in|   32|        axis|              in_stream_V_data_V|       pointer|
|col_size                  |   in|   32|     ap_none|                        col_size|        scalar|
|in_stream_TREADY          |  out|    1|        axis|              in_stream_V_dest_V|       pointer|
|in_stream_TDEST           |   in|    1|        axis|              in_stream_V_dest_V|       pointer|
|in_stream_TKEEP           |   in|    4|        axis|              in_stream_V_keep_V|       pointer|
|in_stream_TSTRB           |   in|    4|        axis|              in_stream_V_strb_V|       pointer|
|in_stream_TUSER           |   in|    1|        axis|              in_stream_V_user_V|       pointer|
|in_stream_TLAST           |   in|    1|        axis|              in_stream_V_last_V|       pointer|
|in_stream_TID             |   in|    1|        axis|                in_stream_V_id_V|       pointer|
|x_localbuff_V_0_address0  |  out|    4|   ap_memory|                 x_localbuff_V_0|         array|
|x_localbuff_V_0_ce0       |  out|    1|   ap_memory|                 x_localbuff_V_0|         array|
|x_localbuff_V_0_we0       |  out|    1|   ap_memory|                 x_localbuff_V_0|         array|
|x_localbuff_V_0_d0        |  out|   16|   ap_memory|                 x_localbuff_V_0|         array|
|x_localbuff_V_1_address0  |  out|    4|   ap_memory|                 x_localbuff_V_1|         array|
|x_localbuff_V_1_ce0       |  out|    1|   ap_memory|                 x_localbuff_V_1|         array|
|x_localbuff_V_1_we0       |  out|    1|   ap_memory|                 x_localbuff_V_1|         array|
|x_localbuff_V_1_d0        |  out|   16|   ap_memory|                 x_localbuff_V_1|         array|
|x_localbuff_V_2_address0  |  out|    4|   ap_memory|                 x_localbuff_V_2|         array|
|x_localbuff_V_2_ce0       |  out|    1|   ap_memory|                 x_localbuff_V_2|         array|
|x_localbuff_V_2_we0       |  out|    1|   ap_memory|                 x_localbuff_V_2|         array|
|x_localbuff_V_2_d0        |  out|   16|   ap_memory|                 x_localbuff_V_2|         array|
|x_localbuff_V_3_address0  |  out|    4|   ap_memory|                 x_localbuff_V_3|         array|
|x_localbuff_V_3_ce0       |  out|    1|   ap_memory|                 x_localbuff_V_3|         array|
|x_localbuff_V_3_we0       |  out|    1|   ap_memory|                 x_localbuff_V_3|         array|
|x_localbuff_V_3_d0        |  out|   16|   ap_memory|                 x_localbuff_V_3|         array|
+--------------------------+-----+-----+------------+--------------------------------+--------------+

============================================================
+ Verbose Summary: Synthesis Manager
============================================================
InlineROM: 1
ExposeGlobal: 0
============================================================
+ Verbose Summary: CDFG Model
============================================================
IsTopModel: 0
ResetActiveHigh: 1
IsCombinational: 2
IsDatapathOnly: 2
HasWiredReturn: 1
HasMFsm: 2
HasVarLatency: 1
IsPipeline: 0
IsRtlPipelined: 0
IsInstanceOverlapped: 0
IsDontTouch: 0
HasImplIP: 0
IsGatedGlobalClock: 0

+ Individual pipeline summary: 
  * Pipeline-0: initiation interval (II) = 1, depth = 1


============================================================
+ Verbose Summary: Schedule
============================================================
* Number of FSM states : 1
* Pipeline : 1
  Pipeline-0 : II = 1, D = 1, States = { 1 }
* Dataflow Pipeline: 0

* FSM state transitions: 
1 --> 

* FSM state operations: 

State 1 <SV = 0> <Delay = 4.79>
ST_1 : Operation 4 [1/1] (0.00ns)   --->   "%j = alloca i32 1"   --->   Operation 4 'alloca' 'j' <Predicate = true> <Delay = 0.00>
ST_1 : Operation 5 [1/1] (0.00ns)   --->   "%specinterface_ln0 = specinterface void @_ssdm_op_SpecInterface, i1 %in_stream_V_dest_V, i1 %in_stream_V_id_V, i1 %in_stream_V_last_V, i1 %in_stream_V_user_V, i4 %in_stream_V_strb_V, i4 %in_stream_V_keep_V, i32 %in_stream_V_data_V, void @empty, i32 0, i32 0, void @empty_6, i32 0, i32 0, void @empty_0, void @empty_0, void @empty_0, i32 0, i32 0, i32 0, i32 0, void @empty_0, void @empty_0"   --->   Operation 5 'specinterface' 'specinterface_ln0' <Predicate = true> <Delay = 0.00>
ST_1 : Operation 6 [1/1] (0.00ns)   --->   "%col_size_read = read i32 @_ssdm_op_Read.ap_auto.i32, i32 %col_size"   --->   Operation 6 'read' 'col_size_read' <Predicate = true> <Delay = 0.00>
ST_1 : Operation 7 [1/1] (1.58ns)   --->   "%store_ln0 = store i32 0, i32 %j"   --->   Operation 7 'store' 'store_ln0' <Predicate = true> <Delay = 1.58>
ST_1 : Operation 8 [1/1] (0.00ns)   --->   "%br_ln0 = br void"   --->   Operation 8 'br' 'br_ln0' <Predicate = true> <Delay = 0.00>
ST_1 : Operation 9 [1/1] (0.00ns)   --->   "%j_1 = load i32 %j" [../matVecMul.cpp:40]   --->   Operation 9 'load' 'j_1' <Predicate = true> <Delay = 0.00>
ST_1 : Operation 10 [1/1] (2.47ns)   --->   "%icmp_ln35 = icmp_eq  i32 %j_1, i32 %col_size_read" [../matVecMul.cpp:35]   --->   Operation 10 'icmp' 'icmp_ln35' <Predicate = true> <Delay = 2.47> <CoreInst = "Cmp">   --->   Core 9 'Cmp' <Latency = 0> <II = 1> <Delay = 2.47> <FuncUnit> <Opcode : 'icmp'> <InPorts = 2> <OutPorts = 1>
ST_1 : Operation 11 [1/1] (2.55ns)   --->   "%add_ln35 = add i32 %j_1, i32 1" [../matVecMul.cpp:35]   --->   Operation 11 'add' 'add_ln35' <Predicate = true> <Delay = 2.55> <CoreInst = "Adder">   --->   Core 1 'Adder' <Latency = 0> <II = 1> <Delay = 2.55> <FuncUnit> <Opcode : 'add' 'sub'> <InPorts = 2> <OutPorts = 1>
ST_1 : Operation 12 [1/1] (0.00ns)   --->   "%br_ln35 = br i1 %icmp_ln35, void %.split, void %._crit_edge.loopexit.preheader.exitStub" [../matVecMul.cpp:35]   --->   Operation 12 'br' 'br_ln35' <Predicate = true> <Delay = 0.00>
ST_1 : Operation 13 [1/1] (0.00ns)   --->   "%specpipeline_ln25 = specpipeline void @_ssdm_op_SpecPipeline, i32 1, i32 0, i32 0, i32 0, void @empty_0" [../matVecMul.h:25]   --->   Operation 13 'specpipeline' 'specpipeline_ln25' <Predicate = (!icmp_ln35)> <Delay = 0.00>
ST_1 : Operation 14 [1/1] (0.00ns)   --->   "%speclooptripcount_ln25 = speclooptripcount void @_ssdm_op_SpecLoopTripCount, i64 64, i64 64, i64 64" [../matVecMul.h:25]   --->   Operation 14 'speclooptripcount' 'speclooptripcount_ln25' <Predicate = (!icmp_ln35)> <Delay = 0.00>
ST_1 : Operation 15 [1/1] (0.00ns)   --->   "%specloopname_ln25 = specloopname void @_ssdm_op_SpecLoopName, void @empty_14" [../matVecMul.h:25]   --->   Operation 15 'specloopname' 'specloopname_ln25' <Predicate = (!icmp_ln35)> <Delay = 0.00>
ST_1 : Operation 16 [1/1] (0.00ns)   --->   "%empty = read i44 @_ssdm_op_Read.axis.volatile.i32P0A.i4P0A.i4P0A.i1P0A.i1P0A.i1P0A.i1P0A, i32 %in_stream_V_data_V, i4 %in_stream_V_keep_V, i4 %in_stream_V_strb_V, i1 %in_stream_V_user_V, i1 %in_stream_V_last_V, i1 %in_stream_V_id_V, i1 %in_stream_V_dest_V"   --->   Operation 16 'read' 'empty' <Predicate = (!icmp_ln35)> <Delay = 0.00> <CoreInst = "axis">   --->   Core 115 'axis' <Latency = 0> <II = 1> <Delay = 1.00> <Adapter> <Opcode : >
ST_1 : Operation 17 [1/1] (0.00ns)   --->   "%in_pkt = extractvalue i44 %empty"   --->   Operation 17 'extractvalue' 'in_pkt' <Predicate = (!icmp_ln35)> <Delay = 0.00>
ST_1 : Operation 18 [1/1] (0.00ns)   --->   "%p_Result_s = trunc i32 %in_pkt"   --->   Operation 18 'trunc' 'p_Result_s' <Predicate = (!icmp_ln35)> <Delay = 0.00>
ST_1 : Operation 19 [1/1] (0.00ns)   --->   "%trunc_ln40 = trunc i32 %j_1" [../matVecMul.cpp:40]   --->   Operation 19 'trunc' 'trunc_ln40' <Predicate = (!icmp_ln35)> <Delay = 0.00>
ST_1 : Operation 20 [1/1] (0.00ns)   --->   "%lshr_ln = partselect i4 @_ssdm_op_PartSelect.i4.i32.i32.i32, i32 %j_1, i32 2, i32 5" [../matVecMul.cpp:40]   --->   Operation 20 'partselect' 'lshr_ln' <Predicate = (!icmp_ln35)> <Delay = 0.00>
ST_1 : Operation 21 [1/1] (0.00ns)   --->   "%zext_ln40 = zext i4 %lshr_ln" [../matVecMul.cpp:40]   --->   Operation 21 'zext' 'zext_ln40' <Predicate = (!icmp_ln35)> <Delay = 0.00>
ST_1 : Operation 22 [1/1] (0.00ns)   --->   "%x_localbuff_V_0_addr = getelementptr i16 %x_localbuff_V_0, i64 0, i64 %zext_ln40" [../matVecMul.cpp:40]   --->   Operation 22 'getelementptr' 'x_localbuff_V_0_addr' <Predicate = (!icmp_ln35)> <Delay = 0.00>
ST_1 : Operation 23 [1/1] (0.00ns)   --->   "%x_localbuff_V_1_addr = getelementptr i16 %x_localbuff_V_1, i64 0, i64 %zext_ln40" [../matVecMul.cpp:40]   --->   Operation 23 'getelementptr' 'x_localbuff_V_1_addr' <Predicate = (!icmp_ln35)> <Delay = 0.00>
ST_1 : Operation 24 [1/1] (0.00ns)   --->   "%x_localbuff_V_2_addr = getelementptr i16 %x_localbuff_V_2, i64 0, i64 %zext_ln40" [../matVecMul.cpp:40]   --->   Operation 24 'getelementptr' 'x_localbuff_V_2_addr' <Predicate = (!icmp_ln35)> <Delay = 0.00>
ST_1 : Operation 25 [1/1] (0.00ns)   --->   "%x_localbuff_V_3_addr = getelementptr i16 %x_localbuff_V_3, i64 0, i64 %zext_ln40" [../matVecMul.cpp:40]   --->   Operation 25 'getelementptr' 'x_localbuff_V_3_addr' <Predicate = (!icmp_ln35)> <Delay = 0.00>
ST_1 : Operation 26 [1/1] (1.30ns)   --->   "%switch_ln40 = switch i2 %trunc_ln40, void %branch3, i2 0, void %branch0, i2 1, void %branch1, i2 2, void %branch2" [../matVecMul.cpp:40]   --->   Operation 26 'switch' 'switch_ln40' <Predicate = (!icmp_ln35)> <Delay = 1.30>
ST_1 : Operation 27 [1/1] (2.32ns)   --->   "%store_ln40 = store i16 %p_Result_s, i4 %x_localbuff_V_2_addr" [../matVecMul.cpp:40]   --->   Operation 27 'store' 'store_ln40' <Predicate = (!icmp_ln35 & trunc_ln40 == 2)> <Delay = 2.32> <CoreInst = "RAM">   --->   Core 82 'RAM' <Latency = 1> <II = 1> <Delay = 2.32> <Storage> <Opcode : 'load' 'store'> <Ports = 2> <Width = 16> <Depth = 16> <RAM>
ST_1 : Operation 28 [1/1] (0.00ns)   --->   "%br_ln40 = br void %.split46" [../matVecMul.cpp:40]   --->   Operation 28 'br' 'br_ln40' <Predicate = (!icmp_ln35 & trunc_ln40 == 2)> <Delay = 0.00>
ST_1 : Operation 29 [1/1] (2.32ns)   --->   "%store_ln40 = store i16 %p_Result_s, i4 %x_localbuff_V_1_addr" [../matVecMul.cpp:40]   --->   Operation 29 'store' 'store_ln40' <Predicate = (!icmp_ln35 & trunc_ln40 == 1)> <Delay = 2.32> <CoreInst = "RAM">   --->   Core 82 'RAM' <Latency = 1> <II = 1> <Delay = 2.32> <Storage> <Opcode : 'load' 'store'> <Ports = 2> <Width = 16> <Depth = 16> <RAM>
ST_1 : Operation 30 [1/1] (0.00ns)   --->   "%br_ln40 = br void %.split46" [../matVecMul.cpp:40]   --->   Operation 30 'br' 'br_ln40' <Predicate = (!icmp_ln35 & trunc_ln40 == 1)> <Delay = 0.00>
ST_1 : Operation 31 [1/1] (2.32ns)   --->   "%store_ln40 = store i16 %p_Result_s, i4 %x_localbuff_V_0_addr" [../matVecMul.cpp:40]   --->   Operation 31 'store' 'store_ln40' <Predicate = (!icmp_ln35 & trunc_ln40 == 0)> <Delay = 2.32> <CoreInst = "RAM">   --->   Core 82 'RAM' <Latency = 1> <II = 1> <Delay = 2.32> <Storage> <Opcode : 'load' 'store'> <Ports = 2> <Width = 16> <Depth = 16> <RAM>
ST_1 : Operation 32 [1/1] (0.00ns)   --->   "%br_ln40 = br void %.split46" [../matVecMul.cpp:40]   --->   Operation 32 'br' 'br_ln40' <Predicate = (!icmp_ln35 & trunc_ln40 == 0)> <Delay = 0.00>
ST_1 : Operation 33 [1/1] (2.32ns)   --->   "%store_ln40 = store i16 %p_Result_s, i4 %x_localbuff_V_3_addr" [../matVecMul.cpp:40]   --->   Operation 33 'store' 'store_ln40' <Predicate = (!icmp_ln35 & trunc_ln40 == 3)> <Delay = 2.32> <CoreInst = "RAM">   --->   Core 82 'RAM' <Latency = 1> <II = 1> <Delay = 2.32> <Storage> <Opcode : 'load' 'store'> <Ports = 2> <Width = 16> <Depth = 16> <RAM>
ST_1 : Operation 34 [1/1] (0.00ns)   --->   "%br_ln40 = br void %.split46" [../matVecMul.cpp:40]   --->   Operation 34 'br' 'br_ln40' <Predicate = (!icmp_ln35 & trunc_ln40 == 3)> <Delay = 0.00>
ST_1 : Operation 35 [1/1] (1.58ns)   --->   "%store_ln35 = store i32 %add_ln35, i32 %j" [../matVecMul.cpp:35]   --->   Operation 35 'store' 'store_ln35' <Predicate = (!icmp_ln35)> <Delay = 1.58>
ST_1 : Operation 36 [1/1] (0.00ns)   --->   "%br_ln0 = br void"   --->   Operation 36 'br' 'br_ln0' <Predicate = (!icmp_ln35)> <Delay = 0.00>
ST_1 : Operation 37 [1/1] (0.00ns)   --->   "%ret_ln0 = ret"   --->   Operation 37 'ret' 'ret_ln0' <Predicate = (icmp_ln35)> <Delay = 0.00>


============================================================
+ Verbose Summary: Binding
============================================================
STG Binding: 
---------------- STG Properties BEGIN ----------------
- Is combinational: 0
- Is one-state seq: 0
- Is datapath-only: 0
- Is pipelined: 0
- Is top level: 0
Port [ Return ] is wired: 1; IO mode=ap_ctrl_hs:ce=0
Port [ col_size]:  wired=1; compound=0; hidden=0; nouse=0; global=0; static=0; extern=0; dir=0; type=0; pingpong=0; private_global=0; IO mode=ap_none:ce=0
Port [ in_stream_V_data_V]:  wired=1; compound=1; hidden=0; nouse=0; global=0; static=0; extern=0; dir=0; type=0; pingpong=0; private_global=0; IO mode=axis:ce=0
Port [ in_stream_V_keep_V]:  wired=1; compound=1; hidden=0; nouse=0; global=0; static=0; extern=0; dir=0; type=0; pingpong=0; private_global=0; IO mode=axis:ce=0
Port [ in_stream_V_strb_V]:  wired=1; compound=1; hidden=0; nouse=0; global=0; static=0; extern=0; dir=0; type=0; pingpong=0; private_global=0; IO mode=axis:ce=0
Port [ in_stream_V_user_V]:  wired=1; compound=1; hidden=0; nouse=0; global=0; static=0; extern=0; dir=0; type=0; pingpong=0; private_global=0; IO mode=axis:ce=0
Port [ in_stream_V_last_V]:  wired=1; compound=1; hidden=0; nouse=0; global=0; static=0; extern=0; dir=0; type=0; pingpong=0; private_global=0; IO mode=axis:ce=0
Port [ in_stream_V_id_V]:  wired=1; compound=1; hidden=0; nouse=0; global=0; static=0; extern=0; dir=0; type=0; pingpong=0; private_global=0; IO mode=axis:ce=0
Port [ in_stream_V_dest_V]:  wired=1; compound=1; hidden=0; nouse=0; global=0; static=0; extern=0; dir=0; type=0; pingpong=0; private_global=0; IO mode=axis:ce=0
Port [ x_localbuff_V_0]:  wired=1; compound=1; hidden=0; nouse=0; global=1; static=1; extern=0; dir=1; type=1; pingpong=0; private_global=0; MemPort=[03]; IO mode=ap_memory:ce=0
Port [ x_localbuff_V_1]:  wired=1; compound=1; hidden=0; nouse=0; global=1; static=1; extern=0; dir=1; type=1; pingpong=0; private_global=0; MemPort=[03]; IO mode=ap_memory:ce=0
Port [ x_localbuff_V_2]:  wired=1; compound=1; hidden=0; nouse=0; global=1; static=1; extern=0; dir=1; type=1; pingpong=0; private_global=0; MemPort=[03]; IO mode=ap_memory:ce=0
Port [ x_localbuff_V_3]:  wired=1; compound=1; hidden=0; nouse=0; global=1; static=1; extern=0; dir=1; type=1; pingpong=0; private_global=0; MemPort=[03]; IO mode=ap_memory:ce=0
---------------- STG Properties END ------------------

---------------- Datapath Model BEGIN ----------------

<LifeTime>
<method=bitvector/>
j                      (alloca           ) [ 01]
specinterface_ln0      (specinterface    ) [ 00]
col_size_read          (read             ) [ 00]
store_ln0              (store            ) [ 00]
br_ln0                 (br               ) [ 00]
j_1                    (load             ) [ 00]
icmp_ln35              (icmp             ) [ 01]
add_ln35               (add              ) [ 00]
br_ln35                (br               ) [ 00]
specpipeline_ln25      (specpipeline     ) [ 00]
speclooptripcount_ln25 (speclooptripcount) [ 00]
specloopname_ln25      (specloopname     ) [ 00]
empty                  (read             ) [ 00]
in_pkt                 (extractvalue     ) [ 00]
p_Result_s             (trunc            ) [ 00]
trunc_ln40             (trunc            ) [ 01]
lshr_ln                (partselect       ) [ 00]
zext_ln40              (zext             ) [ 00]
x_localbuff_V_0_addr   (getelementptr    ) [ 00]
x_localbuff_V_1_addr   (getelementptr    ) [ 00]
x_localbuff_V_2_addr   (getelementptr    ) [ 00]
x_localbuff_V_3_addr   (getelementptr    ) [ 00]
switch_ln40            (switch           ) [ 00]
store_ln40             (store            ) [ 00]
br_ln40                (br               ) [ 00]
store_ln40             (store            ) [ 00]
br_ln40                (br               ) [ 00]
store_ln40             (store            ) [ 00]
br_ln40                (br               ) [ 00]
store_ln40             (store            ) [ 00]
br_ln40                (br               ) [ 00]
store_ln35             (store            ) [ 00]
br_ln0                 (br               ) [ 00]
ret_ln0                (ret              ) [ 00]
</LifeTime>

<model>

<comp_list>
<comp id="0" class="1000" name="col_size">
<pin_list>
<pin id="1" dir="1" index="0" bw="1" slack="0"/>
</pin_list>
<bind>
<StgValue><ssdm name="col_size"/></StgValue>
</bind>
</comp>

<comp id="2" class="1000" name="in_stream_V_data_V">
<pin_list>
<pin id="3" dir="1" index="0" bw="1" slack="0"/>
</pin_list>
<bind>
<StgValue><ssdm name="in_stream_V_data_V"/></StgValue>
</bind>
</comp>

<comp id="4" class="1000" name="in_stream_V_keep_V">
<pin_list>
<pin id="5" dir="1" index="0" bw="1" slack="0"/>
</pin_list>
<bind>
<StgValue><ssdm name="in_stream_V_keep_V"/></StgValue>
</bind>
</comp>

<comp id="6" class="1000" name="in_stream_V_strb_V">
<pin_list>
<pin id="7" dir="1" index="0" bw="1" slack="0"/>
</pin_list>
<bind>
<StgValue><ssdm name="in_stream_V_strb_V"/></StgValue>
</bind>
</comp>

<comp id="8" class="1000" name="in_stream_V_user_V">
<pin_list>
<pin id="9" dir="1" index="0" bw="1" slack="0"/>
</pin_list>
<bind>
<StgValue><ssdm name="in_stream_V_user_V"/></StgValue>
</bind>
</comp>

<comp id="10" class="1000" name="in_stream_V_last_V">
<pin_list>
<pin id="11" dir="1" index="0" bw="1" slack="0"/>
</pin_list>
<bind>
<StgValue><ssdm name="in_stream_V_last_V"/></StgValue>
</bind>
</comp>

<comp id="12" class="1000" name="in_stream_V_id_V">
<pin_list>
<pin id="13" dir="1" index="0" bw="1" slack="0"/>
</pin_list>
<bind>
<StgValue><ssdm name="in_stream_V_id_V"/></StgValue>
</bind>
</comp>

<comp id="14" class="1000" name="in_stream_V_dest_V">
<pin_list>
<pin id="15" dir="1" index="0" bw="1" slack="0"/>
</pin_list>
<bind>
<StgValue><ssdm name="in_stream_V_dest_V"/></StgValue>
</bind>
</comp>

<comp id="16" class="1000" name="x_localbuff_V_0">
<pin_list>
<pin id="17" dir="1" index="0" bw="1" slack="0"/>
</pin_list>
<bind>
<StgValue><ssdm name="x_localbuff_V_0"/><MemPortTyVec>0 3 </MemPortTyVec>
</StgValue>
</bind>
</comp>

<comp id="18" class="1000" name="x_localbuff_V_1">
<pin_list>
<pin id="19" dir="1" index="0" bw="1" slack="0"/>
</pin_list>
<bind>
<StgValue><ssdm name="x_localbuff_V_1"/><MemPortTyVec>0 3 </MemPortTyVec>
</StgValue>
</bind>
</comp>

<comp id="20" class="1000" name="x_localbuff_V_2">
<pin_list>
<pin id="21" dir="1" index="0" bw="1" slack="0"/>
</pin_list>
<bind>
<StgValue><ssdm name="x_localbuff_V_2"/><MemPortTyVec>0 3 </MemPortTyVec>
</StgValue>
</bind>
</comp>

<comp id="22" class="1000" name="x_localbuff_V_3">
<pin_list>
<pin id="23" dir="1" index="0" bw="1" slack="0"/>
</pin_list>
<bind>
<StgValue><ssdm name="x_localbuff_V_3"/><MemPortTyVec>0 3 </MemPortTyVec>
</StgValue>
</bind>
</comp>

<comp id="24" class="1001" name="const_24">
<pin_list>
<pin id="25" dir="1" index="0" bw="1" slack="0"/>
</pin_list>
<bind>
<StgValue><ssdm name=""/></StgValue>
</bind>
</comp>

<comp id="26" class="1001" name="const_26">
<pin_list>
<pin id="27" dir="1" index="0" bw="1" slack="2147483647"/>
</pin_list>
<bind>
<StgValue><ssdm name="_ssdm_op_SpecInterface"/></StgValue>
</bind>
</comp>

<comp id="28" class="1001" name="const_28">
<pin_list>
<pin id="29" dir="1" index="0" bw="1" slack="2147483647"/>
</pin_list>
<bind>
<StgValue><ssdm name="empty"/></StgValue>
</bind>
</comp>

<comp id="30" class="1001" name="const_30">
<pin_list>
<pin id="31" dir="1" index="0" bw="1" slack="0"/>
</pin_list>
<bind>
<StgValue><ssdm name=""/></StgValue>
</bind>
</comp>

<comp id="32" class="1001" name="const_32">
<pin_list>
<pin id="33" dir="1" index="0" bw="1" slack="2147483647"/>
</pin_list>
<bind>
<StgValue><ssdm name="empty_6"/></StgValue>
</bind>
</comp>

<comp id="34" class="1001" name="const_34">
<pin_list>
<pin id="35" dir="1" index="0" bw="1" slack="2147483647"/>
</pin_list>
<bind>
<StgValue><ssdm name="empty_0"/></StgValue>
</bind>
</comp>

<comp id="36" class="1001" name="const_36">
<pin_list>
<pin id="37" dir="1" index="0" bw="1" slack="0"/>
</pin_list>
<bind>
<StgValue><ssdm name="_ssdm_op_Read.ap_auto.i32"/></StgValue>
</bind>
</comp>

<comp id="38" class="1001" name="const_38">
<pin_list>
<pin id="39" dir="1" index="0" bw="1" slack="2147483647"/>
</pin_list>
<bind>
<StgValue><ssdm name="_ssdm_op_SpecPipeline"/></StgValue>
</bind>
</comp>

<comp id="40" class="1001" name="const_40">
<pin_list>
<pin id="41" dir="1" index="0" bw="1" slack="2147483647"/>
</pin_list>
<bind>
<StgValue><ssdm name="_ssdm_op_SpecLoopTripCount"/></StgValue>
</bind>
</comp>

<comp id="42" class="1001" name="const_42">
<pin_list>
<pin id="43" dir="1" index="0" bw="1" slack="2147483647"/>
</pin_list>
<bind>
<StgValue><ssdm name=""/></StgValue>
</bind>
</comp>

<comp id="44" class="1001" name="const_44">
<pin_list>
<pin id="45" dir="1" index="0" bw="1" slack="2147483647"/>
</pin_list>
<bind>
<StgValue><ssdm name="_ssdm_op_SpecLoopName"/></StgValue>
</bind>
</comp>

<comp id="46" class="1001" name="const_46">
<pin_list>
<pin id="47" dir="1" index="0" bw="1" slack="2147483647"/>
</pin_list>
<bind>
<StgValue><ssdm name="empty_14"/></StgValue>
</bind>
</comp>

<comp id="48" class="1001" name="const_48">
<pin_list>
<pin id="49" dir="1" index="0" bw="1" slack="0"/>
</pin_list>
<bind>
<StgValue><ssdm name="_ssdm_op_Read.axis.volatile.i32P0A.i4P0A.i4P0A.i1P0A.i1P0A.i1P0A.i1P0A"/></StgValue>
</bind>
</comp>

<comp id="50" class="1001" name="const_50">
<pin_list>
<pin id="51" dir="1" index="0" bw="1" slack="0"/>
</pin_list>
<bind>
<StgValue><ssdm name="_ssdm_op_PartSelect.i4.i32.i32.i32"/></StgValue>
</bind>
</comp>

<comp id="52" class="1001" name="const_52">
<pin_list>
<pin id="53" dir="1" index="0" bw="1" slack="0"/>
</pin_list>
<bind>
<StgValue><ssdm name=""/></StgValue>
</bind>
</comp>

<comp id="54" class="1001" name="const_54">
<pin_list>
<pin id="55" dir="1" index="0" bw="1" slack="0"/>
</pin_list>
<bind>
<StgValue><ssdm name=""/></StgValue>
</bind>
</comp>

<comp id="56" class="1001" name="const_56">
<pin_list>
<pin id="57" dir="1" index="0" bw="1" slack="0"/>
</pin_list>
<bind>
<StgValue><ssdm name=""/></StgValue>
</bind>
</comp>

<comp id="58" class="1001" name="const_58">
<pin_list>
<pin id="59" dir="1" index="0" bw="1" slack="2147483647"/>
</pin_list>
<bind>
<StgValue><ssdm name=""/></StgValue>
</bind>
</comp>

<comp id="60" class="1001" name="const_60">
<pin_list>
<pin id="61" dir="1" index="0" bw="1" slack="2147483647"/>
</pin_list>
<bind>
<StgValue><ssdm name=""/></StgValue>
</bind>
</comp>

<comp id="62" class="1001" name="const_62">
<pin_list>
<pin id="63" dir="1" index="0" bw="1" slack="2147483647"/>
</pin_list>
<bind>
<StgValue><ssdm name=""/></StgValue>
</bind>
</comp>

<comp id="64" class="1004" name="j_fu_64">
<pin_list>
<pin id="65" dir="0" index="0" bw="1" slack="0"/>
<pin id="66" dir="1" index="1" bw="32" slack="0"/>
</pin_list>
<bind>
<opcode="alloca(26) " fcode="alloca"/>
<opset="j/1 "/>
</bind>
</comp>

<comp id="68" class="1004" name="col_size_read_read_fu_68">
<pin_list>
<pin id="69" dir="0" index="0" bw="32" slack="0"/>
<pin id="70" dir="0" index="1" bw="32" slack="0"/>
<pin id="71" dir="1" index="2" bw="32" slack="0"/>
</pin_list>
<bind>
<opcode="read(1150) " fcode="read"/>
<opset="col_size_read/1 "/>
</bind>
</comp>

<comp id="74" class="1004" name="empty_read_fu_74">
<pin_list>
<pin id="75" dir="0" index="0" bw="44" slack="0"/>
<pin id="76" dir="0" index="1" bw="32" slack="0"/>
<pin id="77" dir="0" index="2" bw="4" slack="0"/>
<pin id="78" dir="0" index="3" bw="4" slack="0"/>
<pin id="79" dir="0" index="4" bw="1" slack="0"/>
<pin id="80" dir="0" index="5" bw="1" slack="0"/>
<pin id="81" dir="0" index="6" bw="1" slack="0"/>
<pin id="82" dir="0" index="7" bw="1" slack="0"/>
<pin id="83" dir="1" index="8" bw="44" slack="0"/>
</pin_list>
<bind>
<opcode="read(1150) " fcode="read"/>
<opset="empty/1 "/>
</bind>
</comp>

<comp id="92" class="1004" name="x_localbuff_V_0_addr_gep_fu_92">
<pin_list>
<pin id="93" dir="0" index="0" bw="16" slack="0"/>
<pin id="94" dir="0" index="1" bw="1" slack="0"/>
<pin id="95" dir="0" index="2" bw="4" slack="0"/>
<pin id="96" dir="1" index="3" bw="4" slack="0"/>
</pin_list>
<bind>
<opcode="getelementptr(29) " fcode="getelementptr"/>
<opset="x_localbuff_V_0_addr/1 "/>
</bind>
</comp>

<comp id="99" class="1004" name="x_localbuff_V_1_addr_gep_fu_99">
<pin_list>
<pin id="100" dir="0" index="0" bw="16" slack="0"/>
<pin id="101" dir="0" index="1" bw="1" slack="0"/>
<pin id="102" dir="0" index="2" bw="4" slack="0"/>
<pin id="103" dir="1" index="3" bw="4" slack="0"/>
</pin_list>
<bind>
<opcode="getelementptr(29) " fcode="getelementptr"/>
<opset="x_localbuff_V_1_addr/1 "/>
</bind>
</comp>

<comp id="106" class="1004" name="x_localbuff_V_2_addr_gep_fu_106">
<pin_list>
<pin id="107" dir="0" index="0" bw="16" slack="0"/>
<pin id="108" dir="0" index="1" bw="1" slack="0"/>
<pin id="109" dir="0" index="2" bw="4" slack="0"/>
<pin id="110" dir="1" index="3" bw="4" slack="0"/>
</pin_list>
<bind>
<opcode="getelementptr(29) " fcode="getelementptr"/>
<opset="x_localbuff_V_2_addr/1 "/>
</bind>
</comp>

<comp id="113" class="1004" name="x_localbuff_V_3_addr_gep_fu_113">
<pin_list>
<pin id="114" dir="0" index="0" bw="16" slack="0"/>
<pin id="115" dir="0" index="1" bw="1" slack="0"/>
<pin id="116" dir="0" index="2" bw="4" slack="0"/>
<pin id="117" dir="1" index="3" bw="4" slack="0"/>
</pin_list>
<bind>
<opcode="getelementptr(29) " fcode="getelementptr"/>
<opset="x_localbuff_V_3_addr/1 "/>
</bind>
</comp>

<comp id="120" class="1004" name="store_ln40_access_fu_120">
<pin_list>
<pin id="121" dir="0" index="0" bw="4" slack="0"/>
<pin id="122" dir="0" index="1" bw="16" slack="0"/>
<pin id="123" dir="0" index="2" bw="0" slack="2147483647"/>
<pin id="124" dir="1" index="3" bw="16" slack="2147483647"/>
</pin_list>
<bind>
<opcode="store(28) " fcode="store"/>
<opset="store_ln40/1 "/>
</bind>
</comp>

<comp id="126" class="1004" name="store_ln40_access_fu_126">
<pin_list>
<pin id="127" dir="0" index="0" bw="4" slack="0"/>
<pin id="128" dir="0" index="1" bw="16" slack="0"/>
<pin id="129" dir="0" index="2" bw="0" slack="2147483647"/>
<pin id="130" dir="1" index="3" bw="16" slack="2147483647"/>
</pin_list>
<bind>
<opcode="store(28) " fcode="store"/>
<opset="store_ln40/1 "/>
</bind>
</comp>

<comp id="132" class="1004" name="store_ln40_access_fu_132">
<pin_list>
<pin id="133" dir="0" index="0" bw="4" slack="0"/>
<pin id="134" dir="0" index="1" bw="16" slack="0"/>
<pin id="135" dir="0" index="2" bw="0" slack="2147483647"/>
<pin id="136" dir="1" index="3" bw="16" slack="2147483647"/>
</pin_list>
<bind>
<opcode="store(28) " fcode="store"/>
<opset="store_ln40/1 "/>
</bind>
</comp>

<comp id="138" class="1004" name="store_ln40_access_fu_138">
<pin_list>
<pin id="139" dir="0" index="0" bw="4" slack="0"/>
<pin id="140" dir="0" index="1" bw="16" slack="0"/>
<pin id="141" dir="0" index="2" bw="0" slack="2147483647"/>
<pin id="142" dir="1" index="3" bw="16" slack="2147483647"/>
</pin_list>
<bind>
<opcode="store(28) " fcode="store"/>
<opset="store_ln40/1 "/>
</bind>
</comp>

<comp id="144" class="1004" name="store_ln0_store_fu_144">
<pin_list>
<pin id="145" dir="0" index="0" bw="1" slack="0"/>
<pin id="146" dir="0" index="1" bw="32" slack="0"/>
<pin id="147" dir="1" index="2" bw="0" slack="2147483647"/>
</pin_list>
<bind>
<opcode="store(28) " fcode="store"/>
<opset="store_ln0/1 "/>
</bind>
</comp>

<comp id="149" class="1004" name="j_1_load_fu_149">
<pin_list>
<pin id="150" dir="0" index="0" bw="32" slack="0"/>
<pin id="151" dir="1" index="1" bw="32" slack="0"/>
</pin_list>
<bind>
<opcode="load(27) " fcode="load"/>
<opset="j_1/1 "/>
</bind>
</comp>

<comp id="152" class="1004" name="icmp_ln35_fu_152">
<pin_list>
<pin id="153" dir="0" index="0" bw="32" slack="0"/>
<pin id="154" dir="0" index="1" bw="32" slack="0"/>
<pin id="155" dir="1" index="2" bw="1" slack="2147483647"/>
</pin_list>
<bind>
<opcode="icmp(45) " fcode="icmp"/>
<opset="icmp_ln35/1 "/>
</bind>
</comp>

<comp id="158" class="1004" name="add_ln35_fu_158">
<pin_list>
<pin id="159" dir="0" index="0" bw="32" slack="0"/>
<pin id="160" dir="0" index="1" bw="1" slack="0"/>
<pin id="161" dir="1" index="2" bw="32" slack="0"/>
</pin_list>
<bind>
<opcode="add(8) " fcode="add"/>
<opset="add_ln35/1 "/>
</bind>
</comp>

<comp id="164" class="1004" name="in_pkt_fu_164">
<pin_list>
<pin id="165" dir="0" index="0" bw="44" slack="0"/>
<pin id="166" dir="1" index="1" bw="32" slack="0"/>
</pin_list>
<bind>
<opcode="extractvalue(56) " fcode="extractvalue"/>
<opset="in_pkt/1 "/>
</bind>
</comp>

<comp id="168" class="1004" name="p_Result_s_fu_168">
<pin_list>
<pin id="169" dir="0" index="0" bw="32" slack="0"/>
<pin id="170" dir="1" index="1" bw="16" slack="0"/>
</pin_list>
<bind>
<opcode="trunc(33) " fcode="trunc"/>
<opset="p_Result_s/1 "/>
</bind>
</comp>

<comp id="176" class="1004" name="trunc_ln40_fu_176">
<pin_list>
<pin id="177" dir="0" index="0" bw="32" slack="0"/>
<pin id="178" dir="1" index="1" bw="2" slack="2147483647"/>
</pin_list>
<bind>
<opcode="trunc(33) " fcode="trunc"/>
<opset="trunc_ln40/1 "/>
</bind>
</comp>

<comp id="180" class="1004" name="lshr_ln_fu_180">
<pin_list>
<pin id="181" dir="0" index="0" bw="4" slack="0"/>
<pin id="182" dir="0" index="1" bw="32" slack="0"/>
<pin id="183" dir="0" index="2" bw="3" slack="0"/>
<pin id="184" dir="0" index="3" bw="4" slack="0"/>
<pin id="185" dir="1" index="4" bw="4" slack="0"/>
</pin_list>
<bind>
<opcode="partselect(1002) " fcode="partselect"/>
<opset="lshr_ln/1 "/>
</bind>
</comp>

<comp id="190" class="1004" name="zext_ln40_fu_190">
<pin_list>
<pin id="191" dir="0" index="0" bw="4" slack="0"/>
<pin id="192" dir="1" index="1" bw="64" slack="0"/>
</pin_list>
<bind>
<opcode="zext(34) " fcode="zext"/>
<opset="zext_ln40/1 "/>
</bind>
</comp>

<comp id="198" class="1004" name="store_ln35_store_fu_198">
<pin_list>
<pin id="199" dir="0" index="0" bw="32" slack="0"/>
<pin id="200" dir="0" index="1" bw="32" slack="0"/>
<pin id="201" dir="1" index="2" bw="0" slack="2147483647"/>
</pin_list>
<bind>
<opcode="store(28) " fcode="store"/>
<opset="store_ln35/1 "/>
</bind>
</comp>

<comp id="203" class="1005" name="j_reg_203">
<pin_list>
<pin id="204" dir="0" index="0" bw="32" slack="0"/>
<pin id="205" dir="1" index="1" bw="32" slack="0"/>
</pin_list>
<bind>
<opset="j "/>
</bind>
</comp>

</comp_list>

<net_list>
<net id="67"><net_src comp="24" pin="0"/><net_sink comp="64" pin=0"/></net>

<net id="72"><net_src comp="36" pin="0"/><net_sink comp="68" pin=0"/></net>

<net id="73"><net_src comp="0" pin="0"/><net_sink comp="68" pin=1"/></net>

<net id="84"><net_src comp="48" pin="0"/><net_sink comp="74" pin=0"/></net>

<net id="85"><net_src comp="2" pin="0"/><net_sink comp="74" pin=1"/></net>

<net id="86"><net_src comp="4" pin="0"/><net_sink comp="74" pin=2"/></net>

<net id="87"><net_src comp="6" pin="0"/><net_sink comp="74" pin=3"/></net>

<net id="88"><net_src comp="8" pin="0"/><net_sink comp="74" pin=4"/></net>

<net id="89"><net_src comp="10" pin="0"/><net_sink comp="74" pin=5"/></net>

<net id="90"><net_src comp="12" pin="0"/><net_sink comp="74" pin=6"/></net>

<net id="91"><net_src comp="14" pin="0"/><net_sink comp="74" pin=7"/></net>

<net id="97"><net_src comp="16" pin="0"/><net_sink comp="92" pin=0"/></net>

<net id="98"><net_src comp="56" pin="0"/><net_sink comp="92" pin=1"/></net>

<net id="104"><net_src comp="18" pin="0"/><net_sink comp="99" pin=0"/></net>

<net id="105"><net_src comp="56" pin="0"/><net_sink comp="99" pin=1"/></net>

<net id="111"><net_src comp="20" pin="0"/><net_sink comp="106" pin=0"/></net>

<net id="112"><net_src comp="56" pin="0"/><net_sink comp="106" pin=1"/></net>

<net id="118"><net_src comp="22" pin="0"/><net_sink comp="113" pin=0"/></net>

<net id="119"><net_src comp="56" pin="0"/><net_sink comp="113" pin=1"/></net>

<net id="125"><net_src comp="106" pin="3"/><net_sink comp="120" pin=0"/></net>

<net id="131"><net_src comp="99" pin="3"/><net_sink comp="126" pin=0"/></net>

<net id="137"><net_src comp="92" pin="3"/><net_sink comp="132" pin=0"/></net>

<net id="143"><net_src comp="113" pin="3"/><net_sink comp="138" pin=0"/></net>

<net id="148"><net_src comp="30" pin="0"/><net_sink comp="144" pin=0"/></net>

<net id="156"><net_src comp="149" pin="1"/><net_sink comp="152" pin=0"/></net>

<net id="157"><net_src comp="68" pin="2"/><net_sink comp="152" pin=1"/></net>

<net id="162"><net_src comp="149" pin="1"/><net_sink comp="158" pin=0"/></net>

<net id="163"><net_src comp="24" pin="0"/><net_sink comp="158" pin=1"/></net>

<net id="167"><net_src comp="74" pin="8"/><net_sink comp="164" pin=0"/></net>

<net id="171"><net_src comp="164" pin="1"/><net_sink comp="168" pin=0"/></net>

<net id="172"><net_src comp="168" pin="1"/><net_sink comp="120" pin=1"/></net>

<net id="173"><net_src comp="168" pin="1"/><net_sink comp="126" pin=1"/></net>

<net id="174"><net_src comp="168" pin="1"/><net_sink comp="132" pin=1"/></net>

<net id="175"><net_src comp="168" pin="1"/><net_sink comp="138" pin=1"/></net>

<net id="179"><net_src comp="149" pin="1"/><net_sink comp="176" pin=0"/></net>

<net id="186"><net_src comp="50" pin="0"/><net_sink comp="180" pin=0"/></net>

<net id="187"><net_src comp="149" pin="1"/><net_sink comp="180" pin=1"/></net>

<net id="188"><net_src comp="52" pin="0"/><net_sink comp="180" pin=2"/></net>

<net id="189"><net_src comp="54" pin="0"/><net_sink comp="180" pin=3"/></net>

<net id="193"><net_src comp="180" pin="4"/><net_sink comp="190" pin=0"/></net>

<net id="194"><net_src comp="190" pin="1"/><net_sink comp="92" pin=2"/></net>

<net id="195"><net_src comp="190" pin="1"/><net_sink comp="99" pin=2"/></net>

<net id="196"><net_src comp="190" pin="1"/><net_sink comp="106" pin=2"/></net>

<net id="197"><net_src comp="190" pin="1"/><net_sink comp="113" pin=2"/></net>

<net id="202"><net_src comp="158" pin="2"/><net_sink comp="198" pin=0"/></net>

<net id="206"><net_src comp="64" pin="1"/><net_sink comp="203" pin=0"/></net>

<net id="207"><net_src comp="203" pin="1"/><net_sink comp="144" pin=1"/></net>

<net id="208"><net_src comp="203" pin="1"/><net_sink comp="149" pin=0"/></net>

<net id="209"><net_src comp="203" pin="1"/><net_sink comp="198" pin=1"/></net>

</net_list>

</model> 
---------------- Datapath Model END ------------------

* FSMD analyzer results:
  - Output states:
	Port: in_stream_V_data_V | {}
	Port: in_stream_V_keep_V | {}
	Port: in_stream_V_strb_V | {}
	Port: in_stream_V_user_V | {}
	Port: in_stream_V_last_V | {}
	Port: in_stream_V_id_V | {}
	Port: in_stream_V_dest_V | {}
	Port: x_localbuff_V_0 | {1 }
	Port: x_localbuff_V_1 | {1 }
	Port: x_localbuff_V_2 | {1 }
	Port: x_localbuff_V_3 | {1 }
 - Input state : 
	Port: matVecMul_Pipeline_sample_loop : col_size | {1 }
	Port: matVecMul_Pipeline_sample_loop : in_stream_V_data_V | {1 }
	Port: matVecMul_Pipeline_sample_loop : in_stream_V_keep_V | {1 }
	Port: matVecMul_Pipeline_sample_loop : in_stream_V_strb_V | {1 }
	Port: matVecMul_Pipeline_sample_loop : in_stream_V_user_V | {1 }
	Port: matVecMul_Pipeline_sample_loop : in_stream_V_last_V | {1 }
	Port: matVecMul_Pipeline_sample_loop : in_stream_V_id_V | {1 }
	Port: matVecMul_Pipeline_sample_loop : in_stream_V_dest_V | {1 }
	Port: matVecMul_Pipeline_sample_loop : x_localbuff_V_0 | {}
	Port: matVecMul_Pipeline_sample_loop : x_localbuff_V_1 | {}
	Port: matVecMul_Pipeline_sample_loop : x_localbuff_V_2 | {}
	Port: matVecMul_Pipeline_sample_loop : x_localbuff_V_3 | {}
  - Chain level:
	State 1
		store_ln0 : 1
		j_1 : 1
		icmp_ln35 : 2
		add_ln35 : 2
		br_ln35 : 3
		p_Result_s : 1
		trunc_ln40 : 2
		lshr_ln : 2
		zext_ln40 : 3
		x_localbuff_V_0_addr : 4
		x_localbuff_V_1_addr : 4
		x_localbuff_V_2_addr : 4
		x_localbuff_V_3_addr : 4
		switch_ln40 : 3
		store_ln40 : 5
		store_ln40 : 5
		store_ln40 : 5
		store_ln40 : 5
		store_ln35 : 3


============================================================
+ Verbose Summary: Datapath Resource usage 
============================================================

* Functional unit list:
|----------|--------------------------|---------|---------|
| Operation|      Functional Unit     |    FF   |   LUT   |
|----------|--------------------------|---------|---------|
|    add   |      add_ln35_fu_158     |    0    |    39   |
|----------|--------------------------|---------|---------|
|   icmp   |     icmp_ln35_fu_152     |    0    |    18   |
|----------|--------------------------|---------|---------|
|   read   | col_size_read_read_fu_68 |    0    |    0    |
|          |     empty_read_fu_74     |    0    |    0    |
|----------|--------------------------|---------|---------|
|extractvalue|       in_pkt_fu_164      |    0    |    0    |
|----------|--------------------------|---------|---------|
|   trunc  |     p_Result_s_fu_168    |    0    |    0    |
|          |     trunc_ln40_fu_176    |    0    |    0    |
|----------|--------------------------|---------|---------|
|partselect|      lshr_ln_fu_180      |    0    |    0    |
|----------|--------------------------|---------|---------|
|   zext   |     zext_ln40_fu_190     |    0    |    0    |
|----------|--------------------------|---------|---------|
|   Total  |                          |    0    |    57   |
|----------|--------------------------|---------|---------|

Memories:
N/A

* Register list:
+---------+--------+
|         |   FF   |
+---------+--------+
|j_reg_203|   32   |
+---------+--------+
|  Total  |   32   |
+---------+--------+

* Multiplexer (MUX) list: 
|--------|------|------|------|--------|
|  Comp  |  Pin | Size |  BW  | S x BW |
|--------|------|------|------|--------|
|  Total |      |      |      |    0   |
|--------|------|------|------|--------|



* Summary:
+-----------+--------+--------+
|           |   FF   |   LUT  |
+-----------+--------+--------+
|  Function |    0   |   57   |
|   Memory  |    -   |    -   |
|Multiplexer|    -   |    -   |
|  Register |   32   |    -   |
+-----------+--------+--------+
|   Total   |   32   |   57   |
+-----------+--------+--------+
