

================================================================
== Vitis HLS Report for 'matVecMul'
================================================================
* Date:           Mon May  4 03:06:57 2026

* Version:        2021.1 (Build 3247384 on Thu Jun 10 19:36:07 MDT 2021)
* Project:        matVecMul_stream_prj
* Solution:       solution3 (Vivado IP Flow Target)
* Product family: zynq
* Target device:  xc7z020-clg400-1


================================================================
== Performance Estimates
================================================================
+ Timing: 
    * Summary: 
    +--------+----------+----------+------------+
    |  Clock |  Target  | Estimated| Uncertainty|
    +--------+----------+----------+------------+
    |ap_clk  |  10.00 ns|  5.831 ns|     2.70 ns|
    +--------+----------+----------+------------+

+ Latency: 
    * Summary: 
    +---------+---------+----------+----------+-------+-------+---------+
    |  Latency (cycles) |  Latency (absolute) |    Interval   | Pipeline|
    |   min   |   max   |    min   |    max   |  min  |  max  |   Type  |
    +---------+---------+----------+----------+-------+-------+---------+
    |    20742|    20742|  0.207 ms|  0.207 ms|  20743|  20743|       no|
    +---------+---------+----------+----------+-------+-------+---------+

    + Detail: 
        * Instance: 
        N/A

        * Loop: 
        +----------------------+---------+---------+----------+-----------+-----------+------+----------+
        |                      |  Latency (cycles) | Iteration|  Initiation Interval  | Trip |          |
        |       Loop Name      |   min   |   max   |  Latency |  achieved |   target  | Count| Pipelined|
        +----------------------+---------+---------+----------+-----------+-----------+------+----------+
        |- matmul_outer_loop   |    20672|    20672|       323|          -|          -|    64|        no|
        | + matmul_inner_loop  |      320|      320|         5|          -|          -|    64|        no|
        +----------------------+---------+---------+----------+-----------+-----------+------+----------+

============================================================
+ Verbose Summary: Synthesis Manager
============================================================
InlineROM: 1
ExposeGlobal: 0
============================================================
+ Verbose Summary: CDFG Model
============================================================
IsTopModel: 1
ResetActiveHigh: 1
IsCombinational: 0
IsDatapathOnly: 0
HasWiredReturn: 1
HasMFsm: 0
HasVarLatency: 1
IsPipeline: 0
IsRtlPipelined: 0
IsInstanceOverlapped: 0
IsDontTouch: 0
HasImplIP: 0
IsGatedGlobalClock: 0


============================================================
+ Verbose Summary: Schedule
============================================================
* Number of FSM states : 11
* Pipeline : 0
* Dataflow Pipeline: 0

* FSM state transitions: 
1 --> 2 
2 --> 3 
3 --> 4 
4 --> 5 
5 --> 6 
6 --> 7 11 
7 --> 8 
8 --> 9 
9 --> 10 
10 --> 6 
11 --> 5 

* FSM state operations: 

State 1 <SV = 0> <Delay = 1.58>
ST_1 : Operation 12 [1/1] (0.00ns)   --->   "%i_1 = alloca i32 1"   --->   Operation 12 'alloca' 'i_1' <Predicate = true> <Delay = 0.00>
ST_1 : Operation 13 [1/1] (1.00ns)   --->   "%col_size_read = read i32 @_ssdm_op_Read.s_axilite.i32, i32 %col_size" [../matVecMul.cpp:4]   --->   Operation 13 'read' 'col_size_read' <Predicate = true> <Delay = 1.00> <CoreInst = "s_axilite">   --->   Core 114 's_axilite' <Latency = 0> <II = 1> <Delay = 1.00> <Adapter> <Opcode : 'read' 'write'>
ST_1 : Operation 14 [1/1] (1.00ns)   --->   "%row_size_read = read i32 @_ssdm_op_Read.s_axilite.i32, i32 %row_size" [../matVecMul.cpp:4]   --->   Operation 14 'read' 'row_size_read' <Predicate = true> <Delay = 1.00> <CoreInst = "s_axilite">   --->   Core 114 's_axilite' <Latency = 0> <II = 1> <Delay = 1.00> <Adapter> <Opcode : 'read' 'write'>
ST_1 : Operation 15 [1/1] (1.58ns)   --->   "%store_ln34 = store i32 0, i32 %i_1" [../matVecMul.cpp:34]   --->   Operation 15 'store' 'store_ln34' <Predicate = true> <Delay = 1.58>

State 2 <SV = 1> <Delay = 5.72>
ST_2 : Operation 16 [1/1] (0.00ns)   --->   "%empty = wait i32 @_ssdm_op_Wait"   --->   Operation 16 'wait' 'empty' <Predicate = true> <Delay = 0.00>
ST_2 : Operation 17 [2/2] (5.72ns)   --->   "%call_ln4 = call void @matVecMul_Pipeline_sample_loop, i32 %col_size_read, i32 %in_stream_V_data_V, i4 %in_stream_V_keep_V, i4 %in_stream_V_strb_V, i1 %in_stream_V_user_V, i1 %in_stream_V_last_V, i1 %in_stream_V_id_V, i1 %in_stream_V_dest_V, i16 %x_localbuff_V" [../matVecMul.cpp:4]   --->   Operation 17 'call' 'call_ln4' <Predicate = true> <Delay = 5.72> <CoreType = "Generic">   --->   Core 0 '' <Latency = 0> <II = 1> <Delay = 1.00> <Generic> <Opcode : >

State 3 <SV = 2> <Delay = 0.00>
ST_3 : Operation 18 [1/2] (0.00ns)   --->   "%call_ln4 = call void @matVecMul_Pipeline_sample_loop, i32 %col_size_read, i32 %in_stream_V_data_V, i4 %in_stream_V_keep_V, i4 %in_stream_V_strb_V, i1 %in_stream_V_user_V, i1 %in_stream_V_last_V, i1 %in_stream_V_id_V, i1 %in_stream_V_dest_V, i16 %x_localbuff_V" [../matVecMul.cpp:4]   --->   Operation 18 'call' 'call_ln4' <Predicate = true> <Delay = 0.00> <CoreType = "Generic">   --->   Core 0 '' <Latency = 0> <II = 1> <Delay = 1.00> <Generic> <Opcode : >

State 4 <SV = 3> <Delay = 2.55>
ST_4 : Operation 19 [1/1] (0.00ns)   --->   "%spectopmodule_ln0 = spectopmodule void @_ssdm_op_SpecTopModule, void @empty_1"   --->   Operation 19 'spectopmodule' 'spectopmodule_ln0' <Predicate = true> <Delay = 0.00>
ST_4 : Operation 20 [1/1] (0.00ns)   --->   "%specinterface_ln0 = specinterface void @_ssdm_op_SpecInterface, i16 %A, void @empty_10, i32 0, i32 0, void @empty_9, i32 0, i32 0, void @empty_8, void @empty_7, void @empty_9, i32 0, i32 0, i32 0, i32 0, void @empty_9, void @empty_9"   --->   Operation 20 'specinterface' 'specinterface_ln0' <Predicate = true> <Delay = 0.00>
ST_4 : Operation 21 [1/1] (0.00ns)   --->   "%specinterface_ln0 = specinterface void @_ssdm_op_SpecInterface, i16 %A, void @empty_6, i32 0, i32 0, void @empty_9, i32 1, i32 0, void @empty_9, void @empty_9, void @empty_9, i32 0, i32 0, i32 0, i32 0, void @empty_9, void @empty_9"   --->   Operation 21 'specinterface' 'specinterface_ln0' <Predicate = true> <Delay = 0.00>
ST_4 : Operation 22 [1/1] (0.00ns)   --->   "%specmemcore_ln0 = specmemcore void @_ssdm_op_SpecMemCore, i16 %A, i64 666, i64 17, i64 1"   --->   Operation 22 'specmemcore' 'specmemcore_ln0' <Predicate = true> <Delay = 0.00>
ST_4 : Operation 23 [1/1] (0.00ns)   --->   "%specbitsmap_ln0 = specbitsmap void @_ssdm_op_SpecBitsMap, i16 %A"   --->   Operation 23 'specbitsmap' 'specbitsmap_ln0' <Predicate = true> <Delay = 0.00>
ST_4 : Operation 24 [1/1] (0.00ns)   --->   "%specinterface_ln0 = specinterface void @_ssdm_op_SpecInterface, i32 %in_stream_V_data_V, i4 %in_stream_V_keep_V, i4 %in_stream_V_strb_V, i1 %in_stream_V_user_V, i1 %in_stream_V_last_V, i1 %in_stream_V_id_V, i1 %in_stream_V_dest_V, void @empty_5, i32 1, i32 1, void @empty_4, i32 0, i32 0, void @empty_9, void @empty_9, void @empty_9, i32 0, i32 0, i32 0, i32 0, void @empty_9, void @empty_9"   --->   Operation 24 'specinterface' 'specinterface_ln0' <Predicate = true> <Delay = 0.00>
ST_4 : Operation 25 [1/1] (0.00ns)   --->   "%specbitsmap_ln0 = specbitsmap void @_ssdm_op_SpecBitsMap, i32 %in_stream_V_data_V"   --->   Operation 25 'specbitsmap' 'specbitsmap_ln0' <Predicate = true> <Delay = 0.00>
ST_4 : Operation 26 [1/1] (0.00ns)   --->   "%specbitsmap_ln0 = specbitsmap void @_ssdm_op_SpecBitsMap, i4 %in_stream_V_keep_V"   --->   Operation 26 'specbitsmap' 'specbitsmap_ln0' <Predicate = true> <Delay = 0.00>
ST_4 : Operation 27 [1/1] (0.00ns)   --->   "%specbitsmap_ln0 = specbitsmap void @_ssdm_op_SpecBitsMap, i4 %in_stream_V_strb_V"   --->   Operation 27 'specbitsmap' 'specbitsmap_ln0' <Predicate = true> <Delay = 0.00>
ST_4 : Operation 28 [1/1] (0.00ns)   --->   "%specbitsmap_ln0 = specbitsmap void @_ssdm_op_SpecBitsMap, i1 %in_stream_V_user_V"   --->   Operation 28 'specbitsmap' 'specbitsmap_ln0' <Predicate = true> <Delay = 0.00>
ST_4 : Operation 29 [1/1] (0.00ns)   --->   "%specbitsmap_ln0 = specbitsmap void @_ssdm_op_SpecBitsMap, i1 %in_stream_V_last_V"   --->   Operation 29 'specbitsmap' 'specbitsmap_ln0' <Predicate = true> <Delay = 0.00>
ST_4 : Operation 30 [1/1] (0.00ns)   --->   "%specbitsmap_ln0 = specbitsmap void @_ssdm_op_SpecBitsMap, i1 %in_stream_V_id_V"   --->   Operation 30 'specbitsmap' 'specbitsmap_ln0' <Predicate = true> <Delay = 0.00>
ST_4 : Operation 31 [1/1] (0.00ns)   --->   "%specbitsmap_ln0 = specbitsmap void @_ssdm_op_SpecBitsMap, i1 %in_stream_V_dest_V"   --->   Operation 31 'specbitsmap' 'specbitsmap_ln0' <Predicate = true> <Delay = 0.00>
ST_4 : Operation 32 [1/1] (0.00ns)   --->   "%specinterface_ln0 = specinterface void @_ssdm_op_SpecInterface, i32 %out_stream_V_data_V, i4 %out_stream_V_keep_V, i4 %out_stream_V_strb_V, i1 %out_stream_V_user_V, i1 %out_stream_V_last_V, i1 %out_stream_V_id_V, i1 %out_stream_V_dest_V, void @empty_5, i32 1, i32 1, void @empty_4, i32 0, i32 0, void @empty_9, void @empty_9, void @empty_9, i32 0, i32 0, i32 0, i32 0, void @empty_9, void @empty_9"   --->   Operation 32 'specinterface' 'specinterface_ln0' <Predicate = true> <Delay = 0.00>
ST_4 : Operation 33 [1/1] (0.00ns)   --->   "%specbitsmap_ln0 = specbitsmap void @_ssdm_op_SpecBitsMap, i32 %out_stream_V_data_V"   --->   Operation 33 'specbitsmap' 'specbitsmap_ln0' <Predicate = true> <Delay = 0.00>
ST_4 : Operation 34 [1/1] (0.00ns)   --->   "%specbitsmap_ln0 = specbitsmap void @_ssdm_op_SpecBitsMap, i4 %out_stream_V_keep_V"   --->   Operation 34 'specbitsmap' 'specbitsmap_ln0' <Predicate = true> <Delay = 0.00>
ST_4 : Operation 35 [1/1] (0.00ns)   --->   "%specbitsmap_ln0 = specbitsmap void @_ssdm_op_SpecBitsMap, i4 %out_stream_V_strb_V"   --->   Operation 35 'specbitsmap' 'specbitsmap_ln0' <Predicate = true> <Delay = 0.00>
ST_4 : Operation 36 [1/1] (0.00ns)   --->   "%specbitsmap_ln0 = specbitsmap void @_ssdm_op_SpecBitsMap, i1 %out_stream_V_user_V"   --->   Operation 36 'specbitsmap' 'specbitsmap_ln0' <Predicate = true> <Delay = 0.00>
ST_4 : Operation 37 [1/1] (0.00ns)   --->   "%specbitsmap_ln0 = specbitsmap void @_ssdm_op_SpecBitsMap, i1 %out_stream_V_last_V"   --->   Operation 37 'specbitsmap' 'specbitsmap_ln0' <Predicate = true> <Delay = 0.00>
ST_4 : Operation 38 [1/1] (0.00ns)   --->   "%specbitsmap_ln0 = specbitsmap void @_ssdm_op_SpecBitsMap, i1 %out_stream_V_id_V"   --->   Operation 38 'specbitsmap' 'specbitsmap_ln0' <Predicate = true> <Delay = 0.00>
ST_4 : Operation 39 [1/1] (0.00ns)   --->   "%specbitsmap_ln0 = specbitsmap void @_ssdm_op_SpecBitsMap, i1 %out_stream_V_dest_V"   --->   Operation 39 'specbitsmap' 'specbitsmap_ln0' <Predicate = true> <Delay = 0.00>
ST_4 : Operation 40 [1/1] (0.00ns)   --->   "%specbitsmap_ln0 = specbitsmap void @_ssdm_op_SpecBitsMap, i32 %row_size"   --->   Operation 40 'specbitsmap' 'specbitsmap_ln0' <Predicate = true> <Delay = 0.00>
ST_4 : Operation 41 [1/1] (0.00ns)   --->   "%specinterface_ln0 = specinterface void @_ssdm_op_SpecInterface, i32 %row_size, void @empty_10, i32 0, i32 0, void @empty_9, i32 0, i32 0, void @empty_8, void @empty_12, void @empty_9, i32 0, i32 0, i32 0, i32 0, void @empty_9, void @empty_9"   --->   Operation 41 'specinterface' 'specinterface_ln0' <Predicate = true> <Delay = 0.00>
ST_4 : Operation 42 [1/1] (0.00ns)   --->   "%specinterface_ln0 = specinterface void @_ssdm_op_SpecInterface, i32 %row_size, void @empty_3, i32 0, i32 0, void @empty_9, i32 0, i32 0, void @empty_9, void @empty_9, void @empty_9, i32 0, i32 0, i32 0, i32 0, void @empty_9, void @empty_9"   --->   Operation 42 'specinterface' 'specinterface_ln0' <Predicate = true> <Delay = 0.00>
ST_4 : Operation 43 [1/1] (0.00ns)   --->   "%specbitsmap_ln0 = specbitsmap void @_ssdm_op_SpecBitsMap, i32 %col_size"   --->   Operation 43 'specbitsmap' 'specbitsmap_ln0' <Predicate = true> <Delay = 0.00>
ST_4 : Operation 44 [1/1] (0.00ns)   --->   "%specinterface_ln0 = specinterface void @_ssdm_op_SpecInterface, i32 %col_size, void @empty_10, i32 0, i32 0, void @empty_9, i32 0, i32 0, void @empty_8, void @empty_2, void @empty_9, i32 0, i32 0, i32 0, i32 0, void @empty_9, void @empty_9"   --->   Operation 44 'specinterface' 'specinterface_ln0' <Predicate = true> <Delay = 0.00>
ST_4 : Operation 45 [1/1] (0.00ns)   --->   "%specinterface_ln0 = specinterface void @_ssdm_op_SpecInterface, i32 %col_size, void @empty_3, i32 0, i32 0, void @empty_9, i32 0, i32 0, void @empty_9, void @empty_9, void @empty_9, i32 0, i32 0, i32 0, i32 0, void @empty_9, void @empty_9"   --->   Operation 45 'specinterface' 'specinterface_ln0' <Predicate = true> <Delay = 0.00>
ST_4 : Operation 46 [1/1] (0.00ns)   --->   "%specinterface_ln0 = specinterface void @_ssdm_op_SpecInterface, i32 0, void @empty_10, i32 0, i32 0, void @empty_9, i32 0, i32 0, void @empty_8, void @empty_9, void @empty_9, i32 0, i32 0, i32 0, i32 0, void @empty_9, void @empty_9"   --->   Operation 46 'specinterface' 'specinterface_ln0' <Predicate = true> <Delay = 0.00>
ST_4 : Operation 47 [1/1] (0.00ns)   --->   "%empty_20 = wait i32 @_ssdm_op_Wait"   --->   Operation 47 'wait' 'empty_20' <Predicate = true> <Delay = 0.00>
ST_4 : Operation 48 [1/1] (2.55ns)   --->   "%sub = add i32 %row_size_read, i32 4294967295" [../matVecMul.cpp:4]   --->   Operation 48 'add' 'sub' <Predicate = true> <Delay = 2.55> <CoreInst = "Adder">   --->   Core 1 'Adder' <Latency = 0> <II = 1> <Delay = 2.07> <FuncUnit> <Opcode : 'add' 'sub'> <InPorts = 2> <OutPorts = 1>
ST_4 : Operation 49 [1/1] (0.00ns)   --->   "%br_ln34 = br void" [../matVecMul.cpp:34]   --->   Operation 49 'br' 'br_ln34' <Predicate = true> <Delay = 0.00>

State 5 <SV = 4> <Delay = 2.55>
ST_5 : Operation 50 [1/1] (0.00ns)   --->   "%i = load i32 %i_1"   --->   Operation 50 'load' 'i' <Predicate = true> <Delay = 0.00>
ST_5 : Operation 51 [1/1] (0.00ns)   --->   "%specpipeline_ln0 = specpipeline void @_ssdm_op_SpecPipeline, i32 4294967295, i32 0, i32 1, i32 0, void @p_str"   --->   Operation 51 'specpipeline' 'specpipeline_ln0' <Predicate = true> <Delay = 0.00>
ST_5 : Operation 52 [1/1] (2.47ns)   --->   "%icmp_ln34 = icmp_eq  i32 %i, i32 %row_size_read" [../matVecMul.cpp:34]   --->   Operation 52 'icmp' 'icmp_ln34' <Predicate = true> <Delay = 2.47> <CoreInst = "Cmp">   --->   Core 9 'Cmp' <Latency = 0> <II = 1> <Delay = 2.47> <FuncUnit> <Opcode : 'icmp'> <InPorts = 2> <OutPorts = 1>
ST_5 : Operation 53 [1/1] (2.55ns)   --->   "%add_ln34 = add i32 %i, i32 1" [../matVecMul.cpp:34]   --->   Operation 53 'add' 'add_ln34' <Predicate = true> <Delay = 2.55> <CoreInst = "Adder">   --->   Core 1 'Adder' <Latency = 0> <II = 1> <Delay = 2.07> <FuncUnit> <Opcode : 'add' 'sub'> <InPorts = 2> <OutPorts = 1>
ST_5 : Operation 54 [1/1] (0.00ns)   --->   "%br_ln34 = br i1 %icmp_ln34, void %.split, void %._crit_edge213.loopexit" [../matVecMul.cpp:34]   --->   Operation 54 'br' 'br_ln34' <Predicate = true> <Delay = 0.00>
ST_5 : Operation 55 [1/1] (0.00ns)   --->   "%speclooptripcount_ln34 = speclooptripcount void @_ssdm_op_SpecLoopTripCount, i64 64, i64 64, i64 64" [../matVecMul.cpp:34]   --->   Operation 55 'speclooptripcount' 'speclooptripcount_ln34' <Predicate = (!icmp_ln34)> <Delay = 0.00>
ST_5 : Operation 56 [1/1] (0.00ns)   --->   "%specloopname_ln34 = specloopname void @_ssdm_op_SpecLoopName, void @empty" [../matVecMul.cpp:34]   --->   Operation 56 'specloopname' 'specloopname_ln34' <Predicate = (!icmp_ln34)> <Delay = 0.00>
ST_5 : Operation 57 [1/1] (0.00ns)   --->   "%trunc_ln1169 = trunc i32 %i"   --->   Operation 57 'trunc' 'trunc_ln1169' <Predicate = (!icmp_ln34)> <Delay = 0.00>
ST_5 : Operation 58 [1/1] (0.00ns)   --->   "%shl_ln = bitconcatenate i13 @_ssdm_op_BitConcatenate.i13.i6.i7, i6 %trunc_ln1169, i7 0"   --->   Operation 58 'bitconcatenate' 'shl_ln' <Predicate = (!icmp_ln34)> <Delay = 0.00>
ST_5 : Operation 59 [1/1] (1.58ns)   --->   "%br_ln39 = br void %_ZN13ap_fixed_baseILi39ELi23ELb1EL9ap_q_mode5EL9ap_o_mode3ELi0EEC2ILi38ELi22ELb1ELS0_0ELS1_0ELi0EEERKS_IXT_EXT0_EXT1_EXT2_EXT3_EXT4_EE.exit.i.i" [../matVecMul.cpp:39]   --->   Operation 59 'br' 'br_ln39' <Predicate = (!icmp_ln34)> <Delay = 1.58>
ST_5 : Operation 60 [1/1] (0.00ns)   --->   "%ret_ln59 = ret" [../matVecMul.cpp:59]   --->   Operation 60 'ret' 'ret_ln59' <Predicate = (icmp_ln34)> <Delay = 0.00>

State 6 <SV = 5> <Delay = 5.83>
ST_6 : Operation 61 [1/1] (0.00ns)   --->   "%j = phi i7 0, void %.split, i7 %add_ln39, void %_ZN13ap_fixed_baseILi39ELi23ELb1EL9ap_q_mode5EL9ap_o_mode3ELi0EEC2ILi38ELi22ELb1ELS0_0ELS1_0ELi0EEERKS_IXT_EXT0_EXT1_EXT2_EXT3_EXT4_EE.exit.i.i.split" [../matVecMul.cpp:39]   --->   Operation 61 'phi' 'j' <Predicate = true> <Delay = 0.00>
ST_6 : Operation 62 [1/1] (0.00ns)   --->   "%acc_V_3 = phi i38 0, void %.split, i38 %acc_V, void %_ZN13ap_fixed_baseILi39ELi23ELb1EL9ap_q_mode5EL9ap_o_mode3ELi0EEC2ILi38ELi22ELb1ELS0_0ELS1_0ELi0EEERKS_IXT_EXT0_EXT1_EXT2_EXT3_EXT4_EE.exit.i.i.split"   --->   Operation 62 'phi' 'acc_V_3' <Predicate = true> <Delay = 0.00>
ST_6 : Operation 63 [1/1] (0.00ns)   --->   "%zext_ln39 = zext i7 %j" [../matVecMul.cpp:39]   --->   Operation 63 'zext' 'zext_ln39' <Predicate = true> <Delay = 0.00>
ST_6 : Operation 64 [1/1] (0.00ns)   --->   "%zext_ln39_1 = zext i7 %j" [../matVecMul.cpp:39]   --->   Operation 64 'zext' 'zext_ln39_1' <Predicate = true> <Delay = 0.00>
ST_6 : Operation 65 [1/1] (2.47ns)   --->   "%icmp_ln39 = icmp_eq  i32 %zext_ln39, i32 %col_size_read" [../matVecMul.cpp:39]   --->   Operation 65 'icmp' 'icmp_ln39' <Predicate = true> <Delay = 2.47> <CoreInst = "Cmp">   --->   Core 9 'Cmp' <Latency = 0> <II = 1> <Delay = 2.47> <FuncUnit> <Opcode : 'icmp'> <InPorts = 2> <OutPorts = 1>
ST_6 : Operation 66 [1/1] (1.87ns)   --->   "%add_ln39 = add i7 %j, i7 1" [../matVecMul.cpp:39]   --->   Operation 66 'add' 'add_ln39' <Predicate = true> <Delay = 1.87> <CoreInst = "Adder">   --->   Core 1 'Adder' <Latency = 0> <II = 1> <Delay = 2.07> <FuncUnit> <Opcode : 'add' 'sub'> <InPorts = 2> <OutPorts = 1>
ST_6 : Operation 67 [1/1] (0.00ns)   --->   "%br_ln39 = br i1 %icmp_ln39, void %_ZN13ap_fixed_baseILi39ELi23ELb1EL9ap_q_mode5EL9ap_o_mode3ELi0EEC2ILi38ELi22ELb1ELS0_0ELS1_0ELi0EEERKS_IXT_EXT0_EXT1_EXT2_EXT3_EXT4_EE.exit.i.i.split, void %._crit_edge.loopexit_ifconv" [../matVecMul.cpp:39]   --->   Operation 67 'br' 'br_ln39' <Predicate = true> <Delay = 0.00>
ST_6 : Operation 68 [1/1] (0.00ns)   --->   "%shl_ln1169_1 = bitconcatenate i8 @_ssdm_op_BitConcatenate.i8.i7.i1, i7 %j, i1 0"   --->   Operation 68 'bitconcatenate' 'shl_ln1169_1' <Predicate = (!icmp_ln39)> <Delay = 0.00>
ST_6 : Operation 69 [1/1] (0.00ns)   --->   "%zext_ln1169 = zext i8 %shl_ln1169_1"   --->   Operation 69 'zext' 'zext_ln1169' <Predicate = (!icmp_ln39)> <Delay = 0.00>
ST_6 : Operation 70 [1/1] (1.67ns)   --->   "%add_ln1169 = add i13 %zext_ln1169, i13 %shl_ln"   --->   Operation 70 'add' 'add_ln1169' <Predicate = (!icmp_ln39)> <Delay = 1.67> <CoreInst = "Adder">   --->   Core 1 'Adder' <Latency = 0> <II = 1> <Delay = 2.07> <FuncUnit> <Opcode : 'add' 'sub'> <InPorts = 2> <OutPorts = 1>
ST_6 : Operation 71 [1/1] (0.00ns)   --->   "%lshr_ln = partselect i6 @_ssdm_op_PartSelect.i6.i13.i32.i32, i13 %add_ln1169, i32 7, i32 12"   --->   Operation 71 'partselect' 'lshr_ln' <Predicate = (!icmp_ln39)> <Delay = 0.00>
ST_6 : Operation 72 [1/1] (0.00ns)   --->   "%trunc_ln1169_1 = trunc i7 %j"   --->   Operation 72 'trunc' 'trunc_ln1169_1' <Predicate = (!icmp_ln39)> <Delay = 0.00>
ST_6 : Operation 73 [1/1] (0.00ns)   --->   "%tmp_9 = bitconcatenate i12 @_ssdm_op_BitConcatenate.i12.i6.i6, i6 %lshr_ln, i6 %trunc_ln1169_1"   --->   Operation 73 'bitconcatenate' 'tmp_9' <Predicate = (!icmp_ln39)> <Delay = 0.00>
ST_6 : Operation 74 [1/1] (0.00ns)   --->   "%zext_ln1169_1 = zext i12 %tmp_9"   --->   Operation 74 'zext' 'zext_ln1169_1' <Predicate = (!icmp_ln39)> <Delay = 0.00>
ST_6 : Operation 75 [1/1] (0.00ns)   --->   "%A_addr = getelementptr i16 %A, i64 0, i64 %zext_ln1169_1"   --->   Operation 75 'getelementptr' 'A_addr' <Predicate = (!icmp_ln39)> <Delay = 0.00>
ST_6 : Operation 76 [2/2] (3.25ns)   --->   "%r_V = load i12 %A_addr"   --->   Operation 76 'load' 'r_V' <Predicate = (!icmp_ln39)> <Delay = 3.25> <CoreInst = "RAM_1P">   --->   Core 86 'RAM_1P' <Latency = 1> <II = 1> <Delay = 3.25> <Storage> <Opcode : 'load' 'store'> <Ports = 1> <Width = 16> <Depth = 4096> <RAM>
ST_6 : Operation 77 [1/1] (0.00ns)   --->   "%x_localbuff_V_addr = getelementptr i16 %x_localbuff_V, i64 0, i64 %zext_ln39_1"   --->   Operation 77 'getelementptr' 'x_localbuff_V_addr' <Predicate = (!icmp_ln39)> <Delay = 0.00>
ST_6 : Operation 78 [2/2] (3.25ns)   --->   "%x_localbuff_V_load = load i6 %x_localbuff_V_addr"   --->   Operation 78 'load' 'x_localbuff_V_load' <Predicate = (!icmp_ln39)> <Delay = 3.25> <CoreInst = "RAM">   --->   Core 82 'RAM' <Latency = 1> <II = 1> <Delay = 3.25> <Storage> <Opcode : 'load' 'store'> <Ports = 2> <Width = 16> <Depth = 64> <RAM>
ST_6 : Operation 79 [1/1] (0.00ns)   --->   "%p_Result_2 = bitselect i1 @_ssdm_op_BitSelect.i1.i38.i32, i38 %acc_V_3, i32 37"   --->   Operation 79 'bitselect' 'p_Result_2' <Predicate = (icmp_ln39)> <Delay = 0.00>
ST_6 : Operation 80 [1/1] (0.00ns)   --->   "%p_Val2_s = partselect i16 @_ssdm_op_PartSelect.i16.i38.i32.i32, i38 %acc_V_3, i32 8, i32 23"   --->   Operation 80 'partselect' 'p_Val2_s' <Predicate = (icmp_ln39)> <Delay = 0.00>
ST_6 : Operation 81 [1/1] (0.00ns) (grouped into LUT with out node carry_1)   --->   "%p_Result_3 = bitselect i1 @_ssdm_op_BitSelect.i1.i38.i32, i38 %acc_V_3, i32 23"   --->   Operation 81 'bitselect' 'p_Result_3' <Predicate = (icmp_ln39)> <Delay = 0.00>
ST_6 : Operation 82 [1/1] (0.00ns)   --->   "%tmp = bitselect i1 @_ssdm_op_BitSelect.i1.i38.i32, i38 %acc_V_3, i32 7"   --->   Operation 82 'bitselect' 'tmp' <Predicate = (icmp_ln39)> <Delay = 0.00>
ST_6 : Operation 83 [1/1] (0.00ns)   --->   "%zext_ln415 = zext i1 %tmp"   --->   Operation 83 'zext' 'zext_ln415' <Predicate = (icmp_ln39)> <Delay = 0.00>
ST_6 : Operation 84 [1/1] (2.07ns)   --->   "%p_Val2_1 = add i16 %zext_ln415, i16 %p_Val2_s"   --->   Operation 84 'add' 'p_Val2_1' <Predicate = (icmp_ln39)> <Delay = 2.07> <CoreInst = "Adder">   --->   Core 1 'Adder' <Latency = 0> <II = 1> <Delay = 2.07> <FuncUnit> <Opcode : 'add' 'sub'> <InPorts = 2> <OutPorts = 1>
ST_6 : Operation 85 [1/1] (0.00ns)   --->   "%p_Result_4 = bitselect i1 @_ssdm_op_BitSelect.i1.i16.i32, i16 %p_Val2_1, i32 15"   --->   Operation 85 'bitselect' 'p_Result_4' <Predicate = (icmp_ln39)> <Delay = 0.00>
ST_6 : Operation 86 [1/1] (0.00ns) (grouped into LUT with out node carry_1)   --->   "%xor_ln416 = xor i1 %p_Result_4, i1 1"   --->   Operation 86 'xor' 'xor_ln416' <Predicate = (icmp_ln39)> <Delay = 0.00> <CoreInst = "LogicGate">   --->   Core 74 'LogicGate' <Latency = 0> <II = 1> <Delay = 0.97> <FuncUnit> <Opcode : 'and' 'or' 'xor'> <InPorts = 2> <OutPorts = 1>
ST_6 : Operation 87 [1/1] (0.97ns) (out node of the LUT)   --->   "%carry_1 = and i1 %p_Result_3, i1 %xor_ln416"   --->   Operation 87 'and' 'carry_1' <Predicate = (icmp_ln39)> <Delay = 0.97> <CoreInst = "LogicGate">   --->   Core 74 'LogicGate' <Latency = 0> <II = 1> <Delay = 0.97> <FuncUnit> <Opcode : 'and' 'or' 'xor'> <InPorts = 2> <OutPorts = 1>
ST_6 : Operation 88 [1/1] (0.00ns)   --->   "%p_Result_7 = partselect i13 @_ssdm_op_PartSelect.i13.i38.i32.i32, i38 %acc_V_3, i32 25, i32 37"   --->   Operation 88 'partselect' 'p_Result_7' <Predicate = (icmp_ln39)> <Delay = 0.00>
ST_6 : Operation 89 [1/1] (2.09ns)   --->   "%Range2_all_ones = icmp_eq  i13 %p_Result_7, i13 8191"   --->   Operation 89 'icmp' 'Range2_all_ones' <Predicate = (icmp_ln39)> <Delay = 2.09> <CoreInst = "Cmp">   --->   Core 9 'Cmp' <Latency = 0> <II = 1> <Delay = 2.47> <FuncUnit> <Opcode : 'icmp'> <InPorts = 2> <OutPorts = 1>
ST_6 : Operation 90 [1/1] (0.00ns)   --->   "%p_Result_8 = partselect i14 @_ssdm_op_PartSelect.i14.i38.i32.i32, i38 %acc_V_3, i32 24, i32 37"   --->   Operation 90 'partselect' 'p_Result_8' <Predicate = (icmp_ln39)> <Delay = 0.00>
ST_6 : Operation 91 [1/1] (2.20ns)   --->   "%Range1_all_ones = icmp_eq  i14 %p_Result_8, i14 16383"   --->   Operation 91 'icmp' 'Range1_all_ones' <Predicate = (icmp_ln39)> <Delay = 2.20> <CoreInst = "Cmp">   --->   Core 9 'Cmp' <Latency = 0> <II = 1> <Delay = 2.47> <FuncUnit> <Opcode : 'icmp'> <InPorts = 2> <OutPorts = 1>
ST_6 : Operation 92 [1/1] (2.20ns)   --->   "%Range1_all_zeros = icmp_eq  i14 %p_Result_8, i14 0"   --->   Operation 92 'icmp' 'Range1_all_zeros' <Predicate = (icmp_ln39)> <Delay = 2.20> <CoreInst = "Cmp">   --->   Core 9 'Cmp' <Latency = 0> <II = 1> <Delay = 2.47> <FuncUnit> <Opcode : 'icmp'> <InPorts = 2> <OutPorts = 1>
ST_6 : Operation 93 [1/1] (0.00ns) (grouped into LUT with out node overflow_1)   --->   "%deleted_zeros = select i1 %carry_1, i1 %Range1_all_ones, i1 %Range1_all_zeros"   --->   Operation 93 'select' 'deleted_zeros' <Predicate = (icmp_ln39)> <Delay = 0.00> <CoreInst = "Sel">   --->   Core 73 'Sel' <Latency = 0> <II = 1> <Delay = 0.80> <FuncUnit> <Opcode : 'select'> <InPorts = 3> <OutPorts = 1>
ST_6 : Operation 94 [1/1] (0.00ns) (grouped into LUT with out node and_ln795)   --->   "%tmp_2 = bitselect i1 @_ssdm_op_BitSelect.i1.i38.i32, i38 %acc_V_3, i32 24"   --->   Operation 94 'bitselect' 'tmp_2' <Predicate = (icmp_ln39)> <Delay = 0.00>
ST_6 : Operation 95 [1/1] (0.00ns) (grouped into LUT with out node and_ln795)   --->   "%xor_ln789 = xor i1 %tmp_2, i1 1"   --->   Operation 95 'xor' 'xor_ln789' <Predicate = (icmp_ln39)> <Delay = 0.00> <CoreInst = "LogicGate">   --->   Core 74 'LogicGate' <Latency = 0> <II = 1> <Delay = 0.97> <FuncUnit> <Opcode : 'and' 'or' 'xor'> <InPorts = 2> <OutPorts = 1>
ST_6 : Operation 96 [1/1] (0.00ns) (grouped into LUT with out node and_ln795)   --->   "%and_ln789 = and i1 %Range2_all_ones, i1 %xor_ln789"   --->   Operation 96 'and' 'and_ln789' <Predicate = (icmp_ln39)> <Delay = 0.00> <CoreInst = "LogicGate">   --->   Core 74 'LogicGate' <Latency = 0> <II = 1> <Delay = 0.97> <FuncUnit> <Opcode : 'and' 'or' 'xor'> <InPorts = 2> <OutPorts = 1>
ST_6 : Operation 97 [1/1] (0.00ns) (grouped into LUT with out node and_ln795)   --->   "%deleted_ones = select i1 %carry_1, i1 %and_ln789, i1 %Range1_all_ones"   --->   Operation 97 'select' 'deleted_ones' <Predicate = (icmp_ln39)> <Delay = 0.00> <CoreInst = "Sel">   --->   Core 73 'Sel' <Latency = 0> <II = 1> <Delay = 0.80> <FuncUnit> <Opcode : 'select'> <InPorts = 3> <OutPorts = 1>
ST_6 : Operation 98 [1/1] (0.00ns) (grouped into LUT with out node or_ln384)   --->   "%and_ln790 = and i1 %carry_1, i1 %Range1_all_ones"   --->   Operation 98 'and' 'and_ln790' <Predicate = (icmp_ln39)> <Delay = 0.00> <CoreInst = "LogicGate">   --->   Core 74 'LogicGate' <Latency = 0> <II = 1> <Delay = 0.97> <FuncUnit> <Opcode : 'and' 'or' 'xor'> <InPorts = 2> <OutPorts = 1>
ST_6 : Operation 99 [1/1] (0.00ns) (grouped into LUT with out node overflow_1)   --->   "%xor_ln794_1 = xor i1 %deleted_zeros, i1 1"   --->   Operation 99 'xor' 'xor_ln794_1' <Predicate = (icmp_ln39)> <Delay = 0.00> <CoreInst = "LogicGate">   --->   Core 74 'LogicGate' <Latency = 0> <II = 1> <Delay = 0.97> <FuncUnit> <Opcode : 'and' 'or' 'xor'> <InPorts = 2> <OutPorts = 1>
ST_6 : Operation 100 [1/1] (0.00ns) (grouped into LUT with out node overflow_1)   --->   "%or_ln794 = or i1 %p_Result_4, i1 %xor_ln794_1"   --->   Operation 100 'or' 'or_ln794' <Predicate = (icmp_ln39)> <Delay = 0.00> <CoreInst = "LogicGate">   --->   Core 74 'LogicGate' <Latency = 0> <II = 1> <Delay = 0.97> <FuncUnit> <Opcode : 'and' 'or' 'xor'> <InPorts = 2> <OutPorts = 1>
ST_6 : Operation 101 [1/1] (0.00ns) (grouped into LUT with out node overflow_1)   --->   "%xor_ln794_2 = xor i1 %p_Result_2, i1 1"   --->   Operation 101 'xor' 'xor_ln794_2' <Predicate = (icmp_ln39)> <Delay = 0.00> <CoreInst = "LogicGate">   --->   Core 74 'LogicGate' <Latency = 0> <II = 1> <Delay = 0.97> <FuncUnit> <Opcode : 'and' 'or' 'xor'> <InPorts = 2> <OutPorts = 1>
ST_6 : Operation 102 [1/1] (0.99ns) (out node of the LUT)   --->   "%overflow_1 = and i1 %or_ln794, i1 %xor_ln794_2"   --->   Operation 102 'and' 'overflow_1' <Predicate = (icmp_ln39)> <Delay = 0.99> <CoreInst = "LogicGate">   --->   Core 74 'LogicGate' <Latency = 0> <II = 1> <Delay = 0.97> <FuncUnit> <Opcode : 'and' 'or' 'xor'> <InPorts = 2> <OutPorts = 1>
ST_6 : Operation 103 [1/1] (0.99ns) (out node of the LUT)   --->   "%and_ln795 = and i1 %p_Result_4, i1 %deleted_ones"   --->   Operation 103 'and' 'and_ln795' <Predicate = (icmp_ln39)> <Delay = 0.99> <CoreInst = "LogicGate">   --->   Core 74 'LogicGate' <Latency = 0> <II = 1> <Delay = 0.97> <FuncUnit> <Opcode : 'and' 'or' 'xor'> <InPorts = 2> <OutPorts = 1>
ST_6 : Operation 104 [1/1] (0.00ns) (grouped into LUT with out node or_ln384)   --->   "%or_ln795 = or i1 %and_ln790, i1 %and_ln795"   --->   Operation 104 'or' 'or_ln795' <Predicate = (icmp_ln39)> <Delay = 0.00> <CoreInst = "LogicGate">   --->   Core 74 'LogicGate' <Latency = 0> <II = 1> <Delay = 0.97> <FuncUnit> <Opcode : 'and' 'or' 'xor'> <InPorts = 2> <OutPorts = 1>
ST_6 : Operation 105 [1/1] (0.00ns) (grouped into LUT with out node or_ln384)   --->   "%xor_ln795 = xor i1 %or_ln795, i1 1"   --->   Operation 105 'xor' 'xor_ln795' <Predicate = (icmp_ln39)> <Delay = 0.00> <CoreInst = "LogicGate">   --->   Core 74 'LogicGate' <Latency = 0> <II = 1> <Delay = 0.97> <FuncUnit> <Opcode : 'and' 'or' 'xor'> <InPorts = 2> <OutPorts = 1>
ST_6 : Operation 106 [1/1] (0.00ns) (grouped into LUT with out node or_ln384)   --->   "%underflow = and i1 %p_Result_2, i1 %xor_ln795"   --->   Operation 106 'and' 'underflow' <Predicate = (icmp_ln39)> <Delay = 0.00> <CoreInst = "LogicGate">   --->   Core 74 'LogicGate' <Latency = 0> <II = 1> <Delay = 0.97> <FuncUnit> <Opcode : 'and' 'or' 'xor'> <InPorts = 2> <OutPorts = 1>
ST_6 : Operation 107 [1/1] (0.00ns) (grouped into LUT with out node val_V)   --->   "%select_ln384_1 = select i1 %overflow_1, i16 32767, i16 32768"   --->   Operation 107 'select' 'select_ln384_1' <Predicate = (icmp_ln39)> <Delay = 0.00> <CoreInst = "Sel">   --->   Core 73 'Sel' <Latency = 0> <II = 1> <Delay = 0.80> <FuncUnit> <Opcode : 'select'> <InPorts = 3> <OutPorts = 1>
ST_6 : Operation 108 [1/1] (0.97ns) (out node of the LUT)   --->   "%or_ln384 = or i1 %overflow_1, i1 %underflow"   --->   Operation 108 'or' 'or_ln384' <Predicate = (icmp_ln39)> <Delay = 0.97> <CoreInst = "LogicGate">   --->   Core 74 'LogicGate' <Latency = 0> <II = 1> <Delay = 0.97> <FuncUnit> <Opcode : 'and' 'or' 'xor'> <InPorts = 2> <OutPorts = 1>
ST_6 : Operation 109 [1/1] (0.80ns) (out node of the LUT)   --->   "%val_V = select i1 %or_ln384, i16 %select_ln384_1, i16 %p_Val2_1"   --->   Operation 109 'select' 'val_V' <Predicate = (icmp_ln39)> <Delay = 0.80> <CoreInst = "Sel">   --->   Core 73 'Sel' <Latency = 0> <II = 1> <Delay = 0.80> <FuncUnit> <Opcode : 'select'> <InPorts = 3> <OutPorts = 1>
ST_6 : Operation 110 [1/1] (0.00ns)   --->   "%zext_ln414 = zext i16 %val_V"   --->   Operation 110 'zext' 'zext_ln414' <Predicate = (icmp_ln39)> <Delay = 0.00>
ST_6 : Operation 111 [1/1] (2.47ns)   --->   "%out_pkt_last_V = icmp_eq  i32 %i, i32 %sub" [../matVecMul.cpp:54]   --->   Operation 111 'icmp' 'out_pkt_last_V' <Predicate = (icmp_ln39)> <Delay = 2.47> <CoreInst = "Cmp">   --->   Core 9 'Cmp' <Latency = 0> <II = 1> <Delay = 2.47> <FuncUnit> <Opcode : 'icmp'> <InPorts = 2> <OutPorts = 1>
ST_6 : Operation 112 [2/2] (0.00ns)   --->   "%write_ln304 = write void @_ssdm_op_Write.axis.volatile.i32P0A.i4P0A.i4P0A.i1P0A.i1P0A.i1P0A.i1P0A, i32 %out_stream_V_data_V, i4 %out_stream_V_keep_V, i4 %out_stream_V_strb_V, i1 %out_stream_V_user_V, i1 %out_stream_V_last_V, i1 %out_stream_V_id_V, i1 %out_stream_V_dest_V, i32 %zext_ln414, i4 15, i4 15, i1 0, i1 %out_pkt_last_V, i1 0, i1 0"   --->   Operation 112 'write' 'write_ln304' <Predicate = (icmp_ln39)> <Delay = 0.00> <CoreInst = "axis">   --->   Core 115 'axis' <Latency = 0> <II = 1> <Delay = 1.00> <Adapter> <Opcode : >
ST_6 : Operation 113 [1/1] (1.58ns)   --->   "%store_ln34 = store i32 %add_ln34, i32 %i_1" [../matVecMul.cpp:34]   --->   Operation 113 'store' 'store_ln34' <Predicate = (icmp_ln39)> <Delay = 1.58>

State 7 <SV = 6> <Delay = 5.40>
ST_7 : Operation 114 [1/2] (3.25ns)   --->   "%r_V = load i12 %A_addr"   --->   Operation 114 'load' 'r_V' <Predicate = true> <Delay = 3.25> <CoreInst = "RAM_1P">   --->   Core 86 'RAM_1P' <Latency = 1> <II = 1> <Delay = 3.25> <Storage> <Opcode : 'load' 'store'> <Ports = 1> <Width = 16> <Depth = 4096> <RAM>
ST_7 : Operation 115 [1/1] (0.00ns)   --->   "%sext_ln1169 = sext i16 %r_V"   --->   Operation 115 'sext' 'sext_ln1169' <Predicate = true> <Delay = 0.00>
ST_7 : Operation 116 [1/2] (3.25ns)   --->   "%x_localbuff_V_load = load i6 %x_localbuff_V_addr"   --->   Operation 116 'load' 'x_localbuff_V_load' <Predicate = true> <Delay = 3.25> <CoreInst = "RAM">   --->   Core 82 'RAM' <Latency = 1> <II = 1> <Delay = 3.25> <Storage> <Opcode : 'load' 'store'> <Ports = 2> <Width = 16> <Depth = 64> <RAM>
ST_7 : Operation 117 [1/1] (0.00ns)   --->   "%sext_ln1171 = sext i16 %x_localbuff_V_load"   --->   Operation 117 'sext' 'sext_ln1171' <Predicate = true> <Delay = 0.00>
ST_7 : Operation 118 [4/4] (2.15ns) (root node of the DSP)   --->   "%r_V_2 = mul i32 %sext_ln1171, i32 %sext_ln1169"   --->   Operation 118 'mul' 'r_V_2' <Predicate = true> <Delay = 2.15> <CoreInst = "DSP48">   --->   Core 119 'DSP48' <Latency = 3> <II = 1> <Delay = 2.15> <IPBlock> <Opcode : 'mul' 'add' 'sub' 'select'> <InPorts = 0> <OutPorts = 1> <Sync> <CReg>

State 8 <SV = 7> <Delay = 2.15>
ST_8 : Operation 119 [3/4] (2.15ns) (root node of the DSP)   --->   "%r_V_2 = mul i32 %sext_ln1171, i32 %sext_ln1169"   --->   Operation 119 'mul' 'r_V_2' <Predicate = true> <Delay = 2.15> <CoreInst = "DSP48">   --->   Core 119 'DSP48' <Latency = 3> <II = 1> <Delay = 2.15> <IPBlock> <Opcode : 'mul' 'add' 'sub' 'select'> <InPorts = 0> <OutPorts = 1> <Sync> <CReg>

State 9 <SV = 8> <Delay = 2.15>
ST_9 : Operation 120 [2/4] (2.15ns) (root node of the DSP)   --->   "%r_V_2 = mul i32 %sext_ln1171, i32 %sext_ln1169"   --->   Operation 120 'mul' 'r_V_2' <Predicate = true> <Delay = 2.15> <CoreInst = "DSP48">   --->   Core 119 'DSP48' <Latency = 3> <II = 1> <Delay = 2.15> <IPBlock> <Opcode : 'mul' 'add' 'sub' 'select'> <InPorts = 0> <OutPorts = 1> <Sync> <CReg>

State 10 <SV = 9> <Delay = 4.14>
ST_10 : Operation 121 [1/1] (0.00ns)   --->   "%speclooptripcount_ln37 = speclooptripcount void @_ssdm_op_SpecLoopTripCount, i64 64, i64 64, i64 64" [../matVecMul.cpp:37]   --->   Operation 121 'speclooptripcount' 'speclooptripcount_ln37' <Predicate = true> <Delay = 0.00>
ST_10 : Operation 122 [1/1] (0.00ns)   --->   "%specloopname_ln37 = specloopname void @_ssdm_op_SpecLoopName, void @empty_0" [../matVecMul.cpp:37]   --->   Operation 122 'specloopname' 'specloopname_ln37' <Predicate = true> <Delay = 0.00>
ST_10 : Operation 123 [1/4] (0.00ns) (root node of the DSP)   --->   "%r_V_2 = mul i32 %sext_ln1171, i32 %sext_ln1169"   --->   Operation 123 'mul' 'r_V_2' <Predicate = true> <Delay = 0.00> <CoreInst = "DSP48">   --->   Core 119 'DSP48' <Latency = 3> <II = 1> <Delay = 2.15> <IPBlock> <Opcode : 'mul' 'add' 'sub' 'select'> <InPorts = 0> <OutPorts = 1> <Sync> <CReg>
ST_10 : Operation 124 [1/1] (0.00ns)   --->   "%sext_ln712 = sext i38 %acc_V_3"   --->   Operation 124 'sext' 'sext_ln712' <Predicate = true> <Delay = 0.00>
ST_10 : Operation 125 [1/1] (0.00ns)   --->   "%sext_ln712_1 = sext i32 %r_V_2"   --->   Operation 125 'sext' 'sext_ln712_1' <Predicate = true> <Delay = 0.00>
ST_10 : Operation 126 [1/1] (0.00ns)   --->   "%sext_ln1245 = sext i32 %r_V_2"   --->   Operation 126 'sext' 'sext_ln1245' <Predicate = true> <Delay = 0.00>
ST_10 : Operation 127 [1/1] (2.79ns)   --->   "%ret_V = add i39 %sext_ln712, i39 %sext_ln712_1"   --->   Operation 127 'add' 'ret_V' <Predicate = true> <Delay = 2.79> <CoreInst = "Adder">   --->   Core 1 'Adder' <Latency = 0> <II = 1> <Delay = 2.07> <FuncUnit> <Opcode : 'add' 'sub'> <InPorts = 2> <OutPorts = 1>
ST_10 : Operation 128 [1/1] (0.00ns)   --->   "%p_Result_s = bitselect i1 @_ssdm_op_BitSelect.i1.i39.i32, i39 %ret_V, i32 38"   --->   Operation 128 'bitselect' 'p_Result_s' <Predicate = true> <Delay = 0.00>
ST_10 : Operation 129 [1/1] (2.79ns)   --->   "%acc_V_4 = add i38 %acc_V_3, i38 %sext_ln1245"   --->   Operation 129 'add' 'acc_V_4' <Predicate = true> <Delay = 2.79> <CoreInst = "Adder">   --->   Core 1 'Adder' <Latency = 0> <II = 1> <Delay = 2.07> <FuncUnit> <Opcode : 'add' 'sub'> <InPorts = 2> <OutPorts = 1>
ST_10 : Operation 130 [1/1] (0.00ns)   --->   "%p_Result_1 = bitselect i1 @_ssdm_op_BitSelect.i1.i38.i32, i38 %acc_V_4, i32 37"   --->   Operation 130 'bitselect' 'p_Result_1' <Predicate = true> <Delay = 0.00>
ST_10 : Operation 131 [1/1] (0.00ns) (grouped into LUT with out node acc_V)   --->   "%xor_ln794 = xor i1 %p_Result_s, i1 1"   --->   Operation 131 'xor' 'xor_ln794' <Predicate = true> <Delay = 0.00> <CoreInst = "LogicGate">   --->   Core 74 'LogicGate' <Latency = 0> <II = 1> <Delay = 0.97> <FuncUnit> <Opcode : 'and' 'or' 'xor'> <InPorts = 2> <OutPorts = 1>
ST_10 : Operation 132 [1/1] (0.00ns) (grouped into LUT with out node acc_V)   --->   "%overflow = and i1 %p_Result_1, i1 %xor_ln794"   --->   Operation 132 'and' 'overflow' <Predicate = true> <Delay = 0.00> <CoreInst = "LogicGate">   --->   Core 74 'LogicGate' <Latency = 0> <II = 1> <Delay = 0.97> <FuncUnit> <Opcode : 'and' 'or' 'xor'> <InPorts = 2> <OutPorts = 1>
ST_10 : Operation 133 [1/1] (0.00ns) (grouped into LUT with out node acc_V)   --->   "%xor_ln340 = xor i1 %p_Result_s, i1 %p_Result_1"   --->   Operation 133 'xor' 'xor_ln340' <Predicate = true> <Delay = 0.00> <CoreInst = "LogicGate">   --->   Core 74 'LogicGate' <Latency = 0> <II = 1> <Delay = 0.97> <FuncUnit> <Opcode : 'and' 'or' 'xor'> <InPorts = 2> <OutPorts = 1>
ST_10 : Operation 134 [1/1] (0.00ns) (grouped into LUT with out node acc_V)   --->   "%select_ln384 = select i1 %overflow, i38 137438953471, i38 137438953472"   --->   Operation 134 'select' 'select_ln384' <Predicate = true> <Delay = 0.00> <CoreInst = "Sel">   --->   Core 73 'Sel' <Latency = 0> <II = 1> <Delay = 0.80> <FuncUnit> <Opcode : 'select'> <InPorts = 3> <OutPorts = 1>
ST_10 : Operation 135 [1/1] (1.34ns) (out node of the LUT)   --->   "%acc_V = select i1 %xor_ln340, i38 %select_ln384, i38 %acc_V_4"   --->   Operation 135 'select' 'acc_V' <Predicate = true> <Delay = 1.34> <CoreInst = "Sel">   --->   Core 73 'Sel' <Latency = 0> <II = 1> <Delay = 0.80> <FuncUnit> <Opcode : 'select'> <InPorts = 3> <OutPorts = 1>
ST_10 : Operation 136 [1/1] (0.00ns)   --->   "%br_ln0 = br void %_ZN13ap_fixed_baseILi39ELi23ELb1EL9ap_q_mode5EL9ap_o_mode3ELi0EEC2ILi38ELi22ELb1ELS0_0ELS1_0ELi0EEERKS_IXT_EXT0_EXT1_EXT2_EXT3_EXT4_EE.exit.i.i"   --->   Operation 136 'br' 'br_ln0' <Predicate = true> <Delay = 0.00>

State 11 <SV = 6> <Delay = 0.00>
ST_11 : Operation 137 [1/2] (0.00ns)   --->   "%write_ln304 = write void @_ssdm_op_Write.axis.volatile.i32P0A.i4P0A.i4P0A.i1P0A.i1P0A.i1P0A.i1P0A, i32 %out_stream_V_data_V, i4 %out_stream_V_keep_V, i4 %out_stream_V_strb_V, i1 %out_stream_V_user_V, i1 %out_stream_V_last_V, i1 %out_stream_V_id_V, i1 %out_stream_V_dest_V, i32 %zext_ln414, i4 15, i4 15, i1 0, i1 %out_pkt_last_V, i1 0, i1 0"   --->   Operation 137 'write' 'write_ln304' <Predicate = true> <Delay = 0.00> <CoreInst = "axis">   --->   Core 115 'axis' <Latency = 0> <II = 1> <Delay = 1.00> <Adapter> <Opcode : >
ST_11 : Operation 138 [1/1] (0.00ns)   --->   "%br_ln0 = br void"   --->   Operation 138 'br' 'br_ln0' <Predicate = true> <Delay = 0.00>


============================================================
+ Verbose Summary: Timing violations
============================================================
Target clock period: 10ns, clock uncertainty: 2.7ns.

 <State 1>: 1.59ns
The critical path consists of the following:
	'alloca' operation ('i') [19]  (0 ns)
	'store' operation ('store_ln34', ../matVecMul.cpp:34) of constant 0 on local variable 'i' [54]  (1.59 ns)

 <State 2>: 5.73ns
The critical path consists of the following:
	'call' operation ('call_ln4', ../matVecMul.cpp:4) to 'matVecMul_Pipeline_sample_loop' [51]  (5.73 ns)

 <State 3>: 0ns
The critical path consists of the following:

 <State 4>: 2.55ns
The critical path consists of the following:
	'add' operation ('sub', ../matVecMul.cpp:4) [53]  (2.55 ns)

 <State 5>: 2.55ns
The critical path consists of the following:
	'load' operation ('i') on local variable 'i' [57]  (0 ns)
	'add' operation ('add_ln34', ../matVecMul.cpp:34) [60]  (2.55 ns)

 <State 6>: 5.83ns
The critical path consists of the following:
	'phi' operation ('acc.V') with incoming values : ('acc.V') [70]  (0 ns)
	'add' operation ('__Val2__') [112]  (2.08 ns)
	'xor' operation ('xor_ln416') [114]  (0 ns)
	'and' operation ('carry') [115]  (0.978 ns)
	'select' operation ('deleted_zeros') [121]  (0 ns)
	'xor' operation ('xor_ln794_1') [127]  (0 ns)
	'or' operation ('or_ln794') [128]  (0 ns)
	'and' operation ('overflow') [130]  (0.993 ns)
	'or' operation ('or_ln384') [136]  (0.978 ns)
	'select' operation ('val.V') [137]  (0.805 ns)

 <State 7>: 5.4ns
The critical path consists of the following:
	'load' operation ('r.V') on array 'A' [87]  (3.25 ns)
	'mul' operation of DSP[92] ('r.V') [92]  (2.15 ns)

 <State 8>: 2.15ns
The critical path consists of the following:
	'mul' operation of DSP[92] ('r.V') [92]  (2.15 ns)

 <State 9>: 2.15ns
The critical path consists of the following:
	'mul' operation of DSP[92] ('r.V') [92]  (2.15 ns)

 <State 10>: 4.14ns
The critical path consists of the following:
	'mul' operation of DSP[92] ('r.V') [92]  (0 ns)
	'add' operation ('acc.V') [98]  (2.8 ns)
	'select' operation ('acc.V') [104]  (1.35 ns)

 <State 11>: 0ns
The critical path consists of the following:


============================================================
+ Verbose Summary: Binding
============================================================
N/A
* FSMD analyzer results:
  - Output states:
 - Input state : 
  - Chain level:
	State 1
	State 2
	State 3
	State 4
	State 5
	State 6
	State 7
	State 8
	State 9
	State 10
	State 11


============================================================
+ Verbose Summary: Datapath Resource usage 
============================================================
N/A
