

================================================================
== Vitis HLS Report for 'fir_mmio'
================================================================
* Date:           Thu Apr 23 11:15:43 2026

* Version:        2021.1 (Build 3247384 on Thu Jun 10 19:36:07 MDT 2021)
* Project:        lab5
* Solution:       solution1 (Vivado IP Flow Target)
* Product family: zynq
* Target device:  xc7z020-clg400-1


================================================================
== Performance Estimates
================================================================
+ Timing: 
    * Summary: 
    +--------+----------+----------+------------+
    |  Clock |  Target  | Estimated| Uncertainty|
    +--------+----------+----------+------------+
    |ap_clk  |  10.00 ns|  7.256 ns|     1.25 ns|
    +--------+----------+----------+------------+

+ Latency: 
    * Summary: 
    +---------+---------+----------+----------+-----+-----+---------+
    |  Latency (cycles) |  Latency (absolute) |  Interval | Pipeline|
    |   min   |   max   |    min   |    max   | min | max |   Type  |
    +---------+---------+----------+----------+-----+-----+---------+
    |      108|      108|  1.080 us|  1.080 us|    1|    1|      yes|
    +---------+---------+----------+----------+-----+-----+---------+

    + Detail: 
        * Instance: 
        N/A

        * Loop: 
        N/A

============================================================
+ Verbose Summary: Synthesis Manager
============================================================
InlineROM: 1
ExposeGlobal: 0
============================================================
+ Verbose Summary: CDFG Model
============================================================
IsTopModel: 1
ResetActiveHigh: 1
IsCombinational: 0
IsDatapathOnly: 0
HasWiredReturn: 1
HasMFsm: 2
HasVarLatency: 0
IsPipeline: 1
IsRtlPipelined: 1
IsInstanceOverlapped: 0
IsDontTouch: 0
HasImplIP: 0
IsGatedGlobalClock: 0

+ Individual pipeline summary: 
  * Pipeline-0: initiation interval (II) = 1, depth = 109


============================================================
+ Verbose Summary: Schedule
============================================================
* Number of FSM states : 109
* Pipeline : 1
  Pipeline-0 : II = 1, D = 109, States = { 1 2 3 4 5 6 7 8 9 10 11 12 13 14 15 16 17 18 19 20 21 22 23 24 25 26 27 28 29 30 31 32 33 34 35 36 37 38 39 40 41 42 43 44 45 46 47 48 49 50 51 52 53 54 55 56 57 58 59 60 61 62 63 64 65 66 67 68 69 70 71 72 73 74 75 76 77 78 79 80 81 82 83 84 85 86 87 88 89 90 91 92 93 94 95 96 97 98 99 100 101 102 103 104 105 106 107 108 109 }
* Dataflow Pipeline: 0

* FSM state transitions: 
1 --> 2 
2 --> 3 
3 --> 4 
4 --> 5 
5 --> 6 
6 --> 7 
7 --> 8 
8 --> 9 
9 --> 10 
10 --> 11 
11 --> 12 
12 --> 13 
13 --> 14 
14 --> 15 
15 --> 16 
16 --> 17 
17 --> 18 
18 --> 19 
19 --> 20 
20 --> 21 
21 --> 22 
22 --> 23 
23 --> 24 
24 --> 25 
25 --> 26 
26 --> 27 
27 --> 28 
28 --> 29 
29 --> 30 
30 --> 31 
31 --> 32 
32 --> 33 
33 --> 34 
34 --> 35 
35 --> 36 
36 --> 37 
37 --> 38 
38 --> 39 
39 --> 40 
40 --> 41 
41 --> 42 
42 --> 43 
43 --> 44 
44 --> 45 
45 --> 46 
46 --> 47 
47 --> 48 
48 --> 49 
49 --> 50 
50 --> 51 
51 --> 52 
52 --> 53 
53 --> 54 
54 --> 55 
55 --> 56 
56 --> 57 
57 --> 58 
58 --> 59 
59 --> 60 
60 --> 61 
61 --> 62 
62 --> 63 
63 --> 64 
64 --> 65 
65 --> 66 
66 --> 67 
67 --> 68 
68 --> 69 
69 --> 70 
70 --> 71 
71 --> 72 
72 --> 73 
73 --> 74 
74 --> 75 
75 --> 76 
76 --> 77 
77 --> 78 
78 --> 79 
79 --> 80 
80 --> 81 
81 --> 82 
82 --> 83 
83 --> 84 
84 --> 85 
85 --> 86 
86 --> 87 
87 --> 88 
88 --> 89 
89 --> 90 
90 --> 91 
91 --> 92 
92 --> 93 
93 --> 94 
94 --> 95 
95 --> 96 
96 --> 97 
97 --> 98 
98 --> 99 
99 --> 100 
100 --> 101 
101 --> 102 
102 --> 103 
103 --> 104 
104 --> 105 
105 --> 106 
106 --> 107 
107 --> 108 
108 --> 109 
109 --> 

* FSM state operations: 

State 1 <SV = 0> <Delay = 6.70>
ST_1 : Operation 110 [1/1] (1.00ns)   --->   "%x_in_read = read i32 @_ssdm_op_Read.s_axilite.float, i32 %x_in" [fir_mmio.cpp:3]   --->   Operation 110 'read' 'x_in_read' <Predicate = true> <Delay = 1.00> <CoreInst = "s_axilite">   --->   Core 114 's_axilite' <Latency = 0> <II = 1> <Delay = 1.00> <Adapter> <Opcode : 'read' 'write'>
ST_1 : Operation 111 [4/4] (5.70ns)   --->   "%mul = fmul i32 %x_in_read, i32 -6.21115e-19" [fir_mmio.cpp:25]   --->   Operation 111 'fmul' 'mul' <Predicate = true> <Delay = 5.70> <CoreInst = "FMul_maxdsp">   --->   Core 30 'FMul_maxdsp' <Latency = 3> <II = 1> <Delay = 5.70> <FuncUnit> <Opcode : 'fmul'> <InPorts = 2> <OutPorts = 1>

State 2 <SV = 1> <Delay = 5.70>
ST_2 : Operation 112 [3/4] (5.70ns)   --->   "%mul = fmul i32 %x_in_read, i32 -6.21115e-19" [fir_mmio.cpp:25]   --->   Operation 112 'fmul' 'mul' <Predicate = true> <Delay = 5.70> <CoreInst = "FMul_maxdsp">   --->   Core 30 'FMul_maxdsp' <Latency = 3> <II = 1> <Delay = 5.70> <FuncUnit> <Opcode : 'fmul'> <InPorts = 2> <OutPorts = 1>

State 3 <SV = 2> <Delay = 5.70>
ST_3 : Operation 113 [2/4] (5.70ns)   --->   "%mul = fmul i32 %x_in_read, i32 -6.21115e-19" [fir_mmio.cpp:25]   --->   Operation 113 'fmul' 'mul' <Predicate = true> <Delay = 5.70> <CoreInst = "FMul_maxdsp">   --->   Core 30 'FMul_maxdsp' <Latency = 3> <II = 1> <Delay = 5.70> <FuncUnit> <Opcode : 'fmul'> <InPorts = 2> <OutPorts = 1>

State 4 <SV = 3> <Delay = 5.70>
ST_4 : Operation 114 [1/4] (5.70ns)   --->   "%mul = fmul i32 %x_in_read, i32 -6.21115e-19" [fir_mmio.cpp:25]   --->   Operation 114 'fmul' 'mul' <Predicate = true> <Delay = 5.70> <CoreInst = "FMul_maxdsp">   --->   Core 30 'FMul_maxdsp' <Latency = 3> <II = 1> <Delay = 5.70> <FuncUnit> <Opcode : 'fmul'> <InPorts = 2> <OutPorts = 1>

State 5 <SV = 4> <Delay = 7.25>
ST_5 : Operation 115 [5/5] (7.25ns)   --->   "%acc_1 = fadd i32 %mul, i32 0" [fir_mmio.cpp:25]   --->   Operation 115 'fadd' 'acc_1' <Predicate = true> <Delay = 7.25> <CoreInst = "FAddSub_fulldsp">   --->   Core 18 'FAddSub_fulldsp' <Latency = 4> <II = 1> <Delay = 7.25> <FuncUnit> <Opcode : 'fadd' 'fsub'> <InPorts = 2> <OutPorts = 1>

State 6 <SV = 5> <Delay = 7.25>
ST_6 : Operation 116 [1/1] (0.00ns)   --->   "%shift_reg_1_load = load i32 %shift_reg_1" [fir_mmio.cpp:16]   --->   Operation 116 'load' 'shift_reg_1_load' <Predicate = true> <Delay = 0.00>
ST_6 : Operation 117 [1/1] (0.00ns)   --->   "%shift_reg_0_load = load i32 %shift_reg_0" [fir_mmio.cpp:16]   --->   Operation 117 'load' 'shift_reg_0_load' <Predicate = true> <Delay = 0.00>
ST_6 : Operation 118 [1/1] (0.00ns)   --->   "%store_ln16 = store i32 %shift_reg_0_load, i32 %shift_reg_1" [fir_mmio.cpp:16]   --->   Operation 118 'store' 'store_ln16' <Predicate = true> <Delay = 0.00>
ST_6 : Operation 119 [1/1] (0.00ns)   --->   "%store_ln18 = store i32 %x_in_read, i32 %shift_reg_0" [fir_mmio.cpp:18]   --->   Operation 119 'store' 'store_ln18' <Predicate = true> <Delay = 0.00>
ST_6 : Operation 120 [4/5] (7.25ns)   --->   "%acc_1 = fadd i32 %mul, i32 0" [fir_mmio.cpp:25]   --->   Operation 120 'fadd' 'acc_1' <Predicate = true> <Delay = 7.25> <CoreInst = "FAddSub_fulldsp">   --->   Core 18 'FAddSub_fulldsp' <Latency = 4> <II = 1> <Delay = 7.25> <FuncUnit> <Opcode : 'fadd' 'fsub'> <InPorts = 2> <OutPorts = 1>
ST_6 : Operation 121 [4/4] (5.70ns)   --->   "%mul_1 = fmul i32 %shift_reg_0_load, i32 -0.00212227" [fir_mmio.cpp:25]   --->   Operation 121 'fmul' 'mul_1' <Predicate = true> <Delay = 5.70> <CoreInst = "FMul_maxdsp">   --->   Core 30 'FMul_maxdsp' <Latency = 3> <II = 1> <Delay = 5.70> <FuncUnit> <Opcode : 'fmul'> <InPorts = 2> <OutPorts = 1>

State 7 <SV = 6> <Delay = 7.25>
ST_7 : Operation 122 [3/5] (7.25ns)   --->   "%acc_1 = fadd i32 %mul, i32 0" [fir_mmio.cpp:25]   --->   Operation 122 'fadd' 'acc_1' <Predicate = true> <Delay = 7.25> <CoreInst = "FAddSub_fulldsp">   --->   Core 18 'FAddSub_fulldsp' <Latency = 4> <II = 1> <Delay = 7.25> <FuncUnit> <Opcode : 'fadd' 'fsub'> <InPorts = 2> <OutPorts = 1>
ST_7 : Operation 123 [3/4] (5.70ns)   --->   "%mul_1 = fmul i32 %shift_reg_0_load, i32 -0.00212227" [fir_mmio.cpp:25]   --->   Operation 123 'fmul' 'mul_1' <Predicate = true> <Delay = 5.70> <CoreInst = "FMul_maxdsp">   --->   Core 30 'FMul_maxdsp' <Latency = 3> <II = 1> <Delay = 5.70> <FuncUnit> <Opcode : 'fmul'> <InPorts = 2> <OutPorts = 1>

State 8 <SV = 7> <Delay = 7.25>
ST_8 : Operation 124 [2/5] (7.25ns)   --->   "%acc_1 = fadd i32 %mul, i32 0" [fir_mmio.cpp:25]   --->   Operation 124 'fadd' 'acc_1' <Predicate = true> <Delay = 7.25> <CoreInst = "FAddSub_fulldsp">   --->   Core 18 'FAddSub_fulldsp' <Latency = 4> <II = 1> <Delay = 7.25> <FuncUnit> <Opcode : 'fadd' 'fsub'> <InPorts = 2> <OutPorts = 1>
ST_8 : Operation 125 [2/4] (5.70ns)   --->   "%mul_1 = fmul i32 %shift_reg_0_load, i32 -0.00212227" [fir_mmio.cpp:25]   --->   Operation 125 'fmul' 'mul_1' <Predicate = true> <Delay = 5.70> <CoreInst = "FMul_maxdsp">   --->   Core 30 'FMul_maxdsp' <Latency = 3> <II = 1> <Delay = 5.70> <FuncUnit> <Opcode : 'fmul'> <InPorts = 2> <OutPorts = 1>

State 9 <SV = 8> <Delay = 7.25>
ST_9 : Operation 126 [1/5] (7.25ns)   --->   "%acc_1 = fadd i32 %mul, i32 0" [fir_mmio.cpp:25]   --->   Operation 126 'fadd' 'acc_1' <Predicate = true> <Delay = 7.25> <CoreInst = "FAddSub_fulldsp">   --->   Core 18 'FAddSub_fulldsp' <Latency = 4> <II = 1> <Delay = 7.25> <FuncUnit> <Opcode : 'fadd' 'fsub'> <InPorts = 2> <OutPorts = 1>
ST_9 : Operation 127 [1/4] (5.70ns)   --->   "%mul_1 = fmul i32 %shift_reg_0_load, i32 -0.00212227" [fir_mmio.cpp:25]   --->   Operation 127 'fmul' 'mul_1' <Predicate = true> <Delay = 5.70> <CoreInst = "FMul_maxdsp">   --->   Core 30 'FMul_maxdsp' <Latency = 3> <II = 1> <Delay = 5.70> <FuncUnit> <Opcode : 'fmul'> <InPorts = 2> <OutPorts = 1>

State 10 <SV = 9> <Delay = 7.25>
ST_10 : Operation 128 [5/5] (7.25ns)   --->   "%acc_1_1 = fadd i32 %acc_1, i32 %mul_1" [fir_mmio.cpp:25]   --->   Operation 128 'fadd' 'acc_1_1' <Predicate = true> <Delay = 7.25> <CoreInst = "FAddSub_fulldsp">   --->   Core 18 'FAddSub_fulldsp' <Latency = 4> <II = 1> <Delay = 7.25> <FuncUnit> <Opcode : 'fadd' 'fsub'> <InPorts = 2> <OutPorts = 1>

State 11 <SV = 10> <Delay = 7.25>
ST_11 : Operation 129 [1/1] (0.00ns)   --->   "%shift_reg_2_load = load i32 %shift_reg_2" [fir_mmio.cpp:16]   --->   Operation 129 'load' 'shift_reg_2_load' <Predicate = true> <Delay = 0.00>
ST_11 : Operation 130 [1/1] (0.00ns)   --->   "%store_ln16 = store i32 %shift_reg_1_load, i32 %shift_reg_2" [fir_mmio.cpp:16]   --->   Operation 130 'store' 'store_ln16' <Predicate = true> <Delay = 0.00>
ST_11 : Operation 131 [4/5] (7.25ns)   --->   "%acc_1_1 = fadd i32 %acc_1, i32 %mul_1" [fir_mmio.cpp:25]   --->   Operation 131 'fadd' 'acc_1_1' <Predicate = true> <Delay = 7.25> <CoreInst = "FAddSub_fulldsp">   --->   Core 18 'FAddSub_fulldsp' <Latency = 4> <II = 1> <Delay = 7.25> <FuncUnit> <Opcode : 'fadd' 'fsub'> <InPorts = 2> <OutPorts = 1>
ST_11 : Operation 132 [4/4] (5.70ns)   --->   "%mul_2 = fmul i32 %shift_reg_1_load, i32 -0.00632535" [fir_mmio.cpp:25]   --->   Operation 132 'fmul' 'mul_2' <Predicate = true> <Delay = 5.70> <CoreInst = "FMul_maxdsp">   --->   Core 30 'FMul_maxdsp' <Latency = 3> <II = 1> <Delay = 5.70> <FuncUnit> <Opcode : 'fmul'> <InPorts = 2> <OutPorts = 1>

State 12 <SV = 11> <Delay = 7.25>
ST_12 : Operation 133 [3/5] (7.25ns)   --->   "%acc_1_1 = fadd i32 %acc_1, i32 %mul_1" [fir_mmio.cpp:25]   --->   Operation 133 'fadd' 'acc_1_1' <Predicate = true> <Delay = 7.25> <CoreInst = "FAddSub_fulldsp">   --->   Core 18 'FAddSub_fulldsp' <Latency = 4> <II = 1> <Delay = 7.25> <FuncUnit> <Opcode : 'fadd' 'fsub'> <InPorts = 2> <OutPorts = 1>
ST_12 : Operation 134 [3/4] (5.70ns)   --->   "%mul_2 = fmul i32 %shift_reg_1_load, i32 -0.00632535" [fir_mmio.cpp:25]   --->   Operation 134 'fmul' 'mul_2' <Predicate = true> <Delay = 5.70> <CoreInst = "FMul_maxdsp">   --->   Core 30 'FMul_maxdsp' <Latency = 3> <II = 1> <Delay = 5.70> <FuncUnit> <Opcode : 'fmul'> <InPorts = 2> <OutPorts = 1>

State 13 <SV = 12> <Delay = 7.25>
ST_13 : Operation 135 [2/5] (7.25ns)   --->   "%acc_1_1 = fadd i32 %acc_1, i32 %mul_1" [fir_mmio.cpp:25]   --->   Operation 135 'fadd' 'acc_1_1' <Predicate = true> <Delay = 7.25> <CoreInst = "FAddSub_fulldsp">   --->   Core 18 'FAddSub_fulldsp' <Latency = 4> <II = 1> <Delay = 7.25> <FuncUnit> <Opcode : 'fadd' 'fsub'> <InPorts = 2> <OutPorts = 1>
ST_13 : Operation 136 [2/4] (5.70ns)   --->   "%mul_2 = fmul i32 %shift_reg_1_load, i32 -0.00632535" [fir_mmio.cpp:25]   --->   Operation 136 'fmul' 'mul_2' <Predicate = true> <Delay = 5.70> <CoreInst = "FMul_maxdsp">   --->   Core 30 'FMul_maxdsp' <Latency = 3> <II = 1> <Delay = 5.70> <FuncUnit> <Opcode : 'fmul'> <InPorts = 2> <OutPorts = 1>

State 14 <SV = 13> <Delay = 7.25>
ST_14 : Operation 137 [1/5] (7.25ns)   --->   "%acc_1_1 = fadd i32 %acc_1, i32 %mul_1" [fir_mmio.cpp:25]   --->   Operation 137 'fadd' 'acc_1_1' <Predicate = true> <Delay = 7.25> <CoreInst = "FAddSub_fulldsp">   --->   Core 18 'FAddSub_fulldsp' <Latency = 4> <II = 1> <Delay = 7.25> <FuncUnit> <Opcode : 'fadd' 'fsub'> <InPorts = 2> <OutPorts = 1>
ST_14 : Operation 138 [1/4] (5.70ns)   --->   "%mul_2 = fmul i32 %shift_reg_1_load, i32 -0.00632535" [fir_mmio.cpp:25]   --->   Operation 138 'fmul' 'mul_2' <Predicate = true> <Delay = 5.70> <CoreInst = "FMul_maxdsp">   --->   Core 30 'FMul_maxdsp' <Latency = 3> <II = 1> <Delay = 5.70> <FuncUnit> <Opcode : 'fmul'> <InPorts = 2> <OutPorts = 1>

State 15 <SV = 14> <Delay = 7.25>
ST_15 : Operation 139 [5/5] (7.25ns)   --->   "%acc_1_2 = fadd i32 %acc_1_1, i32 %mul_2" [fir_mmio.cpp:25]   --->   Operation 139 'fadd' 'acc_1_2' <Predicate = true> <Delay = 7.25> <CoreInst = "FAddSub_fulldsp">   --->   Core 18 'FAddSub_fulldsp' <Latency = 4> <II = 1> <Delay = 7.25> <FuncUnit> <Opcode : 'fadd' 'fsub'> <InPorts = 2> <OutPorts = 1>

State 16 <SV = 15> <Delay = 7.25>
ST_16 : Operation 140 [4/5] (7.25ns)   --->   "%acc_1_2 = fadd i32 %acc_1_1, i32 %mul_2" [fir_mmio.cpp:25]   --->   Operation 140 'fadd' 'acc_1_2' <Predicate = true> <Delay = 7.25> <CoreInst = "FAddSub_fulldsp">   --->   Core 18 'FAddSub_fulldsp' <Latency = 4> <II = 1> <Delay = 7.25> <FuncUnit> <Opcode : 'fadd' 'fsub'> <InPorts = 2> <OutPorts = 1>
ST_16 : Operation 141 [4/4] (5.70ns)   --->   "%mul_3 = fmul i32 %shift_reg_2_load, i32 -0.0116118" [fir_mmio.cpp:25]   --->   Operation 141 'fmul' 'mul_3' <Predicate = true> <Delay = 5.70> <CoreInst = "FMul_maxdsp">   --->   Core 30 'FMul_maxdsp' <Latency = 3> <II = 1> <Delay = 5.70> <FuncUnit> <Opcode : 'fmul'> <InPorts = 2> <OutPorts = 1>

State 17 <SV = 16> <Delay = 7.25>
ST_17 : Operation 142 [3/5] (7.25ns)   --->   "%acc_1_2 = fadd i32 %acc_1_1, i32 %mul_2" [fir_mmio.cpp:25]   --->   Operation 142 'fadd' 'acc_1_2' <Predicate = true> <Delay = 7.25> <CoreInst = "FAddSub_fulldsp">   --->   Core 18 'FAddSub_fulldsp' <Latency = 4> <II = 1> <Delay = 7.25> <FuncUnit> <Opcode : 'fadd' 'fsub'> <InPorts = 2> <OutPorts = 1>
ST_17 : Operation 143 [3/4] (5.70ns)   --->   "%mul_3 = fmul i32 %shift_reg_2_load, i32 -0.0116118" [fir_mmio.cpp:25]   --->   Operation 143 'fmul' 'mul_3' <Predicate = true> <Delay = 5.70> <CoreInst = "FMul_maxdsp">   --->   Core 30 'FMul_maxdsp' <Latency = 3> <II = 1> <Delay = 5.70> <FuncUnit> <Opcode : 'fmul'> <InPorts = 2> <OutPorts = 1>

State 18 <SV = 17> <Delay = 7.25>
ST_18 : Operation 144 [2/5] (7.25ns)   --->   "%acc_1_2 = fadd i32 %acc_1_1, i32 %mul_2" [fir_mmio.cpp:25]   --->   Operation 144 'fadd' 'acc_1_2' <Predicate = true> <Delay = 7.25> <CoreInst = "FAddSub_fulldsp">   --->   Core 18 'FAddSub_fulldsp' <Latency = 4> <II = 1> <Delay = 7.25> <FuncUnit> <Opcode : 'fadd' 'fsub'> <InPorts = 2> <OutPorts = 1>
ST_18 : Operation 145 [2/4] (5.70ns)   --->   "%mul_3 = fmul i32 %shift_reg_2_load, i32 -0.0116118" [fir_mmio.cpp:25]   --->   Operation 145 'fmul' 'mul_3' <Predicate = true> <Delay = 5.70> <CoreInst = "FMul_maxdsp">   --->   Core 30 'FMul_maxdsp' <Latency = 3> <II = 1> <Delay = 5.70> <FuncUnit> <Opcode : 'fmul'> <InPorts = 2> <OutPorts = 1>

State 19 <SV = 18> <Delay = 7.25>
ST_19 : Operation 146 [1/5] (7.25ns)   --->   "%acc_1_2 = fadd i32 %acc_1_1, i32 %mul_2" [fir_mmio.cpp:25]   --->   Operation 146 'fadd' 'acc_1_2' <Predicate = true> <Delay = 7.25> <CoreInst = "FAddSub_fulldsp">   --->   Core 18 'FAddSub_fulldsp' <Latency = 4> <II = 1> <Delay = 7.25> <FuncUnit> <Opcode : 'fadd' 'fsub'> <InPorts = 2> <OutPorts = 1>
ST_19 : Operation 147 [1/4] (5.70ns)   --->   "%mul_3 = fmul i32 %shift_reg_2_load, i32 -0.0116118" [fir_mmio.cpp:25]   --->   Operation 147 'fmul' 'mul_3' <Predicate = true> <Delay = 5.70> <CoreInst = "FMul_maxdsp">   --->   Core 30 'FMul_maxdsp' <Latency = 3> <II = 1> <Delay = 5.70> <FuncUnit> <Opcode : 'fmul'> <InPorts = 2> <OutPorts = 1>

State 20 <SV = 19> <Delay = 7.25>
ST_20 : Operation 148 [5/5] (7.25ns)   --->   "%acc_1_3 = fadd i32 %acc_1_2, i32 %mul_3" [fir_mmio.cpp:25]   --->   Operation 148 'fadd' 'acc_1_3' <Predicate = true> <Delay = 7.25> <CoreInst = "FAddSub_fulldsp">   --->   Core 18 'FAddSub_fulldsp' <Latency = 4> <II = 1> <Delay = 7.25> <FuncUnit> <Opcode : 'fadd' 'fsub'> <InPorts = 2> <OutPorts = 1>

State 21 <SV = 20> <Delay = 7.25>
ST_21 : Operation 149 [1/1] (0.00ns)   --->   "%shift_reg_4_load = load i32 %shift_reg_4" [fir_mmio.cpp:16]   --->   Operation 149 'load' 'shift_reg_4_load' <Predicate = true> <Delay = 0.00>
ST_21 : Operation 150 [1/1] (0.00ns)   --->   "%shift_reg_3_load = load i32 %shift_reg_3" [fir_mmio.cpp:16]   --->   Operation 150 'load' 'shift_reg_3_load' <Predicate = true> <Delay = 0.00>
ST_21 : Operation 151 [1/1] (0.00ns)   --->   "%store_ln16 = store i32 %shift_reg_3_load, i32 %shift_reg_4" [fir_mmio.cpp:16]   --->   Operation 151 'store' 'store_ln16' <Predicate = true> <Delay = 0.00>
ST_21 : Operation 152 [1/1] (0.00ns)   --->   "%store_ln16 = store i32 %shift_reg_2_load, i32 %shift_reg_3" [fir_mmio.cpp:16]   --->   Operation 152 'store' 'store_ln16' <Predicate = true> <Delay = 0.00>
ST_21 : Operation 153 [4/5] (7.25ns)   --->   "%acc_1_3 = fadd i32 %acc_1_2, i32 %mul_3" [fir_mmio.cpp:25]   --->   Operation 153 'fadd' 'acc_1_3' <Predicate = true> <Delay = 7.25> <CoreInst = "FAddSub_fulldsp">   --->   Core 18 'FAddSub_fulldsp' <Latency = 4> <II = 1> <Delay = 7.25> <FuncUnit> <Opcode : 'fadd' 'fsub'> <InPorts = 2> <OutPorts = 1>
ST_21 : Operation 154 [4/4] (5.70ns)   --->   "%mul_4 = fmul i32 %shift_reg_3_load, i32 -0.0123547" [fir_mmio.cpp:25]   --->   Operation 154 'fmul' 'mul_4' <Predicate = true> <Delay = 5.70> <CoreInst = "FMul_maxdsp">   --->   Core 30 'FMul_maxdsp' <Latency = 3> <II = 1> <Delay = 5.70> <FuncUnit> <Opcode : 'fmul'> <InPorts = 2> <OutPorts = 1>

State 22 <SV = 21> <Delay = 7.25>
ST_22 : Operation 155 [3/5] (7.25ns)   --->   "%acc_1_3 = fadd i32 %acc_1_2, i32 %mul_3" [fir_mmio.cpp:25]   --->   Operation 155 'fadd' 'acc_1_3' <Predicate = true> <Delay = 7.25> <CoreInst = "FAddSub_fulldsp">   --->   Core 18 'FAddSub_fulldsp' <Latency = 4> <II = 1> <Delay = 7.25> <FuncUnit> <Opcode : 'fadd' 'fsub'> <InPorts = 2> <OutPorts = 1>
ST_22 : Operation 156 [3/4] (5.70ns)   --->   "%mul_4 = fmul i32 %shift_reg_3_load, i32 -0.0123547" [fir_mmio.cpp:25]   --->   Operation 156 'fmul' 'mul_4' <Predicate = true> <Delay = 5.70> <CoreInst = "FMul_maxdsp">   --->   Core 30 'FMul_maxdsp' <Latency = 3> <II = 1> <Delay = 5.70> <FuncUnit> <Opcode : 'fmul'> <InPorts = 2> <OutPorts = 1>

State 23 <SV = 22> <Delay = 7.25>
ST_23 : Operation 157 [2/5] (7.25ns)   --->   "%acc_1_3 = fadd i32 %acc_1_2, i32 %mul_3" [fir_mmio.cpp:25]   --->   Operation 157 'fadd' 'acc_1_3' <Predicate = true> <Delay = 7.25> <CoreInst = "FAddSub_fulldsp">   --->   Core 18 'FAddSub_fulldsp' <Latency = 4> <II = 1> <Delay = 7.25> <FuncUnit> <Opcode : 'fadd' 'fsub'> <InPorts = 2> <OutPorts = 1>
ST_23 : Operation 158 [2/4] (5.70ns)   --->   "%mul_4 = fmul i32 %shift_reg_3_load, i32 -0.0123547" [fir_mmio.cpp:25]   --->   Operation 158 'fmul' 'mul_4' <Predicate = true> <Delay = 5.70> <CoreInst = "FMul_maxdsp">   --->   Core 30 'FMul_maxdsp' <Latency = 3> <II = 1> <Delay = 5.70> <FuncUnit> <Opcode : 'fmul'> <InPorts = 2> <OutPorts = 1>

State 24 <SV = 23> <Delay = 7.25>
ST_24 : Operation 159 [1/5] (7.25ns)   --->   "%acc_1_3 = fadd i32 %acc_1_2, i32 %mul_3" [fir_mmio.cpp:25]   --->   Operation 159 'fadd' 'acc_1_3' <Predicate = true> <Delay = 7.25> <CoreInst = "FAddSub_fulldsp">   --->   Core 18 'FAddSub_fulldsp' <Latency = 4> <II = 1> <Delay = 7.25> <FuncUnit> <Opcode : 'fadd' 'fsub'> <InPorts = 2> <OutPorts = 1>
ST_24 : Operation 160 [1/4] (5.70ns)   --->   "%mul_4 = fmul i32 %shift_reg_3_load, i32 -0.0123547" [fir_mmio.cpp:25]   --->   Operation 160 'fmul' 'mul_4' <Predicate = true> <Delay = 5.70> <CoreInst = "FMul_maxdsp">   --->   Core 30 'FMul_maxdsp' <Latency = 3> <II = 1> <Delay = 5.70> <FuncUnit> <Opcode : 'fmul'> <InPorts = 2> <OutPorts = 1>

State 25 <SV = 24> <Delay = 7.25>
ST_25 : Operation 161 [5/5] (7.25ns)   --->   "%acc_1_4 = fadd i32 %acc_1_3, i32 %mul_4" [fir_mmio.cpp:25]   --->   Operation 161 'fadd' 'acc_1_4' <Predicate = true> <Delay = 7.25> <CoreInst = "FAddSub_fulldsp">   --->   Core 18 'FAddSub_fulldsp' <Latency = 4> <II = 1> <Delay = 7.25> <FuncUnit> <Opcode : 'fadd' 'fsub'> <InPorts = 2> <OutPorts = 1>

State 26 <SV = 25> <Delay = 7.25>
ST_26 : Operation 162 [1/1] (0.00ns)   --->   "%shift_reg_5_load = load i32 %shift_reg_5" [fir_mmio.cpp:16]   --->   Operation 162 'load' 'shift_reg_5_load' <Predicate = true> <Delay = 0.00>
ST_26 : Operation 163 [1/1] (0.00ns)   --->   "%store_ln16 = store i32 %shift_reg_4_load, i32 %shift_reg_5" [fir_mmio.cpp:16]   --->   Operation 163 'store' 'store_ln16' <Predicate = true> <Delay = 0.00>
ST_26 : Operation 164 [4/5] (7.25ns)   --->   "%acc_1_4 = fadd i32 %acc_1_3, i32 %mul_4" [fir_mmio.cpp:25]   --->   Operation 164 'fadd' 'acc_1_4' <Predicate = true> <Delay = 7.25> <CoreInst = "FAddSub_fulldsp">   --->   Core 18 'FAddSub_fulldsp' <Latency = 4> <II = 1> <Delay = 7.25> <FuncUnit> <Opcode : 'fadd' 'fsub'> <InPorts = 2> <OutPorts = 1>
ST_26 : Operation 165 [4/4] (5.70ns)   --->   "%mul_5 = fmul i32 %shift_reg_4_load, i32 4.19253e-18" [fir_mmio.cpp:25]   --->   Operation 165 'fmul' 'mul_5' <Predicate = true> <Delay = 5.70> <CoreInst = "FMul_maxdsp">   --->   Core 30 'FMul_maxdsp' <Latency = 3> <II = 1> <Delay = 5.70> <FuncUnit> <Opcode : 'fmul'> <InPorts = 2> <OutPorts = 1>

State 27 <SV = 26> <Delay = 7.25>
ST_27 : Operation 166 [3/5] (7.25ns)   --->   "%acc_1_4 = fadd i32 %acc_1_3, i32 %mul_4" [fir_mmio.cpp:25]   --->   Operation 166 'fadd' 'acc_1_4' <Predicate = true> <Delay = 7.25> <CoreInst = "FAddSub_fulldsp">   --->   Core 18 'FAddSub_fulldsp' <Latency = 4> <II = 1> <Delay = 7.25> <FuncUnit> <Opcode : 'fadd' 'fsub'> <InPorts = 2> <OutPorts = 1>
ST_27 : Operation 167 [3/4] (5.70ns)   --->   "%mul_5 = fmul i32 %shift_reg_4_load, i32 4.19253e-18" [fir_mmio.cpp:25]   --->   Operation 167 'fmul' 'mul_5' <Predicate = true> <Delay = 5.70> <CoreInst = "FMul_maxdsp">   --->   Core 30 'FMul_maxdsp' <Latency = 3> <II = 1> <Delay = 5.70> <FuncUnit> <Opcode : 'fmul'> <InPorts = 2> <OutPorts = 1>

State 28 <SV = 27> <Delay = 7.25>
ST_28 : Operation 168 [2/5] (7.25ns)   --->   "%acc_1_4 = fadd i32 %acc_1_3, i32 %mul_4" [fir_mmio.cpp:25]   --->   Operation 168 'fadd' 'acc_1_4' <Predicate = true> <Delay = 7.25> <CoreInst = "FAddSub_fulldsp">   --->   Core 18 'FAddSub_fulldsp' <Latency = 4> <II = 1> <Delay = 7.25> <FuncUnit> <Opcode : 'fadd' 'fsub'> <InPorts = 2> <OutPorts = 1>
ST_28 : Operation 169 [2/4] (5.70ns)   --->   "%mul_5 = fmul i32 %shift_reg_4_load, i32 4.19253e-18" [fir_mmio.cpp:25]   --->   Operation 169 'fmul' 'mul_5' <Predicate = true> <Delay = 5.70> <CoreInst = "FMul_maxdsp">   --->   Core 30 'FMul_maxdsp' <Latency = 3> <II = 1> <Delay = 5.70> <FuncUnit> <Opcode : 'fmul'> <InPorts = 2> <OutPorts = 1>

State 29 <SV = 28> <Delay = 7.25>
ST_29 : Operation 170 [1/5] (7.25ns)   --->   "%acc_1_4 = fadd i32 %acc_1_3, i32 %mul_4" [fir_mmio.cpp:25]   --->   Operation 170 'fadd' 'acc_1_4' <Predicate = true> <Delay = 7.25> <CoreInst = "FAddSub_fulldsp">   --->   Core 18 'FAddSub_fulldsp' <Latency = 4> <II = 1> <Delay = 7.25> <FuncUnit> <Opcode : 'fadd' 'fsub'> <InPorts = 2> <OutPorts = 1>
ST_29 : Operation 171 [1/4] (5.70ns)   --->   "%mul_5 = fmul i32 %shift_reg_4_load, i32 4.19253e-18" [fir_mmio.cpp:25]   --->   Operation 171 'fmul' 'mul_5' <Predicate = true> <Delay = 5.70> <CoreInst = "FMul_maxdsp">   --->   Core 30 'FMul_maxdsp' <Latency = 3> <II = 1> <Delay = 5.70> <FuncUnit> <Opcode : 'fmul'> <InPorts = 2> <OutPorts = 1>

State 30 <SV = 29> <Delay = 7.25>
ST_30 : Operation 172 [5/5] (7.25ns)   --->   "%acc_1_5 = fadd i32 %acc_1_4, i32 %mul_5" [fir_mmio.cpp:25]   --->   Operation 172 'fadd' 'acc_1_5' <Predicate = true> <Delay = 7.25> <CoreInst = "FAddSub_fulldsp">   --->   Core 18 'FAddSub_fulldsp' <Latency = 4> <II = 1> <Delay = 7.25> <FuncUnit> <Opcode : 'fadd' 'fsub'> <InPorts = 2> <OutPorts = 1>

State 31 <SV = 30> <Delay = 7.25>
ST_31 : Operation 173 [1/1] (0.00ns)   --->   "%shift_reg_6_load = load i32 %shift_reg_6" [fir_mmio.cpp:16]   --->   Operation 173 'load' 'shift_reg_6_load' <Predicate = true> <Delay = 0.00>
ST_31 : Operation 174 [1/1] (0.00ns)   --->   "%store_ln16 = store i32 %shift_reg_5_load, i32 %shift_reg_6" [fir_mmio.cpp:16]   --->   Operation 174 'store' 'store_ln16' <Predicate = true> <Delay = 0.00>
ST_31 : Operation 175 [4/5] (7.25ns)   --->   "%acc_1_5 = fadd i32 %acc_1_4, i32 %mul_5" [fir_mmio.cpp:25]   --->   Operation 175 'fadd' 'acc_1_5' <Predicate = true> <Delay = 7.25> <CoreInst = "FAddSub_fulldsp">   --->   Core 18 'FAddSub_fulldsp' <Latency = 4> <II = 1> <Delay = 7.25> <FuncUnit> <Opcode : 'fadd' 'fsub'> <InPorts = 2> <OutPorts = 1>
ST_31 : Operation 176 [4/4] (5.70ns)   --->   "%mul_6 = fmul i32 %shift_reg_5_load, i32 0.0317745" [fir_mmio.cpp:25]   --->   Operation 176 'fmul' 'mul_6' <Predicate = true> <Delay = 5.70> <CoreInst = "FMul_maxdsp">   --->   Core 30 'FMul_maxdsp' <Latency = 3> <II = 1> <Delay = 5.70> <FuncUnit> <Opcode : 'fmul'> <InPorts = 2> <OutPorts = 1>

State 32 <SV = 31> <Delay = 7.25>
ST_32 : Operation 177 [3/5] (7.25ns)   --->   "%acc_1_5 = fadd i32 %acc_1_4, i32 %mul_5" [fir_mmio.cpp:25]   --->   Operation 177 'fadd' 'acc_1_5' <Predicate = true> <Delay = 7.25> <CoreInst = "FAddSub_fulldsp">   --->   Core 18 'FAddSub_fulldsp' <Latency = 4> <II = 1> <Delay = 7.25> <FuncUnit> <Opcode : 'fadd' 'fsub'> <InPorts = 2> <OutPorts = 1>
ST_32 : Operation 178 [3/4] (5.70ns)   --->   "%mul_6 = fmul i32 %shift_reg_5_load, i32 0.0317745" [fir_mmio.cpp:25]   --->   Operation 178 'fmul' 'mul_6' <Predicate = true> <Delay = 5.70> <CoreInst = "FMul_maxdsp">   --->   Core 30 'FMul_maxdsp' <Latency = 3> <II = 1> <Delay = 5.70> <FuncUnit> <Opcode : 'fmul'> <InPorts = 2> <OutPorts = 1>

State 33 <SV = 32> <Delay = 7.25>
ST_33 : Operation 179 [2/5] (7.25ns)   --->   "%acc_1_5 = fadd i32 %acc_1_4, i32 %mul_5" [fir_mmio.cpp:25]   --->   Operation 179 'fadd' 'acc_1_5' <Predicate = true> <Delay = 7.25> <CoreInst = "FAddSub_fulldsp">   --->   Core 18 'FAddSub_fulldsp' <Latency = 4> <II = 1> <Delay = 7.25> <FuncUnit> <Opcode : 'fadd' 'fsub'> <InPorts = 2> <OutPorts = 1>
ST_33 : Operation 180 [2/4] (5.70ns)   --->   "%mul_6 = fmul i32 %shift_reg_5_load, i32 0.0317745" [fir_mmio.cpp:25]   --->   Operation 180 'fmul' 'mul_6' <Predicate = true> <Delay = 5.70> <CoreInst = "FMul_maxdsp">   --->   Core 30 'FMul_maxdsp' <Latency = 3> <II = 1> <Delay = 5.70> <FuncUnit> <Opcode : 'fmul'> <InPorts = 2> <OutPorts = 1>

State 34 <SV = 33> <Delay = 7.25>
ST_34 : Operation 181 [1/5] (7.25ns)   --->   "%acc_1_5 = fadd i32 %acc_1_4, i32 %mul_5" [fir_mmio.cpp:25]   --->   Operation 181 'fadd' 'acc_1_5' <Predicate = true> <Delay = 7.25> <CoreInst = "FAddSub_fulldsp">   --->   Core 18 'FAddSub_fulldsp' <Latency = 4> <II = 1> <Delay = 7.25> <FuncUnit> <Opcode : 'fadd' 'fsub'> <InPorts = 2> <OutPorts = 1>
ST_34 : Operation 182 [1/4] (5.70ns)   --->   "%mul_6 = fmul i32 %shift_reg_5_load, i32 0.0317745" [fir_mmio.cpp:25]   --->   Operation 182 'fmul' 'mul_6' <Predicate = true> <Delay = 5.70> <CoreInst = "FMul_maxdsp">   --->   Core 30 'FMul_maxdsp' <Latency = 3> <II = 1> <Delay = 5.70> <FuncUnit> <Opcode : 'fmul'> <InPorts = 2> <OutPorts = 1>

State 35 <SV = 34> <Delay = 7.25>
ST_35 : Operation 183 [5/5] (7.25ns)   --->   "%acc_1_6 = fadd i32 %acc_1_5, i32 %mul_6" [fir_mmio.cpp:25]   --->   Operation 183 'fadd' 'acc_1_6' <Predicate = true> <Delay = 7.25> <CoreInst = "FAddSub_fulldsp">   --->   Core 18 'FAddSub_fulldsp' <Latency = 4> <II = 1> <Delay = 7.25> <FuncUnit> <Opcode : 'fadd' 'fsub'> <InPorts = 2> <OutPorts = 1>

State 36 <SV = 35> <Delay = 7.25>
ST_36 : Operation 184 [1/1] (0.00ns)   --->   "%shift_reg_7_load = load i32 %shift_reg_7" [fir_mmio.cpp:16]   --->   Operation 184 'load' 'shift_reg_7_load' <Predicate = true> <Delay = 0.00>
ST_36 : Operation 185 [1/1] (0.00ns)   --->   "%store_ln16 = store i32 %shift_reg_6_load, i32 %shift_reg_7" [fir_mmio.cpp:16]   --->   Operation 185 'store' 'store_ln16' <Predicate = true> <Delay = 0.00>
ST_36 : Operation 186 [4/5] (7.25ns)   --->   "%acc_1_6 = fadd i32 %acc_1_5, i32 %mul_6" [fir_mmio.cpp:25]   --->   Operation 186 'fadd' 'acc_1_6' <Predicate = true> <Delay = 7.25> <CoreInst = "FAddSub_fulldsp">   --->   Core 18 'FAddSub_fulldsp' <Latency = 4> <II = 1> <Delay = 7.25> <FuncUnit> <Opcode : 'fadd' 'fsub'> <InPorts = 2> <OutPorts = 1>
ST_36 : Operation 187 [4/4] (5.70ns)   --->   "%mul_7 = fmul i32 %shift_reg_6_load, i32 0.0814359" [fir_mmio.cpp:25]   --->   Operation 187 'fmul' 'mul_7' <Predicate = true> <Delay = 5.70> <CoreInst = "FMul_maxdsp">   --->   Core 30 'FMul_maxdsp' <Latency = 3> <II = 1> <Delay = 5.70> <FuncUnit> <Opcode : 'fmul'> <InPorts = 2> <OutPorts = 1>

State 37 <SV = 36> <Delay = 7.25>
ST_37 : Operation 188 [3/5] (7.25ns)   --->   "%acc_1_6 = fadd i32 %acc_1_5, i32 %mul_6" [fir_mmio.cpp:25]   --->   Operation 188 'fadd' 'acc_1_6' <Predicate = true> <Delay = 7.25> <CoreInst = "FAddSub_fulldsp">   --->   Core 18 'FAddSub_fulldsp' <Latency = 4> <II = 1> <Delay = 7.25> <FuncUnit> <Opcode : 'fadd' 'fsub'> <InPorts = 2> <OutPorts = 1>
ST_37 : Operation 189 [3/4] (5.70ns)   --->   "%mul_7 = fmul i32 %shift_reg_6_load, i32 0.0814359" [fir_mmio.cpp:25]   --->   Operation 189 'fmul' 'mul_7' <Predicate = true> <Delay = 5.70> <CoreInst = "FMul_maxdsp">   --->   Core 30 'FMul_maxdsp' <Latency = 3> <II = 1> <Delay = 5.70> <FuncUnit> <Opcode : 'fmul'> <InPorts = 2> <OutPorts = 1>

State 38 <SV = 37> <Delay = 7.25>
ST_38 : Operation 190 [2/5] (7.25ns)   --->   "%acc_1_6 = fadd i32 %acc_1_5, i32 %mul_6" [fir_mmio.cpp:25]   --->   Operation 190 'fadd' 'acc_1_6' <Predicate = true> <Delay = 7.25> <CoreInst = "FAddSub_fulldsp">   --->   Core 18 'FAddSub_fulldsp' <Latency = 4> <II = 1> <Delay = 7.25> <FuncUnit> <Opcode : 'fadd' 'fsub'> <InPorts = 2> <OutPorts = 1>
ST_38 : Operation 191 [2/4] (5.70ns)   --->   "%mul_7 = fmul i32 %shift_reg_6_load, i32 0.0814359" [fir_mmio.cpp:25]   --->   Operation 191 'fmul' 'mul_7' <Predicate = true> <Delay = 5.70> <CoreInst = "FMul_maxdsp">   --->   Core 30 'FMul_maxdsp' <Latency = 3> <II = 1> <Delay = 5.70> <FuncUnit> <Opcode : 'fmul'> <InPorts = 2> <OutPorts = 1>

State 39 <SV = 38> <Delay = 7.25>
ST_39 : Operation 192 [1/5] (7.25ns)   --->   "%acc_1_6 = fadd i32 %acc_1_5, i32 %mul_6" [fir_mmio.cpp:25]   --->   Operation 192 'fadd' 'acc_1_6' <Predicate = true> <Delay = 7.25> <CoreInst = "FAddSub_fulldsp">   --->   Core 18 'FAddSub_fulldsp' <Latency = 4> <II = 1> <Delay = 7.25> <FuncUnit> <Opcode : 'fadd' 'fsub'> <InPorts = 2> <OutPorts = 1>
ST_39 : Operation 193 [1/4] (5.70ns)   --->   "%mul_7 = fmul i32 %shift_reg_6_load, i32 0.0814359" [fir_mmio.cpp:25]   --->   Operation 193 'fmul' 'mul_7' <Predicate = true> <Delay = 5.70> <CoreInst = "FMul_maxdsp">   --->   Core 30 'FMul_maxdsp' <Latency = 3> <II = 1> <Delay = 5.70> <FuncUnit> <Opcode : 'fmul'> <InPorts = 2> <OutPorts = 1>

State 40 <SV = 39> <Delay = 7.25>
ST_40 : Operation 194 [5/5] (7.25ns)   --->   "%acc_1_7 = fadd i32 %acc_1_6, i32 %mul_7" [fir_mmio.cpp:25]   --->   Operation 194 'fadd' 'acc_1_7' <Predicate = true> <Delay = 7.25> <CoreInst = "FAddSub_fulldsp">   --->   Core 18 'FAddSub_fulldsp' <Latency = 4> <II = 1> <Delay = 7.25> <FuncUnit> <Opcode : 'fadd' 'fsub'> <InPorts = 2> <OutPorts = 1>

State 41 <SV = 40> <Delay = 7.25>
ST_41 : Operation 195 [1/1] (0.00ns)   --->   "%shift_reg_8_load = load i32 %shift_reg_8" [fir_mmio.cpp:16]   --->   Operation 195 'load' 'shift_reg_8_load' <Predicate = true> <Delay = 0.00>
ST_41 : Operation 196 [1/1] (0.00ns)   --->   "%store_ln16 = store i32 %shift_reg_7_load, i32 %shift_reg_8" [fir_mmio.cpp:16]   --->   Operation 196 'store' 'store_ln16' <Predicate = true> <Delay = 0.00>
ST_41 : Operation 197 [4/5] (7.25ns)   --->   "%acc_1_7 = fadd i32 %acc_1_6, i32 %mul_7" [fir_mmio.cpp:25]   --->   Operation 197 'fadd' 'acc_1_7' <Predicate = true> <Delay = 7.25> <CoreInst = "FAddSub_fulldsp">   --->   Core 18 'FAddSub_fulldsp' <Latency = 4> <II = 1> <Delay = 7.25> <FuncUnit> <Opcode : 'fadd' 'fsub'> <InPorts = 2> <OutPorts = 1>
ST_41 : Operation 198 [4/4] (5.70ns)   --->   "%mul_8 = fmul i32 %shift_reg_7_load, i32 0.137494" [fir_mmio.cpp:25]   --->   Operation 198 'fmul' 'mul_8' <Predicate = true> <Delay = 5.70> <CoreInst = "FMul_maxdsp">   --->   Core 30 'FMul_maxdsp' <Latency = 3> <II = 1> <Delay = 5.70> <FuncUnit> <Opcode : 'fmul'> <InPorts = 2> <OutPorts = 1>

State 42 <SV = 41> <Delay = 7.25>
ST_42 : Operation 199 [3/5] (7.25ns)   --->   "%acc_1_7 = fadd i32 %acc_1_6, i32 %mul_7" [fir_mmio.cpp:25]   --->   Operation 199 'fadd' 'acc_1_7' <Predicate = true> <Delay = 7.25> <CoreInst = "FAddSub_fulldsp">   --->   Core 18 'FAddSub_fulldsp' <Latency = 4> <II = 1> <Delay = 7.25> <FuncUnit> <Opcode : 'fadd' 'fsub'> <InPorts = 2> <OutPorts = 1>
ST_42 : Operation 200 [3/4] (5.70ns)   --->   "%mul_8 = fmul i32 %shift_reg_7_load, i32 0.137494" [fir_mmio.cpp:25]   --->   Operation 200 'fmul' 'mul_8' <Predicate = true> <Delay = 5.70> <CoreInst = "FMul_maxdsp">   --->   Core 30 'FMul_maxdsp' <Latency = 3> <II = 1> <Delay = 5.70> <FuncUnit> <Opcode : 'fmul'> <InPorts = 2> <OutPorts = 1>

State 43 <SV = 42> <Delay = 7.25>
ST_43 : Operation 201 [2/5] (7.25ns)   --->   "%acc_1_7 = fadd i32 %acc_1_6, i32 %mul_7" [fir_mmio.cpp:25]   --->   Operation 201 'fadd' 'acc_1_7' <Predicate = true> <Delay = 7.25> <CoreInst = "FAddSub_fulldsp">   --->   Core 18 'FAddSub_fulldsp' <Latency = 4> <II = 1> <Delay = 7.25> <FuncUnit> <Opcode : 'fadd' 'fsub'> <InPorts = 2> <OutPorts = 1>
ST_43 : Operation 202 [2/4] (5.70ns)   --->   "%mul_8 = fmul i32 %shift_reg_7_load, i32 0.137494" [fir_mmio.cpp:25]   --->   Operation 202 'fmul' 'mul_8' <Predicate = true> <Delay = 5.70> <CoreInst = "FMul_maxdsp">   --->   Core 30 'FMul_maxdsp' <Latency = 3> <II = 1> <Delay = 5.70> <FuncUnit> <Opcode : 'fmul'> <InPorts = 2> <OutPorts = 1>

State 44 <SV = 43> <Delay = 7.25>
ST_44 : Operation 203 [1/5] (7.25ns)   --->   "%acc_1_7 = fadd i32 %acc_1_6, i32 %mul_7" [fir_mmio.cpp:25]   --->   Operation 203 'fadd' 'acc_1_7' <Predicate = true> <Delay = 7.25> <CoreInst = "FAddSub_fulldsp">   --->   Core 18 'FAddSub_fulldsp' <Latency = 4> <II = 1> <Delay = 7.25> <FuncUnit> <Opcode : 'fadd' 'fsub'> <InPorts = 2> <OutPorts = 1>
ST_44 : Operation 204 [1/4] (5.70ns)   --->   "%mul_8 = fmul i32 %shift_reg_7_load, i32 0.137494" [fir_mmio.cpp:25]   --->   Operation 204 'fmul' 'mul_8' <Predicate = true> <Delay = 5.70> <CoreInst = "FMul_maxdsp">   --->   Core 30 'FMul_maxdsp' <Latency = 3> <II = 1> <Delay = 5.70> <FuncUnit> <Opcode : 'fmul'> <InPorts = 2> <OutPorts = 1>

State 45 <SV = 44> <Delay = 7.25>
ST_45 : Operation 205 [5/5] (7.25ns)   --->   "%acc_1_8 = fadd i32 %acc_1_7, i32 %mul_8" [fir_mmio.cpp:25]   --->   Operation 205 'fadd' 'acc_1_8' <Predicate = true> <Delay = 7.25> <CoreInst = "FAddSub_fulldsp">   --->   Core 18 'FAddSub_fulldsp' <Latency = 4> <II = 1> <Delay = 7.25> <FuncUnit> <Opcode : 'fadd' 'fsub'> <InPorts = 2> <OutPorts = 1>

State 46 <SV = 45> <Delay = 7.25>
ST_46 : Operation 206 [1/1] (0.00ns)   --->   "%shift_reg_9_load = load i32 %shift_reg_9" [fir_mmio.cpp:16]   --->   Operation 206 'load' 'shift_reg_9_load' <Predicate = true> <Delay = 0.00>
ST_46 : Operation 207 [1/1] (0.00ns)   --->   "%store_ln16 = store i32 %shift_reg_8_load, i32 %shift_reg_9" [fir_mmio.cpp:16]   --->   Operation 207 'store' 'store_ln16' <Predicate = true> <Delay = 0.00>
ST_46 : Operation 208 [4/5] (7.25ns)   --->   "%acc_1_8 = fadd i32 %acc_1_7, i32 %mul_8" [fir_mmio.cpp:25]   --->   Operation 208 'fadd' 'acc_1_8' <Predicate = true> <Delay = 7.25> <CoreInst = "FAddSub_fulldsp">   --->   Core 18 'FAddSub_fulldsp' <Latency = 4> <II = 1> <Delay = 7.25> <FuncUnit> <Opcode : 'fadd' 'fsub'> <InPorts = 2> <OutPorts = 1>
ST_46 : Operation 209 [4/4] (5.70ns)   --->   "%mul_9 = fmul i32 %shift_reg_8_load, i32 0.182125" [fir_mmio.cpp:25]   --->   Operation 209 'fmul' 'mul_9' <Predicate = true> <Delay = 5.70> <CoreInst = "FMul_maxdsp">   --->   Core 30 'FMul_maxdsp' <Latency = 3> <II = 1> <Delay = 5.70> <FuncUnit> <Opcode : 'fmul'> <InPorts = 2> <OutPorts = 1>

State 47 <SV = 46> <Delay = 7.25>
ST_47 : Operation 210 [3/5] (7.25ns)   --->   "%acc_1_8 = fadd i32 %acc_1_7, i32 %mul_8" [fir_mmio.cpp:25]   --->   Operation 210 'fadd' 'acc_1_8' <Predicate = true> <Delay = 7.25> <CoreInst = "FAddSub_fulldsp">   --->   Core 18 'FAddSub_fulldsp' <Latency = 4> <II = 1> <Delay = 7.25> <FuncUnit> <Opcode : 'fadd' 'fsub'> <InPorts = 2> <OutPorts = 1>
ST_47 : Operation 211 [3/4] (5.70ns)   --->   "%mul_9 = fmul i32 %shift_reg_8_load, i32 0.182125" [fir_mmio.cpp:25]   --->   Operation 211 'fmul' 'mul_9' <Predicate = true> <Delay = 5.70> <CoreInst = "FMul_maxdsp">   --->   Core 30 'FMul_maxdsp' <Latency = 3> <II = 1> <Delay = 5.70> <FuncUnit> <Opcode : 'fmul'> <InPorts = 2> <OutPorts = 1>

State 48 <SV = 47> <Delay = 7.25>
ST_48 : Operation 212 [2/5] (7.25ns)   --->   "%acc_1_8 = fadd i32 %acc_1_7, i32 %mul_8" [fir_mmio.cpp:25]   --->   Operation 212 'fadd' 'acc_1_8' <Predicate = true> <Delay = 7.25> <CoreInst = "FAddSub_fulldsp">   --->   Core 18 'FAddSub_fulldsp' <Latency = 4> <II = 1> <Delay = 7.25> <FuncUnit> <Opcode : 'fadd' 'fsub'> <InPorts = 2> <OutPorts = 1>
ST_48 : Operation 213 [2/4] (5.70ns)   --->   "%mul_9 = fmul i32 %shift_reg_8_load, i32 0.182125" [fir_mmio.cpp:25]   --->   Operation 213 'fmul' 'mul_9' <Predicate = true> <Delay = 5.70> <CoreInst = "FMul_maxdsp">   --->   Core 30 'FMul_maxdsp' <Latency = 3> <II = 1> <Delay = 5.70> <FuncUnit> <Opcode : 'fmul'> <InPorts = 2> <OutPorts = 1>

State 49 <SV = 48> <Delay = 7.25>
ST_49 : Operation 214 [1/5] (7.25ns)   --->   "%acc_1_8 = fadd i32 %acc_1_7, i32 %mul_8" [fir_mmio.cpp:25]   --->   Operation 214 'fadd' 'acc_1_8' <Predicate = true> <Delay = 7.25> <CoreInst = "FAddSub_fulldsp">   --->   Core 18 'FAddSub_fulldsp' <Latency = 4> <II = 1> <Delay = 7.25> <FuncUnit> <Opcode : 'fadd' 'fsub'> <InPorts = 2> <OutPorts = 1>
ST_49 : Operation 215 [1/4] (5.70ns)   --->   "%mul_9 = fmul i32 %shift_reg_8_load, i32 0.182125" [fir_mmio.cpp:25]   --->   Operation 215 'fmul' 'mul_9' <Predicate = true> <Delay = 5.70> <CoreInst = "FMul_maxdsp">   --->   Core 30 'FMul_maxdsp' <Latency = 3> <II = 1> <Delay = 5.70> <FuncUnit> <Opcode : 'fmul'> <InPorts = 2> <OutPorts = 1>

State 50 <SV = 49> <Delay = 7.25>
ST_50 : Operation 216 [5/5] (7.25ns)   --->   "%acc_1_9 = fadd i32 %acc_1_8, i32 %mul_9" [fir_mmio.cpp:25]   --->   Operation 216 'fadd' 'acc_1_9' <Predicate = true> <Delay = 7.25> <CoreInst = "FAddSub_fulldsp">   --->   Core 18 'FAddSub_fulldsp' <Latency = 4> <II = 1> <Delay = 7.25> <FuncUnit> <Opcode : 'fadd' 'fsub'> <InPorts = 2> <OutPorts = 1>

State 51 <SV = 50> <Delay = 7.25>
ST_51 : Operation 217 [1/1] (0.00ns)   --->   "%shift_reg_10_load = load i32 %shift_reg_10" [fir_mmio.cpp:16]   --->   Operation 217 'load' 'shift_reg_10_load' <Predicate = true> <Delay = 0.00>
ST_51 : Operation 218 [1/1] (0.00ns)   --->   "%store_ln16 = store i32 %shift_reg_9_load, i32 %shift_reg_10" [fir_mmio.cpp:16]   --->   Operation 218 'store' 'store_ln16' <Predicate = true> <Delay = 0.00>
ST_51 : Operation 219 [4/5] (7.25ns)   --->   "%acc_1_9 = fadd i32 %acc_1_8, i32 %mul_9" [fir_mmio.cpp:25]   --->   Operation 219 'fadd' 'acc_1_9' <Predicate = true> <Delay = 7.25> <CoreInst = "FAddSub_fulldsp">   --->   Core 18 'FAddSub_fulldsp' <Latency = 4> <II = 1> <Delay = 7.25> <FuncUnit> <Opcode : 'fadd' 'fsub'> <InPorts = 2> <OutPorts = 1>
ST_51 : Operation 220 [4/4] (5.70ns)   --->   "%mul_s = fmul i32 %shift_reg_9_load, i32 0.199169" [fir_mmio.cpp:25]   --->   Operation 220 'fmul' 'mul_s' <Predicate = true> <Delay = 5.70> <CoreInst = "FMul_maxdsp">   --->   Core 30 'FMul_maxdsp' <Latency = 3> <II = 1> <Delay = 5.70> <FuncUnit> <Opcode : 'fmul'> <InPorts = 2> <OutPorts = 1>

State 52 <SV = 51> <Delay = 7.25>
ST_52 : Operation 221 [3/5] (7.25ns)   --->   "%acc_1_9 = fadd i32 %acc_1_8, i32 %mul_9" [fir_mmio.cpp:25]   --->   Operation 221 'fadd' 'acc_1_9' <Predicate = true> <Delay = 7.25> <CoreInst = "FAddSub_fulldsp">   --->   Core 18 'FAddSub_fulldsp' <Latency = 4> <II = 1> <Delay = 7.25> <FuncUnit> <Opcode : 'fadd' 'fsub'> <InPorts = 2> <OutPorts = 1>
ST_52 : Operation 222 [3/4] (5.70ns)   --->   "%mul_s = fmul i32 %shift_reg_9_load, i32 0.199169" [fir_mmio.cpp:25]   --->   Operation 222 'fmul' 'mul_s' <Predicate = true> <Delay = 5.70> <CoreInst = "FMul_maxdsp">   --->   Core 30 'FMul_maxdsp' <Latency = 3> <II = 1> <Delay = 5.70> <FuncUnit> <Opcode : 'fmul'> <InPorts = 2> <OutPorts = 1>

State 53 <SV = 52> <Delay = 7.25>
ST_53 : Operation 223 [2/5] (7.25ns)   --->   "%acc_1_9 = fadd i32 %acc_1_8, i32 %mul_9" [fir_mmio.cpp:25]   --->   Operation 223 'fadd' 'acc_1_9' <Predicate = true> <Delay = 7.25> <CoreInst = "FAddSub_fulldsp">   --->   Core 18 'FAddSub_fulldsp' <Latency = 4> <II = 1> <Delay = 7.25> <FuncUnit> <Opcode : 'fadd' 'fsub'> <InPorts = 2> <OutPorts = 1>
ST_53 : Operation 224 [2/4] (5.70ns)   --->   "%mul_s = fmul i32 %shift_reg_9_load, i32 0.199169" [fir_mmio.cpp:25]   --->   Operation 224 'fmul' 'mul_s' <Predicate = true> <Delay = 5.70> <CoreInst = "FMul_maxdsp">   --->   Core 30 'FMul_maxdsp' <Latency = 3> <II = 1> <Delay = 5.70> <FuncUnit> <Opcode : 'fmul'> <InPorts = 2> <OutPorts = 1>

State 54 <SV = 53> <Delay = 7.25>
ST_54 : Operation 225 [1/5] (7.25ns)   --->   "%acc_1_9 = fadd i32 %acc_1_8, i32 %mul_9" [fir_mmio.cpp:25]   --->   Operation 225 'fadd' 'acc_1_9' <Predicate = true> <Delay = 7.25> <CoreInst = "FAddSub_fulldsp">   --->   Core 18 'FAddSub_fulldsp' <Latency = 4> <II = 1> <Delay = 7.25> <FuncUnit> <Opcode : 'fadd' 'fsub'> <InPorts = 2> <OutPorts = 1>
ST_54 : Operation 226 [1/4] (5.70ns)   --->   "%mul_s = fmul i32 %shift_reg_9_load, i32 0.199169" [fir_mmio.cpp:25]   --->   Operation 226 'fmul' 'mul_s' <Predicate = true> <Delay = 5.70> <CoreInst = "FMul_maxdsp">   --->   Core 30 'FMul_maxdsp' <Latency = 3> <II = 1> <Delay = 5.70> <FuncUnit> <Opcode : 'fmul'> <InPorts = 2> <OutPorts = 1>

State 55 <SV = 54> <Delay = 7.25>
ST_55 : Operation 227 [5/5] (7.25ns)   --->   "%acc_1_s = fadd i32 %acc_1_9, i32 %mul_s" [fir_mmio.cpp:25]   --->   Operation 227 'fadd' 'acc_1_s' <Predicate = true> <Delay = 7.25> <CoreInst = "FAddSub_fulldsp">   --->   Core 18 'FAddSub_fulldsp' <Latency = 4> <II = 1> <Delay = 7.25> <FuncUnit> <Opcode : 'fadd' 'fsub'> <InPorts = 2> <OutPorts = 1>

State 56 <SV = 55> <Delay = 7.25>
ST_56 : Operation 228 [1/1] (0.00ns)   --->   "%shift_reg_11_load = load i32 %shift_reg_11" [fir_mmio.cpp:16]   --->   Operation 228 'load' 'shift_reg_11_load' <Predicate = true> <Delay = 0.00>
ST_56 : Operation 229 [1/1] (0.00ns)   --->   "%store_ln16 = store i32 %shift_reg_10_load, i32 %shift_reg_11" [fir_mmio.cpp:16]   --->   Operation 229 'store' 'store_ln16' <Predicate = true> <Delay = 0.00>
ST_56 : Operation 230 [4/5] (7.25ns)   --->   "%acc_1_s = fadd i32 %acc_1_9, i32 %mul_s" [fir_mmio.cpp:25]   --->   Operation 230 'fadd' 'acc_1_s' <Predicate = true> <Delay = 7.25> <CoreInst = "FAddSub_fulldsp">   --->   Core 18 'FAddSub_fulldsp' <Latency = 4> <II = 1> <Delay = 7.25> <FuncUnit> <Opcode : 'fadd' 'fsub'> <InPorts = 2> <OutPorts = 1>
ST_56 : Operation 231 [4/4] (5.70ns)   --->   "%mul_10 = fmul i32 %shift_reg_10_load, i32 0.182125" [fir_mmio.cpp:25]   --->   Operation 231 'fmul' 'mul_10' <Predicate = true> <Delay = 5.70> <CoreInst = "FMul_maxdsp">   --->   Core 30 'FMul_maxdsp' <Latency = 3> <II = 1> <Delay = 5.70> <FuncUnit> <Opcode : 'fmul'> <InPorts = 2> <OutPorts = 1>

State 57 <SV = 56> <Delay = 7.25>
ST_57 : Operation 232 [3/5] (7.25ns)   --->   "%acc_1_s = fadd i32 %acc_1_9, i32 %mul_s" [fir_mmio.cpp:25]   --->   Operation 232 'fadd' 'acc_1_s' <Predicate = true> <Delay = 7.25> <CoreInst = "FAddSub_fulldsp">   --->   Core 18 'FAddSub_fulldsp' <Latency = 4> <II = 1> <Delay = 7.25> <FuncUnit> <Opcode : 'fadd' 'fsub'> <InPorts = 2> <OutPorts = 1>
ST_57 : Operation 233 [3/4] (5.70ns)   --->   "%mul_10 = fmul i32 %shift_reg_10_load, i32 0.182125" [fir_mmio.cpp:25]   --->   Operation 233 'fmul' 'mul_10' <Predicate = true> <Delay = 5.70> <CoreInst = "FMul_maxdsp">   --->   Core 30 'FMul_maxdsp' <Latency = 3> <II = 1> <Delay = 5.70> <FuncUnit> <Opcode : 'fmul'> <InPorts = 2> <OutPorts = 1>

State 58 <SV = 57> <Delay = 7.25>
ST_58 : Operation 234 [2/5] (7.25ns)   --->   "%acc_1_s = fadd i32 %acc_1_9, i32 %mul_s" [fir_mmio.cpp:25]   --->   Operation 234 'fadd' 'acc_1_s' <Predicate = true> <Delay = 7.25> <CoreInst = "FAddSub_fulldsp">   --->   Core 18 'FAddSub_fulldsp' <Latency = 4> <II = 1> <Delay = 7.25> <FuncUnit> <Opcode : 'fadd' 'fsub'> <InPorts = 2> <OutPorts = 1>
ST_58 : Operation 235 [2/4] (5.70ns)   --->   "%mul_10 = fmul i32 %shift_reg_10_load, i32 0.182125" [fir_mmio.cpp:25]   --->   Operation 235 'fmul' 'mul_10' <Predicate = true> <Delay = 5.70> <CoreInst = "FMul_maxdsp">   --->   Core 30 'FMul_maxdsp' <Latency = 3> <II = 1> <Delay = 5.70> <FuncUnit> <Opcode : 'fmul'> <InPorts = 2> <OutPorts = 1>

State 59 <SV = 58> <Delay = 7.25>
ST_59 : Operation 236 [1/5] (7.25ns)   --->   "%acc_1_s = fadd i32 %acc_1_9, i32 %mul_s" [fir_mmio.cpp:25]   --->   Operation 236 'fadd' 'acc_1_s' <Predicate = true> <Delay = 7.25> <CoreInst = "FAddSub_fulldsp">   --->   Core 18 'FAddSub_fulldsp' <Latency = 4> <II = 1> <Delay = 7.25> <FuncUnit> <Opcode : 'fadd' 'fsub'> <InPorts = 2> <OutPorts = 1>
ST_59 : Operation 237 [1/4] (5.70ns)   --->   "%mul_10 = fmul i32 %shift_reg_10_load, i32 0.182125" [fir_mmio.cpp:25]   --->   Operation 237 'fmul' 'mul_10' <Predicate = true> <Delay = 5.70> <CoreInst = "FMul_maxdsp">   --->   Core 30 'FMul_maxdsp' <Latency = 3> <II = 1> <Delay = 5.70> <FuncUnit> <Opcode : 'fmul'> <InPorts = 2> <OutPorts = 1>

State 60 <SV = 59> <Delay = 7.25>
ST_60 : Operation 238 [5/5] (7.25ns)   --->   "%acc_1_10 = fadd i32 %acc_1_s, i32 %mul_10" [fir_mmio.cpp:25]   --->   Operation 238 'fadd' 'acc_1_10' <Predicate = true> <Delay = 7.25> <CoreInst = "FAddSub_fulldsp">   --->   Core 18 'FAddSub_fulldsp' <Latency = 4> <II = 1> <Delay = 7.25> <FuncUnit> <Opcode : 'fadd' 'fsub'> <InPorts = 2> <OutPorts = 1>

State 61 <SV = 60> <Delay = 7.25>
ST_61 : Operation 239 [1/1] (0.00ns)   --->   "%shift_reg_12_load = load i32 %shift_reg_12" [fir_mmio.cpp:16]   --->   Operation 239 'load' 'shift_reg_12_load' <Predicate = true> <Delay = 0.00>
ST_61 : Operation 240 [1/1] (0.00ns)   --->   "%store_ln16 = store i32 %shift_reg_11_load, i32 %shift_reg_12" [fir_mmio.cpp:16]   --->   Operation 240 'store' 'store_ln16' <Predicate = true> <Delay = 0.00>
ST_61 : Operation 241 [4/5] (7.25ns)   --->   "%acc_1_10 = fadd i32 %acc_1_s, i32 %mul_10" [fir_mmio.cpp:25]   --->   Operation 241 'fadd' 'acc_1_10' <Predicate = true> <Delay = 7.25> <CoreInst = "FAddSub_fulldsp">   --->   Core 18 'FAddSub_fulldsp' <Latency = 4> <II = 1> <Delay = 7.25> <FuncUnit> <Opcode : 'fadd' 'fsub'> <InPorts = 2> <OutPorts = 1>
ST_61 : Operation 242 [4/4] (5.70ns)   --->   "%mul_11 = fmul i32 %shift_reg_11_load, i32 0.137494" [fir_mmio.cpp:25]   --->   Operation 242 'fmul' 'mul_11' <Predicate = true> <Delay = 5.70> <CoreInst = "FMul_maxdsp">   --->   Core 30 'FMul_maxdsp' <Latency = 3> <II = 1> <Delay = 5.70> <FuncUnit> <Opcode : 'fmul'> <InPorts = 2> <OutPorts = 1>

State 62 <SV = 61> <Delay = 7.25>
ST_62 : Operation 243 [3/5] (7.25ns)   --->   "%acc_1_10 = fadd i32 %acc_1_s, i32 %mul_10" [fir_mmio.cpp:25]   --->   Operation 243 'fadd' 'acc_1_10' <Predicate = true> <Delay = 7.25> <CoreInst = "FAddSub_fulldsp">   --->   Core 18 'FAddSub_fulldsp' <Latency = 4> <II = 1> <Delay = 7.25> <FuncUnit> <Opcode : 'fadd' 'fsub'> <InPorts = 2> <OutPorts = 1>
ST_62 : Operation 244 [3/4] (5.70ns)   --->   "%mul_11 = fmul i32 %shift_reg_11_load, i32 0.137494" [fir_mmio.cpp:25]   --->   Operation 244 'fmul' 'mul_11' <Predicate = true> <Delay = 5.70> <CoreInst = "FMul_maxdsp">   --->   Core 30 'FMul_maxdsp' <Latency = 3> <II = 1> <Delay = 5.70> <FuncUnit> <Opcode : 'fmul'> <InPorts = 2> <OutPorts = 1>

State 63 <SV = 62> <Delay = 7.25>
ST_63 : Operation 245 [2/5] (7.25ns)   --->   "%acc_1_10 = fadd i32 %acc_1_s, i32 %mul_10" [fir_mmio.cpp:25]   --->   Operation 245 'fadd' 'acc_1_10' <Predicate = true> <Delay = 7.25> <CoreInst = "FAddSub_fulldsp">   --->   Core 18 'FAddSub_fulldsp' <Latency = 4> <II = 1> <Delay = 7.25> <FuncUnit> <Opcode : 'fadd' 'fsub'> <InPorts = 2> <OutPorts = 1>
ST_63 : Operation 246 [2/4] (5.70ns)   --->   "%mul_11 = fmul i32 %shift_reg_11_load, i32 0.137494" [fir_mmio.cpp:25]   --->   Operation 246 'fmul' 'mul_11' <Predicate = true> <Delay = 5.70> <CoreInst = "FMul_maxdsp">   --->   Core 30 'FMul_maxdsp' <Latency = 3> <II = 1> <Delay = 5.70> <FuncUnit> <Opcode : 'fmul'> <InPorts = 2> <OutPorts = 1>

State 64 <SV = 63> <Delay = 7.25>
ST_64 : Operation 247 [1/5] (7.25ns)   --->   "%acc_1_10 = fadd i32 %acc_1_s, i32 %mul_10" [fir_mmio.cpp:25]   --->   Operation 247 'fadd' 'acc_1_10' <Predicate = true> <Delay = 7.25> <CoreInst = "FAddSub_fulldsp">   --->   Core 18 'FAddSub_fulldsp' <Latency = 4> <II = 1> <Delay = 7.25> <FuncUnit> <Opcode : 'fadd' 'fsub'> <InPorts = 2> <OutPorts = 1>
ST_64 : Operation 248 [1/4] (5.70ns)   --->   "%mul_11 = fmul i32 %shift_reg_11_load, i32 0.137494" [fir_mmio.cpp:25]   --->   Operation 248 'fmul' 'mul_11' <Predicate = true> <Delay = 5.70> <CoreInst = "FMul_maxdsp">   --->   Core 30 'FMul_maxdsp' <Latency = 3> <II = 1> <Delay = 5.70> <FuncUnit> <Opcode : 'fmul'> <InPorts = 2> <OutPorts = 1>

State 65 <SV = 64> <Delay = 7.25>
ST_65 : Operation 249 [5/5] (7.25ns)   --->   "%acc_1_11 = fadd i32 %acc_1_10, i32 %mul_11" [fir_mmio.cpp:25]   --->   Operation 249 'fadd' 'acc_1_11' <Predicate = true> <Delay = 7.25> <CoreInst = "FAddSub_fulldsp">   --->   Core 18 'FAddSub_fulldsp' <Latency = 4> <II = 1> <Delay = 7.25> <FuncUnit> <Opcode : 'fadd' 'fsub'> <InPorts = 2> <OutPorts = 1>

State 66 <SV = 65> <Delay = 7.25>
ST_66 : Operation 250 [1/1] (0.00ns)   --->   "%shift_reg_13_load = load i32 %shift_reg_13" [fir_mmio.cpp:16]   --->   Operation 250 'load' 'shift_reg_13_load' <Predicate = true> <Delay = 0.00>
ST_66 : Operation 251 [1/1] (0.00ns)   --->   "%store_ln16 = store i32 %shift_reg_12_load, i32 %shift_reg_13" [fir_mmio.cpp:16]   --->   Operation 251 'store' 'store_ln16' <Predicate = true> <Delay = 0.00>
ST_66 : Operation 252 [4/5] (7.25ns)   --->   "%acc_1_11 = fadd i32 %acc_1_10, i32 %mul_11" [fir_mmio.cpp:25]   --->   Operation 252 'fadd' 'acc_1_11' <Predicate = true> <Delay = 7.25> <CoreInst = "FAddSub_fulldsp">   --->   Core 18 'FAddSub_fulldsp' <Latency = 4> <II = 1> <Delay = 7.25> <FuncUnit> <Opcode : 'fadd' 'fsub'> <InPorts = 2> <OutPorts = 1>
ST_66 : Operation 253 [4/4] (5.70ns)   --->   "%mul_12 = fmul i32 %shift_reg_12_load, i32 0.0814359" [fir_mmio.cpp:25]   --->   Operation 253 'fmul' 'mul_12' <Predicate = true> <Delay = 5.70> <CoreInst = "FMul_maxdsp">   --->   Core 30 'FMul_maxdsp' <Latency = 3> <II = 1> <Delay = 5.70> <FuncUnit> <Opcode : 'fmul'> <InPorts = 2> <OutPorts = 1>

State 67 <SV = 66> <Delay = 7.25>
ST_67 : Operation 254 [3/5] (7.25ns)   --->   "%acc_1_11 = fadd i32 %acc_1_10, i32 %mul_11" [fir_mmio.cpp:25]   --->   Operation 254 'fadd' 'acc_1_11' <Predicate = true> <Delay = 7.25> <CoreInst = "FAddSub_fulldsp">   --->   Core 18 'FAddSub_fulldsp' <Latency = 4> <II = 1> <Delay = 7.25> <FuncUnit> <Opcode : 'fadd' 'fsub'> <InPorts = 2> <OutPorts = 1>
ST_67 : Operation 255 [3/4] (5.70ns)   --->   "%mul_12 = fmul i32 %shift_reg_12_load, i32 0.0814359" [fir_mmio.cpp:25]   --->   Operation 255 'fmul' 'mul_12' <Predicate = true> <Delay = 5.70> <CoreInst = "FMul_maxdsp">   --->   Core 30 'FMul_maxdsp' <Latency = 3> <II = 1> <Delay = 5.70> <FuncUnit> <Opcode : 'fmul'> <InPorts = 2> <OutPorts = 1>

State 68 <SV = 67> <Delay = 7.25>
ST_68 : Operation 256 [2/5] (7.25ns)   --->   "%acc_1_11 = fadd i32 %acc_1_10, i32 %mul_11" [fir_mmio.cpp:25]   --->   Operation 256 'fadd' 'acc_1_11' <Predicate = true> <Delay = 7.25> <CoreInst = "FAddSub_fulldsp">   --->   Core 18 'FAddSub_fulldsp' <Latency = 4> <II = 1> <Delay = 7.25> <FuncUnit> <Opcode : 'fadd' 'fsub'> <InPorts = 2> <OutPorts = 1>
ST_68 : Operation 257 [2/4] (5.70ns)   --->   "%mul_12 = fmul i32 %shift_reg_12_load, i32 0.0814359" [fir_mmio.cpp:25]   --->   Operation 257 'fmul' 'mul_12' <Predicate = true> <Delay = 5.70> <CoreInst = "FMul_maxdsp">   --->   Core 30 'FMul_maxdsp' <Latency = 3> <II = 1> <Delay = 5.70> <FuncUnit> <Opcode : 'fmul'> <InPorts = 2> <OutPorts = 1>

State 69 <SV = 68> <Delay = 7.25>
ST_69 : Operation 258 [1/5] (7.25ns)   --->   "%acc_1_11 = fadd i32 %acc_1_10, i32 %mul_11" [fir_mmio.cpp:25]   --->   Operation 258 'fadd' 'acc_1_11' <Predicate = true> <Delay = 7.25> <CoreInst = "FAddSub_fulldsp">   --->   Core 18 'FAddSub_fulldsp' <Latency = 4> <II = 1> <Delay = 7.25> <FuncUnit> <Opcode : 'fadd' 'fsub'> <InPorts = 2> <OutPorts = 1>
ST_69 : Operation 259 [1/4] (5.70ns)   --->   "%mul_12 = fmul i32 %shift_reg_12_load, i32 0.0814359" [fir_mmio.cpp:25]   --->   Operation 259 'fmul' 'mul_12' <Predicate = true> <Delay = 5.70> <CoreInst = "FMul_maxdsp">   --->   Core 30 'FMul_maxdsp' <Latency = 3> <II = 1> <Delay = 5.70> <FuncUnit> <Opcode : 'fmul'> <InPorts = 2> <OutPorts = 1>

State 70 <SV = 69> <Delay = 7.25>
ST_70 : Operation 260 [5/5] (7.25ns)   --->   "%acc_1_12 = fadd i32 %acc_1_11, i32 %mul_12" [fir_mmio.cpp:25]   --->   Operation 260 'fadd' 'acc_1_12' <Predicate = true> <Delay = 7.25> <CoreInst = "FAddSub_fulldsp">   --->   Core 18 'FAddSub_fulldsp' <Latency = 4> <II = 1> <Delay = 7.25> <FuncUnit> <Opcode : 'fadd' 'fsub'> <InPorts = 2> <OutPorts = 1>

State 71 <SV = 70> <Delay = 7.25>
ST_71 : Operation 261 [1/1] (0.00ns)   --->   "%shift_reg_14_load = load i32 %shift_reg_14" [fir_mmio.cpp:16]   --->   Operation 261 'load' 'shift_reg_14_load' <Predicate = true> <Delay = 0.00>
ST_71 : Operation 262 [1/1] (0.00ns)   --->   "%store_ln16 = store i32 %shift_reg_13_load, i32 %shift_reg_14" [fir_mmio.cpp:16]   --->   Operation 262 'store' 'store_ln16' <Predicate = true> <Delay = 0.00>
ST_71 : Operation 263 [4/5] (7.25ns)   --->   "%acc_1_12 = fadd i32 %acc_1_11, i32 %mul_12" [fir_mmio.cpp:25]   --->   Operation 263 'fadd' 'acc_1_12' <Predicate = true> <Delay = 7.25> <CoreInst = "FAddSub_fulldsp">   --->   Core 18 'FAddSub_fulldsp' <Latency = 4> <II = 1> <Delay = 7.25> <FuncUnit> <Opcode : 'fadd' 'fsub'> <InPorts = 2> <OutPorts = 1>
ST_71 : Operation 264 [4/4] (5.70ns)   --->   "%mul_13 = fmul i32 %shift_reg_13_load, i32 0.0317745" [fir_mmio.cpp:25]   --->   Operation 264 'fmul' 'mul_13' <Predicate = true> <Delay = 5.70> <CoreInst = "FMul_maxdsp">   --->   Core 30 'FMul_maxdsp' <Latency = 3> <II = 1> <Delay = 5.70> <FuncUnit> <Opcode : 'fmul'> <InPorts = 2> <OutPorts = 1>

State 72 <SV = 71> <Delay = 7.25>
ST_72 : Operation 265 [3/5] (7.25ns)   --->   "%acc_1_12 = fadd i32 %acc_1_11, i32 %mul_12" [fir_mmio.cpp:25]   --->   Operation 265 'fadd' 'acc_1_12' <Predicate = true> <Delay = 7.25> <CoreInst = "FAddSub_fulldsp">   --->   Core 18 'FAddSub_fulldsp' <Latency = 4> <II = 1> <Delay = 7.25> <FuncUnit> <Opcode : 'fadd' 'fsub'> <InPorts = 2> <OutPorts = 1>
ST_72 : Operation 266 [3/4] (5.70ns)   --->   "%mul_13 = fmul i32 %shift_reg_13_load, i32 0.0317745" [fir_mmio.cpp:25]   --->   Operation 266 'fmul' 'mul_13' <Predicate = true> <Delay = 5.70> <CoreInst = "FMul_maxdsp">   --->   Core 30 'FMul_maxdsp' <Latency = 3> <II = 1> <Delay = 5.70> <FuncUnit> <Opcode : 'fmul'> <InPorts = 2> <OutPorts = 1>

State 73 <SV = 72> <Delay = 7.25>
ST_73 : Operation 267 [2/5] (7.25ns)   --->   "%acc_1_12 = fadd i32 %acc_1_11, i32 %mul_12" [fir_mmio.cpp:25]   --->   Operation 267 'fadd' 'acc_1_12' <Predicate = true> <Delay = 7.25> <CoreInst = "FAddSub_fulldsp">   --->   Core 18 'FAddSub_fulldsp' <Latency = 4> <II = 1> <Delay = 7.25> <FuncUnit> <Opcode : 'fadd' 'fsub'> <InPorts = 2> <OutPorts = 1>
ST_73 : Operation 268 [2/4] (5.70ns)   --->   "%mul_13 = fmul i32 %shift_reg_13_load, i32 0.0317745" [fir_mmio.cpp:25]   --->   Operation 268 'fmul' 'mul_13' <Predicate = true> <Delay = 5.70> <CoreInst = "FMul_maxdsp">   --->   Core 30 'FMul_maxdsp' <Latency = 3> <II = 1> <Delay = 5.70> <FuncUnit> <Opcode : 'fmul'> <InPorts = 2> <OutPorts = 1>

State 74 <SV = 73> <Delay = 7.25>
ST_74 : Operation 269 [1/5] (7.25ns)   --->   "%acc_1_12 = fadd i32 %acc_1_11, i32 %mul_12" [fir_mmio.cpp:25]   --->   Operation 269 'fadd' 'acc_1_12' <Predicate = true> <Delay = 7.25> <CoreInst = "FAddSub_fulldsp">   --->   Core 18 'FAddSub_fulldsp' <Latency = 4> <II = 1> <Delay = 7.25> <FuncUnit> <Opcode : 'fadd' 'fsub'> <InPorts = 2> <OutPorts = 1>
ST_74 : Operation 270 [1/4] (5.70ns)   --->   "%mul_13 = fmul i32 %shift_reg_13_load, i32 0.0317745" [fir_mmio.cpp:25]   --->   Operation 270 'fmul' 'mul_13' <Predicate = true> <Delay = 5.70> <CoreInst = "FMul_maxdsp">   --->   Core 30 'FMul_maxdsp' <Latency = 3> <II = 1> <Delay = 5.70> <FuncUnit> <Opcode : 'fmul'> <InPorts = 2> <OutPorts = 1>

State 75 <SV = 74> <Delay = 7.25>
ST_75 : Operation 271 [5/5] (7.25ns)   --->   "%acc_1_13 = fadd i32 %acc_1_12, i32 %mul_13" [fir_mmio.cpp:25]   --->   Operation 271 'fadd' 'acc_1_13' <Predicate = true> <Delay = 7.25> <CoreInst = "FAddSub_fulldsp">   --->   Core 18 'FAddSub_fulldsp' <Latency = 4> <II = 1> <Delay = 7.25> <FuncUnit> <Opcode : 'fadd' 'fsub'> <InPorts = 2> <OutPorts = 1>

State 76 <SV = 75> <Delay = 7.25>
ST_76 : Operation 272 [1/1] (0.00ns)   --->   "%shift_reg_15_load = load i32 %shift_reg_15" [fir_mmio.cpp:16]   --->   Operation 272 'load' 'shift_reg_15_load' <Predicate = true> <Delay = 0.00>
ST_76 : Operation 273 [1/1] (0.00ns)   --->   "%store_ln16 = store i32 %shift_reg_14_load, i32 %shift_reg_15" [fir_mmio.cpp:16]   --->   Operation 273 'store' 'store_ln16' <Predicate = true> <Delay = 0.00>
ST_76 : Operation 274 [4/5] (7.25ns)   --->   "%acc_1_13 = fadd i32 %acc_1_12, i32 %mul_13" [fir_mmio.cpp:25]   --->   Operation 274 'fadd' 'acc_1_13' <Predicate = true> <Delay = 7.25> <CoreInst = "FAddSub_fulldsp">   --->   Core 18 'FAddSub_fulldsp' <Latency = 4> <II = 1> <Delay = 7.25> <FuncUnit> <Opcode : 'fadd' 'fsub'> <InPorts = 2> <OutPorts = 1>
ST_76 : Operation 275 [4/4] (5.70ns)   --->   "%mul_14 = fmul i32 %shift_reg_14_load, i32 4.19253e-18" [fir_mmio.cpp:25]   --->   Operation 275 'fmul' 'mul_14' <Predicate = true> <Delay = 5.70> <CoreInst = "FMul_maxdsp">   --->   Core 30 'FMul_maxdsp' <Latency = 3> <II = 1> <Delay = 5.70> <FuncUnit> <Opcode : 'fmul'> <InPorts = 2> <OutPorts = 1>

State 77 <SV = 76> <Delay = 7.25>
ST_77 : Operation 276 [3/5] (7.25ns)   --->   "%acc_1_13 = fadd i32 %acc_1_12, i32 %mul_13" [fir_mmio.cpp:25]   --->   Operation 276 'fadd' 'acc_1_13' <Predicate = true> <Delay = 7.25> <CoreInst = "FAddSub_fulldsp">   --->   Core 18 'FAddSub_fulldsp' <Latency = 4> <II = 1> <Delay = 7.25> <FuncUnit> <Opcode : 'fadd' 'fsub'> <InPorts = 2> <OutPorts = 1>
ST_77 : Operation 277 [3/4] (5.70ns)   --->   "%mul_14 = fmul i32 %shift_reg_14_load, i32 4.19253e-18" [fir_mmio.cpp:25]   --->   Operation 277 'fmul' 'mul_14' <Predicate = true> <Delay = 5.70> <CoreInst = "FMul_maxdsp">   --->   Core 30 'FMul_maxdsp' <Latency = 3> <II = 1> <Delay = 5.70> <FuncUnit> <Opcode : 'fmul'> <InPorts = 2> <OutPorts = 1>

State 78 <SV = 77> <Delay = 7.25>
ST_78 : Operation 278 [2/5] (7.25ns)   --->   "%acc_1_13 = fadd i32 %acc_1_12, i32 %mul_13" [fir_mmio.cpp:25]   --->   Operation 278 'fadd' 'acc_1_13' <Predicate = true> <Delay = 7.25> <CoreInst = "FAddSub_fulldsp">   --->   Core 18 'FAddSub_fulldsp' <Latency = 4> <II = 1> <Delay = 7.25> <FuncUnit> <Opcode : 'fadd' 'fsub'> <InPorts = 2> <OutPorts = 1>
ST_78 : Operation 279 [2/4] (5.70ns)   --->   "%mul_14 = fmul i32 %shift_reg_14_load, i32 4.19253e-18" [fir_mmio.cpp:25]   --->   Operation 279 'fmul' 'mul_14' <Predicate = true> <Delay = 5.70> <CoreInst = "FMul_maxdsp">   --->   Core 30 'FMul_maxdsp' <Latency = 3> <II = 1> <Delay = 5.70> <FuncUnit> <Opcode : 'fmul'> <InPorts = 2> <OutPorts = 1>

State 79 <SV = 78> <Delay = 7.25>
ST_79 : Operation 280 [1/5] (7.25ns)   --->   "%acc_1_13 = fadd i32 %acc_1_12, i32 %mul_13" [fir_mmio.cpp:25]   --->   Operation 280 'fadd' 'acc_1_13' <Predicate = true> <Delay = 7.25> <CoreInst = "FAddSub_fulldsp">   --->   Core 18 'FAddSub_fulldsp' <Latency = 4> <II = 1> <Delay = 7.25> <FuncUnit> <Opcode : 'fadd' 'fsub'> <InPorts = 2> <OutPorts = 1>
ST_79 : Operation 281 [1/4] (5.70ns)   --->   "%mul_14 = fmul i32 %shift_reg_14_load, i32 4.19253e-18" [fir_mmio.cpp:25]   --->   Operation 281 'fmul' 'mul_14' <Predicate = true> <Delay = 5.70> <CoreInst = "FMul_maxdsp">   --->   Core 30 'FMul_maxdsp' <Latency = 3> <II = 1> <Delay = 5.70> <FuncUnit> <Opcode : 'fmul'> <InPorts = 2> <OutPorts = 1>

State 80 <SV = 79> <Delay = 7.25>
ST_80 : Operation 282 [5/5] (7.25ns)   --->   "%acc_1_14 = fadd i32 %acc_1_13, i32 %mul_14" [fir_mmio.cpp:25]   --->   Operation 282 'fadd' 'acc_1_14' <Predicate = true> <Delay = 7.25> <CoreInst = "FAddSub_fulldsp">   --->   Core 18 'FAddSub_fulldsp' <Latency = 4> <II = 1> <Delay = 7.25> <FuncUnit> <Opcode : 'fadd' 'fsub'> <InPorts = 2> <OutPorts = 1>

State 81 <SV = 80> <Delay = 7.25>
ST_81 : Operation 283 [1/1] (0.00ns)   --->   "%shift_reg_16_load = load i32 %shift_reg_16" [fir_mmio.cpp:16]   --->   Operation 283 'load' 'shift_reg_16_load' <Predicate = true> <Delay = 0.00>
ST_81 : Operation 284 [1/1] (0.00ns)   --->   "%store_ln16 = store i32 %shift_reg_15_load, i32 %shift_reg_16" [fir_mmio.cpp:16]   --->   Operation 284 'store' 'store_ln16' <Predicate = true> <Delay = 0.00>
ST_81 : Operation 285 [4/5] (7.25ns)   --->   "%acc_1_14 = fadd i32 %acc_1_13, i32 %mul_14" [fir_mmio.cpp:25]   --->   Operation 285 'fadd' 'acc_1_14' <Predicate = true> <Delay = 7.25> <CoreInst = "FAddSub_fulldsp">   --->   Core 18 'FAddSub_fulldsp' <Latency = 4> <II = 1> <Delay = 7.25> <FuncUnit> <Opcode : 'fadd' 'fsub'> <InPorts = 2> <OutPorts = 1>
ST_81 : Operation 286 [4/4] (5.70ns)   --->   "%mul_15 = fmul i32 %shift_reg_15_load, i32 -0.0123547" [fir_mmio.cpp:25]   --->   Operation 286 'fmul' 'mul_15' <Predicate = true> <Delay = 5.70> <CoreInst = "FMul_maxdsp">   --->   Core 30 'FMul_maxdsp' <Latency = 3> <II = 1> <Delay = 5.70> <FuncUnit> <Opcode : 'fmul'> <InPorts = 2> <OutPorts = 1>

State 82 <SV = 81> <Delay = 7.25>
ST_82 : Operation 287 [3/5] (7.25ns)   --->   "%acc_1_14 = fadd i32 %acc_1_13, i32 %mul_14" [fir_mmio.cpp:25]   --->   Operation 287 'fadd' 'acc_1_14' <Predicate = true> <Delay = 7.25> <CoreInst = "FAddSub_fulldsp">   --->   Core 18 'FAddSub_fulldsp' <Latency = 4> <II = 1> <Delay = 7.25> <FuncUnit> <Opcode : 'fadd' 'fsub'> <InPorts = 2> <OutPorts = 1>
ST_82 : Operation 288 [3/4] (5.70ns)   --->   "%mul_15 = fmul i32 %shift_reg_15_load, i32 -0.0123547" [fir_mmio.cpp:25]   --->   Operation 288 'fmul' 'mul_15' <Predicate = true> <Delay = 5.70> <CoreInst = "FMul_maxdsp">   --->   Core 30 'FMul_maxdsp' <Latency = 3> <II = 1> <Delay = 5.70> <FuncUnit> <Opcode : 'fmul'> <InPorts = 2> <OutPorts = 1>

State 83 <SV = 82> <Delay = 7.25>
ST_83 : Operation 289 [2/5] (7.25ns)   --->   "%acc_1_14 = fadd i32 %acc_1_13, i32 %mul_14" [fir_mmio.cpp:25]   --->   Operation 289 'fadd' 'acc_1_14' <Predicate = true> <Delay = 7.25> <CoreInst = "FAddSub_fulldsp">   --->   Core 18 'FAddSub_fulldsp' <Latency = 4> <II = 1> <Delay = 7.25> <FuncUnit> <Opcode : 'fadd' 'fsub'> <InPorts = 2> <OutPorts = 1>
ST_83 : Operation 290 [2/4] (5.70ns)   --->   "%mul_15 = fmul i32 %shift_reg_15_load, i32 -0.0123547" [fir_mmio.cpp:25]   --->   Operation 290 'fmul' 'mul_15' <Predicate = true> <Delay = 5.70> <CoreInst = "FMul_maxdsp">   --->   Core 30 'FMul_maxdsp' <Latency = 3> <II = 1> <Delay = 5.70> <FuncUnit> <Opcode : 'fmul'> <InPorts = 2> <OutPorts = 1>

State 84 <SV = 83> <Delay = 7.25>
ST_84 : Operation 291 [1/5] (7.25ns)   --->   "%acc_1_14 = fadd i32 %acc_1_13, i32 %mul_14" [fir_mmio.cpp:25]   --->   Operation 291 'fadd' 'acc_1_14' <Predicate = true> <Delay = 7.25> <CoreInst = "FAddSub_fulldsp">   --->   Core 18 'FAddSub_fulldsp' <Latency = 4> <II = 1> <Delay = 7.25> <FuncUnit> <Opcode : 'fadd' 'fsub'> <InPorts = 2> <OutPorts = 1>
ST_84 : Operation 292 [1/4] (5.70ns)   --->   "%mul_15 = fmul i32 %shift_reg_15_load, i32 -0.0123547" [fir_mmio.cpp:25]   --->   Operation 292 'fmul' 'mul_15' <Predicate = true> <Delay = 5.70> <CoreInst = "FMul_maxdsp">   --->   Core 30 'FMul_maxdsp' <Latency = 3> <II = 1> <Delay = 5.70> <FuncUnit> <Opcode : 'fmul'> <InPorts = 2> <OutPorts = 1>

State 85 <SV = 84> <Delay = 7.25>
ST_85 : Operation 293 [5/5] (7.25ns)   --->   "%acc_1_15 = fadd i32 %acc_1_14, i32 %mul_15" [fir_mmio.cpp:25]   --->   Operation 293 'fadd' 'acc_1_15' <Predicate = true> <Delay = 7.25> <CoreInst = "FAddSub_fulldsp">   --->   Core 18 'FAddSub_fulldsp' <Latency = 4> <II = 1> <Delay = 7.25> <FuncUnit> <Opcode : 'fadd' 'fsub'> <InPorts = 2> <OutPorts = 1>

State 86 <SV = 85> <Delay = 7.25>
ST_86 : Operation 294 [1/1] (0.00ns)   --->   "%shift_reg_17_load = load i32 %shift_reg_17" [fir_mmio.cpp:16]   --->   Operation 294 'load' 'shift_reg_17_load' <Predicate = true> <Delay = 0.00>
ST_86 : Operation 295 [1/1] (0.00ns)   --->   "%store_ln16 = store i32 %shift_reg_16_load, i32 %shift_reg_17" [fir_mmio.cpp:16]   --->   Operation 295 'store' 'store_ln16' <Predicate = true> <Delay = 0.00>
ST_86 : Operation 296 [4/5] (7.25ns)   --->   "%acc_1_15 = fadd i32 %acc_1_14, i32 %mul_15" [fir_mmio.cpp:25]   --->   Operation 296 'fadd' 'acc_1_15' <Predicate = true> <Delay = 7.25> <CoreInst = "FAddSub_fulldsp">   --->   Core 18 'FAddSub_fulldsp' <Latency = 4> <II = 1> <Delay = 7.25> <FuncUnit> <Opcode : 'fadd' 'fsub'> <InPorts = 2> <OutPorts = 1>
ST_86 : Operation 297 [4/4] (5.70ns)   --->   "%mul_16 = fmul i32 %shift_reg_16_load, i32 -0.0116118" [fir_mmio.cpp:25]   --->   Operation 297 'fmul' 'mul_16' <Predicate = true> <Delay = 5.70> <CoreInst = "FMul_maxdsp">   --->   Core 30 'FMul_maxdsp' <Latency = 3> <II = 1> <Delay = 5.70> <FuncUnit> <Opcode : 'fmul'> <InPorts = 2> <OutPorts = 1>

State 87 <SV = 86> <Delay = 7.25>
ST_87 : Operation 298 [3/5] (7.25ns)   --->   "%acc_1_15 = fadd i32 %acc_1_14, i32 %mul_15" [fir_mmio.cpp:25]   --->   Operation 298 'fadd' 'acc_1_15' <Predicate = true> <Delay = 7.25> <CoreInst = "FAddSub_fulldsp">   --->   Core 18 'FAddSub_fulldsp' <Latency = 4> <II = 1> <Delay = 7.25> <FuncUnit> <Opcode : 'fadd' 'fsub'> <InPorts = 2> <OutPorts = 1>
ST_87 : Operation 299 [3/4] (5.70ns)   --->   "%mul_16 = fmul i32 %shift_reg_16_load, i32 -0.0116118" [fir_mmio.cpp:25]   --->   Operation 299 'fmul' 'mul_16' <Predicate = true> <Delay = 5.70> <CoreInst = "FMul_maxdsp">   --->   Core 30 'FMul_maxdsp' <Latency = 3> <II = 1> <Delay = 5.70> <FuncUnit> <Opcode : 'fmul'> <InPorts = 2> <OutPorts = 1>

State 88 <SV = 87> <Delay = 7.25>
ST_88 : Operation 300 [2/5] (7.25ns)   --->   "%acc_1_15 = fadd i32 %acc_1_14, i32 %mul_15" [fir_mmio.cpp:25]   --->   Operation 300 'fadd' 'acc_1_15' <Predicate = true> <Delay = 7.25> <CoreInst = "FAddSub_fulldsp">   --->   Core 18 'FAddSub_fulldsp' <Latency = 4> <II = 1> <Delay = 7.25> <FuncUnit> <Opcode : 'fadd' 'fsub'> <InPorts = 2> <OutPorts = 1>
ST_88 : Operation 301 [2/4] (5.70ns)   --->   "%mul_16 = fmul i32 %shift_reg_16_load, i32 -0.0116118" [fir_mmio.cpp:25]   --->   Operation 301 'fmul' 'mul_16' <Predicate = true> <Delay = 5.70> <CoreInst = "FMul_maxdsp">   --->   Core 30 'FMul_maxdsp' <Latency = 3> <II = 1> <Delay = 5.70> <FuncUnit> <Opcode : 'fmul'> <InPorts = 2> <OutPorts = 1>

State 89 <SV = 88> <Delay = 7.25>
ST_89 : Operation 302 [1/5] (7.25ns)   --->   "%acc_1_15 = fadd i32 %acc_1_14, i32 %mul_15" [fir_mmio.cpp:25]   --->   Operation 302 'fadd' 'acc_1_15' <Predicate = true> <Delay = 7.25> <CoreInst = "FAddSub_fulldsp">   --->   Core 18 'FAddSub_fulldsp' <Latency = 4> <II = 1> <Delay = 7.25> <FuncUnit> <Opcode : 'fadd' 'fsub'> <InPorts = 2> <OutPorts = 1>
ST_89 : Operation 303 [1/4] (5.70ns)   --->   "%mul_16 = fmul i32 %shift_reg_16_load, i32 -0.0116118" [fir_mmio.cpp:25]   --->   Operation 303 'fmul' 'mul_16' <Predicate = true> <Delay = 5.70> <CoreInst = "FMul_maxdsp">   --->   Core 30 'FMul_maxdsp' <Latency = 3> <II = 1> <Delay = 5.70> <FuncUnit> <Opcode : 'fmul'> <InPorts = 2> <OutPorts = 1>

State 90 <SV = 89> <Delay = 7.25>
ST_90 : Operation 304 [5/5] (7.25ns)   --->   "%acc_1_16 = fadd i32 %acc_1_15, i32 %mul_16" [fir_mmio.cpp:25]   --->   Operation 304 'fadd' 'acc_1_16' <Predicate = true> <Delay = 7.25> <CoreInst = "FAddSub_fulldsp">   --->   Core 18 'FAddSub_fulldsp' <Latency = 4> <II = 1> <Delay = 7.25> <FuncUnit> <Opcode : 'fadd' 'fsub'> <InPorts = 2> <OutPorts = 1>

State 91 <SV = 90> <Delay = 7.25>
ST_91 : Operation 305 [1/1] (0.00ns)   --->   "%shift_reg_18_load = load i32 %shift_reg_18" [fir_mmio.cpp:16]   --->   Operation 305 'load' 'shift_reg_18_load' <Predicate = true> <Delay = 0.00>
ST_91 : Operation 306 [1/1] (0.00ns)   --->   "%store_ln16 = store i32 %shift_reg_17_load, i32 %shift_reg_18" [fir_mmio.cpp:16]   --->   Operation 306 'store' 'store_ln16' <Predicate = true> <Delay = 0.00>
ST_91 : Operation 307 [4/5] (7.25ns)   --->   "%acc_1_16 = fadd i32 %acc_1_15, i32 %mul_16" [fir_mmio.cpp:25]   --->   Operation 307 'fadd' 'acc_1_16' <Predicate = true> <Delay = 7.25> <CoreInst = "FAddSub_fulldsp">   --->   Core 18 'FAddSub_fulldsp' <Latency = 4> <II = 1> <Delay = 7.25> <FuncUnit> <Opcode : 'fadd' 'fsub'> <InPorts = 2> <OutPorts = 1>
ST_91 : Operation 308 [4/4] (5.70ns)   --->   "%mul_17 = fmul i32 %shift_reg_17_load, i32 -0.00632535" [fir_mmio.cpp:25]   --->   Operation 308 'fmul' 'mul_17' <Predicate = true> <Delay = 5.70> <CoreInst = "FMul_maxdsp">   --->   Core 30 'FMul_maxdsp' <Latency = 3> <II = 1> <Delay = 5.70> <FuncUnit> <Opcode : 'fmul'> <InPorts = 2> <OutPorts = 1>

State 92 <SV = 91> <Delay = 7.25>
ST_92 : Operation 309 [3/5] (7.25ns)   --->   "%acc_1_16 = fadd i32 %acc_1_15, i32 %mul_16" [fir_mmio.cpp:25]   --->   Operation 309 'fadd' 'acc_1_16' <Predicate = true> <Delay = 7.25> <CoreInst = "FAddSub_fulldsp">   --->   Core 18 'FAddSub_fulldsp' <Latency = 4> <II = 1> <Delay = 7.25> <FuncUnit> <Opcode : 'fadd' 'fsub'> <InPorts = 2> <OutPorts = 1>
ST_92 : Operation 310 [3/4] (5.70ns)   --->   "%mul_17 = fmul i32 %shift_reg_17_load, i32 -0.00632535" [fir_mmio.cpp:25]   --->   Operation 310 'fmul' 'mul_17' <Predicate = true> <Delay = 5.70> <CoreInst = "FMul_maxdsp">   --->   Core 30 'FMul_maxdsp' <Latency = 3> <II = 1> <Delay = 5.70> <FuncUnit> <Opcode : 'fmul'> <InPorts = 2> <OutPorts = 1>

State 93 <SV = 92> <Delay = 7.25>
ST_93 : Operation 311 [2/5] (7.25ns)   --->   "%acc_1_16 = fadd i32 %acc_1_15, i32 %mul_16" [fir_mmio.cpp:25]   --->   Operation 311 'fadd' 'acc_1_16' <Predicate = true> <Delay = 7.25> <CoreInst = "FAddSub_fulldsp">   --->   Core 18 'FAddSub_fulldsp' <Latency = 4> <II = 1> <Delay = 7.25> <FuncUnit> <Opcode : 'fadd' 'fsub'> <InPorts = 2> <OutPorts = 1>
ST_93 : Operation 312 [2/4] (5.70ns)   --->   "%mul_17 = fmul i32 %shift_reg_17_load, i32 -0.00632535" [fir_mmio.cpp:25]   --->   Operation 312 'fmul' 'mul_17' <Predicate = true> <Delay = 5.70> <CoreInst = "FMul_maxdsp">   --->   Core 30 'FMul_maxdsp' <Latency = 3> <II = 1> <Delay = 5.70> <FuncUnit> <Opcode : 'fmul'> <InPorts = 2> <OutPorts = 1>

State 94 <SV = 93> <Delay = 7.25>
ST_94 : Operation 313 [1/5] (7.25ns)   --->   "%acc_1_16 = fadd i32 %acc_1_15, i32 %mul_16" [fir_mmio.cpp:25]   --->   Operation 313 'fadd' 'acc_1_16' <Predicate = true> <Delay = 7.25> <CoreInst = "FAddSub_fulldsp">   --->   Core 18 'FAddSub_fulldsp' <Latency = 4> <II = 1> <Delay = 7.25> <FuncUnit> <Opcode : 'fadd' 'fsub'> <InPorts = 2> <OutPorts = 1>
ST_94 : Operation 314 [1/4] (5.70ns)   --->   "%mul_17 = fmul i32 %shift_reg_17_load, i32 -0.00632535" [fir_mmio.cpp:25]   --->   Operation 314 'fmul' 'mul_17' <Predicate = true> <Delay = 5.70> <CoreInst = "FMul_maxdsp">   --->   Core 30 'FMul_maxdsp' <Latency = 3> <II = 1> <Delay = 5.70> <FuncUnit> <Opcode : 'fmul'> <InPorts = 2> <OutPorts = 1>

State 95 <SV = 94> <Delay = 7.25>
ST_95 : Operation 315 [5/5] (7.25ns)   --->   "%acc_1_17 = fadd i32 %acc_1_16, i32 %mul_17" [fir_mmio.cpp:25]   --->   Operation 315 'fadd' 'acc_1_17' <Predicate = true> <Delay = 7.25> <CoreInst = "FAddSub_fulldsp">   --->   Core 18 'FAddSub_fulldsp' <Latency = 4> <II = 1> <Delay = 7.25> <FuncUnit> <Opcode : 'fadd' 'fsub'> <InPorts = 2> <OutPorts = 1>

State 96 <SV = 95> <Delay = 7.25>
ST_96 : Operation 316 [4/5] (7.25ns)   --->   "%acc_1_17 = fadd i32 %acc_1_16, i32 %mul_17" [fir_mmio.cpp:25]   --->   Operation 316 'fadd' 'acc_1_17' <Predicate = true> <Delay = 7.25> <CoreInst = "FAddSub_fulldsp">   --->   Core 18 'FAddSub_fulldsp' <Latency = 4> <II = 1> <Delay = 7.25> <FuncUnit> <Opcode : 'fadd' 'fsub'> <InPorts = 2> <OutPorts = 1>
ST_96 : Operation 317 [4/4] (5.70ns)   --->   "%mul_18 = fmul i32 %shift_reg_18_load, i32 -0.00212227" [fir_mmio.cpp:25]   --->   Operation 317 'fmul' 'mul_18' <Predicate = true> <Delay = 5.70> <CoreInst = "FMul_maxdsp">   --->   Core 30 'FMul_maxdsp' <Latency = 3> <II = 1> <Delay = 5.70> <FuncUnit> <Opcode : 'fmul'> <InPorts = 2> <OutPorts = 1>

State 97 <SV = 96> <Delay = 7.25>
ST_97 : Operation 318 [3/5] (7.25ns)   --->   "%acc_1_17 = fadd i32 %acc_1_16, i32 %mul_17" [fir_mmio.cpp:25]   --->   Operation 318 'fadd' 'acc_1_17' <Predicate = true> <Delay = 7.25> <CoreInst = "FAddSub_fulldsp">   --->   Core 18 'FAddSub_fulldsp' <Latency = 4> <II = 1> <Delay = 7.25> <FuncUnit> <Opcode : 'fadd' 'fsub'> <InPorts = 2> <OutPorts = 1>
ST_97 : Operation 319 [3/4] (5.70ns)   --->   "%mul_18 = fmul i32 %shift_reg_18_load, i32 -0.00212227" [fir_mmio.cpp:25]   --->   Operation 319 'fmul' 'mul_18' <Predicate = true> <Delay = 5.70> <CoreInst = "FMul_maxdsp">   --->   Core 30 'FMul_maxdsp' <Latency = 3> <II = 1> <Delay = 5.70> <FuncUnit> <Opcode : 'fmul'> <InPorts = 2> <OutPorts = 1>

State 98 <SV = 97> <Delay = 7.25>
ST_98 : Operation 320 [2/5] (7.25ns)   --->   "%acc_1_17 = fadd i32 %acc_1_16, i32 %mul_17" [fir_mmio.cpp:25]   --->   Operation 320 'fadd' 'acc_1_17' <Predicate = true> <Delay = 7.25> <CoreInst = "FAddSub_fulldsp">   --->   Core 18 'FAddSub_fulldsp' <Latency = 4> <II = 1> <Delay = 7.25> <FuncUnit> <Opcode : 'fadd' 'fsub'> <InPorts = 2> <OutPorts = 1>
ST_98 : Operation 321 [2/4] (5.70ns)   --->   "%mul_18 = fmul i32 %shift_reg_18_load, i32 -0.00212227" [fir_mmio.cpp:25]   --->   Operation 321 'fmul' 'mul_18' <Predicate = true> <Delay = 5.70> <CoreInst = "FMul_maxdsp">   --->   Core 30 'FMul_maxdsp' <Latency = 3> <II = 1> <Delay = 5.70> <FuncUnit> <Opcode : 'fmul'> <InPorts = 2> <OutPorts = 1>

State 99 <SV = 98> <Delay = 7.25>
ST_99 : Operation 322 [1/5] (7.25ns)   --->   "%acc_1_17 = fadd i32 %acc_1_16, i32 %mul_17" [fir_mmio.cpp:25]   --->   Operation 322 'fadd' 'acc_1_17' <Predicate = true> <Delay = 7.25> <CoreInst = "FAddSub_fulldsp">   --->   Core 18 'FAddSub_fulldsp' <Latency = 4> <II = 1> <Delay = 7.25> <FuncUnit> <Opcode : 'fadd' 'fsub'> <InPorts = 2> <OutPorts = 1>
ST_99 : Operation 323 [1/4] (5.70ns)   --->   "%mul_18 = fmul i32 %shift_reg_18_load, i32 -0.00212227" [fir_mmio.cpp:25]   --->   Operation 323 'fmul' 'mul_18' <Predicate = true> <Delay = 5.70> <CoreInst = "FMul_maxdsp">   --->   Core 30 'FMul_maxdsp' <Latency = 3> <II = 1> <Delay = 5.70> <FuncUnit> <Opcode : 'fmul'> <InPorts = 2> <OutPorts = 1>

State 100 <SV = 99> <Delay = 7.25>
ST_100 : Operation 324 [5/5] (7.25ns)   --->   "%acc_1_18 = fadd i32 %acc_1_17, i32 %mul_18" [fir_mmio.cpp:25]   --->   Operation 324 'fadd' 'acc_1_18' <Predicate = true> <Delay = 7.25> <CoreInst = "FAddSub_fulldsp">   --->   Core 18 'FAddSub_fulldsp' <Latency = 4> <II = 1> <Delay = 7.25> <FuncUnit> <Opcode : 'fadd' 'fsub'> <InPorts = 2> <OutPorts = 1>

State 101 <SV = 100> <Delay = 7.25>
ST_101 : Operation 325 [1/1] (0.00ns)   --->   "%shift_reg_19_load = load i32 %shift_reg_19" [fir_mmio.cpp:16]   --->   Operation 325 'load' 'shift_reg_19_load' <Predicate = true> <Delay = 0.00>
ST_101 : Operation 326 [1/1] (0.00ns)   --->   "%store_ln16 = store i32 %shift_reg_18_load, i32 %shift_reg_19" [fir_mmio.cpp:16]   --->   Operation 326 'store' 'store_ln16' <Predicate = true> <Delay = 0.00>
ST_101 : Operation 327 [4/5] (7.25ns)   --->   "%acc_1_18 = fadd i32 %acc_1_17, i32 %mul_18" [fir_mmio.cpp:25]   --->   Operation 327 'fadd' 'acc_1_18' <Predicate = true> <Delay = 7.25> <CoreInst = "FAddSub_fulldsp">   --->   Core 18 'FAddSub_fulldsp' <Latency = 4> <II = 1> <Delay = 7.25> <FuncUnit> <Opcode : 'fadd' 'fsub'> <InPorts = 2> <OutPorts = 1>
ST_101 : Operation 328 [4/4] (5.70ns)   --->   "%mul_19 = fmul i32 %shift_reg_19_load, i32 -6.21115e-19" [fir_mmio.cpp:25]   --->   Operation 328 'fmul' 'mul_19' <Predicate = true> <Delay = 5.70> <CoreInst = "FMul_maxdsp">   --->   Core 30 'FMul_maxdsp' <Latency = 3> <II = 1> <Delay = 5.70> <FuncUnit> <Opcode : 'fmul'> <InPorts = 2> <OutPorts = 1>

State 102 <SV = 101> <Delay = 7.25>
ST_102 : Operation 329 [3/5] (7.25ns)   --->   "%acc_1_18 = fadd i32 %acc_1_17, i32 %mul_18" [fir_mmio.cpp:25]   --->   Operation 329 'fadd' 'acc_1_18' <Predicate = true> <Delay = 7.25> <CoreInst = "FAddSub_fulldsp">   --->   Core 18 'FAddSub_fulldsp' <Latency = 4> <II = 1> <Delay = 7.25> <FuncUnit> <Opcode : 'fadd' 'fsub'> <InPorts = 2> <OutPorts = 1>
ST_102 : Operation 330 [3/4] (5.70ns)   --->   "%mul_19 = fmul i32 %shift_reg_19_load, i32 -6.21115e-19" [fir_mmio.cpp:25]   --->   Operation 330 'fmul' 'mul_19' <Predicate = true> <Delay = 5.70> <CoreInst = "FMul_maxdsp">   --->   Core 30 'FMul_maxdsp' <Latency = 3> <II = 1> <Delay = 5.70> <FuncUnit> <Opcode : 'fmul'> <InPorts = 2> <OutPorts = 1>

State 103 <SV = 102> <Delay = 7.25>
ST_103 : Operation 331 [2/5] (7.25ns)   --->   "%acc_1_18 = fadd i32 %acc_1_17, i32 %mul_18" [fir_mmio.cpp:25]   --->   Operation 331 'fadd' 'acc_1_18' <Predicate = true> <Delay = 7.25> <CoreInst = "FAddSub_fulldsp">   --->   Core 18 'FAddSub_fulldsp' <Latency = 4> <II = 1> <Delay = 7.25> <FuncUnit> <Opcode : 'fadd' 'fsub'> <InPorts = 2> <OutPorts = 1>
ST_103 : Operation 332 [2/4] (5.70ns)   --->   "%mul_19 = fmul i32 %shift_reg_19_load, i32 -6.21115e-19" [fir_mmio.cpp:25]   --->   Operation 332 'fmul' 'mul_19' <Predicate = true> <Delay = 5.70> <CoreInst = "FMul_maxdsp">   --->   Core 30 'FMul_maxdsp' <Latency = 3> <II = 1> <Delay = 5.70> <FuncUnit> <Opcode : 'fmul'> <InPorts = 2> <OutPorts = 1>

State 104 <SV = 103> <Delay = 7.25>
ST_104 : Operation 333 [1/5] (7.25ns)   --->   "%acc_1_18 = fadd i32 %acc_1_17, i32 %mul_18" [fir_mmio.cpp:25]   --->   Operation 333 'fadd' 'acc_1_18' <Predicate = true> <Delay = 7.25> <CoreInst = "FAddSub_fulldsp">   --->   Core 18 'FAddSub_fulldsp' <Latency = 4> <II = 1> <Delay = 7.25> <FuncUnit> <Opcode : 'fadd' 'fsub'> <InPorts = 2> <OutPorts = 1>
ST_104 : Operation 334 [1/4] (5.70ns)   --->   "%mul_19 = fmul i32 %shift_reg_19_load, i32 -6.21115e-19" [fir_mmio.cpp:25]   --->   Operation 334 'fmul' 'mul_19' <Predicate = true> <Delay = 5.70> <CoreInst = "FMul_maxdsp">   --->   Core 30 'FMul_maxdsp' <Latency = 3> <II = 1> <Delay = 5.70> <FuncUnit> <Opcode : 'fmul'> <InPorts = 2> <OutPorts = 1>

State 105 <SV = 104> <Delay = 7.25>
ST_105 : Operation 335 [5/5] (7.25ns)   --->   "%acc_1_19 = fadd i32 %acc_1_18, i32 %mul_19" [fir_mmio.cpp:25]   --->   Operation 335 'fadd' 'acc_1_19' <Predicate = true> <Delay = 7.25> <CoreInst = "FAddSub_fulldsp">   --->   Core 18 'FAddSub_fulldsp' <Latency = 4> <II = 1> <Delay = 7.25> <FuncUnit> <Opcode : 'fadd' 'fsub'> <InPorts = 2> <OutPorts = 1>

State 106 <SV = 105> <Delay = 7.25>
ST_106 : Operation 336 [4/5] (7.25ns)   --->   "%acc_1_19 = fadd i32 %acc_1_18, i32 %mul_19" [fir_mmio.cpp:25]   --->   Operation 336 'fadd' 'acc_1_19' <Predicate = true> <Delay = 7.25> <CoreInst = "FAddSub_fulldsp">   --->   Core 18 'FAddSub_fulldsp' <Latency = 4> <II = 1> <Delay = 7.25> <FuncUnit> <Opcode : 'fadd' 'fsub'> <InPorts = 2> <OutPorts = 1>

State 107 <SV = 106> <Delay = 7.25>
ST_107 : Operation 337 [3/5] (7.25ns)   --->   "%acc_1_19 = fadd i32 %acc_1_18, i32 %mul_19" [fir_mmio.cpp:25]   --->   Operation 337 'fadd' 'acc_1_19' <Predicate = true> <Delay = 7.25> <CoreInst = "FAddSub_fulldsp">   --->   Core 18 'FAddSub_fulldsp' <Latency = 4> <II = 1> <Delay = 7.25> <FuncUnit> <Opcode : 'fadd' 'fsub'> <InPorts = 2> <OutPorts = 1>

State 108 <SV = 107> <Delay = 7.25>
ST_108 : Operation 338 [2/5] (7.25ns)   --->   "%acc_1_19 = fadd i32 %acc_1_18, i32 %mul_19" [fir_mmio.cpp:25]   --->   Operation 338 'fadd' 'acc_1_19' <Predicate = true> <Delay = 7.25> <CoreInst = "FAddSub_fulldsp">   --->   Core 18 'FAddSub_fulldsp' <Latency = 4> <II = 1> <Delay = 7.25> <FuncUnit> <Opcode : 'fadd' 'fsub'> <InPorts = 2> <OutPorts = 1>

State 109 <SV = 108> <Delay = 7.25>
ST_109 : Operation 339 [1/1] (0.00ns)   --->   "%specbitsmap_ln0 = specbitsmap void @_ssdm_op_SpecBitsMap, i32 0"   --->   Operation 339 'specbitsmap' 'specbitsmap_ln0' <Predicate = true> <Delay = 0.00>
ST_109 : Operation 340 [1/1] (0.00ns)   --->   "%specpipeline_ln0 = specpipeline void @_ssdm_op_SpecPipeline, i32 1, i32 0, i32 0, i32 0, void @empty_5"   --->   Operation 340 'specpipeline' 'specpipeline_ln0' <Predicate = true> <Delay = 0.00>
ST_109 : Operation 341 [1/1] (0.00ns)   --->   "%spectopmodule_ln0 = spectopmodule void @_ssdm_op_SpecTopModule, void @empty_3"   --->   Operation 341 'spectopmodule' 'spectopmodule_ln0' <Predicate = true> <Delay = 0.00>
ST_109 : Operation 342 [1/1] (0.00ns)   --->   "%specbitsmap_ln0 = specbitsmap void @_ssdm_op_SpecBitsMap, i32 %x_in"   --->   Operation 342 'specbitsmap' 'specbitsmap_ln0' <Predicate = true> <Delay = 0.00>
ST_109 : Operation 343 [1/1] (0.00ns)   --->   "%specinterface_ln0 = specinterface void @_ssdm_op_SpecInterface, i32 %x_in, void @empty_4, i32 0, i32 0, void @empty_5, i32 0, i32 0, void @empty, void @empty_0, void @empty_5, i32 0, i32 0, i32 0, i32 0, void @empty_5, void @empty_5"   --->   Operation 343 'specinterface' 'specinterface_ln0' <Predicate = true> <Delay = 0.00>
ST_109 : Operation 344 [1/1] (0.00ns)   --->   "%specinterface_ln0 = specinterface void @_ssdm_op_SpecInterface, i32 %x_in, void @empty_1, i32 0, i32 0, void @empty_5, i32 0, i32 0, void @empty_5, void @empty_5, void @empty_5, i32 0, i32 0, i32 0, i32 0, void @empty_5, void @empty_5"   --->   Operation 344 'specinterface' 'specinterface_ln0' <Predicate = true> <Delay = 0.00>
ST_109 : Operation 345 [1/1] (0.00ns)   --->   "%specinterface_ln0 = specinterface void @_ssdm_op_SpecInterface, i32 0, void @empty_4, i32 0, i32 0, void @empty_5, i32 0, i32 0, void @empty, void @empty_2, void @empty_5, i32 0, i32 0, i32 0, i32 0, void @empty_5, void @empty_5"   --->   Operation 345 'specinterface' 'specinterface_ln0' <Predicate = true> <Delay = 0.00>
ST_109 : Operation 346 [1/5] (7.25ns)   --->   "%acc_1_19 = fadd i32 %acc_1_18, i32 %mul_19" [fir_mmio.cpp:25]   --->   Operation 346 'fadd' 'acc_1_19' <Predicate = true> <Delay = 7.25> <CoreInst = "FAddSub_fulldsp">   --->   Core 18 'FAddSub_fulldsp' <Latency = 4> <II = 1> <Delay = 7.25> <FuncUnit> <Opcode : 'fadd' 'fsub'> <InPorts = 2> <OutPorts = 1>
ST_109 : Operation 347 [1/1] (0.00ns)   --->   "%ret_ln28 = ret i32 %acc_1_19" [fir_mmio.cpp:28]   --->   Operation 347 'ret' 'ret_ln28' <Predicate = true> <Delay = 0.00>


============================================================
+ Verbose Summary: Timing violations
============================================================
Target clock period: 10ns, clock uncertainty: 1.25ns.

 <State 1>: 6.7ns
The critical path consists of the following:
	s_axi read operation ('x_in', fir_mmio.cpp:3) on port 'x_in' (fir_mmio.cpp:3) [29]  (1 ns)
	'fmul' operation ('mul', fir_mmio.cpp:25) [70]  (5.7 ns)

 <State 2>: 5.7ns
The critical path consists of the following:
	'fmul' operation ('mul', fir_mmio.cpp:25) [70]  (5.7 ns)

 <State 3>: 5.7ns
The critical path consists of the following:
	'fmul' operation ('mul', fir_mmio.cpp:25) [70]  (5.7 ns)

 <State 4>: 5.7ns
The critical path consists of the following:
	'fmul' operation ('mul', fir_mmio.cpp:25) [70]  (5.7 ns)

 <State 5>: 7.26ns
The critical path consists of the following:
	'fadd' operation ('acc_1', fir_mmio.cpp:25) [71]  (7.26 ns)

 <State 6>: 7.26ns
The critical path consists of the following:
	'fadd' operation ('acc_1', fir_mmio.cpp:25) [71]  (7.26 ns)

 <State 7>: 7.26ns
The critical path consists of the following:
	'fadd' operation ('acc_1', fir_mmio.cpp:25) [71]  (7.26 ns)

 <State 8>: 7.26ns
The critical path consists of the following:
	'fadd' operation ('acc_1', fir_mmio.cpp:25) [71]  (7.26 ns)

 <State 9>: 7.26ns
The critical path consists of the following:
	'fadd' operation ('acc_1', fir_mmio.cpp:25) [71]  (7.26 ns)

 <State 10>: 7.26ns
The critical path consists of the following:
	'fadd' operation ('acc_1_1', fir_mmio.cpp:25) [73]  (7.26 ns)

 <State 11>: 7.26ns
The critical path consists of the following:
	'fadd' operation ('acc_1_1', fir_mmio.cpp:25) [73]  (7.26 ns)

 <State 12>: 7.26ns
The critical path consists of the following:
	'fadd' operation ('acc_1_1', fir_mmio.cpp:25) [73]  (7.26 ns)

 <State 13>: 7.26ns
The critical path consists of the following:
	'fadd' operation ('acc_1_1', fir_mmio.cpp:25) [73]  (7.26 ns)

 <State 14>: 7.26ns
The critical path consists of the following:
	'fadd' operation ('acc_1_1', fir_mmio.cpp:25) [73]  (7.26 ns)

 <State 15>: 7.26ns
The critical path consists of the following:
	'fadd' operation ('acc_1_2', fir_mmio.cpp:25) [75]  (7.26 ns)

 <State 16>: 7.26ns
The critical path consists of the following:
	'fadd' operation ('acc_1_2', fir_mmio.cpp:25) [75]  (7.26 ns)

 <State 17>: 7.26ns
The critical path consists of the following:
	'fadd' operation ('acc_1_2', fir_mmio.cpp:25) [75]  (7.26 ns)

 <State 18>: 7.26ns
The critical path consists of the following:
	'fadd' operation ('acc_1_2', fir_mmio.cpp:25) [75]  (7.26 ns)

 <State 19>: 7.26ns
The critical path consists of the following:
	'fadd' operation ('acc_1_2', fir_mmio.cpp:25) [75]  (7.26 ns)

 <State 20>: 7.26ns
The critical path consists of the following:
	'fadd' operation ('acc_1_3', fir_mmio.cpp:25) [77]  (7.26 ns)

 <State 21>: 7.26ns
The critical path consists of the following:
	'fadd' operation ('acc_1_3', fir_mmio.cpp:25) [77]  (7.26 ns)

 <State 22>: 7.26ns
The critical path consists of the following:
	'fadd' operation ('acc_1_3', fir_mmio.cpp:25) [77]  (7.26 ns)

 <State 23>: 7.26ns
The critical path consists of the following:
	'fadd' operation ('acc_1_3', fir_mmio.cpp:25) [77]  (7.26 ns)

 <State 24>: 7.26ns
The critical path consists of the following:
	'fadd' operation ('acc_1_3', fir_mmio.cpp:25) [77]  (7.26 ns)

 <State 25>: 7.26ns
The critical path consists of the following:
	'fadd' operation ('acc_1_4', fir_mmio.cpp:25) [79]  (7.26 ns)

 <State 26>: 7.26ns
The critical path consists of the following:
	'fadd' operation ('acc_1_4', fir_mmio.cpp:25) [79]  (7.26 ns)

 <State 27>: 7.26ns
The critical path consists of the following:
	'fadd' operation ('acc_1_4', fir_mmio.cpp:25) [79]  (7.26 ns)

 <State 28>: 7.26ns
The critical path consists of the following:
	'fadd' operation ('acc_1_4', fir_mmio.cpp:25) [79]  (7.26 ns)

 <State 29>: 7.26ns
The critical path consists of the following:
	'fadd' operation ('acc_1_4', fir_mmio.cpp:25) [79]  (7.26 ns)

 <State 30>: 7.26ns
The critical path consists of the following:
	'fadd' operation ('acc_1_5', fir_mmio.cpp:25) [81]  (7.26 ns)

 <State 31>: 7.26ns
The critical path consists of the following:
	'fadd' operation ('acc_1_5', fir_mmio.cpp:25) [81]  (7.26 ns)

 <State 32>: 7.26ns
The critical path consists of the following:
	'fadd' operation ('acc_1_5', fir_mmio.cpp:25) [81]  (7.26 ns)

 <State 33>: 7.26ns
The critical path consists of the following:
	'fadd' operation ('acc_1_5', fir_mmio.cpp:25) [81]  (7.26 ns)

 <State 34>: 7.26ns
The critical path consists of the following:
	'fadd' operation ('acc_1_5', fir_mmio.cpp:25) [81]  (7.26 ns)

 <State 35>: 7.26ns
The critical path consists of the following:
	'fadd' operation ('acc_1_6', fir_mmio.cpp:25) [83]  (7.26 ns)

 <State 36>: 7.26ns
The critical path consists of the following:
	'fadd' operation ('acc_1_6', fir_mmio.cpp:25) [83]  (7.26 ns)

 <State 37>: 7.26ns
The critical path consists of the following:
	'fadd' operation ('acc_1_6', fir_mmio.cpp:25) [83]  (7.26 ns)

 <State 38>: 7.26ns
The critical path consists of the following:
	'fadd' operation ('acc_1_6', fir_mmio.cpp:25) [83]  (7.26 ns)

 <State 39>: 7.26ns
The critical path consists of the following:
	'fadd' operation ('acc_1_6', fir_mmio.cpp:25) [83]  (7.26 ns)

 <State 40>: 7.26ns
The critical path consists of the following:
	'fadd' operation ('acc_1_7', fir_mmio.cpp:25) [85]  (7.26 ns)

 <State 41>: 7.26ns
The critical path consists of the following:
	'fadd' operation ('acc_1_7', fir_mmio.cpp:25) [85]  (7.26 ns)

 <State 42>: 7.26ns
The critical path consists of the following:
	'fadd' operation ('acc_1_7', fir_mmio.cpp:25) [85]  (7.26 ns)

 <State 43>: 7.26ns
The critical path consists of the following:
	'fadd' operation ('acc_1_7', fir_mmio.cpp:25) [85]  (7.26 ns)

 <State 44>: 7.26ns
The critical path consists of the following:
	'fadd' operation ('acc_1_7', fir_mmio.cpp:25) [85]  (7.26 ns)

 <State 45>: 7.26ns
The critical path consists of the following:
	'fadd' operation ('acc_1_8', fir_mmio.cpp:25) [87]  (7.26 ns)

 <State 46>: 7.26ns
The critical path consists of the following:
	'fadd' operation ('acc_1_8', fir_mmio.cpp:25) [87]  (7.26 ns)

 <State 47>: 7.26ns
The critical path consists of the following:
	'fadd' operation ('acc_1_8', fir_mmio.cpp:25) [87]  (7.26 ns)

 <State 48>: 7.26ns
The critical path consists of the following:
	'fadd' operation ('acc_1_8', fir_mmio.cpp:25) [87]  (7.26 ns)

 <State 49>: 7.26ns
The critical path consists of the following:
	'fadd' operation ('acc_1_8', fir_mmio.cpp:25) [87]  (7.26 ns)

 <State 50>: 7.26ns
The critical path consists of the following:
	'fadd' operation ('acc_1_9', fir_mmio.cpp:25) [89]  (7.26 ns)

 <State 51>: 7.26ns
The critical path consists of the following:
	'fadd' operation ('acc_1_9', fir_mmio.cpp:25) [89]  (7.26 ns)

 <State 52>: 7.26ns
The critical path consists of the following:
	'fadd' operation ('acc_1_9', fir_mmio.cpp:25) [89]  (7.26 ns)

 <State 53>: 7.26ns
The critical path consists of the following:
	'fadd' operation ('acc_1_9', fir_mmio.cpp:25) [89]  (7.26 ns)

 <State 54>: 7.26ns
The critical path consists of the following:
	'fadd' operation ('acc_1_9', fir_mmio.cpp:25) [89]  (7.26 ns)

 <State 55>: 7.26ns
The critical path consists of the following:
	'fadd' operation ('acc_1_s', fir_mmio.cpp:25) [91]  (7.26 ns)

 <State 56>: 7.26ns
The critical path consists of the following:
	'fadd' operation ('acc_1_s', fir_mmio.cpp:25) [91]  (7.26 ns)

 <State 57>: 7.26ns
The critical path consists of the following:
	'fadd' operation ('acc_1_s', fir_mmio.cpp:25) [91]  (7.26 ns)

 <State 58>: 7.26ns
The critical path consists of the following:
	'fadd' operation ('acc_1_s', fir_mmio.cpp:25) [91]  (7.26 ns)

 <State 59>: 7.26ns
The critical path consists of the following:
	'fadd' operation ('acc_1_s', fir_mmio.cpp:25) [91]  (7.26 ns)

 <State 60>: 7.26ns
The critical path consists of the following:
	'fadd' operation ('acc_1_10', fir_mmio.cpp:25) [93]  (7.26 ns)

 <State 61>: 7.26ns
The critical path consists of the following:
	'fadd' operation ('acc_1_10', fir_mmio.cpp:25) [93]  (7.26 ns)

 <State 62>: 7.26ns
The critical path consists of the following:
	'fadd' operation ('acc_1_10', fir_mmio.cpp:25) [93]  (7.26 ns)

 <State 63>: 7.26ns
The critical path consists of the following:
	'fadd' operation ('acc_1_10', fir_mmio.cpp:25) [93]  (7.26 ns)

 <State 64>: 7.26ns
The critical path consists of the following:
	'fadd' operation ('acc_1_10', fir_mmio.cpp:25) [93]  (7.26 ns)

 <State 65>: 7.26ns
The critical path consists of the following:
	'fadd' operation ('acc_1_11', fir_mmio.cpp:25) [95]  (7.26 ns)

 <State 66>: 7.26ns
The critical path consists of the following:
	'fadd' operation ('acc_1_11', fir_mmio.cpp:25) [95]  (7.26 ns)

 <State 67>: 7.26ns
The critical path consists of the following:
	'fadd' operation ('acc_1_11', fir_mmio.cpp:25) [95]  (7.26 ns)

 <State 68>: 7.26ns
The critical path consists of the following:
	'fadd' operation ('acc_1_11', fir_mmio.cpp:25) [95]  (7.26 ns)

 <State 69>: 7.26ns
The critical path consists of the following:
	'fadd' operation ('acc_1_11', fir_mmio.cpp:25) [95]  (7.26 ns)

 <State 70>: 7.26ns
The critical path consists of the following:
	'fadd' operation ('acc_1_12', fir_mmio.cpp:25) [97]  (7.26 ns)

 <State 71>: 7.26ns
The critical path consists of the following:
	'fadd' operation ('acc_1_12', fir_mmio.cpp:25) [97]  (7.26 ns)

 <State 72>: 7.26ns
The critical path consists of the following:
	'fadd' operation ('acc_1_12', fir_mmio.cpp:25) [97]  (7.26 ns)

 <State 73>: 7.26ns
The critical path consists of the following:
	'fadd' operation ('acc_1_12', fir_mmio.cpp:25) [97]  (7.26 ns)

 <State 74>: 7.26ns
The critical path consists of the following:
	'fadd' operation ('acc_1_12', fir_mmio.cpp:25) [97]  (7.26 ns)

 <State 75>: 7.26ns
The critical path consists of the following:
	'fadd' operation ('acc_1_13', fir_mmio.cpp:25) [99]  (7.26 ns)

 <State 76>: 7.26ns
The critical path consists of the following:
	'fadd' operation ('acc_1_13', fir_mmio.cpp:25) [99]  (7.26 ns)

 <State 77>: 7.26ns
The critical path consists of the following:
	'fadd' operation ('acc_1_13', fir_mmio.cpp:25) [99]  (7.26 ns)

 <State 78>: 7.26ns
The critical path consists of the following:
	'fadd' operation ('acc_1_13', fir_mmio.cpp:25) [99]  (7.26 ns)

 <State 79>: 7.26ns
The critical path consists of the following:
	'fadd' operation ('acc_1_13', fir_mmio.cpp:25) [99]  (7.26 ns)

 <State 80>: 7.26ns
The critical path consists of the following:
	'fadd' operation ('acc_1_14', fir_mmio.cpp:25) [101]  (7.26 ns)

 <State 81>: 7.26ns
The critical path consists of the following:
	'fadd' operation ('acc_1_14', fir_mmio.cpp:25) [101]  (7.26 ns)

 <State 82>: 7.26ns
The critical path consists of the following:
	'fadd' operation ('acc_1_14', fir_mmio.cpp:25) [101]  (7.26 ns)

 <State 83>: 7.26ns
The critical path consists of the following:
	'fadd' operation ('acc_1_14', fir_mmio.cpp:25) [101]  (7.26 ns)

 <State 84>: 7.26ns
The critical path consists of the following:
	'fadd' operation ('acc_1_14', fir_mmio.cpp:25) [101]  (7.26 ns)

 <State 85>: 7.26ns
The critical path consists of the following:
	'fadd' operation ('acc_1_15', fir_mmio.cpp:25) [103]  (7.26 ns)

 <State 86>: 7.26ns
The critical path consists of the following:
	'fadd' operation ('acc_1_15', fir_mmio.cpp:25) [103]  (7.26 ns)

 <State 87>: 7.26ns
The critical path consists of the following:
	'fadd' operation ('acc_1_15', fir_mmio.cpp:25) [103]  (7.26 ns)

 <State 88>: 7.26ns
The critical path consists of the following:
	'fadd' operation ('acc_1_15', fir_mmio.cpp:25) [103]  (7.26 ns)

 <State 89>: 7.26ns
The critical path consists of the following:
	'fadd' operation ('acc_1_15', fir_mmio.cpp:25) [103]  (7.26 ns)

 <State 90>: 7.26ns
The critical path consists of the following:
	'fadd' operation ('acc_1_16', fir_mmio.cpp:25) [105]  (7.26 ns)

 <State 91>: 7.26ns
The critical path consists of the following:
	'fadd' operation ('acc_1_16', fir_mmio.cpp:25) [105]  (7.26 ns)

 <State 92>: 7.26ns
The critical path consists of the following:
	'fadd' operation ('acc_1_16', fir_mmio.cpp:25) [105]  (7.26 ns)

 <State 93>: 7.26ns
The critical path consists of the following:
	'fadd' operation ('acc_1_16', fir_mmio.cpp:25) [105]  (7.26 ns)

 <State 94>: 7.26ns
The critical path consists of the following:
	'fadd' operation ('acc_1_16', fir_mmio.cpp:25) [105]  (7.26 ns)

 <State 95>: 7.26ns
The critical path consists of the following:
	'fadd' operation ('acc_1_17', fir_mmio.cpp:25) [107]  (7.26 ns)

 <State 96>: 7.26ns
The critical path consists of the following:
	'fadd' operation ('acc_1_17', fir_mmio.cpp:25) [107]  (7.26 ns)

 <State 97>: 7.26ns
The critical path consists of the following:
	'fadd' operation ('acc_1_17', fir_mmio.cpp:25) [107]  (7.26 ns)

 <State 98>: 7.26ns
The critical path consists of the following:
	'fadd' operation ('acc_1_17', fir_mmio.cpp:25) [107]  (7.26 ns)

 <State 99>: 7.26ns
The critical path consists of the following:
	'fadd' operation ('acc_1_17', fir_mmio.cpp:25) [107]  (7.26 ns)

 <State 100>: 7.26ns
The critical path consists of the following:
	'fadd' operation ('acc_1_18', fir_mmio.cpp:25) [109]  (7.26 ns)

 <State 101>: 7.26ns
The critical path consists of the following:
	'fadd' operation ('acc_1_18', fir_mmio.cpp:25) [109]  (7.26 ns)

 <State 102>: 7.26ns
The critical path consists of the following:
	'fadd' operation ('acc_1_18', fir_mmio.cpp:25) [109]  (7.26 ns)

 <State 103>: 7.26ns
The critical path consists of the following:
	'fadd' operation ('acc_1_18', fir_mmio.cpp:25) [109]  (7.26 ns)

 <State 104>: 7.26ns
The critical path consists of the following:
	'fadd' operation ('acc_1_18', fir_mmio.cpp:25) [109]  (7.26 ns)

 <State 105>: 7.26ns
The critical path consists of the following:
	'fadd' operation ('acc_1_19', fir_mmio.cpp:25) [111]  (7.26 ns)

 <State 106>: 7.26ns
The critical path consists of the following:
	'fadd' operation ('acc_1_19', fir_mmio.cpp:25) [111]  (7.26 ns)

 <State 107>: 7.26ns
The critical path consists of the following:
	'fadd' operation ('acc_1_19', fir_mmio.cpp:25) [111]  (7.26 ns)

 <State 108>: 7.26ns
The critical path consists of the following:
	'fadd' operation ('acc_1_19', fir_mmio.cpp:25) [111]  (7.26 ns)

 <State 109>: 7.26ns
The critical path consists of the following:
	'fadd' operation ('acc_1_19', fir_mmio.cpp:25) [111]  (7.26 ns)


============================================================
+ Verbose Summary: Binding
============================================================
N/A
* FSMD analyzer results:
  - Output states:
 - Input state : 
  - Chain level:
	State 1
	State 2
	State 3
	State 4
	State 5
	State 6
	State 7
	State 8
	State 9
	State 10
	State 11
	State 12
	State 13
	State 14
	State 15
	State 16
	State 17
	State 18
	State 19
	State 20
	State 21
	State 22
	State 23
	State 24
	State 25
	State 26
	State 27
	State 28
	State 29
	State 30
	State 31
	State 32
	State 33
	State 34
	State 35
	State 36
	State 37
	State 38
	State 39
	State 40
	State 41
	State 42
	State 43
	State 44
	State 45
	State 46
	State 47
	State 48
	State 49
	State 50
	State 51
	State 52
	State 53
	State 54
	State 55
	State 56
	State 57
	State 58
	State 59
	State 60
	State 61
	State 62
	State 63
	State 64
	State 65
	State 66
	State 67
	State 68
	State 69
	State 70
	State 71
	State 72
	State 73
	State 74
	State 75
	State 76
	State 77
	State 78
	State 79
	State 80
	State 81
	State 82
	State 83
	State 84
	State 85
	State 86
	State 87
	State 88
	State 89
	State 90
	State 91
	State 92
	State 93
	State 94
	State 95
	State 96
	State 97
	State 98
	State 99
	State 100
	State 101
	State 102
	State 103
	State 104
	State 105
	State 106
	State 107
	State 108
	State 109


============================================================
+ Verbose Summary: Datapath Resource usage 
============================================================
N/A
