

================================================================
== Synthesis Summary Report of 'fir_mmio'
================================================================
+ General Information: 
    * Date:           Thu Apr 23 11:15:46 2026
    * Version:        2021.1 (Build 3247384 on Thu Jun 10 19:36:07 MDT 2021)
    * Project:        lab5
    * Solution:       solution1 (Vivado IP Flow Target)
    * Product family: zynq
    * Target device:  xc7z020-clg400-1
    

+ Performance & Resource Estimates: 
    
    PS: '+' for module; 'o' for loop; '*' for dataflow
    +------------+------+------+---------+-----------+----------+---------+------+----------+------+-----------+-------------+-------------+-----+
    |   Modules  | Issue|      | Latency |  Latency  | Iteration|         | Trip |          |      |           |             |             |     |
    |   & Loops  | Type | Slack| (cycles)|    (ns)   |  Latency | Interval| Count| Pipelined| BRAM |    DSP    |      FF     |     LUT     | URAM|
    +------------+------+------+---------+-----------+----------+---------+------+----------+------+-----------+-------------+-------------+-----+
    |+ fir_mmio  |     -|  1.49|      108|  1.080e+03|         -|        1|     -|       yes|     -|  105 (47%)|  11203 (10%)|  15677 (29%)|    -|
    +------------+------+------+---------+-----------+----------+---------+------+----------+------+-----------+-------------+-------------+-----+


================================================================
== HW Interfaces
================================================================
* S_AXILITE
+---------------+------------+---------------+--------+----------+
| Interface     | Data Width | Address Width | Offset | Register |
+---------------+------------+---------------+--------+----------+
| s_axi_control | 32         | 5             | 24     | 0        |
+---------------+------------+---------------+--------+----------+

* TOP LEVEL CONTROL
+-----------+------------+-----------+
| Interface | Type       | Ports     |
+-----------+------------+-----------+
| ap_clk    | clock      | ap_clk    |
| ap_rst_n  | reset      | ap_rst_n  |
| interrupt | interrupt  | interrupt |
| ap_ctrl   | ap_ctrl_hs |           |
+-----------+------------+-----------+


================================================================
== SW I/O Information
================================================================
* Top Function Arguments
+----------+-----------+----------+
| Argument | Direction | Datatype |
+----------+-----------+----------+
| x_in     | in        | float    |
| return   | out       | float    |
+----------+-----------+----------+

* SW-to-HW Mapping
+----------+-------------------------+----------+-----------------------+
| Argument | HW Name                 | HW Type  | HW Info               |
+----------+-------------------------+----------+-----------------------+
| x_in     | s_axi_control x_in      | register | offset=0x18, range=32 |
| return   | s_axi_control ap_return | register | offset=0x10, range=32 |
+----------+-------------------------+----------+-----------------------+


================================================================
== M_AXI Burst Information
================================================================

