

================================================================
== Vitis HLS Report for 'fir_mmio'
================================================================
* Date:           Thu Apr 23 11:15:45 2026

* Version:        2021.1 (Build 3247384 on Thu Jun 10 19:36:07 MDT 2021)
* Project:        lab5
* Solution:       solution1 (Vivado IP Flow Target)
* Product family: zynq
* Target device:  xc7z020-clg400-1


================================================================
== Performance Estimates
================================================================
+ Timing: 
    * Summary: 
    +--------+----------+----------+------------+
    |  Clock |  Target  | Estimated| Uncertainty|
    +--------+----------+----------+------------+
    |ap_clk  |  10.00 ns|  7.256 ns|     1.25 ns|
    +--------+----------+----------+------------+

+ Latency: 
    * Summary: 
    +---------+---------+----------+----------+-----+-----+---------+
    |  Latency (cycles) |  Latency (absolute) |  Interval | Pipeline|
    |   min   |   max   |    min   |    max   | min | max |   Type  |
    +---------+---------+----------+----------+-----+-----+---------+
    |      108|      108|  1.080 us|  1.080 us|    1|    1|      yes|
    +---------+---------+----------+----------+-----+-----+---------+

    + Detail: 
        * Instance: 
        N/A

        * Loop: 
        N/A



================================================================
== Utilization Estimates
================================================================
* Summary: 
+-----------------+---------+-----+--------+-------+-----+
|       Name      | BRAM_18K| DSP |   FF   |  LUT  | URAM|
+-----------------+---------+-----+--------+-------+-----+
|DSP              |        -|    -|       -|      -|    -|
|Expression       |        -|    -|       0|      2|    -|
|FIFO             |        -|    -|       -|      -|    -|
|Instance         |        0|  105|    7414|  15099|    -|
|Memory           |        -|    -|       -|      -|    -|
|Multiplexer      |        -|    -|       -|      -|    -|
|Register         |        -|    -|    3789|    576|    -|
+-----------------+---------+-----+--------+-------+-----+
|Total            |        0|  105|   11203|  15677|    0|
+-----------------+---------+-----+--------+-------+-----+
|Available        |      280|  220|  106400|  53200|    0|
+-----------------+---------+-----+--------+-------+-----+
|Utilization (%)  |        0|   47|      10|     29|    0|
+-----------------+---------+-----+--------+-------+-----+

+ Detail: 
    * Instance: 
    +------------------------------------+--------------------------------+---------+----+-----+-----+-----+
    |              Instance              |             Module             | BRAM_18K| DSP|  FF | LUT | URAM|
    +------------------------------------+--------------------------------+---------+----+-----+-----+-----+
    |control_s_axi_U                     |control_s_axi                   |        0|   0|  106|  168|    0|
    |fadd_32ns_32ns_32_5_full_dsp_1_U1   |fadd_32ns_32ns_32_5_full_dsp_1  |        0|   2|  205|  390|    0|
    |fadd_32ns_32ns_32_5_full_dsp_1_U2   |fadd_32ns_32ns_32_5_full_dsp_1  |        0|   2|  205|  390|    0|
    |fadd_32ns_32ns_32_5_full_dsp_1_U3   |fadd_32ns_32ns_32_5_full_dsp_1  |        0|   2|  205|  390|    0|
    |fadd_32ns_32ns_32_5_full_dsp_1_U4   |fadd_32ns_32ns_32_5_full_dsp_1  |        0|   2|  205|  390|    0|
    |fadd_32ns_32ns_32_5_full_dsp_1_U5   |fadd_32ns_32ns_32_5_full_dsp_1  |        0|   2|  205|  390|    0|
    |fadd_32ns_32ns_32_5_full_dsp_1_U6   |fadd_32ns_32ns_32_5_full_dsp_1  |        0|   2|  205|  390|    0|
    |fadd_32ns_32ns_32_5_full_dsp_1_U7   |fadd_32ns_32ns_32_5_full_dsp_1  |        0|   2|  205|  390|    0|
    |fadd_32ns_32ns_32_5_full_dsp_1_U8   |fadd_32ns_32ns_32_5_full_dsp_1  |        0|   2|  205|  390|    0|
    |fadd_32ns_32ns_32_5_full_dsp_1_U9   |fadd_32ns_32ns_32_5_full_dsp_1  |        0|   2|  205|  390|    0|
    |fadd_32ns_32ns_32_5_full_dsp_1_U10  |fadd_32ns_32ns_32_5_full_dsp_1  |        0|   2|  205|  390|    0|
    |fadd_32ns_32ns_32_5_full_dsp_1_U11  |fadd_32ns_32ns_32_5_full_dsp_1  |        0|   2|  205|  390|    0|
    |fadd_32ns_32ns_32_5_full_dsp_1_U12  |fadd_32ns_32ns_32_5_full_dsp_1  |        0|   2|  205|  390|    0|
    |fadd_32ns_32ns_32_5_full_dsp_1_U13  |fadd_32ns_32ns_32_5_full_dsp_1  |        0|   2|  205|  390|    0|
    |fadd_32ns_32ns_32_5_full_dsp_1_U14  |fadd_32ns_32ns_32_5_full_dsp_1  |        0|   2|  205|  390|    0|
    |fadd_32ns_32ns_32_5_full_dsp_1_U15  |fadd_32ns_32ns_32_5_full_dsp_1  |        0|   2|  205|  390|    0|
    |fadd_32ns_32ns_32_5_full_dsp_1_U16  |fadd_32ns_32ns_32_5_full_dsp_1  |        0|   2|  205|  390|    0|
    |fadd_32ns_32ns_32_5_full_dsp_1_U17  |fadd_32ns_32ns_32_5_full_dsp_1  |        0|   2|  205|  390|    0|
    |fadd_32ns_32ns_32_5_full_dsp_1_U18  |fadd_32ns_32ns_32_5_full_dsp_1  |        0|   2|  205|  390|    0|
    |fadd_32ns_32ns_32_5_full_dsp_1_U19  |fadd_32ns_32ns_32_5_full_dsp_1  |        0|   2|  205|  390|    0|
    |fadd_32ns_32ns_32_5_full_dsp_1_U20  |fadd_32ns_32ns_32_5_full_dsp_1  |        0|   2|  205|  390|    0|
    |fadd_32ns_32ns_32_5_full_dsp_1_U21  |fadd_32ns_32ns_32_5_full_dsp_1  |        0|   2|  205|  390|    0|
    |fmul_32ns_32ns_32_4_max_dsp_1_U22   |fmul_32ns_32ns_32_4_max_dsp_1   |        0|   3|  143|  321|    0|
    |fmul_32ns_32ns_32_4_max_dsp_1_U23   |fmul_32ns_32ns_32_4_max_dsp_1   |        0|   3|  143|  321|    0|
    |fmul_32ns_32ns_32_4_max_dsp_1_U24   |fmul_32ns_32ns_32_4_max_dsp_1   |        0|   3|  143|  321|    0|
    |fmul_32ns_32ns_32_4_max_dsp_1_U25   |fmul_32ns_32ns_32_4_max_dsp_1   |        0|   3|  143|  321|    0|
    |fmul_32ns_32ns_32_4_max_dsp_1_U26   |fmul_32ns_32ns_32_4_max_dsp_1   |        0|   3|  143|  321|    0|
    |fmul_32ns_32ns_32_4_max_dsp_1_U27   |fmul_32ns_32ns_32_4_max_dsp_1   |        0|   3|  143|  321|    0|
    |fmul_32ns_32ns_32_4_max_dsp_1_U28   |fmul_32ns_32ns_32_4_max_dsp_1   |        0|   3|  143|  321|    0|
    |fmul_32ns_32ns_32_4_max_dsp_1_U29   |fmul_32ns_32ns_32_4_max_dsp_1   |        0|   3|  143|  321|    0|
    |fmul_32ns_32ns_32_4_max_dsp_1_U30   |fmul_32ns_32ns_32_4_max_dsp_1   |        0|   3|  143|  321|    0|
    |fmul_32ns_32ns_32_4_max_dsp_1_U31   |fmul_32ns_32ns_32_4_max_dsp_1   |        0|   3|  143|  321|    0|
    |fmul_32ns_32ns_32_4_max_dsp_1_U32   |fmul_32ns_32ns_32_4_max_dsp_1   |        0|   3|  143|  321|    0|
    |fmul_32ns_32ns_32_4_max_dsp_1_U33   |fmul_32ns_32ns_32_4_max_dsp_1   |        0|   3|  143|  321|    0|
    |fmul_32ns_32ns_32_4_max_dsp_1_U34   |fmul_32ns_32ns_32_4_max_dsp_1   |        0|   3|  143|  321|    0|
    |fmul_32ns_32ns_32_4_max_dsp_1_U35   |fmul_32ns_32ns_32_4_max_dsp_1   |        0|   3|  143|  321|    0|
    |fmul_32ns_32ns_32_4_max_dsp_1_U36   |fmul_32ns_32ns_32_4_max_dsp_1   |        0|   3|  143|  321|    0|
    |fmul_32ns_32ns_32_4_max_dsp_1_U37   |fmul_32ns_32ns_32_4_max_dsp_1   |        0|   3|  143|  321|    0|
    |fmul_32ns_32ns_32_4_max_dsp_1_U38   |fmul_32ns_32ns_32_4_max_dsp_1   |        0|   3|  143|  321|    0|
    |fmul_32ns_32ns_32_4_max_dsp_1_U39   |fmul_32ns_32ns_32_4_max_dsp_1   |        0|   3|  143|  321|    0|
    |fmul_32ns_32ns_32_4_max_dsp_1_U40   |fmul_32ns_32ns_32_4_max_dsp_1   |        0|   3|  143|  321|    0|
    |fmul_32ns_32ns_32_4_max_dsp_1_U41   |fmul_32ns_32ns_32_4_max_dsp_1   |        0|   3|  143|  321|    0|
    |fmul_32ns_32ns_32_4_max_dsp_1_U42   |fmul_32ns_32ns_32_4_max_dsp_1   |        0|   3|  143|  321|    0|
    +------------------------------------+--------------------------------+---------+----+-----+-----+-----+
    |Total                               |                                |        0| 105| 7414|15099|    0|
    +------------------------------------+--------------------------------+---------+----+-----+-----+-----+

    * DSP: 
    N/A

    * Memory: 
    N/A

    * FIFO: 
    N/A

    * Expression: 
    +---------------+----------+----+---+----+------------+------------+
    | Variable Name | Operation| DSP| FF| LUT| Bitwidth P0| Bitwidth P1|
    +---------------+----------+----+---+----+------------+------------+
    |ap_enable_pp0  |       xor|   0|  0|   2|           1|           2|
    +---------------+----------+----+---+----+------------+------------+
    |Total          |          |   0|  0|   2|           1|           2|
    +---------------+----------+----+---+----+------------+------------+

    * Multiplexer: 
    N/A

    * Register: 
    +---------------------------+----+----+-----+-----------+
    |            Name           | FF | LUT| Bits| Const Bits|
    +---------------------------+----+----+-----+-----------+
    |acc_1_10_reg_673           |  32|   0|   32|          0|
    |acc_1_11_reg_689           |  32|   0|   32|          0|
    |acc_1_12_reg_705           |  32|   0|   32|          0|
    |acc_1_13_reg_721           |  32|   0|   32|          0|
    |acc_1_14_reg_737           |  32|   0|   32|          0|
    |acc_1_15_reg_753           |  32|   0|   32|          0|
    |acc_1_16_reg_769           |  32|   0|   32|          0|
    |acc_1_17_reg_779           |  32|   0|   32|          0|
    |acc_1_18_reg_794           |  32|   0|   32|          0|
    |acc_1_1_reg_514            |  32|   0|   32|          0|
    |acc_1_2_reg_524            |  32|   0|   32|          0|
    |acc_1_3_reg_545            |  32|   0|   32|          0|
    |acc_1_4_reg_561            |  32|   0|   32|          0|
    |acc_1_5_reg_577            |  32|   0|   32|          0|
    |acc_1_6_reg_593            |  32|   0|   32|          0|
    |acc_1_7_reg_609            |  32|   0|   32|          0|
    |acc_1_8_reg_625            |  32|   0|   32|          0|
    |acc_1_9_reg_641            |  32|   0|   32|          0|
    |acc_1_reg_498              |  32|   0|   32|          0|
    |acc_1_s_reg_657            |  32|   0|   32|          0|
    |ap_CS_fsm                  |   1|   0|    1|          0|
    |ap_enable_reg_pp0_iter1    |   1|   0|    1|          0|
    |ap_enable_reg_pp0_iter10   |   1|   0|    1|          0|
    |ap_enable_reg_pp0_iter100  |   1|   0|    1|          0|
    |ap_enable_reg_pp0_iter101  |   1|   0|    1|          0|
    |ap_enable_reg_pp0_iter102  |   1|   0|    1|          0|
    |ap_enable_reg_pp0_iter103  |   1|   0|    1|          0|
    |ap_enable_reg_pp0_iter104  |   1|   0|    1|          0|
    |ap_enable_reg_pp0_iter105  |   1|   0|    1|          0|
    |ap_enable_reg_pp0_iter106  |   1|   0|    1|          0|
    |ap_enable_reg_pp0_iter107  |   1|   0|    1|          0|
    |ap_enable_reg_pp0_iter108  |   1|   0|    1|          0|
    |ap_enable_reg_pp0_iter11   |   1|   0|    1|          0|
    |ap_enable_reg_pp0_iter12   |   1|   0|    1|          0|
    |ap_enable_reg_pp0_iter13   |   1|   0|    1|          0|
    |ap_enable_reg_pp0_iter14   |   1|   0|    1|          0|
    |ap_enable_reg_pp0_iter15   |   1|   0|    1|          0|
    |ap_enable_reg_pp0_iter16   |   1|   0|    1|          0|
    |ap_enable_reg_pp0_iter17   |   1|   0|    1|          0|
    |ap_enable_reg_pp0_iter18   |   1|   0|    1|          0|
    |ap_enable_reg_pp0_iter19   |   1|   0|    1|          0|
    |ap_enable_reg_pp0_iter2    |   1|   0|    1|          0|
    |ap_enable_reg_pp0_iter20   |   1|   0|    1|          0|
    |ap_enable_reg_pp0_iter21   |   1|   0|    1|          0|
    |ap_enable_reg_pp0_iter22   |   1|   0|    1|          0|
    |ap_enable_reg_pp0_iter23   |   1|   0|    1|          0|
    |ap_enable_reg_pp0_iter24   |   1|   0|    1|          0|
    |ap_enable_reg_pp0_iter25   |   1|   0|    1|          0|
    |ap_enable_reg_pp0_iter26   |   1|   0|    1|          0|
    |ap_enable_reg_pp0_iter27   |   1|   0|    1|          0|
    |ap_enable_reg_pp0_iter28   |   1|   0|    1|          0|
    |ap_enable_reg_pp0_iter29   |   1|   0|    1|          0|
    |ap_enable_reg_pp0_iter3    |   1|   0|    1|          0|
    |ap_enable_reg_pp0_iter30   |   1|   0|    1|          0|
    |ap_enable_reg_pp0_iter31   |   1|   0|    1|          0|
    |ap_enable_reg_pp0_iter32   |   1|   0|    1|          0|
    |ap_enable_reg_pp0_iter33   |   1|   0|    1|          0|
    |ap_enable_reg_pp0_iter34   |   1|   0|    1|          0|
    |ap_enable_reg_pp0_iter35   |   1|   0|    1|          0|
    |ap_enable_reg_pp0_iter36   |   1|   0|    1|          0|
    |ap_enable_reg_pp0_iter37   |   1|   0|    1|          0|
    |ap_enable_reg_pp0_iter38   |   1|   0|    1|          0|
    |ap_enable_reg_pp0_iter39   |   1|   0|    1|          0|
    |ap_enable_reg_pp0_iter4    |   1|   0|    1|          0|
    |ap_enable_reg_pp0_iter40   |   1|   0|    1|          0|
    |ap_enable_reg_pp0_iter41   |   1|   0|    1|          0|
    |ap_enable_reg_pp0_iter42   |   1|   0|    1|          0|
    |ap_enable_reg_pp0_iter43   |   1|   0|    1|          0|
    |ap_enable_reg_pp0_iter44   |   1|   0|    1|          0|
    |ap_enable_reg_pp0_iter45   |   1|   0|    1|          0|
    |ap_enable_reg_pp0_iter46   |   1|   0|    1|          0|
    |ap_enable_reg_pp0_iter47   |   1|   0|    1|          0|
    |ap_enable_reg_pp0_iter48   |   1|   0|    1|          0|
    |ap_enable_reg_pp0_iter49   |   1|   0|    1|          0|
    |ap_enable_reg_pp0_iter5    |   1|   0|    1|          0|
    |ap_enable_reg_pp0_iter50   |   1|   0|    1|          0|
    |ap_enable_reg_pp0_iter51   |   1|   0|    1|          0|
    |ap_enable_reg_pp0_iter52   |   1|   0|    1|          0|
    |ap_enable_reg_pp0_iter53   |   1|   0|    1|          0|
    |ap_enable_reg_pp0_iter54   |   1|   0|    1|          0|
    |ap_enable_reg_pp0_iter55   |   1|   0|    1|          0|
    |ap_enable_reg_pp0_iter56   |   1|   0|    1|          0|
    |ap_enable_reg_pp0_iter57   |   1|   0|    1|          0|
    |ap_enable_reg_pp0_iter58   |   1|   0|    1|          0|
    |ap_enable_reg_pp0_iter59   |   1|   0|    1|          0|
    |ap_enable_reg_pp0_iter6    |   1|   0|    1|          0|
    |ap_enable_reg_pp0_iter60   |   1|   0|    1|          0|
    |ap_enable_reg_pp0_iter61   |   1|   0|    1|          0|
    |ap_enable_reg_pp0_iter62   |   1|   0|    1|          0|
    |ap_enable_reg_pp0_iter63   |   1|   0|    1|          0|
    |ap_enable_reg_pp0_iter64   |   1|   0|    1|          0|
    |ap_enable_reg_pp0_iter65   |   1|   0|    1|          0|
    |ap_enable_reg_pp0_iter66   |   1|   0|    1|          0|
    |ap_enable_reg_pp0_iter67   |   1|   0|    1|          0|
    |ap_enable_reg_pp0_iter68   |   1|   0|    1|          0|
    |ap_enable_reg_pp0_iter69   |   1|   0|    1|          0|
    |ap_enable_reg_pp0_iter7    |   1|   0|    1|          0|
    |ap_enable_reg_pp0_iter70   |   1|   0|    1|          0|
    |ap_enable_reg_pp0_iter71   |   1|   0|    1|          0|
    |ap_enable_reg_pp0_iter72   |   1|   0|    1|          0|
    |ap_enable_reg_pp0_iter73   |   1|   0|    1|          0|
    |ap_enable_reg_pp0_iter74   |   1|   0|    1|          0|
    |ap_enable_reg_pp0_iter75   |   1|   0|    1|          0|
    |ap_enable_reg_pp0_iter76   |   1|   0|    1|          0|
    |ap_enable_reg_pp0_iter77   |   1|   0|    1|          0|
    |ap_enable_reg_pp0_iter78   |   1|   0|    1|          0|
    |ap_enable_reg_pp0_iter79   |   1|   0|    1|          0|
    |ap_enable_reg_pp0_iter8    |   1|   0|    1|          0|
    |ap_enable_reg_pp0_iter80   |   1|   0|    1|          0|
    |ap_enable_reg_pp0_iter81   |   1|   0|    1|          0|
    |ap_enable_reg_pp0_iter82   |   1|   0|    1|          0|
    |ap_enable_reg_pp0_iter83   |   1|   0|    1|          0|
    |ap_enable_reg_pp0_iter84   |   1|   0|    1|          0|
    |ap_enable_reg_pp0_iter85   |   1|   0|    1|          0|
    |ap_enable_reg_pp0_iter86   |   1|   0|    1|          0|
    |ap_enable_reg_pp0_iter87   |   1|   0|    1|          0|
    |ap_enable_reg_pp0_iter88   |   1|   0|    1|          0|
    |ap_enable_reg_pp0_iter89   |   1|   0|    1|          0|
    |ap_enable_reg_pp0_iter9    |   1|   0|    1|          0|
    |ap_enable_reg_pp0_iter90   |   1|   0|    1|          0|
    |ap_enable_reg_pp0_iter91   |   1|   0|    1|          0|
    |ap_enable_reg_pp0_iter92   |   1|   0|    1|          0|
    |ap_enable_reg_pp0_iter93   |   1|   0|    1|          0|
    |ap_enable_reg_pp0_iter94   |   1|   0|    1|          0|
    |ap_enable_reg_pp0_iter95   |   1|   0|    1|          0|
    |ap_enable_reg_pp0_iter96   |   1|   0|    1|          0|
    |ap_enable_reg_pp0_iter97   |   1|   0|    1|          0|
    |ap_enable_reg_pp0_iter98   |   1|   0|    1|          0|
    |ap_enable_reg_pp0_iter99   |   1|   0|    1|          0|
    |mul_10_reg_662             |  32|   0|   32|          0|
    |mul_11_reg_678             |  32|   0|   32|          0|
    |mul_12_reg_694             |  32|   0|   32|          0|
    |mul_13_reg_710             |  32|   0|   32|          0|
    |mul_14_reg_726             |  32|   0|   32|          0|
    |mul_15_reg_742             |  32|   0|   32|          0|
    |mul_16_reg_758             |  32|   0|   32|          0|
    |mul_17_reg_774             |  32|   0|   32|          0|
    |mul_18_reg_784             |  32|   0|   32|          0|
    |mul_19_reg_799             |  32|   0|   32|          0|
    |mul_1_reg_503              |  32|   0|   32|          0|
    |mul_2_reg_519              |  32|   0|   32|          0|
    |mul_3_reg_529              |  32|   0|   32|          0|
    |mul_4_reg_550              |  32|   0|   32|          0|
    |mul_5_reg_566              |  32|   0|   32|          0|
    |mul_6_reg_582              |  32|   0|   32|          0|
    |mul_7_reg_598              |  32|   0|   32|          0|
    |mul_8_reg_614              |  32|   0|   32|          0|
    |mul_9_reg_630              |  32|   0|   32|          0|
    |mul_reg_482                |  32|   0|   32|          0|
    |mul_s_reg_646              |  32|   0|   32|          0|
    |shift_reg_0                |  32|   0|   32|          0|
    |shift_reg_1                |  32|   0|   32|          0|
    |shift_reg_10               |  32|   0|   32|          0|
    |shift_reg_10_load_reg_635  |  32|   0|   32|          0|
    |shift_reg_11               |  32|   0|   32|          0|
    |shift_reg_11_load_reg_651  |  32|   0|   32|          0|
    |shift_reg_12               |  32|   0|   32|          0|
    |shift_reg_12_load_reg_667  |  32|   0|   32|          0|
    |shift_reg_13               |  32|   0|   32|          0|
    |shift_reg_13_load_reg_683  |  32|   0|   32|          0|
    |shift_reg_14               |  32|   0|   32|          0|
    |shift_reg_14_load_reg_699  |  32|   0|   32|          0|
    |shift_reg_15               |  32|   0|   32|          0|
    |shift_reg_15_load_reg_715  |  32|   0|   32|          0|
    |shift_reg_16               |  32|   0|   32|          0|
    |shift_reg_16_load_reg_731  |  32|   0|   32|          0|
    |shift_reg_17               |  32|   0|   32|          0|
    |shift_reg_17_load_reg_747  |  32|   0|   32|          0|
    |shift_reg_18               |  32|   0|   32|          0|
    |shift_reg_18_load_reg_763  |  32|   0|   32|          0|
    |shift_reg_19               |  32|   0|   32|          0|
    |shift_reg_1_load_reg_487   |  32|   0|   32|          0|
    |shift_reg_2                |  32|   0|   32|          0|
    |shift_reg_2_load_reg_508   |  32|   0|   32|          0|
    |shift_reg_3                |  32|   0|   32|          0|
    |shift_reg_4                |  32|   0|   32|          0|
    |shift_reg_4_load_reg_534   |  32|   0|   32|          0|
    |shift_reg_5                |  32|   0|   32|          0|
    |shift_reg_5_load_reg_555   |  32|   0|   32|          0|
    |shift_reg_6                |  32|   0|   32|          0|
    |shift_reg_6_load_reg_571   |  32|   0|   32|          0|
    |shift_reg_7                |  32|   0|   32|          0|
    |shift_reg_7_load_reg_587   |  32|   0|   32|          0|
    |shift_reg_8                |  32|   0|   32|          0|
    |shift_reg_8_load_reg_603   |  32|   0|   32|          0|
    |shift_reg_9                |  32|   0|   32|          0|
    |shift_reg_9_load_reg_619   |  32|   0|   32|          0|
    |x_in_read_reg_476          |  32|   0|   32|          0|
    |shift_reg_10_load_reg_635  |  64|  32|   32|          0|
    |shift_reg_11_load_reg_651  |  64|  32|   32|          0|
    |shift_reg_12_load_reg_667  |  64|  32|   32|          0|
    |shift_reg_13_load_reg_683  |  64|  32|   32|          0|
    |shift_reg_14_load_reg_699  |  64|  32|   32|          0|
    |shift_reg_15_load_reg_715  |  64|  32|   32|          0|
    |shift_reg_16_load_reg_731  |  64|  32|   32|          0|
    |shift_reg_17_load_reg_747  |  64|  32|   32|          0|
    |shift_reg_18_load_reg_763  |  64|  32|   32|          0|
    |shift_reg_1_load_reg_487   |  64|  32|   32|          0|
    |shift_reg_2_load_reg_508   |  64|  32|   32|          0|
    |shift_reg_4_load_reg_534   |  64|  32|   32|          0|
    |shift_reg_5_load_reg_555   |  64|  32|   32|          0|
    |shift_reg_6_load_reg_571   |  64|  32|   32|          0|
    |shift_reg_7_load_reg_587   |  64|  32|   32|          0|
    |shift_reg_8_load_reg_603   |  64|  32|   32|          0|
    |shift_reg_9_load_reg_619   |  64|  32|   32|          0|
    |x_in_read_reg_476          |  64|  32|   32|          0|
    +---------------------------+----+----+-----+-----------+
    |Total                      |3789| 576| 3213|          0|
    +---------------------------+----+----+-----+-----------+



================================================================
== Interface
================================================================
* Summary: 
+-----------------------+-----+-----+------------+--------------+--------------+
|       RTL Ports       | Dir | Bits|  Protocol  | Source Object|    C Type    |
+-----------------------+-----+-----+------------+--------------+--------------+
|s_axi_control_AWVALID  |   in|    1|       s_axi|       control|        scalar|
|s_axi_control_AWREADY  |  out|    1|       s_axi|       control|        scalar|
|s_axi_control_AWADDR   |   in|    5|       s_axi|       control|        scalar|
|s_axi_control_WVALID   |   in|    1|       s_axi|       control|        scalar|
|s_axi_control_WREADY   |  out|    1|       s_axi|       control|        scalar|
|s_axi_control_WDATA    |   in|   32|       s_axi|       control|        scalar|
|s_axi_control_WSTRB    |   in|    4|       s_axi|       control|        scalar|
|s_axi_control_ARVALID  |   in|    1|       s_axi|       control|        scalar|
|s_axi_control_ARREADY  |  out|    1|       s_axi|       control|        scalar|
|s_axi_control_ARADDR   |   in|    5|       s_axi|       control|        scalar|
|s_axi_control_RVALID   |  out|    1|       s_axi|       control|        scalar|
|s_axi_control_RREADY   |   in|    1|       s_axi|       control|        scalar|
|s_axi_control_RDATA    |  out|   32|       s_axi|       control|        scalar|
|s_axi_control_RRESP    |  out|    2|       s_axi|       control|        scalar|
|s_axi_control_BVALID   |  out|    1|       s_axi|       control|        scalar|
|s_axi_control_BREADY   |   in|    1|       s_axi|       control|        scalar|
|s_axi_control_BRESP    |  out|    2|       s_axi|       control|        scalar|
|ap_clk                 |   in|    1|  ap_ctrl_hs|      fir_mmio|  return value|
|ap_rst_n               |   in|    1|  ap_ctrl_hs|      fir_mmio|  return value|
|interrupt              |  out|    1|  ap_ctrl_hs|      fir_mmio|  return value|
+-----------------------+-----+-----+------------+--------------+--------------+

