

================================================================
== Synthesis Summary Report of 'matVecMul'
================================================================
+ General Information: 
    * Date:           Fri Jan  1 00:00:15 2021
    * Version:        2021.1 (Build 3247384 on Thu Jun 10 19:36:07 MDT 2021)
    * Project:        matVecMul_stream_prj
    * Solution:       solution_chocolate (Vivado IP Flow Target)
    * Product family: zynq
    * Target device:  xc7z020-clg400-1
    

+ Performance & Resource Estimates: 
    
    PS: '+' for module; 'o' for loop; '*' for dataflow
    +----------------------------------------------------+--------+--------+---------+-----------+----------+---------+------+----------+--------+--------+-----------+-----------+-----+
    |                       Modules                      |  Issue |        | Latency |  Latency  | Iteration|         | Trip |          |        |        |           |           |     |
    |                       & Loops                      |  Type  |  Slack | (cycles)|    (ns)   |  Latency | Interval| Count| Pipelined|  BRAM  |   DSP  |     FF    |    LUT    | URAM|
    +----------------------------------------------------+--------+--------+---------+-----------+----------+---------+------+----------+--------+--------+-----------+-----------+-----+
    |+ matVecMul                                         |  Timing|  -10.85|     3853|  6.994e+04|         -|     3854|     -|        no|  4 (1%)|  4 (1%)|  1765 (1%)|  2510 (4%)|    -|
    | + grp_matVecMul_Pipeline_sample_loop_fu_251        |       -|    2.50|       66|  1.198e+03|         -|       66|     -|        no|       -|       -|   34 (~0%)|   97 (~0%)|    -|
    |  o sample_loop                                     |       -|    7.30|       64|  1.162e+03|         1|        1|    64|       yes|       -|       -|          -|          -|    -|
    | + grp_matVecMul_Pipeline_matmul_inner_loop_fu_278  |  Timing|  -10.85|       24|    435.672|         -|       24|     -|        no|       -|  4 (1%)|  689 (~0%)|  1334 (2%)|    -|
    |  o matmul_inner_loop                               |       -|    7.30|       21|    381.213|         6|        1|    16|       yes|       -|       -|          -|          -|    -|
    | o vector_loop                                      |       -|    7.30|     3852|  6.993e+04|      1926|        -|     2|        no|       -|       -|          -|          -|    -|
    |  o matmul_outer_loop                               |       -|    7.30|     1856|  3.369e+04|        29|        -|    64|        no|       -|       -|          -|          -|    -|
    +----------------------------------------------------+--------+--------+---------+-----------+----------+---------+------+----------+--------+--------+-----------+-----------+-----+


================================================================
== HW Interfaces
================================================================
* S_AXILITE
+---------------+------------+---------------+--------+----------+
| Interface     | Data Width | Address Width | Offset | Register |
+---------------+------------+---------------+--------+----------+
| s_axi_control | 32         | 14            | 2048   | 0        |
+---------------+------------+---------------+--------+----------+

* AXIS
+------------+---------------+-------+-------+-----+-------+-------+--------+-------+-------+--------+
| Interface  | Register Mode | TDATA | TDEST | TID | TKEEP | TLAST | TREADY | TSTRB | TUSER | TVALID |
+------------+---------------+-------+-------+-----+-------+-------+--------+-------+-------+--------+
| in_stream  | both          | 32    | 1     | 1   | 4     | 1     | 1      | 4     | 1     | 1      |
| out_stream | both          | 32    | 1     | 1   | 4     | 1     | 1      | 4     | 1     | 1      |
+------------+---------------+-------+-------+-----+-------+-------+--------+-------+-------+--------+

* TOP LEVEL CONTROL
+-----------+------------+-----------+
| Interface | Type       | Ports     |
+-----------+------------+-----------+
| ap_clk    | clock      | ap_clk    |
| ap_rst_n  | reset      | ap_rst_n  |
| interrupt | interrupt  | interrupt |
| ap_ctrl   | ap_ctrl_hs |           |
+-----------+------------+-----------+


================================================================
== SW I/O Information
================================================================
* Top Function Arguments
+---------------+-----------+--------------------------------------------+
| Argument      | Direction | Datatype                                   |
+---------------+-----------+--------------------------------------------+
| A             | in        | ap_fixed<16, 8, AP_RND, AP_SAT, 0>*        |
| in_stream     | in        | stream<hls::axis<ap_int<32>, 1, 1, 1>, 0>& |
| out_stream    | out       | stream<hls::axis<ap_int<32>, 1, 1, 1>, 0>& |
| no_of_vectors | in        | int                                        |
| row_size      | in        | int                                        |
| col_size      | in        | int                                        |
+---------------+-----------+--------------------------------------------+

* SW-to-HW Mapping
+---------------+-----------------------------+-----------+-----------------------+
| Argument      | HW Name                     | HW Type   | HW Info               |
+---------------+-----------------------------+-----------+-----------------------+
| A             | s_axi_control               | interface |                       |
| A             | s_axi_control               | interface |                       |
| A             | s_axi_control               | interface |                       |
| A             | s_axi_control               | interface |                       |
| in_stream     | in_stream                   | interface |                       |
| out_stream    | out_stream                  | interface |                       |
| no_of_vectors | s_axi_control no_of_vectors | register  | offset=0x10, range=32 |
| row_size      | s_axi_control row_size      | register  | offset=0x18, range=32 |
| col_size      | s_axi_control col_size      | register  | offset=0x20, range=32 |
+---------------+-----------------------------+-----------+-----------------------+


================================================================
== M_AXI Burst Information
================================================================

