

================================================================
== Vitis HLS Report for 'matVecMul_Pipeline_sample_loop'
================================================================
* Date:           Fri Jan  1 00:00:14 2021

* Version:        2021.1 (Build 3247384 on Thu Jun 10 19:36:07 MDT 2021)
* Project:        matVecMul_stream_prj
* Solution:       solution_chocolate (Vivado IP Flow Target)
* Product family: zynq
* Target device:  xc7z020-clg400-1


================================================================
== Performance Estimates
================================================================
+ Timing: 
    * Summary: 
    +--------+----------+----------+------------+
    |  Clock |  Target  | Estimated| Uncertainty|
    +--------+----------+----------+------------+
    |ap_clk  |  10.00 ns|  4.795 ns|     2.70 ns|
    +--------+----------+----------+------------+

+ Latency: 
    * Summary: 
    +---------+---------+----------+----------+-----+-----+---------+
    |  Latency (cycles) |  Latency (absolute) |  Interval | Pipeline|
    |   min   |   max   |    min   |    max   | min | max |   Type  |
    +---------+---------+----------+----------+-----+-----+---------+
    |       66|       66|  0.660 us|  0.660 us|   66|   66|       no|
    +---------+---------+----------+----------+-----+-----+---------+

    + Detail: 
        * Instance: 
        N/A

        * Loop: 
        +---------------+---------+---------+----------+-----------+-----------+------+----------+
        |               |  Latency (cycles) | Iteration|  Initiation Interval  | Trip |          |
        |   Loop Name   |   min   |   max   |  Latency |  achieved |   target  | Count| Pipelined|
        +---------------+---------+---------+----------+-----------+-----------+------+----------+
        |- sample_loop  |       64|       64|         1|          1|          1|    64|       yes|
        +---------------+---------+---------+----------+-----------+-----------+------+----------+



================================================================
== Utilization Estimates
================================================================
* Summary: 
+-----------------+---------+-----+--------+-------+-----+
|       Name      | BRAM_18K| DSP |   FF   |  LUT  | URAM|
+-----------------+---------+-----+--------+-------+-----+
|DSP              |        -|    -|       -|      -|    -|
|Expression       |        -|    -|       0|     61|    -|
|FIFO             |        -|    -|       -|      -|    -|
|Instance         |        -|    -|       -|      -|    -|
|Memory           |        -|    -|       -|      -|    -|
|Multiplexer      |        -|    -|       -|     36|    -|
|Register         |        -|    -|      34|      -|    -|
+-----------------+---------+-----+--------+-------+-----+
|Total            |        0|    0|      34|     97|    0|
+-----------------+---------+-----+--------+-------+-----+
|Available        |      280|  220|  106400|  53200|    0|
+-----------------+---------+-----+--------+-------+-----+
|Utilization (%)  |        0|    0|      ~0|     ~0|    0|
+-----------------+---------+-----+--------+-------+-----+

+ Detail: 
    * Instance: 
    N/A

    * DSP: 
    N/A

    * Memory: 
    N/A

    * FIFO: 
    N/A

    * Expression: 
    +----------------------------------+----------+----+---+----+------------+------------+
    |           Variable Name          | Operation| DSP| FF| LUT| Bitwidth P0| Bitwidth P1|
    +----------------------------------+----------+----+---+----+------------+------------+
    |add_ln35_fu_158_p2                |         +|   0|  0|  39|          32|           1|
    |ap_condition_170                  |       and|   0|  0|   2|           1|           1|
    |icmp_ln35_fu_152_p2               |      icmp|   0|  0|  18|          32|          32|
    |ap_block_state1_pp0_stage0_iter0  |        or|   0|  0|   2|           1|           1|
    +----------------------------------+----------+----+---+----+------------+------------+
    |Total                             |          |   0|  0|  61|          66|          35|
    +----------------------------------+----------+----+---+----+------------+------------+

    * Multiplexer: 
    +-----------------------+----+-----------+-----+-----------+
    |          Name         | LUT| Input Size| Bits| Total Bits|
    +-----------------------+----+-----------+-----+-----------+
    |ap_done_int            |   9|          2|    1|          2|
    |ap_sig_allocacmp_j_1   |   9|          2|   32|         64|
    |in_stream_TDATA_blk_n  |   9|          2|    1|          2|
    |j_fu_64                |   9|          2|   32|         64|
    +-----------------------+----+-----------+-----+-----------+
    |Total                  |  36|          8|   66|        132|
    +-----------------------+----+-----------+-----+-----------+

    * Register: 
    +-------------+----+----+-----+-----------+
    |     Name    | FF | LUT| Bits| Const Bits|
    +-------------+----+----+-----+-----------+
    |ap_CS_fsm    |   1|   0|    1|          0|
    |ap_done_reg  |   1|   0|    1|          0|
    |j_fu_64      |  32|   0|   32|          0|
    +-------------+----+----+-----+-----------+
    |Total        |  34|   0|   34|          0|
    +-------------+----+----+-----+-----------+



================================================================
== Interface
================================================================
* Summary: 
+--------------------------+-----+-----+------------+--------------------------------+--------------+
|         RTL Ports        | Dir | Bits|  Protocol  |          Source Object         |    C Type    |
+--------------------------+-----+-----+------------+--------------------------------+--------------+
|ap_clk                    |   in|    1|  ap_ctrl_hs|  matVecMul_Pipeline_sample_loop|  return value|
|ap_rst                    |   in|    1|  ap_ctrl_hs|  matVecMul_Pipeline_sample_loop|  return value|
|ap_start                  |   in|    1|  ap_ctrl_hs|  matVecMul_Pipeline_sample_loop|  return value|
|ap_done                   |  out|    1|  ap_ctrl_hs|  matVecMul_Pipeline_sample_loop|  return value|
|ap_idle                   |  out|    1|  ap_ctrl_hs|  matVecMul_Pipeline_sample_loop|  return value|
|ap_ready                  |  out|    1|  ap_ctrl_hs|  matVecMul_Pipeline_sample_loop|  return value|
|in_stream_TVALID          |   in|    1|        axis|              in_stream_V_data_V|       pointer|
|in_stream_TDATA           |   in|   32|        axis|              in_stream_V_data_V|       pointer|
|col_size                  |   in|   32|     ap_none|                        col_size|        scalar|
|in_stream_TREADY          |  out|    1|        axis|              in_stream_V_dest_V|       pointer|
|in_stream_TDEST           |   in|    1|        axis|              in_stream_V_dest_V|       pointer|
|in_stream_TKEEP           |   in|    4|        axis|              in_stream_V_keep_V|       pointer|
|in_stream_TSTRB           |   in|    4|        axis|              in_stream_V_strb_V|       pointer|
|in_stream_TUSER           |   in|    1|        axis|              in_stream_V_user_V|       pointer|
|in_stream_TLAST           |   in|    1|        axis|              in_stream_V_last_V|       pointer|
|in_stream_TID             |   in|    1|        axis|                in_stream_V_id_V|       pointer|
|x_localbuff_V_0_address0  |  out|    4|   ap_memory|                 x_localbuff_V_0|         array|
|x_localbuff_V_0_ce0       |  out|    1|   ap_memory|                 x_localbuff_V_0|         array|
|x_localbuff_V_0_we0       |  out|    1|   ap_memory|                 x_localbuff_V_0|         array|
|x_localbuff_V_0_d0        |  out|   16|   ap_memory|                 x_localbuff_V_0|         array|
|x_localbuff_V_1_address0  |  out|    4|   ap_memory|                 x_localbuff_V_1|         array|
|x_localbuff_V_1_ce0       |  out|    1|   ap_memory|                 x_localbuff_V_1|         array|
|x_localbuff_V_1_we0       |  out|    1|   ap_memory|                 x_localbuff_V_1|         array|
|x_localbuff_V_1_d0        |  out|   16|   ap_memory|                 x_localbuff_V_1|         array|
|x_localbuff_V_2_address0  |  out|    4|   ap_memory|                 x_localbuff_V_2|         array|
|x_localbuff_V_2_ce0       |  out|    1|   ap_memory|                 x_localbuff_V_2|         array|
|x_localbuff_V_2_we0       |  out|    1|   ap_memory|                 x_localbuff_V_2|         array|
|x_localbuff_V_2_d0        |  out|   16|   ap_memory|                 x_localbuff_V_2|         array|
|x_localbuff_V_3_address0  |  out|    4|   ap_memory|                 x_localbuff_V_3|         array|
|x_localbuff_V_3_ce0       |  out|    1|   ap_memory|                 x_localbuff_V_3|         array|
|x_localbuff_V_3_we0       |  out|    1|   ap_memory|                 x_localbuff_V_3|         array|
|x_localbuff_V_3_d0        |  out|   16|   ap_memory|                 x_localbuff_V_3|         array|
+--------------------------+-----+-----+------------+--------------------------------+--------------+

