#-----------------------------------------------------------
# Vivado v2021.1 (64-bit)
# SW Build 3247384 on Thu Jun 10 19:36:07 MDT 2021
# IP Build 3246043 on Fri Jun 11 00:30:35 MDT 2021
# Start of session at: Wed May  6 06:02:10 2026
# Process ID: 6521
# Current directory: /home/aion/my_ws/ee5332/matmul/matmul_stream
# Command line: vivado -mode batch -source create_project.tcl
# Log file: /home/aion/my_ws/ee5332/matmul/matmul_stream/vivado.log
# Journal file: /home/aion/my_ws/ee5332/matmul/matmul_stream/vivado.jou
#-----------------------------------------------------------
Sourcing tcl script '/home/aion/.Xilinx/Vivado/Vivado_init.tcl'
source create_project.tcl
# set PROJ_NAME    "mat_vec_mul"
# set PROJ_DIR     "../build"
# set PART         "xc7z020clg400-1"
# set BOARD        "tul.com.tw:pynq-z2:part0:1.0"
# set MATVECMUL_IP    "./matVecMul_stream_prj/solution_chocolate/impl/ip"
# create_project ${PROJ_NAME} ${PROJ_DIR}/${PROJ_NAME} -part ${PART} -force
# set_property board_part ${BOARD} [current_project]
# set_property ip_repo_paths [list ${MATVECMUL_IP}] [current_project]
# update_ip_catalog
INFO: [IP_Flow 19-234] Refreshing IP repositories
INFO: [IP_Flow 19-1700] Loaded user IP repository '/home/aion/my_ws/ee5332/matmul/matmul_stream/matVecMul_stream_prj/solution_chocolate/impl/ip'.
INFO: [IP_Flow 19-2313] Loaded Vivado IP repository '/mnt/xilinx/Vivado/2021.1/data/ip'.
# create_bd_design "matvecmul_design"
Wrote  : </home/aion/my_ws/ee5332/matmul/build/mat_vec_mul/mat_vec_mul.srcs/sources_1/bd/matvecmul_design/matvecmul_design.bd> 
# create_bd_cell -type ip -vlnv xilinx.com:ip:processing_system7:5.5 ps7
# apply_bd_automation -rule xilinx.com:bd_rule:processing_system7 \
#     -config {make_external "FIXED_IO, DDR" \
#              Master "Disable" Slave "Disable"} [get_bd_cells ps7]
# set_property -dict [list \
#     CONFIG.PCW_USE_S_AXI_HP0 {1} \
#     CONFIG.PCW_FPGA0_PERIPHERAL_FREQMHZ {100} \
# ] [get_bd_cells ps7]
# create_bd_cell -type ip -vlnv xilinx.com:ip:axi_dma:7.1 axi_dma_0
# set_property -dict [list \
#     CONFIG.c_include_sg {0} \
#     CONFIG.c_sg_include_stscntrl_strm {0} \
#     CONFIG.c_mm2s_burst_size {256} \
#     CONFIG.c_s2mm_burst_size {256} \
#     CONFIG.c_sg_length_width {26} \
# ] [get_bd_cells axi_dma_0]
# create_bd_cell -type ip -vlnv xilinx.com:hls:matVecMul:1.0 matVecMul_0
ERROR: [BD 5-390] IP definition not found for VLNV: xilinx.com:hls:matVecMul:1.0 
ERROR: [Common 17-39] 'create_bd_cell' failed due to earlier errors.

    while executing
"create_bd_cell -type ip -vlnv xilinx.com:hls:matVecMul:1.0 matVecMul_0"
    (file "create_project.tcl" line 45)
INFO: [Common 17-206] Exiting Vivado at Wed May  6 06:02:23 2026...
