INFO: [HLS 200-10] Running '/mnt/xilinx/Vitis_HLS/2021.1/bin/unwrapped/lnx64.o/vitis_hls'
INFO: [HLS 200-10] For user 'aion' on host 'ASUS' (Linux_x86_64 version 6.17.0-22-generic) on Sun May 03 23:19:30 IST 2026
INFO: [HLS 200-10] On os Ubuntu 24.04.4 LTS
INFO: [HLS 200-10] In directory '/home/aion/my_ws/ee5332/matmul'
Sourcing Tcl script '/home/aion/my_ws/ee5332/matmul/matmul_stream/solution1/csim.tcl'
INFO: [HLS 200-1510] Running: open_project matmul_stream 
INFO: [HLS 200-10] Opening project '/home/aion/my_ws/ee5332/matmul/matmul_stream'.
INFO: [HLS 200-1510] Running: set_top matmul_stream 
INFO: [HLS 200-1510] Running: add_files matVecMul.cpp 
INFO: [HLS 200-10] Adding design file 'matVecMul.cpp' to the project
INFO: [HLS 200-1510] Running: add_files matVecMul.h 
INFO: [HLS 200-10] Adding design file 'matVecMul.h' to the project
INFO: [HLS 200-1510] Running: add_files test_data.h 
INFO: [HLS 200-10] Adding design file 'test_data.h' to the project
INFO: [HLS 200-1510] Running: add_files -tb matmul_stream_tb.cpp 
INFO: [HLS 200-10] Adding test bench file 'matmul_stream_tb.cpp' to the project
INFO: [HLS 200-1510] Running: open_solution solution1 -flow_target vivado 
INFO: [HLS 200-10] Opening solution '/home/aion/my_ws/ee5332/matmul/matmul_stream/solution1'.
INFO: [SYN 201-201] Setting up clock 'default' with a period of 10ns.
INFO: [SYN 201-201] Setting up clock 'default' with an uncertainty of 1.25ns.
INFO: [HLS 200-1611] Setting target device to 'xc7z020-clg400-1'
INFO: [HLS 200-1505] Using flow_target 'vivado'
Resolution: For help on HLS 200-1505 see www.xilinx.com/cgi-bin/docs/rdoc?v=2021.1;t=hls+guidance;d=200-1505.html
INFO: [HLS 200-1510] Running: set_part xc7z020clg400-1 
INFO: [HLS 200-1510] Running: create_clock -period 10 -name default 
INFO: [HLS 200-1510] Running: set_clock_uncertainty 12.5% 
INFO: [HLS 200-1510] Running: csim_design -quiet 
INFO: [SIM 211-2] *************** CSIM start ***************
INFO: [SIM 211-4] CSIM will launch GCC as the compiler.
   Compiling ../../../../matmul_stream_tb.cpp in debug mode
   Compiling ../../../../matVecMul.cpp in debug mode
   Generating csim.exe
/mnt/xilinx/Vivado/2021.1/tps/lnx64/binutils-2.26/bin/ld: /lib/x86_64-linux-gnu/libm.so.6: don't know how to handle section `.relr.dyn' [0x      13]
/mnt/xilinx/Vivado/2021.1/tps/lnx64/binutils-2.26/bin/ld: skipping incompatible /lib/x86_64-linux-gnu/libm.so.6 when searching for /lib/x86_64-linux-gnu/libm.so.6
/mnt/xilinx/Vivado/2021.1/tps/lnx64/binutils-2.26/bin/ld: cannot find /lib/x86_64-linux-gnu/libm.so.6
/mnt/xilinx/Vivado/2021.1/tps/lnx64/binutils-2.26/bin/ld: /lib/x86_64-linux-gnu/libmvec.so.1: don't know how to handle section `.relr.dyn' [0x      13]
/mnt/xilinx/Vivado/2021.1/tps/lnx64/binutils-2.26/bin/ld: skipping incompatible /lib/x86_64-linux-gnu/libmvec.so.1 when searching for /lib/x86_64-linux-gnu/libmvec.so.1
/mnt/xilinx/Vivado/2021.1/tps/lnx64/binutils-2.26/bin/ld: cannot find /lib/x86_64-linux-gnu/libmvec.so.1
collect2: error: ld returned 1 exit status
make: *** [Makefile.rules:393: csim.exe] Error 1
ERROR: [SIM 211-100] 'csim_design' failed: compilation error(s).
INFO: [SIM 211-3] *************** CSIM finish ***************
INFO: [HLS 200-111] Finished Command csim_design CPU user time: 8.49 seconds. CPU system time: 0.79 seconds. Elapsed time: 6.88 seconds; current allocated memory: 209.298 MB.
4
    while executing
"source /home/aion/my_ws/ee5332/matmul/matmul_stream/solution1/csim.tcl"
    invoked from within
"hls::main /home/aion/my_ws/ee5332/matmul/matmul_stream/solution1/csim.tcl"
    ("uplevel" body line 1)
    invoked from within
"uplevel 1 hls::main {*}$newargs"
    (procedure "hls_proc" line 16)
    invoked from within
"hls_proc [info nameofexecutable] $argv"
