Copyright 1986-2021 Xilinx, Inc. All Rights Reserved.
--------------------------------------------------------------------------------------------------------------------------------------------------------------------------------------------------------------
| Tool Version : Vivado v.2021.1 (lin64) Build 3247384 Thu Jun 10 19:36:07 MDT 2021
| Date         : Wed May  6 06:18:05 2026
| Host         : vitis-box.ASUS running 64-bit unknown
| Command      : report_methodology -file matvecmul_design_wrapper_methodology_drc_routed.rpt -pb matvecmul_design_wrapper_methodology_drc_routed.pb -rpx matvecmul_design_wrapper_methodology_drc_routed.rpx
| Design       : matvecmul_design_wrapper
| Device       : xc7z020clg400-1
| Speed File   : -1
| Design State : Fully Routed
--------------------------------------------------------------------------------------------------------------------------------------------------------------------------------------------------------------

Report Methodology

Table of Contents
-----------------
1. REPORT SUMMARY
2. REPORT DETAILS

1. REPORT SUMMARY
-----------------
            Netlist: netlist
          Floorplan: design_1
      Design limits: <entire design considered>
             Max violations: <unlimited>
             Violations found: 79
+-----------+----------+------------------------------+------------+
| Rule      | Severity | Description                  | Violations |
+-----------+----------+------------------------------+------------+
| LUTAR-1   | Warning  | LUT drives async reset alert | 3          |
| TIMING-16 | Warning  | Large setup violation        | 76         |
+-----------+----------+------------------------------+------------+

2. REPORT DETAILS
-----------------
LUTAR-1#1 Warning
LUT drives async reset alert  
LUT cell matvecmul_design_i/axi_mem_intercon/m00_couplers/auto_pc/inst/gen_axi4_axi3.axi3_conv_inst/USE_READ.USE_SPLIT_R.read_addr_inst/USE_R_CHANNEL.cmd_queue/inst/fifo_gen_inst/inst_fifo_gen/gconvfifo.rf/grf.rf/rstblk/gpregsm1.curr_fwft_state[1]_i_2, with 2 or more inputs, drives asynchronous preset/clear pin(s) matvecmul_design_i/axi_mem_intercon/m00_couplers/auto_pc/inst/gen_axi4_axi3.axi3_conv_inst/USE_READ.USE_SPLIT_R.read_addr_inst/USE_R_CHANNEL.cmd_queue/inst/fifo_gen_inst/inst_fifo_gen/gconvfifo.rf/grf.rf/gntv_or_sync_fifo.gl0.rd/gr1.gr1_int.rfwft/aempty_fwft_fb_i_reg/PRE,
matvecmul_design_i/axi_mem_intercon/m00_couplers/auto_pc/inst/gen_axi4_axi3.axi3_conv_inst/USE_READ.USE_SPLIT_R.read_addr_inst/USE_R_CHANNEL.cmd_queue/inst/fifo_gen_inst/inst_fifo_gen/gconvfifo.rf/grf.rf/gntv_or_sync_fifo.gl0.rd/gr1.gr1_int.rfwft/aempty_fwft_i_reg/PRE,
matvecmul_design_i/axi_mem_intercon/m00_couplers/auto_pc/inst/gen_axi4_axi3.axi3_conv_inst/USE_READ.USE_SPLIT_R.read_addr_inst/USE_R_CHANNEL.cmd_queue/inst/fifo_gen_inst/inst_fifo_gen/gconvfifo.rf/grf.rf/gntv_or_sync_fifo.gl0.rd/gr1.gr1_int.rfwft/empty_fwft_fb_i_reg/PRE,
matvecmul_design_i/axi_mem_intercon/m00_couplers/auto_pc/inst/gen_axi4_axi3.axi3_conv_inst/USE_READ.USE_SPLIT_R.read_addr_inst/USE_R_CHANNEL.cmd_queue/inst/fifo_gen_inst/inst_fifo_gen/gconvfifo.rf/grf.rf/gntv_or_sync_fifo.gl0.rd/gr1.gr1_int.rfwft/empty_fwft_fb_o_i_reg/PRE,
matvecmul_design_i/axi_mem_intercon/m00_couplers/auto_pc/inst/gen_axi4_axi3.axi3_conv_inst/USE_READ.USE_SPLIT_R.read_addr_inst/USE_R_CHANNEL.cmd_queue/inst/fifo_gen_inst/inst_fifo_gen/gconvfifo.rf/grf.rf/gntv_or_sync_fifo.gl0.rd/gr1.gr1_int.rfwft/empty_fwft_i_reg/PRE,
matvecmul_design_i/axi_mem_intercon/m00_couplers/auto_pc/inst/gen_axi4_axi3.axi3_conv_inst/USE_READ.USE_SPLIT_R.read_addr_inst/USE_R_CHANNEL.cmd_queue/inst/fifo_gen_inst/inst_fifo_gen/gconvfifo.rf/grf.rf/gntv_or_sync_fifo.gl0.rd/gr1.gr1_int.rfwft/gpregsm1.curr_fwft_state_reg[0]/CLR,
matvecmul_design_i/axi_mem_intercon/m00_couplers/auto_pc/inst/gen_axi4_axi3.axi3_conv_inst/USE_READ.USE_SPLIT_R.read_addr_inst/USE_R_CHANNEL.cmd_queue/inst/fifo_gen_inst/inst_fifo_gen/gconvfifo.rf/grf.rf/gntv_or_sync_fifo.gl0.rd/gr1.gr1_int.rfwft/gpregsm1.curr_fwft_state_reg[1]/CLR,
matvecmul_design_i/axi_mem_intercon/m00_couplers/auto_pc/inst/gen_axi4_axi3.axi3_conv_inst/USE_READ.USE_SPLIT_R.read_addr_inst/USE_R_CHANNEL.cmd_queue/inst/fifo_gen_inst/inst_fifo_gen/gconvfifo.rf/grf.rf/gntv_or_sync_fifo.gl0.rd/gr1.gr1_int.rfwft/gpregsm1.user_valid_reg/CLR,
matvecmul_design_i/axi_mem_intercon/m00_couplers/auto_pc/inst/gen_axi4_axi3.axi3_conv_inst/USE_READ.USE_SPLIT_R.read_addr_inst/USE_R_CHANNEL.cmd_queue/inst/fifo_gen_inst/inst_fifo_gen/gconvfifo.rf/grf.rf/gntv_or_sync_fifo.gl0.rd/grss.rsts/ram_empty_fb_i_reg/PRE,
matvecmul_design_i/axi_mem_intercon/m00_couplers/auto_pc/inst/gen_axi4_axi3.axi3_conv_inst/USE_READ.USE_SPLIT_R.read_addr_inst/USE_R_CHANNEL.cmd_queue/inst/fifo_gen_inst/inst_fifo_gen/gconvfifo.rf/grf.rf/gntv_or_sync_fifo.gl0.rd/grss.rsts/ram_empty_i_reg/PRE,
matvecmul_design_i/axi_mem_intercon/m00_couplers/auto_pc/inst/gen_axi4_axi3.axi3_conv_inst/USE_READ.USE_SPLIT_R.read_addr_inst/USE_R_CHANNEL.cmd_queue/inst/fifo_gen_inst/inst_fifo_gen/gconvfifo.rf/grf.rf/gntv_or_sync_fifo.gl0.rd/rpntr/gc0.count_d1_reg[0]/CLR,
matvecmul_design_i/axi_mem_intercon/m00_couplers/auto_pc/inst/gen_axi4_axi3.axi3_conv_inst/USE_READ.USE_SPLIT_R.read_addr_inst/USE_R_CHANNEL.cmd_queue/inst/fifo_gen_inst/inst_fifo_gen/gconvfifo.rf/grf.rf/gntv_or_sync_fifo.gl0.rd/rpntr/gc0.count_d1_reg[1]/CLR,
matvecmul_design_i/axi_mem_intercon/m00_couplers/auto_pc/inst/gen_axi4_axi3.axi3_conv_inst/USE_READ.USE_SPLIT_R.read_addr_inst/USE_R_CHANNEL.cmd_queue/inst/fifo_gen_inst/inst_fifo_gen/gconvfifo.rf/grf.rf/gntv_or_sync_fifo.gl0.rd/rpntr/gc0.count_d1_reg[2]/CLR,
matvecmul_design_i/axi_mem_intercon/m00_couplers/auto_pc/inst/gen_axi4_axi3.axi3_conv_inst/USE_READ.USE_SPLIT_R.read_addr_inst/USE_R_CHANNEL.cmd_queue/inst/fifo_gen_inst/inst_fifo_gen/gconvfifo.rf/grf.rf/gntv_or_sync_fifo.gl0.rd/rpntr/gc0.count_d1_reg[3]/CLR,
matvecmul_design_i/axi_mem_intercon/m00_couplers/auto_pc/inst/gen_axi4_axi3.axi3_conv_inst/USE_READ.USE_SPLIT_R.read_addr_inst/USE_R_CHANNEL.cmd_queue/inst/fifo_gen_inst/inst_fifo_gen/gconvfifo.rf/grf.rf/gntv_or_sync_fifo.gl0.rd/rpntr/gc0.count_d1_reg[4]/CLR
 (the first 15 of 32 listed). The LUT may glitch and trigger an unexpected reset, even if it is a properly timed path.
Related violations: <none>

LUTAR-1#2 Warning
LUT drives async reset alert  
LUT cell matvecmul_design_i/axi_mem_intercon/m00_couplers/auto_pc/inst/gen_axi4_axi3.axi3_conv_inst/USE_WRITE.write_addr_inst/USE_BURSTS.cmd_queue/inst/fifo_gen_inst/inst_fifo_gen/gconvfifo.rf/grf.rf/rstblk/gpregsm1.curr_fwft_state[1]_i_2, with 2 or more inputs, drives asynchronous preset/clear pin(s) matvecmul_design_i/axi_mem_intercon/m00_couplers/auto_pc/inst/gen_axi4_axi3.axi3_conv_inst/USE_WRITE.write_addr_inst/USE_BURSTS.cmd_queue/inst/fifo_gen_inst/inst_fifo_gen/gconvfifo.rf/grf.rf/gntv_or_sync_fifo.gl0.rd/gr1.gr1_int.rfwft/aempty_fwft_fb_i_reg/PRE,
matvecmul_design_i/axi_mem_intercon/m00_couplers/auto_pc/inst/gen_axi4_axi3.axi3_conv_inst/USE_WRITE.write_addr_inst/USE_BURSTS.cmd_queue/inst/fifo_gen_inst/inst_fifo_gen/gconvfifo.rf/grf.rf/gntv_or_sync_fifo.gl0.rd/gr1.gr1_int.rfwft/aempty_fwft_i_reg/PRE,
matvecmul_design_i/axi_mem_intercon/m00_couplers/auto_pc/inst/gen_axi4_axi3.axi3_conv_inst/USE_WRITE.write_addr_inst/USE_BURSTS.cmd_queue/inst/fifo_gen_inst/inst_fifo_gen/gconvfifo.rf/grf.rf/gntv_or_sync_fifo.gl0.rd/gr1.gr1_int.rfwft/empty_fwft_fb_i_reg/PRE,
matvecmul_design_i/axi_mem_intercon/m00_couplers/auto_pc/inst/gen_axi4_axi3.axi3_conv_inst/USE_WRITE.write_addr_inst/USE_BURSTS.cmd_queue/inst/fifo_gen_inst/inst_fifo_gen/gconvfifo.rf/grf.rf/gntv_or_sync_fifo.gl0.rd/gr1.gr1_int.rfwft/empty_fwft_fb_o_i_reg/PRE,
matvecmul_design_i/axi_mem_intercon/m00_couplers/auto_pc/inst/gen_axi4_axi3.axi3_conv_inst/USE_WRITE.write_addr_inst/USE_BURSTS.cmd_queue/inst/fifo_gen_inst/inst_fifo_gen/gconvfifo.rf/grf.rf/gntv_or_sync_fifo.gl0.rd/gr1.gr1_int.rfwft/empty_fwft_i_reg/PRE,
matvecmul_design_i/axi_mem_intercon/m00_couplers/auto_pc/inst/gen_axi4_axi3.axi3_conv_inst/USE_WRITE.write_addr_inst/USE_BURSTS.cmd_queue/inst/fifo_gen_inst/inst_fifo_gen/gconvfifo.rf/grf.rf/gntv_or_sync_fifo.gl0.rd/gr1.gr1_int.rfwft/gpregsm1.curr_fwft_state_reg[0]/CLR,
matvecmul_design_i/axi_mem_intercon/m00_couplers/auto_pc/inst/gen_axi4_axi3.axi3_conv_inst/USE_WRITE.write_addr_inst/USE_BURSTS.cmd_queue/inst/fifo_gen_inst/inst_fifo_gen/gconvfifo.rf/grf.rf/gntv_or_sync_fifo.gl0.rd/gr1.gr1_int.rfwft/gpregsm1.curr_fwft_state_reg[1]/CLR,
matvecmul_design_i/axi_mem_intercon/m00_couplers/auto_pc/inst/gen_axi4_axi3.axi3_conv_inst/USE_WRITE.write_addr_inst/USE_BURSTS.cmd_queue/inst/fifo_gen_inst/inst_fifo_gen/gconvfifo.rf/grf.rf/gntv_or_sync_fifo.gl0.rd/gr1.gr1_int.rfwft/gpregsm1.user_valid_reg/CLR,
matvecmul_design_i/axi_mem_intercon/m00_couplers/auto_pc/inst/gen_axi4_axi3.axi3_conv_inst/USE_WRITE.write_addr_inst/USE_BURSTS.cmd_queue/inst/fifo_gen_inst/inst_fifo_gen/gconvfifo.rf/grf.rf/gntv_or_sync_fifo.gl0.rd/grss.rsts/ram_empty_fb_i_reg/PRE,
matvecmul_design_i/axi_mem_intercon/m00_couplers/auto_pc/inst/gen_axi4_axi3.axi3_conv_inst/USE_WRITE.write_addr_inst/USE_BURSTS.cmd_queue/inst/fifo_gen_inst/inst_fifo_gen/gconvfifo.rf/grf.rf/gntv_or_sync_fifo.gl0.rd/grss.rsts/ram_empty_i_reg/PRE,
matvecmul_design_i/axi_mem_intercon/m00_couplers/auto_pc/inst/gen_axi4_axi3.axi3_conv_inst/USE_WRITE.write_addr_inst/USE_BURSTS.cmd_queue/inst/fifo_gen_inst/inst_fifo_gen/gconvfifo.rf/grf.rf/gntv_or_sync_fifo.gl0.rd/rpntr/gc0.count_d1_reg[0]/CLR,
matvecmul_design_i/axi_mem_intercon/m00_couplers/auto_pc/inst/gen_axi4_axi3.axi3_conv_inst/USE_WRITE.write_addr_inst/USE_BURSTS.cmd_queue/inst/fifo_gen_inst/inst_fifo_gen/gconvfifo.rf/grf.rf/gntv_or_sync_fifo.gl0.rd/rpntr/gc0.count_d1_reg[1]/CLR,
matvecmul_design_i/axi_mem_intercon/m00_couplers/auto_pc/inst/gen_axi4_axi3.axi3_conv_inst/USE_WRITE.write_addr_inst/USE_BURSTS.cmd_queue/inst/fifo_gen_inst/inst_fifo_gen/gconvfifo.rf/grf.rf/gntv_or_sync_fifo.gl0.rd/rpntr/gc0.count_d1_reg[2]/CLR,
matvecmul_design_i/axi_mem_intercon/m00_couplers/auto_pc/inst/gen_axi4_axi3.axi3_conv_inst/USE_WRITE.write_addr_inst/USE_BURSTS.cmd_queue/inst/fifo_gen_inst/inst_fifo_gen/gconvfifo.rf/grf.rf/gntv_or_sync_fifo.gl0.rd/rpntr/gc0.count_d1_reg[3]/CLR,
matvecmul_design_i/axi_mem_intercon/m00_couplers/auto_pc/inst/gen_axi4_axi3.axi3_conv_inst/USE_WRITE.write_addr_inst/USE_BURSTS.cmd_queue/inst/fifo_gen_inst/inst_fifo_gen/gconvfifo.rf/grf.rf/gntv_or_sync_fifo.gl0.rd/rpntr/gc0.count_d1_reg[4]/CLR
 (the first 15 of 32 listed). The LUT may glitch and trigger an unexpected reset, even if it is a properly timed path.
Related violations: <none>

LUTAR-1#3 Warning
LUT drives async reset alert  
LUT cell matvecmul_design_i/axi_mem_intercon/m00_couplers/auto_pc/inst/gen_axi4_axi3.axi3_conv_inst/USE_WRITE.write_addr_inst/USE_B_CHANNEL.cmd_b_queue/inst/fifo_gen_inst/inst_fifo_gen/gconvfifo.rf/grf.rf/rstblk/gpregsm1.curr_fwft_state[1]_i_2, with 2 or more inputs, drives asynchronous preset/clear pin(s) matvecmul_design_i/axi_mem_intercon/m00_couplers/auto_pc/inst/gen_axi4_axi3.axi3_conv_inst/USE_WRITE.write_addr_inst/USE_B_CHANNEL.cmd_b_queue/inst/fifo_gen_inst/inst_fifo_gen/gconvfifo.rf/grf.rf/gntv_or_sync_fifo.gl0.rd/gr1.gr1_int.rfwft/aempty_fwft_fb_i_reg/PRE,
matvecmul_design_i/axi_mem_intercon/m00_couplers/auto_pc/inst/gen_axi4_axi3.axi3_conv_inst/USE_WRITE.write_addr_inst/USE_B_CHANNEL.cmd_b_queue/inst/fifo_gen_inst/inst_fifo_gen/gconvfifo.rf/grf.rf/gntv_or_sync_fifo.gl0.rd/gr1.gr1_int.rfwft/aempty_fwft_i_reg/PRE,
matvecmul_design_i/axi_mem_intercon/m00_couplers/auto_pc/inst/gen_axi4_axi3.axi3_conv_inst/USE_WRITE.write_addr_inst/USE_B_CHANNEL.cmd_b_queue/inst/fifo_gen_inst/inst_fifo_gen/gconvfifo.rf/grf.rf/gntv_or_sync_fifo.gl0.rd/gr1.gr1_int.rfwft/empty_fwft_fb_i_reg/PRE,
matvecmul_design_i/axi_mem_intercon/m00_couplers/auto_pc/inst/gen_axi4_axi3.axi3_conv_inst/USE_WRITE.write_addr_inst/USE_B_CHANNEL.cmd_b_queue/inst/fifo_gen_inst/inst_fifo_gen/gconvfifo.rf/grf.rf/gntv_or_sync_fifo.gl0.rd/gr1.gr1_int.rfwft/empty_fwft_fb_o_i_reg/PRE,
matvecmul_design_i/axi_mem_intercon/m00_couplers/auto_pc/inst/gen_axi4_axi3.axi3_conv_inst/USE_WRITE.write_addr_inst/USE_B_CHANNEL.cmd_b_queue/inst/fifo_gen_inst/inst_fifo_gen/gconvfifo.rf/grf.rf/gntv_or_sync_fifo.gl0.rd/gr1.gr1_int.rfwft/empty_fwft_i_reg/PRE,
matvecmul_design_i/axi_mem_intercon/m00_couplers/auto_pc/inst/gen_axi4_axi3.axi3_conv_inst/USE_WRITE.write_addr_inst/USE_B_CHANNEL.cmd_b_queue/inst/fifo_gen_inst/inst_fifo_gen/gconvfifo.rf/grf.rf/gntv_or_sync_fifo.gl0.rd/gr1.gr1_int.rfwft/gpregsm1.curr_fwft_state_reg[0]/CLR,
matvecmul_design_i/axi_mem_intercon/m00_couplers/auto_pc/inst/gen_axi4_axi3.axi3_conv_inst/USE_WRITE.write_addr_inst/USE_B_CHANNEL.cmd_b_queue/inst/fifo_gen_inst/inst_fifo_gen/gconvfifo.rf/grf.rf/gntv_or_sync_fifo.gl0.rd/gr1.gr1_int.rfwft/gpregsm1.curr_fwft_state_reg[1]/CLR,
matvecmul_design_i/axi_mem_intercon/m00_couplers/auto_pc/inst/gen_axi4_axi3.axi3_conv_inst/USE_WRITE.write_addr_inst/USE_B_CHANNEL.cmd_b_queue/inst/fifo_gen_inst/inst_fifo_gen/gconvfifo.rf/grf.rf/gntv_or_sync_fifo.gl0.rd/gr1.gr1_int.rfwft/gpregsm1.user_valid_reg/CLR,
matvecmul_design_i/axi_mem_intercon/m00_couplers/auto_pc/inst/gen_axi4_axi3.axi3_conv_inst/USE_WRITE.write_addr_inst/USE_B_CHANNEL.cmd_b_queue/inst/fifo_gen_inst/inst_fifo_gen/gconvfifo.rf/grf.rf/gntv_or_sync_fifo.gl0.rd/grss.rsts/ram_empty_fb_i_reg/PRE,
matvecmul_design_i/axi_mem_intercon/m00_couplers/auto_pc/inst/gen_axi4_axi3.axi3_conv_inst/USE_WRITE.write_addr_inst/USE_B_CHANNEL.cmd_b_queue/inst/fifo_gen_inst/inst_fifo_gen/gconvfifo.rf/grf.rf/gntv_or_sync_fifo.gl0.rd/grss.rsts/ram_empty_i_reg/PRE,
matvecmul_design_i/axi_mem_intercon/m00_couplers/auto_pc/inst/gen_axi4_axi3.axi3_conv_inst/USE_WRITE.write_addr_inst/USE_B_CHANNEL.cmd_b_queue/inst/fifo_gen_inst/inst_fifo_gen/gconvfifo.rf/grf.rf/gntv_or_sync_fifo.gl0.rd/rpntr/gc0.count_d1_reg[0]/CLR,
matvecmul_design_i/axi_mem_intercon/m00_couplers/auto_pc/inst/gen_axi4_axi3.axi3_conv_inst/USE_WRITE.write_addr_inst/USE_B_CHANNEL.cmd_b_queue/inst/fifo_gen_inst/inst_fifo_gen/gconvfifo.rf/grf.rf/gntv_or_sync_fifo.gl0.rd/rpntr/gc0.count_d1_reg[1]/CLR,
matvecmul_design_i/axi_mem_intercon/m00_couplers/auto_pc/inst/gen_axi4_axi3.axi3_conv_inst/USE_WRITE.write_addr_inst/USE_B_CHANNEL.cmd_b_queue/inst/fifo_gen_inst/inst_fifo_gen/gconvfifo.rf/grf.rf/gntv_or_sync_fifo.gl0.rd/rpntr/gc0.count_d1_reg[2]/CLR,
matvecmul_design_i/axi_mem_intercon/m00_couplers/auto_pc/inst/gen_axi4_axi3.axi3_conv_inst/USE_WRITE.write_addr_inst/USE_B_CHANNEL.cmd_b_queue/inst/fifo_gen_inst/inst_fifo_gen/gconvfifo.rf/grf.rf/gntv_or_sync_fifo.gl0.rd/rpntr/gc0.count_d1_reg[3]/CLR,
matvecmul_design_i/axi_mem_intercon/m00_couplers/auto_pc/inst/gen_axi4_axi3.axi3_conv_inst/USE_WRITE.write_addr_inst/USE_B_CHANNEL.cmd_b_queue/inst/fifo_gen_inst/inst_fifo_gen/gconvfifo.rf/grf.rf/gntv_or_sync_fifo.gl0.rd/rpntr/gc0.count_d1_reg[4]/CLR
 (the first 15 of 32 listed). The LUT may glitch and trigger an unexpected reset, even if it is a properly timed path.
Related violations: <none>

TIMING-16#1 Warning
Large setup violation  
There is a large setup violation of -1.214 ns between matvecmul_design_i/matVecMul_0/inst/grp_matVecMul_Pipeline_matmul_inner_loop_fu_278/acc_V_0_fu_110_reg[5]/C (clocked by clk_fpga_0) and matvecmul_design_i/matVecMul_0/inst/grp_matVecMul_Pipeline_matmul_inner_loop_fu_278/select_ln340_2_reg_920_reg[18]/D (clocked by clk_fpga_0). Large setup violations at the end of those stages might be difficult to fix during the post-placement implementation flow and could be the result of non-optimal XDC constraints or non-optimal design architecture
Related violations: <none>

TIMING-16#2 Warning
Large setup violation  
There is a large setup violation of -1.224 ns between matvecmul_design_i/matVecMul_0/inst/grp_matVecMul_Pipeline_matmul_inner_loop_fu_278/acc_V_0_fu_110_reg[5]/C (clocked by clk_fpga_0) and matvecmul_design_i/matVecMul_0/inst/grp_matVecMul_Pipeline_matmul_inner_loop_fu_278/select_ln340_2_reg_920_reg[17]/D (clocked by clk_fpga_0). Large setup violations at the end of those stages might be difficult to fix during the post-placement implementation flow and could be the result of non-optimal XDC constraints or non-optimal design architecture
Related violations: <none>

TIMING-16#3 Warning
Large setup violation  
There is a large setup violation of -1.232 ns between matvecmul_design_i/matVecMul_0/inst/grp_matVecMul_Pipeline_matmul_inner_loop_fu_278/acc_V_0_fu_110_reg[5]/C (clocked by clk_fpga_0) and matvecmul_design_i/matVecMul_0/inst/grp_matVecMul_Pipeline_matmul_inner_loop_fu_278/select_ln340_2_reg_920_reg[28]/D (clocked by clk_fpga_0). Large setup violations at the end of those stages might be difficult to fix during the post-placement implementation flow and could be the result of non-optimal XDC constraints or non-optimal design architecture
Related violations: <none>

TIMING-16#4 Warning
Large setup violation  
There is a large setup violation of -1.238 ns between matvecmul_design_i/matVecMul_0/inst/grp_matVecMul_Pipeline_matmul_inner_loop_fu_278/acc_V_0_fu_110_reg[5]/C (clocked by clk_fpga_0) and matvecmul_design_i/matVecMul_0/inst/grp_matVecMul_Pipeline_matmul_inner_loop_fu_278/select_ln340_2_reg_920_reg[27]/D (clocked by clk_fpga_0). Large setup violations at the end of those stages might be difficult to fix during the post-placement implementation flow and could be the result of non-optimal XDC constraints or non-optimal design architecture
Related violations: <none>

TIMING-16#5 Warning
Large setup violation  
There is a large setup violation of -1.384 ns between matvecmul_design_i/matVecMul_0/inst/grp_matVecMul_Pipeline_matmul_inner_loop_fu_278/acc_V_0_fu_110_reg[5]/C (clocked by clk_fpga_0) and matvecmul_design_i/matVecMul_0/inst/grp_matVecMul_Pipeline_matmul_inner_loop_fu_278/select_ln340_2_reg_920_reg[16]/D (clocked by clk_fpga_0). Large setup violations at the end of those stages might be difficult to fix during the post-placement implementation flow and could be the result of non-optimal XDC constraints or non-optimal design architecture
Related violations: <none>

TIMING-16#6 Warning
Large setup violation  
There is a large setup violation of -1.386 ns between matvecmul_design_i/matVecMul_0/inst/grp_matVecMul_Pipeline_matmul_inner_loop_fu_278/acc_V_0_fu_110_reg[5]/C (clocked by clk_fpga_0) and matvecmul_design_i/matVecMul_0/inst/grp_matVecMul_Pipeline_matmul_inner_loop_fu_278/select_ln340_2_reg_920_reg[14]/D (clocked by clk_fpga_0). Large setup violations at the end of those stages might be difficult to fix during the post-placement implementation flow and could be the result of non-optimal XDC constraints or non-optimal design architecture
Related violations: <none>

TIMING-16#7 Warning
Large setup violation  
There is a large setup violation of -1.393 ns between matvecmul_design_i/matVecMul_0/inst/grp_matVecMul_Pipeline_matmul_inner_loop_fu_278/acc_V_0_fu_110_reg[5]/C (clocked by clk_fpga_0) and matvecmul_design_i/matVecMul_0/inst/grp_matVecMul_Pipeline_matmul_inner_loop_fu_278/select_ln340_2_reg_920_reg[15]/D (clocked by clk_fpga_0). Large setup violations at the end of those stages might be difficult to fix during the post-placement implementation flow and could be the result of non-optimal XDC constraints or non-optimal design architecture
Related violations: <none>

TIMING-16#8 Warning
Large setup violation  
There is a large setup violation of -1.405 ns between matvecmul_design_i/matVecMul_0/inst/grp_matVecMul_Pipeline_matmul_inner_loop_fu_278/acc_V_0_fu_110_reg[5]/C (clocked by clk_fpga_0) and matvecmul_design_i/matVecMul_0/inst/grp_matVecMul_Pipeline_matmul_inner_loop_fu_278/select_ln340_2_reg_920_reg[13]/D (clocked by clk_fpga_0). Large setup violations at the end of those stages might be difficult to fix during the post-placement implementation flow and could be the result of non-optimal XDC constraints or non-optimal design architecture
Related violations: <none>

TIMING-16#9 Warning
Large setup violation  
There is a large setup violation of -1.609 ns between matvecmul_design_i/matVecMul_0/inst/grp_matVecMul_Pipeline_matmul_inner_loop_fu_278/acc_V_0_fu_110_reg[5]/C (clocked by clk_fpga_0) and matvecmul_design_i/matVecMul_0/inst/grp_matVecMul_Pipeline_matmul_inner_loop_fu_278/select_ln340_2_reg_920_reg[25]/S (clocked by clk_fpga_0). Large setup violations at the end of those stages might be difficult to fix during the post-placement implementation flow and could be the result of non-optimal XDC constraints or non-optimal design architecture
Related violations: <none>

TIMING-16#10 Warning
Large setup violation  
There is a large setup violation of -1.609 ns between matvecmul_design_i/matVecMul_0/inst/grp_matVecMul_Pipeline_matmul_inner_loop_fu_278/acc_V_0_fu_110_reg[5]/C (clocked by clk_fpga_0) and matvecmul_design_i/matVecMul_0/inst/grp_matVecMul_Pipeline_matmul_inner_loop_fu_278/select_ln340_2_reg_920_reg[26]/S (clocked by clk_fpga_0). Large setup violations at the end of those stages might be difficult to fix during the post-placement implementation flow and could be the result of non-optimal XDC constraints or non-optimal design architecture
Related violations: <none>

TIMING-16#11 Warning
Large setup violation  
There is a large setup violation of -1.609 ns between matvecmul_design_i/matVecMul_0/inst/grp_matVecMul_Pipeline_matmul_inner_loop_fu_278/acc_V_0_fu_110_reg[5]/C (clocked by clk_fpga_0) and matvecmul_design_i/matVecMul_0/inst/grp_matVecMul_Pipeline_matmul_inner_loop_fu_278/select_ln340_2_reg_920_reg[29]/S (clocked by clk_fpga_0). Large setup violations at the end of those stages might be difficult to fix during the post-placement implementation flow and could be the result of non-optimal XDC constraints or non-optimal design architecture
Related violations: <none>

TIMING-16#12 Warning
Large setup violation  
There is a large setup violation of -1.609 ns between matvecmul_design_i/matVecMul_0/inst/grp_matVecMul_Pipeline_matmul_inner_loop_fu_278/acc_V_0_fu_110_reg[5]/C (clocked by clk_fpga_0) and matvecmul_design_i/matVecMul_0/inst/grp_matVecMul_Pipeline_matmul_inner_loop_fu_278/select_ln340_2_reg_920_reg[30]/S (clocked by clk_fpga_0). Large setup violations at the end of those stages might be difficult to fix during the post-placement implementation flow and could be the result of non-optimal XDC constraints or non-optimal design architecture
Related violations: <none>

TIMING-16#13 Warning
Large setup violation  
There is a large setup violation of -1.609 ns between matvecmul_design_i/matVecMul_0/inst/grp_matVecMul_Pipeline_matmul_inner_loop_fu_278/acc_V_0_fu_110_reg[5]/C (clocked by clk_fpga_0) and matvecmul_design_i/matVecMul_0/inst/grp_matVecMul_Pipeline_matmul_inner_loop_fu_278/select_ln340_2_reg_920_reg[33]/S (clocked by clk_fpga_0). Large setup violations at the end of those stages might be difficult to fix during the post-placement implementation flow and could be the result of non-optimal XDC constraints or non-optimal design architecture
Related violations: <none>

TIMING-16#14 Warning
Large setup violation  
There is a large setup violation of -1.609 ns between matvecmul_design_i/matVecMul_0/inst/grp_matVecMul_Pipeline_matmul_inner_loop_fu_278/acc_V_0_fu_110_reg[5]/C (clocked by clk_fpga_0) and matvecmul_design_i/matVecMul_0/inst/grp_matVecMul_Pipeline_matmul_inner_loop_fu_278/select_ln340_2_reg_920_reg[34]/S (clocked by clk_fpga_0). Large setup violations at the end of those stages might be difficult to fix during the post-placement implementation flow and could be the result of non-optimal XDC constraints or non-optimal design architecture
Related violations: <none>

TIMING-16#15 Warning
Large setup violation  
There is a large setup violation of -1.609 ns between matvecmul_design_i/matVecMul_0/inst/grp_matVecMul_Pipeline_matmul_inner_loop_fu_278/acc_V_0_fu_110_reg[5]/C (clocked by clk_fpga_0) and matvecmul_design_i/matVecMul_0/inst/grp_matVecMul_Pipeline_matmul_inner_loop_fu_278/select_ln340_2_reg_920_reg[7]/S (clocked by clk_fpga_0). Large setup violations at the end of those stages might be difficult to fix during the post-placement implementation flow and could be the result of non-optimal XDC constraints or non-optimal design architecture
Related violations: <none>

TIMING-16#16 Warning
Large setup violation  
There is a large setup violation of -1.609 ns between matvecmul_design_i/matVecMul_0/inst/grp_matVecMul_Pipeline_matmul_inner_loop_fu_278/acc_V_0_fu_110_reg[5]/C (clocked by clk_fpga_0) and matvecmul_design_i/matVecMul_0/inst/grp_matVecMul_Pipeline_matmul_inner_loop_fu_278/select_ln340_2_reg_920_reg[8]/S (clocked by clk_fpga_0). Large setup violations at the end of those stages might be difficult to fix during the post-placement implementation flow and could be the result of non-optimal XDC constraints or non-optimal design architecture
Related violations: <none>

TIMING-16#17 Warning
Large setup violation  
There is a large setup violation of -1.817 ns between matvecmul_design_i/matVecMul_0/inst/grp_matVecMul_Pipeline_matmul_inner_loop_fu_278/acc_V_0_fu_110_reg[5]/C (clocked by clk_fpga_0) and matvecmul_design_i/matVecMul_0/inst/grp_matVecMul_Pipeline_matmul_inner_loop_fu_278/select_ln340_2_reg_920_reg[10]/S (clocked by clk_fpga_0). Large setup violations at the end of those stages might be difficult to fix during the post-placement implementation flow and could be the result of non-optimal XDC constraints or non-optimal design architecture
Related violations: <none>

TIMING-16#18 Warning
Large setup violation  
There is a large setup violation of -1.817 ns between matvecmul_design_i/matVecMul_0/inst/grp_matVecMul_Pipeline_matmul_inner_loop_fu_278/acc_V_0_fu_110_reg[5]/C (clocked by clk_fpga_0) and matvecmul_design_i/matVecMul_0/inst/grp_matVecMul_Pipeline_matmul_inner_loop_fu_278/select_ln340_2_reg_920_reg[11]/S (clocked by clk_fpga_0). Large setup violations at the end of those stages might be difficult to fix during the post-placement implementation flow and could be the result of non-optimal XDC constraints or non-optimal design architecture
Related violations: <none>

TIMING-16#19 Warning
Large setup violation  
There is a large setup violation of -1.817 ns between matvecmul_design_i/matVecMul_0/inst/grp_matVecMul_Pipeline_matmul_inner_loop_fu_278/acc_V_0_fu_110_reg[5]/C (clocked by clk_fpga_0) and matvecmul_design_i/matVecMul_0/inst/grp_matVecMul_Pipeline_matmul_inner_loop_fu_278/select_ln340_2_reg_920_reg[12]/S (clocked by clk_fpga_0). Large setup violations at the end of those stages might be difficult to fix during the post-placement implementation flow and could be the result of non-optimal XDC constraints or non-optimal design architecture
Related violations: <none>

TIMING-16#20 Warning
Large setup violation  
There is a large setup violation of -1.817 ns between matvecmul_design_i/matVecMul_0/inst/grp_matVecMul_Pipeline_matmul_inner_loop_fu_278/acc_V_0_fu_110_reg[5]/C (clocked by clk_fpga_0) and matvecmul_design_i/matVecMul_0/inst/grp_matVecMul_Pipeline_matmul_inner_loop_fu_278/select_ln340_2_reg_920_reg[19]/S (clocked by clk_fpga_0). Large setup violations at the end of those stages might be difficult to fix during the post-placement implementation flow and could be the result of non-optimal XDC constraints or non-optimal design architecture
Related violations: <none>

TIMING-16#21 Warning
Large setup violation  
There is a large setup violation of -1.817 ns between matvecmul_design_i/matVecMul_0/inst/grp_matVecMul_Pipeline_matmul_inner_loop_fu_278/acc_V_0_fu_110_reg[5]/C (clocked by clk_fpga_0) and matvecmul_design_i/matVecMul_0/inst/grp_matVecMul_Pipeline_matmul_inner_loop_fu_278/select_ln340_2_reg_920_reg[20]/S (clocked by clk_fpga_0). Large setup violations at the end of those stages might be difficult to fix during the post-placement implementation flow and could be the result of non-optimal XDC constraints or non-optimal design architecture
Related violations: <none>

TIMING-16#22 Warning
Large setup violation  
There is a large setup violation of -1.817 ns between matvecmul_design_i/matVecMul_0/inst/grp_matVecMul_Pipeline_matmul_inner_loop_fu_278/acc_V_0_fu_110_reg[5]/C (clocked by clk_fpga_0) and matvecmul_design_i/matVecMul_0/inst/grp_matVecMul_Pipeline_matmul_inner_loop_fu_278/select_ln340_2_reg_920_reg[9]/S (clocked by clk_fpga_0). Large setup violations at the end of those stages might be difficult to fix during the post-placement implementation flow and could be the result of non-optimal XDC constraints or non-optimal design architecture
Related violations: <none>

TIMING-16#23 Warning
Large setup violation  
There is a large setup violation of -1.831 ns between matvecmul_design_i/matVecMul_0/inst/grp_matVecMul_Pipeline_matmul_inner_loop_fu_278/acc_V_0_fu_110_reg[5]/C (clocked by clk_fpga_0) and matvecmul_design_i/matVecMul_0/inst/grp_matVecMul_Pipeline_matmul_inner_loop_fu_278/select_ln340_2_reg_920_reg[21]/S (clocked by clk_fpga_0). Large setup violations at the end of those stages might be difficult to fix during the post-placement implementation flow and could be the result of non-optimal XDC constraints or non-optimal design architecture
Related violations: <none>

TIMING-16#24 Warning
Large setup violation  
There is a large setup violation of -1.831 ns between matvecmul_design_i/matVecMul_0/inst/grp_matVecMul_Pipeline_matmul_inner_loop_fu_278/acc_V_0_fu_110_reg[5]/C (clocked by clk_fpga_0) and matvecmul_design_i/matVecMul_0/inst/grp_matVecMul_Pipeline_matmul_inner_loop_fu_278/select_ln340_2_reg_920_reg[22]/S (clocked by clk_fpga_0). Large setup violations at the end of those stages might be difficult to fix during the post-placement implementation flow and could be the result of non-optimal XDC constraints or non-optimal design architecture
Related violations: <none>

TIMING-16#25 Warning
Large setup violation  
There is a large setup violation of -1.831 ns between matvecmul_design_i/matVecMul_0/inst/grp_matVecMul_Pipeline_matmul_inner_loop_fu_278/acc_V_0_fu_110_reg[5]/C (clocked by clk_fpga_0) and matvecmul_design_i/matVecMul_0/inst/grp_matVecMul_Pipeline_matmul_inner_loop_fu_278/select_ln340_2_reg_920_reg[23]/S (clocked by clk_fpga_0). Large setup violations at the end of those stages might be difficult to fix during the post-placement implementation flow and could be the result of non-optimal XDC constraints or non-optimal design architecture
Related violations: <none>

TIMING-16#26 Warning
Large setup violation  
There is a large setup violation of -1.831 ns between matvecmul_design_i/matVecMul_0/inst/grp_matVecMul_Pipeline_matmul_inner_loop_fu_278/acc_V_0_fu_110_reg[5]/C (clocked by clk_fpga_0) and matvecmul_design_i/matVecMul_0/inst/grp_matVecMul_Pipeline_matmul_inner_loop_fu_278/select_ln340_2_reg_920_reg[24]/S (clocked by clk_fpga_0). Large setup violations at the end of those stages might be difficult to fix during the post-placement implementation flow and could be the result of non-optimal XDC constraints or non-optimal design architecture
Related violations: <none>

TIMING-16#27 Warning
Large setup violation  
There is a large setup violation of -1.831 ns between matvecmul_design_i/matVecMul_0/inst/grp_matVecMul_Pipeline_matmul_inner_loop_fu_278/acc_V_0_fu_110_reg[5]/C (clocked by clk_fpga_0) and matvecmul_design_i/matVecMul_0/inst/grp_matVecMul_Pipeline_matmul_inner_loop_fu_278/select_ln340_2_reg_920_reg[31]/S (clocked by clk_fpga_0). Large setup violations at the end of those stages might be difficult to fix during the post-placement implementation flow and could be the result of non-optimal XDC constraints or non-optimal design architecture
Related violations: <none>

TIMING-16#28 Warning
Large setup violation  
There is a large setup violation of -1.831 ns between matvecmul_design_i/matVecMul_0/inst/grp_matVecMul_Pipeline_matmul_inner_loop_fu_278/acc_V_0_fu_110_reg[5]/C (clocked by clk_fpga_0) and matvecmul_design_i/matVecMul_0/inst/grp_matVecMul_Pipeline_matmul_inner_loop_fu_278/select_ln340_2_reg_920_reg[32]/S (clocked by clk_fpga_0). Large setup violations at the end of those stages might be difficult to fix during the post-placement implementation flow and could be the result of non-optimal XDC constraints or non-optimal design architecture
Related violations: <none>

TIMING-16#29 Warning
Large setup violation  
There is a large setup violation of -1.831 ns between matvecmul_design_i/matVecMul_0/inst/grp_matVecMul_Pipeline_matmul_inner_loop_fu_278/acc_V_0_fu_110_reg[5]/C (clocked by clk_fpga_0) and matvecmul_design_i/matVecMul_0/inst/grp_matVecMul_Pipeline_matmul_inner_loop_fu_278/select_ln340_2_reg_920_reg[35]/S (clocked by clk_fpga_0). Large setup violations at the end of those stages might be difficult to fix during the post-placement implementation flow and could be the result of non-optimal XDC constraints or non-optimal design architecture
Related violations: <none>

TIMING-16#30 Warning
Large setup violation  
There is a large setup violation of -1.831 ns between matvecmul_design_i/matVecMul_0/inst/grp_matVecMul_Pipeline_matmul_inner_loop_fu_278/acc_V_0_fu_110_reg[5]/C (clocked by clk_fpga_0) and matvecmul_design_i/matVecMul_0/inst/grp_matVecMul_Pipeline_matmul_inner_loop_fu_278/select_ln340_2_reg_920_reg[36]/S (clocked by clk_fpga_0). Large setup violations at the end of those stages might be difficult to fix during the post-placement implementation flow and could be the result of non-optimal XDC constraints or non-optimal design architecture
Related violations: <none>

TIMING-16#31 Warning
Large setup violation  
There is a large setup violation of -2.047 ns between matvecmul_design_i/matVecMul_0/inst/grp_matVecMul_Pipeline_matmul_inner_loop_fu_278/acc_V_0_fu_110_reg[5]/C (clocked by clk_fpga_0) and matvecmul_design_i/matVecMul_0/inst/grp_matVecMul_Pipeline_matmul_inner_loop_fu_278/select_ln340_2_reg_920_reg[13]/S (clocked by clk_fpga_0). Large setup violations at the end of those stages might be difficult to fix during the post-placement implementation flow and could be the result of non-optimal XDC constraints or non-optimal design architecture
Related violations: <none>

TIMING-16#32 Warning
Large setup violation  
There is a large setup violation of -2.047 ns between matvecmul_design_i/matVecMul_0/inst/grp_matVecMul_Pipeline_matmul_inner_loop_fu_278/acc_V_0_fu_110_reg[5]/C (clocked by clk_fpga_0) and matvecmul_design_i/matVecMul_0/inst/grp_matVecMul_Pipeline_matmul_inner_loop_fu_278/select_ln340_2_reg_920_reg[14]/S (clocked by clk_fpga_0). Large setup violations at the end of those stages might be difficult to fix during the post-placement implementation flow and could be the result of non-optimal XDC constraints or non-optimal design architecture
Related violations: <none>

TIMING-16#33 Warning
Large setup violation  
There is a large setup violation of -2.047 ns between matvecmul_design_i/matVecMul_0/inst/grp_matVecMul_Pipeline_matmul_inner_loop_fu_278/acc_V_0_fu_110_reg[5]/C (clocked by clk_fpga_0) and matvecmul_design_i/matVecMul_0/inst/grp_matVecMul_Pipeline_matmul_inner_loop_fu_278/select_ln340_2_reg_920_reg[15]/S (clocked by clk_fpga_0). Large setup violations at the end of those stages might be difficult to fix during the post-placement implementation flow and could be the result of non-optimal XDC constraints or non-optimal design architecture
Related violations: <none>

TIMING-16#34 Warning
Large setup violation  
There is a large setup violation of -2.047 ns between matvecmul_design_i/matVecMul_0/inst/grp_matVecMul_Pipeline_matmul_inner_loop_fu_278/acc_V_0_fu_110_reg[5]/C (clocked by clk_fpga_0) and matvecmul_design_i/matVecMul_0/inst/grp_matVecMul_Pipeline_matmul_inner_loop_fu_278/select_ln340_2_reg_920_reg[16]/S (clocked by clk_fpga_0). Large setup violations at the end of those stages might be difficult to fix during the post-placement implementation flow and could be the result of non-optimal XDC constraints or non-optimal design architecture
Related violations: <none>

TIMING-16#35 Warning
Large setup violation  
There is a large setup violation of -2.047 ns between matvecmul_design_i/matVecMul_0/inst/grp_matVecMul_Pipeline_matmul_inner_loop_fu_278/acc_V_0_fu_110_reg[5]/C (clocked by clk_fpga_0) and matvecmul_design_i/matVecMul_0/inst/grp_matVecMul_Pipeline_matmul_inner_loop_fu_278/select_ln340_2_reg_920_reg[17]/S (clocked by clk_fpga_0). Large setup violations at the end of those stages might be difficult to fix during the post-placement implementation flow and could be the result of non-optimal XDC constraints or non-optimal design architecture
Related violations: <none>

TIMING-16#36 Warning
Large setup violation  
There is a large setup violation of -2.047 ns between matvecmul_design_i/matVecMul_0/inst/grp_matVecMul_Pipeline_matmul_inner_loop_fu_278/acc_V_0_fu_110_reg[5]/C (clocked by clk_fpga_0) and matvecmul_design_i/matVecMul_0/inst/grp_matVecMul_Pipeline_matmul_inner_loop_fu_278/select_ln340_2_reg_920_reg[18]/S (clocked by clk_fpga_0). Large setup violations at the end of those stages might be difficult to fix during the post-placement implementation flow and could be the result of non-optimal XDC constraints or non-optimal design architecture
Related violations: <none>

TIMING-16#37 Warning
Large setup violation  
There is a large setup violation of -2.047 ns between matvecmul_design_i/matVecMul_0/inst/grp_matVecMul_Pipeline_matmul_inner_loop_fu_278/acc_V_0_fu_110_reg[5]/C (clocked by clk_fpga_0) and matvecmul_design_i/matVecMul_0/inst/grp_matVecMul_Pipeline_matmul_inner_loop_fu_278/select_ln340_2_reg_920_reg[27]/S (clocked by clk_fpga_0). Large setup violations at the end of those stages might be difficult to fix during the post-placement implementation flow and could be the result of non-optimal XDC constraints or non-optimal design architecture
Related violations: <none>

TIMING-16#38 Warning
Large setup violation  
There is a large setup violation of -2.047 ns between matvecmul_design_i/matVecMul_0/inst/grp_matVecMul_Pipeline_matmul_inner_loop_fu_278/acc_V_0_fu_110_reg[5]/C (clocked by clk_fpga_0) and matvecmul_design_i/matVecMul_0/inst/grp_matVecMul_Pipeline_matmul_inner_loop_fu_278/select_ln340_2_reg_920_reg[28]/S (clocked by clk_fpga_0). Large setup violations at the end of those stages might be difficult to fix during the post-placement implementation flow and could be the result of non-optimal XDC constraints or non-optimal design architecture
Related violations: <none>

TIMING-16#39 Warning
Large setup violation  
There is a large setup violation of -3.722 ns between matvecmul_design_i/matVecMul_0/inst/grp_matVecMul_Pipeline_matmul_inner_loop_fu_278/acc_V_0_fu_110_reg[5]/C (clocked by clk_fpga_0) and matvecmul_design_i/matVecMul_0/inst/grp_matVecMul_Pipeline_matmul_inner_loop_fu_278/acc_V_0_fu_110_reg[37]/D (clocked by clk_fpga_0). Large setup violations at the end of those stages might be difficult to fix during the post-placement implementation flow and could be the result of non-optimal XDC constraints or non-optimal design architecture
Related violations: <none>

TIMING-16#40 Warning
Large setup violation  
There is a large setup violation of -3.838 ns between matvecmul_design_i/matVecMul_0/inst/grp_matVecMul_Pipeline_matmul_inner_loop_fu_278/acc_V_0_fu_110_reg[5]/C (clocked by clk_fpga_0) and matvecmul_design_i/matVecMul_0/inst/grp_matVecMul_Pipeline_matmul_inner_loop_fu_278/acc_V_0_fu_110_reg[29]/D (clocked by clk_fpga_0). Large setup violations at the end of those stages might be difficult to fix during the post-placement implementation flow and could be the result of non-optimal XDC constraints or non-optimal design architecture
Related violations: <none>

TIMING-16#41 Warning
Large setup violation  
There is a large setup violation of -3.840 ns between matvecmul_design_i/matVecMul_0/inst/grp_matVecMul_Pipeline_matmul_inner_loop_fu_278/acc_V_0_fu_110_reg[5]/C (clocked by clk_fpga_0) and matvecmul_design_i/matVecMul_0/inst/grp_matVecMul_Pipeline_matmul_inner_loop_fu_278/acc_V_0_fu_110_reg[27]/D (clocked by clk_fpga_0). Large setup violations at the end of those stages might be difficult to fix during the post-placement implementation flow and could be the result of non-optimal XDC constraints or non-optimal design architecture
Related violations: <none>

TIMING-16#42 Warning
Large setup violation  
There is a large setup violation of -3.888 ns between matvecmul_design_i/matVecMul_0/inst/grp_matVecMul_Pipeline_matmul_inner_loop_fu_278/acc_V_0_fu_110_reg[5]/C (clocked by clk_fpga_0) and matvecmul_design_i/matVecMul_0/inst/grp_matVecMul_Pipeline_matmul_inner_loop_fu_278/acc_V_0_fu_110_reg[24]/D (clocked by clk_fpga_0). Large setup violations at the end of those stages might be difficult to fix during the post-placement implementation flow and could be the result of non-optimal XDC constraints or non-optimal design architecture
Related violations: <none>

TIMING-16#43 Warning
Large setup violation  
There is a large setup violation of -3.890 ns between matvecmul_design_i/matVecMul_0/inst/grp_matVecMul_Pipeline_matmul_inner_loop_fu_278/acc_V_0_fu_110_reg[5]/C (clocked by clk_fpga_0) and matvecmul_design_i/matVecMul_0/inst/grp_matVecMul_Pipeline_matmul_inner_loop_fu_278/acc_V_0_fu_110_reg[35]/D (clocked by clk_fpga_0). Large setup violations at the end of those stages might be difficult to fix during the post-placement implementation flow and could be the result of non-optimal XDC constraints or non-optimal design architecture
Related violations: <none>

TIMING-16#44 Warning
Large setup violation  
There is a large setup violation of -3.892 ns between matvecmul_design_i/matVecMul_0/inst/grp_matVecMul_Pipeline_matmul_inner_loop_fu_278/acc_V_0_fu_110_reg[5]/C (clocked by clk_fpga_0) and matvecmul_design_i/matVecMul_0/inst/grp_matVecMul_Pipeline_matmul_inner_loop_fu_278/acc_V_0_fu_110_reg[25]/D (clocked by clk_fpga_0). Large setup violations at the end of those stages might be difficult to fix during the post-placement implementation flow and could be the result of non-optimal XDC constraints or non-optimal design architecture
Related violations: <none>

TIMING-16#45 Warning
Large setup violation  
There is a large setup violation of -3.924 ns between matvecmul_design_i/matVecMul_0/inst/grp_matVecMul_Pipeline_matmul_inner_loop_fu_278/acc_V_0_fu_110_reg[5]/C (clocked by clk_fpga_0) and matvecmul_design_i/matVecMul_0/inst/grp_matVecMul_Pipeline_matmul_inner_loop_fu_278/acc_V_0_fu_110_reg[34]/D (clocked by clk_fpga_0). Large setup violations at the end of those stages might be difficult to fix during the post-placement implementation flow and could be the result of non-optimal XDC constraints or non-optimal design architecture
Related violations: <none>

TIMING-16#46 Warning
Large setup violation  
There is a large setup violation of -3.952 ns between matvecmul_design_i/matVecMul_0/inst/grp_matVecMul_Pipeline_matmul_inner_loop_fu_278/acc_V_0_fu_110_reg[5]/C (clocked by clk_fpga_0) and matvecmul_design_i/matVecMul_0/inst/grp_matVecMul_Pipeline_matmul_inner_loop_fu_278/acc_V_0_fu_110_reg[18]/D (clocked by clk_fpga_0). Large setup violations at the end of those stages might be difficult to fix during the post-placement implementation flow and could be the result of non-optimal XDC constraints or non-optimal design architecture
Related violations: <none>

TIMING-16#47 Warning
Large setup violation  
There is a large setup violation of -3.954 ns between matvecmul_design_i/matVecMul_0/inst/grp_matVecMul_Pipeline_matmul_inner_loop_fu_278/acc_V_0_fu_110_reg[5]/C (clocked by clk_fpga_0) and matvecmul_design_i/matVecMul_0/inst/grp_matVecMul_Pipeline_matmul_inner_loop_fu_278/acc_V_0_fu_110_reg[21]/D (clocked by clk_fpga_0). Large setup violations at the end of those stages might be difficult to fix during the post-placement implementation flow and could be the result of non-optimal XDC constraints or non-optimal design architecture
Related violations: <none>

TIMING-16#48 Warning
Large setup violation  
There is a large setup violation of -3.956 ns between matvecmul_design_i/matVecMul_0/inst/grp_matVecMul_Pipeline_matmul_inner_loop_fu_278/acc_V_0_fu_110_reg[5]/C (clocked by clk_fpga_0) and matvecmul_design_i/matVecMul_0/inst/grp_matVecMul_Pipeline_matmul_inner_loop_fu_278/acc_V_0_fu_110_reg[26]/D (clocked by clk_fpga_0). Large setup violations at the end of those stages might be difficult to fix during the post-placement implementation flow and could be the result of non-optimal XDC constraints or non-optimal design architecture
Related violations: <none>

TIMING-16#49 Warning
Large setup violation  
There is a large setup violation of -3.957 ns between matvecmul_design_i/matVecMul_0/inst/grp_matVecMul_Pipeline_matmul_inner_loop_fu_278/acc_V_0_fu_110_reg[5]/C (clocked by clk_fpga_0) and matvecmul_design_i/matVecMul_0/inst/grp_matVecMul_Pipeline_matmul_inner_loop_fu_278/acc_V_0_fu_110_reg[12]/D (clocked by clk_fpga_0). Large setup violations at the end of those stages might be difficult to fix during the post-placement implementation flow and could be the result of non-optimal XDC constraints or non-optimal design architecture
Related violations: <none>

TIMING-16#50 Warning
Large setup violation  
There is a large setup violation of -3.965 ns between matvecmul_design_i/matVecMul_0/inst/grp_matVecMul_Pipeline_matmul_inner_loop_fu_278/acc_V_0_fu_110_reg[5]/C (clocked by clk_fpga_0) and matvecmul_design_i/matVecMul_0/inst/grp_matVecMul_Pipeline_matmul_inner_loop_fu_278/acc_V_0_fu_110_reg[28]/D (clocked by clk_fpga_0). Large setup violations at the end of those stages might be difficult to fix during the post-placement implementation flow and could be the result of non-optimal XDC constraints or non-optimal design architecture
Related violations: <none>

TIMING-16#51 Warning
Large setup violation  
There is a large setup violation of -3.990 ns between matvecmul_design_i/matVecMul_0/inst/grp_matVecMul_Pipeline_matmul_inner_loop_fu_278/acc_V_0_fu_110_reg[5]/C (clocked by clk_fpga_0) and matvecmul_design_i/matVecMul_0/inst/grp_matVecMul_Pipeline_matmul_inner_loop_fu_278/acc_V_0_fu_110_reg[31]/D (clocked by clk_fpga_0). Large setup violations at the end of those stages might be difficult to fix during the post-placement implementation flow and could be the result of non-optimal XDC constraints or non-optimal design architecture
Related violations: <none>

TIMING-16#52 Warning
Large setup violation  
There is a large setup violation of -3.992 ns between matvecmul_design_i/matVecMul_0/inst/grp_matVecMul_Pipeline_matmul_inner_loop_fu_278/acc_V_0_fu_110_reg[5]/C (clocked by clk_fpga_0) and matvecmul_design_i/matVecMul_0/inst/grp_matVecMul_Pipeline_matmul_inner_loop_fu_278/acc_V_0_fu_110_reg[33]/D (clocked by clk_fpga_0). Large setup violations at the end of those stages might be difficult to fix during the post-placement implementation flow and could be the result of non-optimal XDC constraints or non-optimal design architecture
Related violations: <none>

TIMING-16#53 Warning
Large setup violation  
There is a large setup violation of -4.004 ns between matvecmul_design_i/matVecMul_0/inst/grp_matVecMul_Pipeline_matmul_inner_loop_fu_278/acc_V_0_fu_110_reg[5]/C (clocked by clk_fpga_0) and matvecmul_design_i/matVecMul_0/inst/grp_matVecMul_Pipeline_matmul_inner_loop_fu_278/acc_V_0_fu_110_reg[23]/D (clocked by clk_fpga_0). Large setup violations at the end of those stages might be difficult to fix during the post-placement implementation flow and could be the result of non-optimal XDC constraints or non-optimal design architecture
Related violations: <none>

TIMING-16#54 Warning
Large setup violation  
There is a large setup violation of -4.006 ns between matvecmul_design_i/matVecMul_0/inst/grp_matVecMul_Pipeline_matmul_inner_loop_fu_278/acc_V_0_fu_110_reg[5]/C (clocked by clk_fpga_0) and matvecmul_design_i/matVecMul_0/inst/grp_matVecMul_Pipeline_matmul_inner_loop_fu_278/acc_V_0_fu_110_reg[32]/D (clocked by clk_fpga_0). Large setup violations at the end of those stages might be difficult to fix during the post-placement implementation flow and could be the result of non-optimal XDC constraints or non-optimal design architecture
Related violations: <none>

TIMING-16#55 Warning
Large setup violation  
There is a large setup violation of -4.030 ns between matvecmul_design_i/matVecMul_0/inst/grp_matVecMul_Pipeline_matmul_inner_loop_fu_278/acc_V_0_fu_110_reg[5]/C (clocked by clk_fpga_0) and matvecmul_design_i/matVecMul_0/inst/grp_matVecMul_Pipeline_matmul_inner_loop_fu_278/acc_V_0_fu_110_reg[13]/D (clocked by clk_fpga_0). Large setup violations at the end of those stages might be difficult to fix during the post-placement implementation flow and could be the result of non-optimal XDC constraints or non-optimal design architecture
Related violations: <none>

TIMING-16#56 Warning
Large setup violation  
There is a large setup violation of -4.042 ns between matvecmul_design_i/matVecMul_0/inst/grp_matVecMul_Pipeline_matmul_inner_loop_fu_278/acc_V_0_fu_110_reg[5]/C (clocked by clk_fpga_0) and matvecmul_design_i/matVecMul_0/inst/grp_matVecMul_Pipeline_matmul_inner_loop_fu_278/acc_V_0_fu_110_reg[11]/D (clocked by clk_fpga_0). Large setup violations at the end of those stages might be difficult to fix during the post-placement implementation flow and could be the result of non-optimal XDC constraints or non-optimal design architecture
Related violations: <none>

TIMING-16#57 Warning
Large setup violation  
There is a large setup violation of -4.045 ns between matvecmul_design_i/matVecMul_0/inst/grp_matVecMul_Pipeline_matmul_inner_loop_fu_278/acc_V_0_fu_110_reg[5]/C (clocked by clk_fpga_0) and matvecmul_design_i/matVecMul_0/inst/grp_matVecMul_Pipeline_matmul_inner_loop_fu_278/acc_V_0_fu_110_reg[10]/D (clocked by clk_fpga_0). Large setup violations at the end of those stages might be difficult to fix during the post-placement implementation flow and could be the result of non-optimal XDC constraints or non-optimal design architecture
Related violations: <none>

TIMING-16#58 Warning
Large setup violation  
There is a large setup violation of -4.050 ns between matvecmul_design_i/matVecMul_0/inst/grp_matVecMul_Pipeline_matmul_inner_loop_fu_278/acc_V_0_fu_110_reg[5]/C (clocked by clk_fpga_0) and matvecmul_design_i/matVecMul_0/inst/grp_matVecMul_Pipeline_matmul_inner_loop_fu_278/acc_V_0_fu_110_reg[20]/D (clocked by clk_fpga_0). Large setup violations at the end of those stages might be difficult to fix during the post-placement implementation flow and could be the result of non-optimal XDC constraints or non-optimal design architecture
Related violations: <none>

TIMING-16#59 Warning
Large setup violation  
There is a large setup violation of -4.053 ns between matvecmul_design_i/matVecMul_0/inst/grp_matVecMul_Pipeline_matmul_inner_loop_fu_278/acc_V_0_fu_110_reg[5]/C (clocked by clk_fpga_0) and matvecmul_design_i/matVecMul_0/inst/grp_matVecMul_Pipeline_matmul_inner_loop_fu_278/acc_V_0_fu_110_reg[17]/D (clocked by clk_fpga_0). Large setup violations at the end of those stages might be difficult to fix during the post-placement implementation flow and could be the result of non-optimal XDC constraints or non-optimal design architecture
Related violations: <none>

TIMING-16#60 Warning
Large setup violation  
There is a large setup violation of -4.054 ns between matvecmul_design_i/matVecMul_0/inst/grp_matVecMul_Pipeline_matmul_inner_loop_fu_278/acc_V_0_fu_110_reg[5]/C (clocked by clk_fpga_0) and matvecmul_design_i/matVecMul_0/inst/grp_matVecMul_Pipeline_matmul_inner_loop_fu_278/acc_V_0_fu_110_reg[8]/D (clocked by clk_fpga_0). Large setup violations at the end of those stages might be difficult to fix during the post-placement implementation flow and could be the result of non-optimal XDC constraints or non-optimal design architecture
Related violations: <none>

TIMING-16#61 Warning
Large setup violation  
There is a large setup violation of -4.056 ns between matvecmul_design_i/matVecMul_0/inst/grp_matVecMul_Pipeline_matmul_inner_loop_fu_278/acc_V_0_fu_110_reg[5]/C (clocked by clk_fpga_0) and matvecmul_design_i/matVecMul_0/inst/grp_matVecMul_Pipeline_matmul_inner_loop_fu_278/acc_V_0_fu_110_reg[9]/D (clocked by clk_fpga_0). Large setup violations at the end of those stages might be difficult to fix during the post-placement implementation flow and could be the result of non-optimal XDC constraints or non-optimal design architecture
Related violations: <none>

TIMING-16#62 Warning
Large setup violation  
There is a large setup violation of -4.057 ns between matvecmul_design_i/matVecMul_0/inst/grp_matVecMul_Pipeline_matmul_inner_loop_fu_278/acc_V_0_fu_110_reg[5]/C (clocked by clk_fpga_0) and matvecmul_design_i/matVecMul_0/inst/grp_matVecMul_Pipeline_matmul_inner_loop_fu_278/acc_V_0_fu_110_reg[19]/D (clocked by clk_fpga_0). Large setup violations at the end of those stages might be difficult to fix during the post-placement implementation flow and could be the result of non-optimal XDC constraints or non-optimal design architecture
Related violations: <none>

TIMING-16#63 Warning
Large setup violation  
There is a large setup violation of -4.060 ns between matvecmul_design_i/matVecMul_0/inst/grp_matVecMul_Pipeline_matmul_inner_loop_fu_278/acc_V_0_fu_110_reg[5]/C (clocked by clk_fpga_0) and matvecmul_design_i/matVecMul_0/inst/grp_matVecMul_Pipeline_matmul_inner_loop_fu_278/acc_V_0_fu_110_reg[22]/D (clocked by clk_fpga_0). Large setup violations at the end of those stages might be difficult to fix during the post-placement implementation flow and could be the result of non-optimal XDC constraints or non-optimal design architecture
Related violations: <none>

TIMING-16#64 Warning
Large setup violation  
There is a large setup violation of -4.072 ns between matvecmul_design_i/matVecMul_0/inst/grp_matVecMul_Pipeline_matmul_inner_loop_fu_278/acc_V_0_fu_110_reg[5]/C (clocked by clk_fpga_0) and matvecmul_design_i/matVecMul_0/inst/grp_matVecMul_Pipeline_matmul_inner_loop_fu_278/acc_V_0_fu_110_reg[3]/D (clocked by clk_fpga_0). Large setup violations at the end of those stages might be difficult to fix during the post-placement implementation flow and could be the result of non-optimal XDC constraints or non-optimal design architecture
Related violations: <none>

TIMING-16#65 Warning
Large setup violation  
There is a large setup violation of -4.073 ns between matvecmul_design_i/matVecMul_0/inst/grp_matVecMul_Pipeline_matmul_inner_loop_fu_278/acc_V_0_fu_110_reg[5]/C (clocked by clk_fpga_0) and matvecmul_design_i/matVecMul_0/inst/grp_matVecMul_Pipeline_matmul_inner_loop_fu_278/acc_V_0_fu_110_reg[5]/D (clocked by clk_fpga_0). Large setup violations at the end of those stages might be difficult to fix during the post-placement implementation flow and could be the result of non-optimal XDC constraints or non-optimal design architecture
Related violations: <none>

TIMING-16#66 Warning
Large setup violation  
There is a large setup violation of -4.079 ns between matvecmul_design_i/matVecMul_0/inst/grp_matVecMul_Pipeline_matmul_inner_loop_fu_278/acc_V_0_fu_110_reg[5]/C (clocked by clk_fpga_0) and matvecmul_design_i/matVecMul_0/inst/grp_matVecMul_Pipeline_matmul_inner_loop_fu_278/acc_V_0_fu_110_reg[36]/D (clocked by clk_fpga_0). Large setup violations at the end of those stages might be difficult to fix during the post-placement implementation flow and could be the result of non-optimal XDC constraints or non-optimal design architecture
Related violations: <none>

TIMING-16#67 Warning
Large setup violation  
There is a large setup violation of -4.079 ns between matvecmul_design_i/matVecMul_0/inst/grp_matVecMul_Pipeline_matmul_inner_loop_fu_278/acc_V_0_fu_110_reg[5]/C (clocked by clk_fpga_0) and matvecmul_design_i/matVecMul_0/inst/grp_matVecMul_Pipeline_matmul_inner_loop_fu_278/acc_V_0_fu_110_reg[6]/D (clocked by clk_fpga_0). Large setup violations at the end of those stages might be difficult to fix during the post-placement implementation flow and could be the result of non-optimal XDC constraints or non-optimal design architecture
Related violations: <none>

TIMING-16#68 Warning
Large setup violation  
There is a large setup violation of -4.083 ns between matvecmul_design_i/matVecMul_0/inst/grp_matVecMul_Pipeline_matmul_inner_loop_fu_278/acc_V_0_fu_110_reg[5]/C (clocked by clk_fpga_0) and matvecmul_design_i/matVecMul_0/inst/grp_matVecMul_Pipeline_matmul_inner_loop_fu_278/acc_V_0_fu_110_reg[0]/D (clocked by clk_fpga_0). Large setup violations at the end of those stages might be difficult to fix during the post-placement implementation flow and could be the result of non-optimal XDC constraints or non-optimal design architecture
Related violations: <none>

TIMING-16#69 Warning
Large setup violation  
There is a large setup violation of -4.083 ns between matvecmul_design_i/matVecMul_0/inst/grp_matVecMul_Pipeline_matmul_inner_loop_fu_278/acc_V_0_fu_110_reg[5]/C (clocked by clk_fpga_0) and matvecmul_design_i/matVecMul_0/inst/grp_matVecMul_Pipeline_matmul_inner_loop_fu_278/acc_V_0_fu_110_reg[7]/D (clocked by clk_fpga_0). Large setup violations at the end of those stages might be difficult to fix during the post-placement implementation flow and could be the result of non-optimal XDC constraints or non-optimal design architecture
Related violations: <none>

TIMING-16#70 Warning
Large setup violation  
There is a large setup violation of -4.102 ns between matvecmul_design_i/matVecMul_0/inst/grp_matVecMul_Pipeline_matmul_inner_loop_fu_278/acc_V_0_fu_110_reg[5]/C (clocked by clk_fpga_0) and matvecmul_design_i/matVecMul_0/inst/grp_matVecMul_Pipeline_matmul_inner_loop_fu_278/acc_V_0_fu_110_reg[4]/D (clocked by clk_fpga_0). Large setup violations at the end of those stages might be difficult to fix during the post-placement implementation flow and could be the result of non-optimal XDC constraints or non-optimal design architecture
Related violations: <none>

TIMING-16#71 Warning
Large setup violation  
There is a large setup violation of -4.120 ns between matvecmul_design_i/matVecMul_0/inst/grp_matVecMul_Pipeline_matmul_inner_loop_fu_278/acc_V_0_fu_110_reg[5]/C (clocked by clk_fpga_0) and matvecmul_design_i/matVecMul_0/inst/grp_matVecMul_Pipeline_matmul_inner_loop_fu_278/acc_V_0_fu_110_reg[15]/D (clocked by clk_fpga_0). Large setup violations at the end of those stages might be difficult to fix during the post-placement implementation flow and could be the result of non-optimal XDC constraints or non-optimal design architecture
Related violations: <none>

TIMING-16#72 Warning
Large setup violation  
There is a large setup violation of -4.168 ns between matvecmul_design_i/matVecMul_0/inst/grp_matVecMul_Pipeline_matmul_inner_loop_fu_278/acc_V_0_fu_110_reg[5]/C (clocked by clk_fpga_0) and matvecmul_design_i/matVecMul_0/inst/grp_matVecMul_Pipeline_matmul_inner_loop_fu_278/acc_V_0_fu_110_reg[30]/D (clocked by clk_fpga_0). Large setup violations at the end of those stages might be difficult to fix during the post-placement implementation flow and could be the result of non-optimal XDC constraints or non-optimal design architecture
Related violations: <none>

TIMING-16#73 Warning
Large setup violation  
There is a large setup violation of -4.179 ns between matvecmul_design_i/matVecMul_0/inst/grp_matVecMul_Pipeline_matmul_inner_loop_fu_278/acc_V_0_fu_110_reg[5]/C (clocked by clk_fpga_0) and matvecmul_design_i/matVecMul_0/inst/grp_matVecMul_Pipeline_matmul_inner_loop_fu_278/acc_V_0_fu_110_reg[14]/D (clocked by clk_fpga_0). Large setup violations at the end of those stages might be difficult to fix during the post-placement implementation flow and could be the result of non-optimal XDC constraints or non-optimal design architecture
Related violations: <none>

TIMING-16#74 Warning
Large setup violation  
There is a large setup violation of -4.179 ns between matvecmul_design_i/matVecMul_0/inst/grp_matVecMul_Pipeline_matmul_inner_loop_fu_278/acc_V_0_fu_110_reg[5]/C (clocked by clk_fpga_0) and matvecmul_design_i/matVecMul_0/inst/grp_matVecMul_Pipeline_matmul_inner_loop_fu_278/acc_V_0_fu_110_reg[16]/D (clocked by clk_fpga_0). Large setup violations at the end of those stages might be difficult to fix during the post-placement implementation flow and could be the result of non-optimal XDC constraints or non-optimal design architecture
Related violations: <none>

TIMING-16#75 Warning
Large setup violation  
There is a large setup violation of -4.206 ns between matvecmul_design_i/matVecMul_0/inst/grp_matVecMul_Pipeline_matmul_inner_loop_fu_278/acc_V_0_fu_110_reg[5]/C (clocked by clk_fpga_0) and matvecmul_design_i/matVecMul_0/inst/grp_matVecMul_Pipeline_matmul_inner_loop_fu_278/acc_V_0_fu_110_reg[1]/D (clocked by clk_fpga_0). Large setup violations at the end of those stages might be difficult to fix during the post-placement implementation flow and could be the result of non-optimal XDC constraints or non-optimal design architecture
Related violations: <none>

TIMING-16#76 Warning
Large setup violation  
There is a large setup violation of -4.208 ns between matvecmul_design_i/matVecMul_0/inst/grp_matVecMul_Pipeline_matmul_inner_loop_fu_278/acc_V_0_fu_110_reg[5]/C (clocked by clk_fpga_0) and matvecmul_design_i/matVecMul_0/inst/grp_matVecMul_Pipeline_matmul_inner_loop_fu_278/acc_V_0_fu_110_reg[2]/D (clocked by clk_fpga_0). Large setup violations at the end of those stages might be difficult to fix during the post-placement implementation flow and could be the result of non-optimal XDC constraints or non-optimal design architecture
Related violations: <none>


